============================================================
  Generated by:           Genus(TM) Synthesis Solution 21.17-s066_1
  Generated on:           Apr 03 2026  11:33:18 am
  Module:                 e5m2_4_mxfp_aitb_comp_top
  Library domain:         PVT_0P63V_100C.setup_cond
    Domain index:         0
    Technology libraries: asap7sc7p5t_SIMPLE_RVT_SS_nldm_201020 1.0
                          asap7sc7p5t_SIMPLE_LVT_SS_nldm_201020 1.0
                          asap7sc7p5t_SIMPLE_SLVT_SS_nldm_201020 1.0
                          asap7sc7p5t_SIMPLE_SRAM_SS_nldm_201020 1.0
                          asap7sc7p5t_AO_RVT_SS_nldm_201020 1.0
                          asap7sc7p5t_AO_LVT_SS_nldm_201020 1.0
                          asap7sc7p5t_AO_SLVT_SS_nldm_201020 1.0
                          asap7sc7p5t_AO_SRAM_SS_nldm_201020 1.0
                          asap7sc7p5t_OA_RVT_SS_nldm_201020 1.0
                          asap7sc7p5t_OA_LVT_SS_nldm_201020 1.0
                          asap7sc7p5t_OA_SLVT_SS_nldm_201020 1.0
                          asap7sc7p5t_OA_SRAM_SS_nldm_201020 1.0
                          asap7sc7p5t_SEQ_RVT_SS_nldm_201020 1.0
                          asap7sc7p5t_SEQ_LVT_SS_nldm_201020 1.0
                          asap7sc7p5t_SEQ_SLVT_SS_nldm_201020 1.0
                          asap7sc7p5t_SEQ_SRAM_SS_nldm_201020 1.0
                          asap7sc7p5t_INVBUF_RVT_SS_nldm_201020 1.0
                          asap7sc7p5t_INVBUF_LVT_SS_nldm_201020 1.0
                          asap7sc7p5t_INVBUF_SLVT_SS_nldm_201020 1.0
                          asap7sc7p5t_INVBUF_SRAM_SS_nldm_201020 1.0
  Operating conditions:   PVT_0P63V_100C 
  Interconnect mode:      global
  Area mode:              physical library
============================================================

                                                   Leakage                                             Library 
           Gate            Instances    Area     Power (nW)                   Library                   Domain 
---------------------------------------------------------------------------------------------------------------
A2O1A1Ixp33_ASAP7_75t_SL          67     93.779     2656.499    asap7sc7p5t_AO_SLVT_SS_nldm_201020           0 
AND2x2_ASAP7_75t_L               132    184.758     1951.499    asap7sc7p5t_SIMPLE_LVT_SS_nldm_201020        0 
AND2x2_ASAP7_75t_R                 5      6.998       11.351    asap7sc7p5t_SIMPLE_RVT_SS_nldm_201020        0 
AND2x2_ASAP7_75t_SL             1305   1826.582   122427.976    asap7sc7p5t_SIMPLE_SLVT_SS_nldm_201020       0 
AND2x4_ASAP7_75t_SL              112    261.274    21185.441    asap7sc7p5t_SIMPLE_SLVT_SS_nldm_201020       0 
AND2x6_ASAP7_75t_L                 2      5.599       83.006    asap7sc7p5t_SIMPLE_LVT_SS_nldm_201020        0 
AND2x6_ASAP7_75t_SL               14     39.191     3709.612    asap7sc7p5t_SIMPLE_SLVT_SS_nldm_201020       0 
AND3x1_ASAP7_75t_L                 7      9.798       67.683    asap7sc7p5t_SIMPLE_LVT_SS_nldm_201020        0 
AND3x1_ASAP7_75t_SL               24     33.592     1801.752    asap7sc7p5t_SIMPLE_SLVT_SS_nldm_201020       0 
AND3x2_ASAP7_75t_SL                8     13.064      937.729    asap7sc7p5t_SIMPLE_SLVT_SS_nldm_201020       0 
AND3x4_ASAP7_75t_SL                5     16.330      963.508    asap7sc7p5t_SIMPLE_SLVT_SS_nldm_201020       0 
AND4x2_ASAP7_75t_SL                6     11.197      661.040    asap7sc7p5t_SIMPLE_SLVT_SS_nldm_201020       0 
AND5x1_ASAP7_75t_SL                2      3.732       91.695    asap7sc7p5t_SIMPLE_SLVT_SS_nldm_201020       0 
AO211x2_ASAP7_75t_SL              54    201.554     6772.499    asap7sc7p5t_AO_SLVT_SS_nldm_201020           0 
AO221x1_ASAP7_75t_L               42     97.978      475.359    asap7sc7p5t_AO_LVT_SS_nldm_201020            0 
AO221x1_ASAP7_75t_SL             124    289.267     8967.106    asap7sc7p5t_AO_SLVT_SS_nldm_201020           0 
AO221x2_ASAP7_75t_SL               8     20.529      894.001    asap7sc7p5t_AO_SLVT_SS_nldm_201020           0 
AO222x2_ASAP7_75t_SL              29     81.181     3635.175    asap7sc7p5t_AO_SLVT_SS_nldm_201020           0 
AO22x1_ASAP7_75t_L                54    113.374      528.988    asap7sc7p5t_AO_LVT_SS_nldm_201020            0 
AO22x1_ASAP7_75t_SL              214    449.297    13468.192    asap7sc7p5t_AO_SLVT_SS_nldm_201020           0 
AO22x2_ASAP7_75t_SL               72    167.962     8173.333    asap7sc7p5t_AO_SLVT_SS_nldm_201020           0 
AO31x2_ASAP7_75t_SL               12     44.790     1491.237    asap7sc7p5t_AO_SLVT_SS_nldm_201020           0 
AO32x1_ASAP7_75t_SL               13     24.261      773.727    asap7sc7p5t_AO_SLVT_SS_nldm_201020           0 
AOI211x1_ASAP7_75t_SL             29     81.181     2008.161    asap7sc7p5t_AO_SLVT_SS_nldm_201020           0 
AOI21x1_ASAP7_75t_L                2      3.732       19.531    asap7sc7p5t_AO_LVT_SS_nldm_201020            0 
AOI21x1_ASAP7_75t_SL             380    709.171    28368.046    asap7sc7p5t_AO_SLVT_SS_nldm_201020           0 
AOI21xp33_ASAP7_75t_SL            43     50.155     1234.930    asap7sc7p5t_AO_SLVT_SS_nldm_201020           0 
AOI21xp5_ASAP7_75t_L             332    387.245     1945.282    asap7sc7p5t_AO_LVT_SS_nldm_201020            0 
AOI21xp5_ASAP7_75t_SL            837    976.277    30681.975    asap7sc7p5t_AO_SLVT_SS_nldm_201020           0 
AOI221x1_ASAP7_75t_SL             13     42.457     1016.246    asap7sc7p5t_AO_SLVT_SS_nldm_201020           0 
AOI221xp5_ASAP7_75t_L             22     35.925      138.742    asap7sc7p5t_AO_LVT_SS_nldm_201020            0 
AOI221xp5_ASAP7_75t_SL           156    254.742     6176.211    asap7sc7p5t_AO_SLVT_SS_nldm_201020           0 
AOI222xp33_ASAP7_75t_SL          100    233.280     4428.180    asap7sc7p5t_AO_SLVT_SS_nldm_201020           0 
AOI22x1_ASAP7_75t_L                9     20.995      118.904    asap7sc7p5t_AO_LVT_SS_nldm_201020            0 
AOI22x1_ASAP7_75t_SL             139    324.259    11907.983    asap7sc7p5t_AO_SLVT_SS_nldm_201020           0 
AOI22xp33_ASAP7_75t_SL           383    536.077    12241.343    asap7sc7p5t_AO_SLVT_SS_nldm_201020           0 
AOI22xp5_ASAP7_75t_L               6      8.398       40.911    asap7sc7p5t_AO_LVT_SS_nldm_201020            0 
AOI22xp5_ASAP7_75t_SL            671    939.185    29721.272    asap7sc7p5t_AO_SLVT_SS_nldm_201020           0 
AOI311xp33_ASAP7_75t_SL            1      1.633       38.641    asap7sc7p5t_AO_SLVT_SS_nldm_201020           0 
AOI31xp33_ASAP7_75t_SL            19     26.594      520.422    asap7sc7p5t_AO_SLVT_SS_nldm_201020           0 
AOI31xp67_ASAP7_75t_SL             7     21.228      310.403    asap7sc7p5t_AO_SLVT_SS_nldm_201020           0 
AOI321xp33_ASAP7_75t_SL           13     24.261      616.777    asap7sc7p5t_AO_SLVT_SS_nldm_201020           0 
AOI322xp5_ASAP7_75t_SL             3      6.299      123.877    asap7sc7p5t_AO_SLVT_SS_nldm_201020           0 
ASYNC_DFFHx1_ASAP7_75t_SL       1205   7308.662   216429.418    asap7sc7p5t_SEQ_SLVT_SS_nldm_201020          0 
BUFx10_ASAP7_75t_L                 2      6.532      116.031    asap7sc7p5t_INVBUF_LVT_SS_nldm_201020        0 
BUFx12_ASAP7_75t_SL                1      3.732      374.646    asap7sc7p5t_INVBUF_SLVT_SS_nldm_201020       0 
BUFx12f_ASAP7_75t_L                1      4.199       77.350    asap7sc7p5t_INVBUF_LVT_SS_nldm_201020        0 
BUFx12f_ASAP7_75t_SL               6     25.194     2969.792    asap7sc7p5t_INVBUF_SLVT_SS_nldm_201020       0 
BUFx24_ASAP7_75t_SL              128    895.795   112379.889    asap7sc7p5t_INVBUF_SLVT_SS_nldm_201020       0 
BUFx2_ASAP7_75t_L                 54     62.986      726.054    asap7sc7p5t_INVBUF_LVT_SS_nldm_201020        0 
BUFx2_ASAP7_75t_SL               144    167.962    12060.187    asap7sc7p5t_INVBUF_SLVT_SS_nldm_201020       0 
BUFx3_ASAP7_75t_L                  1      1.400       19.527    asap7sc7p5t_INVBUF_LVT_SS_nldm_201020        0 
BUFx3_ASAP7_75t_SL                70     97.978     8923.133    asap7sc7p5t_INVBUF_SLVT_SS_nldm_201020       0 
BUFx4f_ASAP7_75t_L                 7     13.064      196.530    asap7sc7p5t_INVBUF_LVT_SS_nldm_201020        0 
BUFx4f_ASAP7_75t_SL                3      5.599      499.478    asap7sc7p5t_INVBUF_SLVT_SS_nldm_201020       0 
BUFx5_ASAP7_75t_SL                 4      7.465      765.827    asap7sc7p5t_INVBUF_SLVT_SS_nldm_201020       0 
BUFx6f_ASAP7_75t_SL               26     60.653     6592.099    asap7sc7p5t_INVBUF_SLVT_SS_nldm_201020       0 
BUFx8_ASAP7_75t_SL                 4     11.197     1124.249    asap7sc7p5t_INVBUF_SLVT_SS_nldm_201020       0 
CKINVDCx16_ASAP7_75t_SL            1      6.998      486.134    asap7sc7p5t_INVBUF_SLVT_SS_nldm_201020       0 
HAxp5_ASAP7_75t_L                  6     12.597       76.832    asap7sc7p5t_SIMPLE_LVT_SS_nldm_201020        0 
HAxp5_ASAP7_75t_SL                 2      4.199      166.405    asap7sc7p5t_SIMPLE_SLVT_SS_nldm_201020       0 
HB1xp67_ASAP7_75t_L              136    126.904      673.411    asap7sc7p5t_INVBUF_LVT_SS_nldm_201020        0 
HB1xp67_ASAP7_75t_R                3      2.799        2.153    asap7sc7p5t_INVBUF_RVT_SS_nldm_201020        0 
HB1xp67_ASAP7_75t_SL             382    356.452    11908.153    asap7sc7p5t_INVBUF_SLVT_SS_nldm_201020       0 
HB1xp67_ASAP7_75t_SRAM             3      2.799        0.451    asap7sc7p5t_INVBUF_SRAM_SS_nldm_201020       0 
HB2xp67_ASAP7_75t_SL               1      1.166       25.054    asap7sc7p5t_INVBUF_SLVT_SS_nldm_201020       0 
INVx11_ASAP7_75t_SL                6     18.196     1857.567    asap7sc7p5t_INVBUF_SLVT_SS_nldm_201020       0 
INVx13_ASAP7_75t_SL                1      3.499      425.118    asap7sc7p5t_INVBUF_SLVT_SS_nldm_201020       0 
INVx1_ASAP7_75t_L                680    475.891     3252.353    asap7sc7p5t_INVBUF_LVT_SS_nldm_201020        0 
INVx1_ASAP7_75t_SL              1485   1039.262    45212.844    asap7sc7p5t_INVBUF_SLVT_SS_nldm_201020       0 
INVx2_ASAP7_75t_L                  6      5.599       60.040    asap7sc7p5t_INVBUF_LVT_SS_nldm_201020        0 
INVx2_ASAP7_75t_SL               444    414.305    26442.555    asap7sc7p5t_INVBUF_SLVT_SS_nldm_201020       0 
INVx3_ASAP7_75t_SL                68     79.315     6271.100    asap7sc7p5t_INVBUF_SLVT_SS_nldm_201020       0 
INVx4_ASAP7_75t_L                  1      1.400       23.969    asap7sc7p5t_INVBUF_LVT_SS_nldm_201020        0 
INVx4_ASAP7_75t_SL                32     44.790     3850.160    asap7sc7p5t_INVBUF_SLVT_SS_nldm_201020       0 
INVx5_ASAP7_75t_SL                 7     11.431     1051.439    asap7sc7p5t_INVBUF_SLVT_SS_nldm_201020       0 
INVx6_ASAP7_75t_SL                 7     13.064     1324.181    asap7sc7p5t_INVBUF_SLVT_SS_nldm_201020       0 
INVx8_ASAP7_75t_SL                 4      9.331      962.573    asap7sc7p5t_INVBUF_SLVT_SS_nldm_201020       0 
INVxp33_ASAP7_75t_L                2      1.400        3.182    asap7sc7p5t_INVBUF_LVT_SS_nldm_201020        0 
INVxp33_ASAP7_75t_SL               9      6.299       99.621    asap7sc7p5t_INVBUF_SLVT_SS_nldm_201020       0 
INVxp33_ASAP7_75t_SRAM            12      8.398        0.802    asap7sc7p5t_INVBUF_SRAM_SS_nldm_201020       0 
INVxp67_ASAP7_75t_SL            2293   1604.733    46134.938    asap7sc7p5t_INVBUF_SLVT_SS_nldm_201020       0 
MAJIxp5_ASAP7_75t_SL             626   1022.233    32418.797    asap7sc7p5t_SIMPLE_SLVT_SS_nldm_201020       0 
MAJx2_ASAP7_75t_SL               543   1140.039    60038.955    asap7sc7p5t_SIMPLE_SLVT_SS_nldm_201020       0 
NAND2x1_ASAP7_75t_L               51     71.384      345.546    asap7sc7p5t_SIMPLE_LVT_SS_nldm_201020        0 
NAND2x1_ASAP7_75t_SL             116    162.363     5256.598    asap7sc7p5t_SIMPLE_SLVT_SS_nldm_201020       0 
NAND2x1p5_ASAP7_75t_L              5      9.331       49.469    asap7sc7p5t_SIMPLE_LVT_SS_nldm_201020        0 
NAND2x1p5_ASAP7_75t_R              1      1.866        2.031    asap7sc7p5t_SIMPLE_RVT_SS_nldm_201020        0 
NAND2x1p5_ASAP7_75t_SL           111    207.153     8219.635    asap7sc7p5t_SIMPLE_SLVT_SS_nldm_201020       0 
NAND2x2_ASAP7_75t_SL               4      9.331      271.016    asap7sc7p5t_SIMPLE_SLVT_SS_nldm_201020       0 
NAND2xp33_ASAP7_75t_SL            66     61.586      889.981    asap7sc7p5t_SIMPLE_SLVT_SS_nldm_201020       0 
NAND2xp33_ASAP7_75t_SRAM           2      1.866        0.090    asap7sc7p5t_SIMPLE_SRAM_SS_nldm_201020       0 
NAND2xp5_ASAP7_75t_L             419    390.977     1512.231    asap7sc7p5t_SIMPLE_LVT_SS_nldm_201020        0 
NAND2xp5_ASAP7_75t_SL           2178   2032.335    53039.076    asap7sc7p5t_SIMPLE_SLVT_SS_nldm_201020       0 
NAND2xp67_ASAP7_75t_SL             8     11.197      234.559    asap7sc7p5t_SIMPLE_SLVT_SS_nldm_201020       0 
NAND3x1_ASAP7_75t_SL              18     46.189      806.692    asap7sc7p5t_SIMPLE_SLVT_SS_nldm_201020       0 
NAND3x2_ASAP7_75t_SL               3     13.997      523.993    asap7sc7p5t_SIMPLE_SLVT_SS_nldm_201020       0 
NAND3xp33_ASAP7_75t_SL            75     87.480     2058.389    asap7sc7p5t_SIMPLE_SLVT_SS_nldm_201020       0 
NAND4xp25_ASAP7_75t_SL            40     55.987     1234.048    asap7sc7p5t_SIMPLE_SLVT_SS_nldm_201020       0 
NAND4xp75_ASAP7_75t_SL            49    160.030     2792.985    asap7sc7p5t_SIMPLE_SLVT_SS_nldm_201020       0 
NAND5xp2_ASAP7_75t_SL              8     13.064      265.024    asap7sc7p5t_SIMPLE_SLVT_SS_nldm_201020       0 
NOR2x1_ASAP7_75t_L                95    132.970      814.405    asap7sc7p5t_SIMPLE_LVT_SS_nldm_201020        0 
NOR2x1_ASAP7_75t_SL              317    443.699    16829.485    asap7sc7p5t_SIMPLE_SLVT_SS_nldm_201020       0 
NOR2x1p5_ASAP7_75t_L              11     20.529      148.962    asap7sc7p5t_SIMPLE_LVT_SS_nldm_201020        0 
NOR2x1p5_ASAP7_75t_SL            106    197.821     8629.756    asap7sc7p5t_SIMPLE_SLVT_SS_nldm_201020       0 
NOR2x2_ASAP7_75t_L                 1      2.333       18.064    asap7sc7p5t_SIMPLE_LVT_SS_nldm_201020        0 
NOR2x2_ASAP7_75t_SL               12     27.994     1269.227    asap7sc7p5t_SIMPLE_SLVT_SS_nldm_201020       0 
NOR2xp33_ASAP7_75t_L             474    442.299     1369.826    asap7sc7p5t_SIMPLE_LVT_SS_nldm_201020        0 
NOR2xp33_ASAP7_75t_SL           1047    976.977    19214.262    asap7sc7p5t_SIMPLE_SLVT_SS_nldm_201020       0 
NOR2xp67_ASAP7_75t_L               6      8.398       35.221    asap7sc7p5t_SIMPLE_LVT_SS_nldm_201020        0 
NOR2xp67_ASAP7_75t_SL             18     25.194      621.014    asap7sc7p5t_SIMPLE_SLVT_SS_nldm_201020       0 
NOR3x1_ASAP7_75t_SL               18     46.189     1123.072    asap7sc7p5t_SIMPLE_SLVT_SS_nldm_201020       0 
NOR3xp33_ASAP7_75t_L              12     13.997       66.939    asap7sc7p5t_SIMPLE_LVT_SS_nldm_201020        0 
NOR3xp33_ASAP7_75t_SL            106    123.638     3258.462    asap7sc7p5t_SIMPLE_SLVT_SS_nldm_201020       0 
NOR4xp25_ASAP7_75t_SL             25     34.992      987.831    asap7sc7p5t_SIMPLE_SLVT_SS_nldm_201020       0 
NOR4xp75_ASAP7_75t_SL             12     39.191      610.048    asap7sc7p5t_SIMPLE_SLVT_SS_nldm_201020       0 
NOR5xp2_ASAP7_75t_SL               9     14.697      326.921    asap7sc7p5t_SIMPLE_SLVT_SS_nldm_201020       0 
O2A1O1Ixp33_ASAP7_75t_SL          29     40.591     1318.688    asap7sc7p5t_OA_SLVT_SS_nldm_201020           0 
O2A1O1Ixp5_ASAP7_75t_SL            4      7.465      271.070    asap7sc7p5t_OA_SLVT_SS_nldm_201020           0 
OA211x2_ASAP7_75t_SL               8     14.930      747.827    asap7sc7p5t_OA_SLVT_SS_nldm_201020           0 
OA21x2_ASAP7_75t_R                 2      3.266        5.215    asap7sc7p5t_OA_RVT_SS_nldm_201020            0 
OA21x2_ASAP7_75t_SL              263    429.468    29037.920    asap7sc7p5t_OA_SLVT_SS_nldm_201020           0 
OA221x2_ASAP7_75t_SL               8     29.860     1041.164    asap7sc7p5t_OA_SLVT_SS_nldm_201020           0 
OA222x2_ASAP7_75t_SL              73    204.353     9090.540    asap7sc7p5t_OA_SLVT_SS_nldm_201020           0 
OA22x2_ASAP7_75t_SL              146    340.589    15709.632    asap7sc7p5t_OA_SLVT_SS_nldm_201020           0 
OAI211xp5_ASAP7_75t_SL            73    102.177     3751.229    asap7sc7p5t_OA_SLVT_SS_nldm_201020           0 
OAI21xp33_ASAP7_75t_SL            43     50.155     1476.869    asap7sc7p5t_OA_SLVT_SS_nldm_201020           0 
OAI21xp5_ASAP7_75t_L               4      4.666       37.448    asap7sc7p5t_OA_LVT_SS_nldm_201020            0 
OAI21xp5_ASAP7_75t_SL           1164   1357.690    63079.890    asap7sc7p5t_OA_SLVT_SS_nldm_201020           0 
OAI21xp5_ASAP7_75t_SRAM            3      3.499        0.680    asap7sc7p5t_OA_SRAM_SS_nldm_201020           0 
OAI222xp33_ASAP7_75t_SL           84    195.955     5793.030    asap7sc7p5t_OA_SLVT_SS_nldm_201020           0 
OAI22x1_ASAP7_75t_L                1      2.333       17.300    asap7sc7p5t_OA_LVT_SS_nldm_201020            0 
OAI22x1_ASAP7_75t_SL             149    347.587    16103.850    asap7sc7p5t_OA_SLVT_SS_nldm_201020           0 
OAI22xp33_ASAP7_75t_SL             5      6.998      160.153    asap7sc7p5t_OA_SLVT_SS_nldm_201020           0 
OAI22xp5_ASAP7_75t_L              98    137.169      810.188    asap7sc7p5t_OA_LVT_SS_nldm_201020            0 
OAI22xp5_ASAP7_75t_SL            580    811.814    29792.057    asap7sc7p5t_OA_SLVT_SS_nldm_201020           0 
OAI311xp33_ASAP7_75t_SL            1      1.633       63.874    asap7sc7p5t_OA_SLVT_SS_nldm_201020           0 
OAI321xp33_ASAP7_75t_SL           19     35.459     1008.701    asap7sc7p5t_OA_SLVT_SS_nldm_201020           0 
OAI331xp33_ASAP7_75t_SL            2      4.199      128.005    asap7sc7p5t_OA_SLVT_SS_nldm_201020           0 
OR2x2_ASAP7_75t_L                  1      1.400       12.179    asap7sc7p5t_SIMPLE_LVT_SS_nldm_201020        0 
OR2x2_ASAP7_75t_SL               576    806.216    48749.646    asap7sc7p5t_SIMPLE_SLVT_SS_nldm_201020       0 
OR2x2_ASAP7_75t_SRAM               3      4.199        1.077    asap7sc7p5t_SIMPLE_SRAM_SS_nldm_201020       0 
OR2x4_ASAP7_75t_SL                 2      3.732      319.735    asap7sc7p5t_SIMPLE_SLVT_SS_nldm_201020       0 
OR3x1_ASAP7_75t_L                  3      4.199       30.621    asap7sc7p5t_SIMPLE_LVT_SS_nldm_201020        0 
OR3x1_ASAP7_75t_SL                14     19.596      869.363    asap7sc7p5t_SIMPLE_SLVT_SS_nldm_201020       0 
OR4x1_ASAP7_75t_SL                29     47.356     1775.810    asap7sc7p5t_SIMPLE_SLVT_SS_nldm_201020       0 
OR5x1_ASAP7_75t_SL                10     18.662      420.953    asap7sc7p5t_SIMPLE_SLVT_SS_nldm_201020       0 
TIEHIx1_ASAP7_75t_SL              27     18.896        0.054    asap7sc7p5t_SIMPLE_SLVT_SS_nldm_201020       0 
TIELOx1_ASAP7_75t_SL            1214    849.606        3.575    asap7sc7p5t_SIMPLE_SLVT_SS_nldm_201020       0 
XNOR2x2_ASAP7_75t_L                2      5.132       43.690    asap7sc7p5t_SIMPLE_LVT_SS_nldm_201020        0 
XNOR2x2_ASAP7_75t_SL             266    682.577    38395.087    asap7sc7p5t_SIMPLE_SLVT_SS_nldm_201020       0 
XNOR2xp5_ASAP7_75t_L              58    121.772      730.404    asap7sc7p5t_SIMPLE_LVT_SS_nldm_201020        0 
XNOR2xp5_ASAP7_75t_SL           1547   3247.957   123446.824    asap7sc7p5t_SIMPLE_SLVT_SS_nldm_201020       0 
XOR2x1_ASAP7_75t_L                 3      8.398       65.231    asap7sc7p5t_SIMPLE_LVT_SS_nldm_201020        0 
XOR2x1_ASAP7_75t_SL              194    543.076    26560.424    asap7sc7p5t_SIMPLE_SLVT_SS_nldm_201020       0 
XOR2xp5_ASAP7_75t_SL            1545   3243.758   123524.778    asap7sc7p5t_SIMPLE_SLVT_SS_nldm_201020       0 
XOR2xp5_ASAP7_75t_SRAM             1      2.100        0.323    asap7sc7p5t_SIMPLE_SRAM_SS_nldm_201020       0 
---------------------------------------------------------------------------------------------------------------
total                          27569  43412.242  1616629.201                                           


                                                                         Leakage  Leakage 
                Library                Instances Instances %    Area   Power (nW) Power % 
------------------------------------------------------------------------------------------
asap7sc7p5t_AO_LVT_SS_nldm_201020            467         1.7   667.647   3267.717     0.2 
asap7sc7p5t_AO_SLVT_SS_nldm_201020          3387        12.3  5599.420 176226.235    10.9 
asap7sc7p5t_INVBUF_LVT_SS_nldm_201020        890         3.2   699.373   5148.448     0.3 
asap7sc7p5t_INVBUF_RVT_SS_nldm_201020          3         0.0     2.799      2.153     0.0 
asap7sc7p5t_INVBUF_SLVT_SS_nldm_201020      5126        18.6  4884.417 291740.738    18.0 
asap7sc7p5t_INVBUF_SRAM_SS_nldm_201020        15         0.1    11.197      1.253     0.0 
asap7sc7p5t_OA_LVT_SS_nldm_201020            103         0.4   144.167    864.936     0.1 
asap7sc7p5t_OA_RVT_SS_nldm_201020              2         0.0     3.266      5.215     0.0 
asap7sc7p5t_OA_SLVT_SS_nldm_201020          2651         9.6  3980.923 178574.498    11.0 
asap7sc7p5t_OA_SRAM_SS_nldm_201020             3         0.0     3.499      0.680     0.0 
asap7sc7p5t_SEQ_SLVT_SS_nldm_201020         1205         4.4  7308.662 216429.418    13.4 
asap7sc7p5t_SIMPLE_LVT_SS_nldm_201020       1288         4.7  1445.869   7421.807     0.5 
asap7sc7p5t_SIMPLE_RVT_SS_nldm_201020          6         0.0     8.865     13.382     0.0 
asap7sc7p5t_SIMPLE_SLVT_SS_nldm_201020     12417        45.0 18643.971 736931.230    45.6 
asap7sc7p5t_SIMPLE_SRAM_SS_nldm_201020         6         0.0     8.165      1.490     0.0 

                                            Leakage   Leakage 
     Type      Instances    Area   Area %  Power (nW) Power % 
--------------------------------------------------------------
sequential          1205  7308.662   16.8  216429.418    13.4 
inverter            5058  3743.911    8.6  137458.576     8.5 
buffer               976  1853.876    4.3  159434.017     9.9 
logic              20330 30505.792   70.3 1103307.190    68.2 
physical_cells         0     0.000    0.0       0.000     0.0 
--------------------------------------------------------------
total              27569 43412.242  100.0 1616629.201   100.0 

