

Working Directory = /home/msmekhem/research/repositories/fpga-mxfp/aitb_asic/asic/fixed_input_e4m3_5_mxfp_aitb_04_02_16_23_obj-dir/syn-rundir
QoS Summary for fixed_input_e4m3_5_mxfp_aitb_wrapper
================================================================================
Metric                          final          
================================================================================
Slack (ps):                      -503
  R2R (ps):                      -503
  I2R (ps):                  no_value
  R2O (ps):                  no_value
  I2O (ps):                  no_value
  CG  (ps):                  no_value
TNS (ps):                     -39,227
  R2R (ps):                   -39,227
  I2R (ps):                  no_value
  R2O (ps):                  no_value
  I2O (ps):                  no_value
  CG  (ps):                  no_value
Failing Paths:                    176
Cell Area:                     36,896
Total Cell Area:               36,896
Leaf Instances:                21,188
Total Instances:               21,188
Utilization (%):                 0.00
Tot. Net Length (um):        no_value
Avg. Net Length (um):        no_value
Route Overflow H (%):        no_value
Route Overflow V (%):        no_value
MBCI(%) (bits/gate) :            0.00
Norm Cong Hotspot Area:
  Max Cong:                  no_value
  Tot Cong:                  no_value
================================================================================
CPU  Runtime (h:m:s):        00:07:48
Real Runtime (h:m:s):        00:05:45
CPU  Elapsed (h:m:s):        00:07:50
Real Elapsed (h:m:s):        00:05:45
Memory (MB):                  2035.70
================================================================================
================================================================================
Flow Settings:
================================================================================
Total Runtime (h:m:s): 00:05:45
Total Memory (MB):     2035.70
Executable Version:    21.17-s066_1
================================================================================
Total Cell Area =  Cell Area + Physical Cell Area
Total Instances =  Leaf Instances + Physical Instances


