============================================================
  Generated by:           Genus(TM) Synthesis Solution 21.17-s066_1
  Generated on:           Apr 02 2026  04:28:53 pm
  Module:                 fixed_input_e4m3_5_mxfp_aitb_wrapper
  Library domain:         PVT_0P63V_100C.setup_cond
    Domain index:         0
    Technology libraries: asap7sc7p5t_SIMPLE_RVT_SS_nldm_201020 1.0
                          asap7sc7p5t_SIMPLE_LVT_SS_nldm_201020 1.0
                          asap7sc7p5t_SIMPLE_SLVT_SS_nldm_201020 1.0
                          asap7sc7p5t_SIMPLE_SRAM_SS_nldm_201020 1.0
                          asap7sc7p5t_AO_RVT_SS_nldm_201020 1.0
                          asap7sc7p5t_AO_LVT_SS_nldm_201020 1.0
                          asap7sc7p5t_AO_SLVT_SS_nldm_201020 1.0
                          asap7sc7p5t_AO_SRAM_SS_nldm_201020 1.0
                          asap7sc7p5t_OA_RVT_SS_nldm_201020 1.0
                          asap7sc7p5t_OA_LVT_SS_nldm_201020 1.0
                          asap7sc7p5t_OA_SLVT_SS_nldm_201020 1.0
                          asap7sc7p5t_OA_SRAM_SS_nldm_201020 1.0
                          asap7sc7p5t_SEQ_RVT_SS_nldm_201020 1.0
                          asap7sc7p5t_SEQ_LVT_SS_nldm_201020 1.0
                          asap7sc7p5t_SEQ_SLVT_SS_nldm_201020 1.0
                          asap7sc7p5t_SEQ_SRAM_SS_nldm_201020 1.0
                          asap7sc7p5t_INVBUF_RVT_SS_nldm_201020 1.0
                          asap7sc7p5t_INVBUF_LVT_SS_nldm_201020 1.0
                          asap7sc7p5t_INVBUF_SLVT_SS_nldm_201020 1.0
                          asap7sc7p5t_INVBUF_SRAM_SS_nldm_201020 1.0
  Operating conditions:   PVT_0P63V_100C 
  Interconnect mode:      global
  Area mode:              physical library
============================================================

                                                   Leakage                                             Library 
           Gate            Instances    Area     Power (nW)                   Library                   Domain 
---------------------------------------------------------------------------------------------------------------
A2O1A1Ixp33_ASAP7_75t_SL          14     19.596      596.399    asap7sc7p5t_AO_SLVT_SS_nldm_201020           0 
AND2x2_ASAP7_75t_L                11     15.396      165.209    asap7sc7p5t_SIMPLE_LVT_SS_nldm_201020        0 
AND2x2_ASAP7_75t_SL              458    641.053    43501.350    asap7sc7p5t_SIMPLE_SLVT_SS_nldm_201020       0 
AND2x4_ASAP7_75t_SL               62    144.634    11728.291    asap7sc7p5t_SIMPLE_SLVT_SS_nldm_201020       0 
AND2x6_ASAP7_75t_SL                4     11.197     1050.222    asap7sc7p5t_SIMPLE_SLVT_SS_nldm_201020       0 
AND3x1_ASAP7_75t_SL               25     34.992     1926.390    asap7sc7p5t_SIMPLE_SLVT_SS_nldm_201020       0 
AND3x2_ASAP7_75t_SL                7     11.431      666.365    asap7sc7p5t_SIMPLE_SLVT_SS_nldm_201020       0 
AND3x4_ASAP7_75t_SL                2      6.532      334.708    asap7sc7p5t_SIMPLE_SLVT_SS_nldm_201020       0 
AND4x2_ASAP7_75t_SL                9     16.796      814.112    asap7sc7p5t_SIMPLE_SLVT_SS_nldm_201020       0 
AND5x1_ASAP7_75t_SL                3      5.599      139.018    asap7sc7p5t_SIMPLE_SLVT_SS_nldm_201020       0 
AND5x2_ASAP7_75t_SL                1      4.666       93.020    asap7sc7p5t_SIMPLE_SLVT_SS_nldm_201020       0 
AO211x2_ASAP7_75t_SL              11     41.057     1335.164    asap7sc7p5t_AO_SLVT_SS_nldm_201020           0 
AO221x1_ASAP7_75t_L                2      4.666       24.858    asap7sc7p5t_AO_LVT_SS_nldm_201020            0 
AO221x1_ASAP7_75t_SL               9     20.995      661.270    asap7sc7p5t_AO_SLVT_SS_nldm_201020           0 
AO221x2_ASAP7_75t_SL               4     10.264      437.001    asap7sc7p5t_AO_SLVT_SS_nldm_201020           0 
AO222x2_ASAP7_75t_SL               2      5.599      246.667    asap7sc7p5t_AO_SLVT_SS_nldm_201020           0 
AO22x1_ASAP7_75t_L                 9     18.896       90.907    asap7sc7p5t_AO_LVT_SS_nldm_201020            0 
AO22x1_ASAP7_75t_SL              255    535.378    16435.650    asap7sc7p5t_AO_SLVT_SS_nldm_201020           0 
AO22x2_ASAP7_75t_SL               48    111.974     5480.904    asap7sc7p5t_AO_SLVT_SS_nldm_201020           0 
AO31x2_ASAP7_75t_SL                5     18.662      746.678    asap7sc7p5t_AO_SLVT_SS_nldm_201020           0 
AO32x1_ASAP7_75t_SL               11     20.529      794.737    asap7sc7p5t_AO_SLVT_SS_nldm_201020           0 
AO32x2_ASAP7_75t_SL                1      2.100       99.870    asap7sc7p5t_AO_SLVT_SS_nldm_201020           0 
AOI211x1_ASAP7_75t_SL              6     16.796      350.807    asap7sc7p5t_AO_SLVT_SS_nldm_201020           0 
AOI21x1_ASAP7_75t_L                4      7.465       44.127    asap7sc7p5t_AO_LVT_SS_nldm_201020            0 
AOI21x1_ASAP7_75t_SL             186    347.121    13564.121    asap7sc7p5t_AO_SLVT_SS_nldm_201020           0 
AOI21xp33_ASAP7_75t_SL            46     53.654     1291.438    asap7sc7p5t_AO_SLVT_SS_nldm_201020           0 
AOI21xp33_ASAP7_75t_SRAM           1      1.166        0.107    asap7sc7p5t_AO_SRAM_SS_nldm_201020           0 
AOI21xp5_ASAP7_75t_L             126    146.966      665.373    asap7sc7p5t_AO_LVT_SS_nldm_201020            0 
AOI21xp5_ASAP7_75t_SL            482    562.205    17551.373    asap7sc7p5t_AO_SLVT_SS_nldm_201020           0 
AOI221x1_ASAP7_75t_SL              8     26.127      558.151    asap7sc7p5t_AO_SLVT_SS_nldm_201020           0 
AOI221xp5_ASAP7_75t_L              3      4.899       16.137    asap7sc7p5t_AO_LVT_SS_nldm_201020            0 
AOI221xp5_ASAP7_75t_SL            78    127.371     3271.775    asap7sc7p5t_AO_SLVT_SS_nldm_201020           0 
AOI222xp33_ASAP7_75t_SL           19     44.323      795.267    asap7sc7p5t_AO_SLVT_SS_nldm_201020           0 
AOI22x1_ASAP7_75t_L                6     13.997       67.967    asap7sc7p5t_AO_LVT_SS_nldm_201020            0 
AOI22x1_ASAP7_75t_SL             148    345.254    12852.552    asap7sc7p5t_AO_SLVT_SS_nldm_201020           0 
AOI22xp33_ASAP7_75t_SL           354    495.487    11458.127    asap7sc7p5t_AO_SLVT_SS_nldm_201020           0 
AOI22xp33_ASAP7_75t_SRAM           1      1.400        0.165    asap7sc7p5t_AO_SRAM_SS_nldm_201020           0 
AOI22xp5_ASAP7_75t_SL            838   1172.932    35999.711    asap7sc7p5t_AO_SLVT_SS_nldm_201020           0 
AOI22xp5_ASAP7_75t_SRAM            1      1.400        0.260    asap7sc7p5t_AO_SRAM_SS_nldm_201020           0 
AOI31xp33_ASAP7_75t_SL             7      9.798      167.133    asap7sc7p5t_AO_SLVT_SS_nldm_201020           0 
ASYNC_DFFHx1_ASAP7_75t_SL       1147   6956.876   206133.555    asap7sc7p5t_SEQ_SLVT_SS_nldm_201020          0 
BUFx10_ASAP7_75t_L                 3      9.798      181.169    asap7sc7p5t_INVBUF_LVT_SS_nldm_201020        0 
BUFx10_ASAP7_75t_SL                2      6.532      858.260    asap7sc7p5t_INVBUF_SLVT_SS_nldm_201020       0 
BUFx12f_ASAP7_75t_L                1      4.199       77.350    asap7sc7p5t_INVBUF_LVT_SS_nldm_201020        0 
BUFx12f_ASAP7_75t_SL               6     25.194     3060.538    asap7sc7p5t_INVBUF_SLVT_SS_nldm_201020       0 
BUFx16f_ASAP7_75t_SL               1      5.132      556.471    asap7sc7p5t_INVBUF_SLVT_SS_nldm_201020       0 
BUFx24_ASAP7_75t_SL              128    895.795   112957.446    asap7sc7p5t_INVBUF_SLVT_SS_nldm_201020       0 
BUFx2_ASAP7_75t_L                 29     33.826      380.738    asap7sc7p5t_INVBUF_LVT_SS_nldm_201020        0 
BUFx2_ASAP7_75t_SL               129    150.466    10763.080    asap7sc7p5t_INVBUF_SLVT_SS_nldm_201020       0 
BUFx3_ASAP7_75t_L                  3      4.199       60.679    asap7sc7p5t_INVBUF_LVT_SS_nldm_201020        0 
BUFx3_ASAP7_75t_SL                89    124.572    11008.308    asap7sc7p5t_INVBUF_SLVT_SS_nldm_201020       0 
BUFx3_ASAP7_75t_SRAM               1      1.400        0.683    asap7sc7p5t_INVBUF_SRAM_SS_nldm_201020       0 
BUFx4f_ASAP7_75t_L                 4      7.465      100.121    asap7sc7p5t_INVBUF_LVT_SS_nldm_201020        0 
BUFx4f_ASAP7_75t_SL                1      1.866      182.973    asap7sc7p5t_INVBUF_SLVT_SS_nldm_201020       0 
BUFx5_ASAP7_75t_SL                 2      3.732      407.537    asap7sc7p5t_INVBUF_SLVT_SS_nldm_201020       0 
BUFx6f_ASAP7_75t_L                 2      4.666       69.389    asap7sc7p5t_INVBUF_LVT_SS_nldm_201020        0 
BUFx6f_ASAP7_75t_SL               29     67.651     7228.802    asap7sc7p5t_INVBUF_SLVT_SS_nldm_201020       0 
HB1xp67_ASAP7_75t_L               62     57.853      301.143    asap7sc7p5t_INVBUF_LVT_SS_nldm_201020        0 
HB1xp67_ASAP7_75t_R                2      1.866        1.429    asap7sc7p5t_INVBUF_RVT_SS_nldm_201020        0 
HB1xp67_ASAP7_75t_SL             286    266.872     8876.015    asap7sc7p5t_INVBUF_SLVT_SS_nldm_201020       0 
HB2xp67_ASAP7_75t_SL               2      2.333       49.209    asap7sc7p5t_INVBUF_SLVT_SS_nldm_201020       0 
INVx1_ASAP7_75t_L                340    237.946     1629.580    asap7sc7p5t_INVBUF_LVT_SS_nldm_201020        0 
INVx1_ASAP7_75t_SL              1178    824.412    36371.293    asap7sc7p5t_INVBUF_SLVT_SS_nldm_201020       0 
INVx2_ASAP7_75t_L                  4      3.732       43.504    asap7sc7p5t_INVBUF_LVT_SS_nldm_201020        0 
INVx2_ASAP7_75t_SL               243    226.748    14927.745    asap7sc7p5t_INVBUF_SLVT_SS_nldm_201020       0 
INVx3_ASAP7_75t_SL                45     52.488     4123.647    asap7sc7p5t_INVBUF_SLVT_SS_nldm_201020       0 
INVx4_ASAP7_75t_SL                31     43.390     3456.026    asap7sc7p5t_INVBUF_SLVT_SS_nldm_201020       0 
INVx5_ASAP7_75t_SL                13     21.228     1940.555    asap7sc7p5t_INVBUF_SLVT_SS_nldm_201020       0 
INVx6_ASAP7_75t_SL                 7     13.064     1152.791    asap7sc7p5t_INVBUF_SLVT_SS_nldm_201020       0 
INVx8_ASAP7_75t_SL                 5     11.664     1114.101    asap7sc7p5t_INVBUF_SLVT_SS_nldm_201020       0 
INVxp33_ASAP7_75t_SL               7      4.899       72.484    asap7sc7p5t_INVBUF_SLVT_SS_nldm_201020       0 
INVxp33_ASAP7_75t_SRAM             3      2.100        0.148    asap7sc7p5t_INVBUF_SRAM_SS_nldm_201020       0 
INVxp67_ASAP7_75t_SL            1311    917.490    27228.279    asap7sc7p5t_INVBUF_SLVT_SS_nldm_201020       0 
INVxp67_ASAP7_75t_SRAM             1      0.700        0.171    asap7sc7p5t_INVBUF_SRAM_SS_nldm_201020       0 
MAJIxp5_ASAP7_75t_SL             993   1621.529    48383.796    asap7sc7p5t_SIMPLE_SLVT_SS_nldm_201020       0 
MAJIxp5_ASAP7_75t_SRAM             1      1.633        0.248    asap7sc7p5t_SIMPLE_SRAM_SS_nldm_201020       0 
MAJx2_ASAP7_75t_SL               622   1305.901    70217.425    asap7sc7p5t_SIMPLE_SLVT_SS_nldm_201020       0 
MAJx2_ASAP7_75t_SRAM               1      2.100        0.620    asap7sc7p5t_SIMPLE_SRAM_SS_nldm_201020       0 
NAND2x1_ASAP7_75t_L                8     11.197       49.066    asap7sc7p5t_SIMPLE_LVT_SS_nldm_201020        0 
NAND2x1_ASAP7_75t_SL              64     89.580     2802.557    asap7sc7p5t_SIMPLE_SLVT_SS_nldm_201020       0 
NAND2x1p5_ASAP7_75t_L              2      3.732       23.893    asap7sc7p5t_SIMPLE_LVT_SS_nldm_201020        0 
NAND2x1p5_ASAP7_75t_SL            63    117.573     4009.499    asap7sc7p5t_SIMPLE_SLVT_SS_nldm_201020       0 
NAND2x2_ASAP7_75t_SL               1      2.333       62.943    asap7sc7p5t_SIMPLE_SLVT_SS_nldm_201020       0 
NAND2xp33_ASAP7_75t_SL            15     13.997      224.276    asap7sc7p5t_SIMPLE_SLVT_SS_nldm_201020       0 
NAND2xp33_ASAP7_75t_SRAM           1      0.933        0.019    asap7sc7p5t_SIMPLE_SRAM_SS_nldm_201020       0 
NAND2xp5_ASAP7_75t_L              93     86.780      366.200    asap7sc7p5t_SIMPLE_LVT_SS_nldm_201020        0 
NAND2xp5_ASAP7_75t_SL            931    868.735    22587.702    asap7sc7p5t_SIMPLE_SLVT_SS_nldm_201020       0 
NAND2xp67_ASAP7_75t_SL             5      6.998      143.748    asap7sc7p5t_SIMPLE_SLVT_SS_nldm_201020       0 
NAND3x1_ASAP7_75t_SL               6     15.396      263.649    asap7sc7p5t_SIMPLE_SLVT_SS_nldm_201020       0 
NAND3x2_ASAP7_75t_SL               2      9.331      207.243    asap7sc7p5t_SIMPLE_SLVT_SS_nldm_201020       0 
NAND3xp33_ASAP7_75t_SL            27     31.493      512.295    asap7sc7p5t_SIMPLE_SLVT_SS_nldm_201020       0 
NAND4xp25_ASAP7_75t_SL            16     22.395      430.415    asap7sc7p5t_SIMPLE_SLVT_SS_nldm_201020       0 
NAND4xp75_ASAP7_75t_SL            26     84.914     1389.281    asap7sc7p5t_SIMPLE_SLVT_SS_nldm_201020       0 
NAND5xp2_ASAP7_75t_SL             10     16.330      108.018    asap7sc7p5t_SIMPLE_SLVT_SS_nldm_201020       0 
NOR2x1_ASAP7_75t_L                68     95.178      571.970    asap7sc7p5t_SIMPLE_LVT_SS_nldm_201020        0 
NOR2x1_ASAP7_75t_SL              308    431.101    14372.410    asap7sc7p5t_SIMPLE_SLVT_SS_nldm_201020       0 
NOR2x1p5_ASAP7_75t_L               6     11.197       83.728    asap7sc7p5t_SIMPLE_LVT_SS_nldm_201020        0 
NOR2x1p5_ASAP7_75t_SL             93    173.560     7477.282    asap7sc7p5t_SIMPLE_SLVT_SS_nldm_201020       0 
NOR2x2_ASAP7_75t_R                 1      2.333        2.666    asap7sc7p5t_SIMPLE_RVT_SS_nldm_201020        0 
NOR2x2_ASAP7_75t_SL               10     23.328     1038.348    asap7sc7p5t_SIMPLE_SLVT_SS_nldm_201020       0 
NOR2xp33_ASAP7_75t_L             182    169.828      502.066    asap7sc7p5t_SIMPLE_LVT_SS_nldm_201020        0 
NOR2xp33_ASAP7_75t_SL            618    576.668    11021.992    asap7sc7p5t_SIMPLE_SLVT_SS_nldm_201020       0 
NOR2xp67_ASAP7_75t_L               6      8.398       30.084    asap7sc7p5t_SIMPLE_LVT_SS_nldm_201020        0 
NOR2xp67_ASAP7_75t_SL             13     18.196      420.456    asap7sc7p5t_SIMPLE_SLVT_SS_nldm_201020       0 
NOR3x1_ASAP7_75t_SL               17     43.623     1142.617    asap7sc7p5t_SIMPLE_SLVT_SS_nldm_201020       0 
NOR3xp33_ASAP7_75t_SL             91    106.142     2802.890    asap7sc7p5t_SIMPLE_SLVT_SS_nldm_201020       0 
NOR4xp25_ASAP7_75t_SL             12     16.796      385.182    asap7sc7p5t_SIMPLE_SLVT_SS_nldm_201020       0 
NOR4xp75_ASAP7_75t_SL              9     29.393      567.120    asap7sc7p5t_SIMPLE_SLVT_SS_nldm_201020       0 
NOR5xp2_ASAP7_75t_SL               7     11.431      172.713    asap7sc7p5t_SIMPLE_SLVT_SS_nldm_201020       0 
O2A1O1Ixp33_ASAP7_75t_SL          48     67.185     1947.299    asap7sc7p5t_OA_SLVT_SS_nldm_201020           0 
O2A1O1Ixp5_ASAP7_75t_SL            2      3.732       63.927    asap7sc7p5t_OA_SLVT_SS_nldm_201020           0 
OA211x2_ASAP7_75t_SL               1      1.866       95.035    asap7sc7p5t_OA_SLVT_SS_nldm_201020           0 
OA21x2_ASAP7_75t_SL              216    352.719    23762.595    asap7sc7p5t_OA_SLVT_SS_nldm_201020           0 
OA221x2_ASAP7_75t_SL               2      7.465      242.303    asap7sc7p5t_OA_SLVT_SS_nldm_201020           0 
OA222x2_ASAP7_75t_SL              19     53.188     2349.527    asap7sc7p5t_OA_SLVT_SS_nldm_201020           0 
OA22x2_ASAP7_75t_SL              109    254.275    11404.324    asap7sc7p5t_OA_SLVT_SS_nldm_201020           0 
OA31x2_ASAP7_75t_SL                3     10.498      336.472    asap7sc7p5t_OA_SLVT_SS_nldm_201020           0 
OAI211xp5_ASAP7_75t_SL            11     15.396      454.203    asap7sc7p5t_OA_SLVT_SS_nldm_201020           0 
OAI21xp33_ASAP7_75t_SL            11     12.830      348.406    asap7sc7p5t_OA_SLVT_SS_nldm_201020           0 
OAI21xp5_ASAP7_75t_SL            573    668.347    29754.568    asap7sc7p5t_OA_SLVT_SS_nldm_201020           0 
OAI222xp33_ASAP7_75t_SL            4      9.331      284.129    asap7sc7p5t_OA_SLVT_SS_nldm_201020           0 
OAI22x1_ASAP7_75t_SL             106    247.277    10960.179    asap7sc7p5t_OA_SLVT_SS_nldm_201020           0 
OAI22xp5_ASAP7_75t_L              65     90.979      505.258    asap7sc7p5t_OA_LVT_SS_nldm_201020            0 
OAI22xp5_ASAP7_75t_SL            819   1146.338    42510.591    asap7sc7p5t_OA_SLVT_SS_nldm_201020           0 
OAI321xp33_ASAP7_75t_SL            4      7.465      203.163    asap7sc7p5t_OA_SLVT_SS_nldm_201020           0 
OAI331xp33_ASAP7_75t_SL            1      2.100       79.277    asap7sc7p5t_OA_SLVT_SS_nldm_201020           0 
OR2x2_ASAP7_75t_L                  2      2.799       25.435    asap7sc7p5t_SIMPLE_LVT_SS_nldm_201020        0 
OR2x2_ASAP7_75t_SL               351    491.288    28346.399    asap7sc7p5t_SIMPLE_SLVT_SS_nldm_201020       0 
OR2x4_ASAP7_75t_SL                 1      1.866      126.990    asap7sc7p5t_SIMPLE_SLVT_SS_nldm_201020       0 
OR3x1_ASAP7_75t_SL                 9     12.597      610.117    asap7sc7p5t_SIMPLE_SLVT_SS_nldm_201020       0 
OR3x2_ASAP7_75t_SL                 1      1.633       78.862    asap7sc7p5t_SIMPLE_SLVT_SS_nldm_201020       0 
OR4x1_ASAP7_75t_SL                16     26.127      995.144    asap7sc7p5t_SIMPLE_SLVT_SS_nldm_201020       0 
OR5x1_ASAP7_75t_SL                17     31.726      628.927    asap7sc7p5t_SIMPLE_SLVT_SS_nldm_201020       0 
TIEHIx1_ASAP7_75t_SL               3      2.100        0.006    asap7sc7p5t_SIMPLE_SLVT_SS_nldm_201020       0 
TIELOx1_ASAP7_75t_SL            1156    809.015        3.404    asap7sc7p5t_SIMPLE_SLVT_SS_nldm_201020       0 
XNOR2x2_ASAP7_75t_L                2      5.132       45.564    asap7sc7p5t_SIMPLE_LVT_SS_nldm_201020        0 
XNOR2x2_ASAP7_75t_R                2      5.132        6.336    asap7sc7p5t_SIMPLE_RVT_SS_nldm_201020        0 
XNOR2x2_ASAP7_75t_SL             111    284.835    15658.248    asap7sc7p5t_SIMPLE_SLVT_SS_nldm_201020       0 
XNOR2x2_ASAP7_75t_SRAM             1      2.566        0.654    asap7sc7p5t_SIMPLE_SRAM_SS_nldm_201020       0 
XNOR2xp5_ASAP7_75t_L              35     73.483      451.230    asap7sc7p5t_SIMPLE_LVT_SS_nldm_201020        0 
XNOR2xp5_ASAP7_75t_SL           2495   5238.302   199996.496    asap7sc7p5t_SIMPLE_SLVT_SS_nldm_201020       0 
XNOR2xp5_ASAP7_75t_SRAM            2      4.199        0.873    asap7sc7p5t_SIMPLE_SRAM_SS_nldm_201020       0 
XOR2x1_ASAP7_75t_SL               95    265.939    12796.564    asap7sc7p5t_SIMPLE_SLVT_SS_nldm_201020       0 
XOR2xp5_ASAP7_75t_SL            2175   4566.456   173536.804    asap7sc7p5t_SIMPLE_SLVT_SS_nldm_201020       0 
XOR2xp5_ASAP7_75t_SRAM             8     16.796        3.053    asap7sc7p5t_SIMPLE_SRAM_SS_nldm_201020       0 
---------------------------------------------------------------------------------------------------------------
total                          21188  36895.565  1392325.388                                           


                                                                         Leakage  Leakage 
                Library                Instances Instances %    Area   Power (nW) Power % 
------------------------------------------------------------------------------------------
asap7sc7p5t_AO_LVT_SS_nldm_201020            150         0.7   196.888    909.370     0.1 
asap7sc7p5t_AO_SLVT_SS_nldm_201020          2532        12.0  3987.222 124694.795     9.0 
asap7sc7p5t_AO_SRAM_SS_nldm_201020             3         0.0     3.966      0.532     0.0 
asap7sc7p5t_INVBUF_LVT_SS_nldm_201020        448         2.1   363.684   2843.674     0.2 
asap7sc7p5t_INVBUF_RVT_SS_nldm_201020          2         0.0     1.866      1.429     0.0 
asap7sc7p5t_INVBUF_SLVT_SS_nldm_201020      3515        16.6  3665.529 246335.561    17.7 
asap7sc7p5t_INVBUF_SRAM_SS_nldm_201020         5         0.0     4.199      1.003     0.0 
asap7sc7p5t_OA_LVT_SS_nldm_201020             65         0.3    90.979    505.258     0.0 
asap7sc7p5t_OA_SLVT_SS_nldm_201020          1929         9.1  2860.013 124795.999     9.0 
asap7sc7p5t_SEQ_SLVT_SS_nldm_201020         1147         5.4  6956.876 206133.555    14.8 
asap7sc7p5t_SIMPLE_LVT_SS_nldm_201020        415         2.0   483.123   2314.446     0.2 
asap7sc7p5t_SIMPLE_RVT_SS_nldm_201020          3         0.0     7.465      9.002     0.0 
asap7sc7p5t_SIMPLE_SLVT_SS_nldm_201020     10960        51.7 18245.529 683775.297    49.1 
asap7sc7p5t_SIMPLE_SRAM_SS_nldm_201020        14         0.1    28.227      5.467     0.0 

                                            Leakage   Leakage 
     Type      Instances    Area   Area %  Power (nW) Power % 
--------------------------------------------------------------
sequential          1147  6956.876   18.9  206133.555    14.8 
inverter            3188  2359.860    6.4   92060.327     6.6 
buffer               782  1675.417    4.5  157121.340    11.3 
logic              16071 25903.411   70.2  937010.167    67.3 
physical_cells         0     0.000    0.0       0.000     0.0 
--------------------------------------------------------------
total              21188 36895.565  100.0 1392325.388   100.0 

