============================================================
  Generated by:           Genus(TM) Synthesis Solution 21.17-s066_1
  Generated on:           Apr 02 2026  08:38:51 pm
  Module:                 mxfp_to_fixed_mxfp_aitb_top
  Library domain:         PVT_0P63V_100C.setup_cond
    Domain index:         0
    Technology libraries: asap7sc7p5t_SIMPLE_RVT_SS_nldm_201020 1.0
                          asap7sc7p5t_SIMPLE_LVT_SS_nldm_201020 1.0
                          asap7sc7p5t_SIMPLE_SLVT_SS_nldm_201020 1.0
                          asap7sc7p5t_SIMPLE_SRAM_SS_nldm_201020 1.0
                          asap7sc7p5t_AO_RVT_SS_nldm_201020 1.0
                          asap7sc7p5t_AO_LVT_SS_nldm_201020 1.0
                          asap7sc7p5t_AO_SLVT_SS_nldm_201020 1.0
                          asap7sc7p5t_AO_SRAM_SS_nldm_201020 1.0
                          asap7sc7p5t_OA_RVT_SS_nldm_201020 1.0
                          asap7sc7p5t_OA_LVT_SS_nldm_201020 1.0
                          asap7sc7p5t_OA_SLVT_SS_nldm_201020 1.0
                          asap7sc7p5t_OA_SRAM_SS_nldm_201020 1.0
                          asap7sc7p5t_SEQ_RVT_SS_nldm_201020 1.0
                          asap7sc7p5t_SEQ_LVT_SS_nldm_201020 1.0
                          asap7sc7p5t_SEQ_SLVT_SS_nldm_201020 1.0
                          asap7sc7p5t_SEQ_SRAM_SS_nldm_201020 1.0
                          asap7sc7p5t_INVBUF_RVT_SS_nldm_201020 1.0
                          asap7sc7p5t_INVBUF_LVT_SS_nldm_201020 1.0
                          asap7sc7p5t_INVBUF_SLVT_SS_nldm_201020 1.0
                          asap7sc7p5t_INVBUF_SRAM_SS_nldm_201020 1.0
  Operating conditions:   PVT_0P63V_100C 
  Interconnect mode:      global
  Area mode:              physical library
============================================================

Timing
--------

      Analysis view       Clock Period 
---------------------------------------
PVT_0P63V_100C.setup_view clk   2000.0 


         Analysis           Cost   Critical        Violating 
           View            Group  Path Slack  TNS    Paths   
-------------------------------------------------------------
PVT_0P63V_100C.setup_view     clk       16.3  0.0          0 
                          default   No paths  0.0          0 
-------------------------------------------------------------
Total                                        -0.0          0 
                                                             

Instance Count
--------------
Leaf Instance Count             16455 
Physical Instance count             0 
Sequential Instance Count        1109 
Combinational Instance Count    15346 
Hierarchical Instance Count         0 

Area
----
Cell Area                          29987.444
Physical Cell Area                 0.000
Total Cell Area (Cell+Physical)    29987.444
Net Area                           12727.318
Total Area (Cell+Physical+Net)     42714.762

Runtime                            42.432936999999995 seconds
Elapsed Runtime                    195 seconds
Genus peak memory usage            1950.05 
Innovus peak memory usage          no_value 
Hostname                           KingsLanding
