

Working Directory = /home/msmekhem/research/repositories/fpga-mxfp/aitb_asic/asic/mxfp_to_fixed_mxfp_aitb_04_02_20_35_obj-dir/syn-rundir
QoS Summary for mxfp_to_fixed_mxfp_aitb_top
================================================================================
Metric                          final          
================================================================================
Slack (ps):                        16
  R2R (ps):                        16
  I2R (ps):                  no_value
  R2O (ps):                  no_value
  I2O (ps):                  no_value
  CG  (ps):                  no_value
TNS (ps):                           0
  R2R (ps):                         0
  I2R (ps):                  no_value
  R2O (ps):                  no_value
  I2O (ps):                  no_value
  CG  (ps):                  no_value
Failing Paths:                      0
Cell Area:                     29,987
Total Cell Area:               29,987
Leaf Instances:                16,455
Total Instances:               16,455
Utilization (%):                 0.00
Tot. Net Length (um):        no_value
Avg. Net Length (um):        no_value
Route Overflow H (%):        no_value
Route Overflow V (%):        no_value
MBCI(%) (bits/gate) :            0.00
Norm Cong Hotspot Area:
  Max Cong:                  no_value
  Tot Cong:                  no_value
================================================================================
CPU  Runtime (h:m:s):        00:04:13
Real Runtime (h:m:s):        00:03:09
CPU  Elapsed (h:m:s):        00:04:16
Real Elapsed (h:m:s):        00:03:10
Memory (MB):                  1950.05
================================================================================
================================================================================
Flow Settings:
================================================================================
Total Runtime (h:m:s): 00:03:09
Total Memory (MB):     1950.05
Executable Version:    21.17-s066_1
================================================================================
Total Cell Area =  Cell Area + Physical Cell Area
Total Instances =  Leaf Instances + Physical Instances


