============================================================
  Generated by:           Genus(TM) Synthesis Solution 21.17-s066_1
  Generated on:           Apr 02 2026  08:38:52 pm
  Module:                 mxfp_to_fixed_mxfp_aitb_top
  Library domain:         PVT_0P63V_100C.setup_cond
    Domain index:         0
    Technology libraries: asap7sc7p5t_SIMPLE_RVT_SS_nldm_201020 1.0
                          asap7sc7p5t_SIMPLE_LVT_SS_nldm_201020 1.0
                          asap7sc7p5t_SIMPLE_SLVT_SS_nldm_201020 1.0
                          asap7sc7p5t_SIMPLE_SRAM_SS_nldm_201020 1.0
                          asap7sc7p5t_AO_RVT_SS_nldm_201020 1.0
                          asap7sc7p5t_AO_LVT_SS_nldm_201020 1.0
                          asap7sc7p5t_AO_SLVT_SS_nldm_201020 1.0
                          asap7sc7p5t_AO_SRAM_SS_nldm_201020 1.0
                          asap7sc7p5t_OA_RVT_SS_nldm_201020 1.0
                          asap7sc7p5t_OA_LVT_SS_nldm_201020 1.0
                          asap7sc7p5t_OA_SLVT_SS_nldm_201020 1.0
                          asap7sc7p5t_OA_SRAM_SS_nldm_201020 1.0
                          asap7sc7p5t_SEQ_RVT_SS_nldm_201020 1.0
                          asap7sc7p5t_SEQ_LVT_SS_nldm_201020 1.0
                          asap7sc7p5t_SEQ_SLVT_SS_nldm_201020 1.0
                          asap7sc7p5t_SEQ_SRAM_SS_nldm_201020 1.0
                          asap7sc7p5t_INVBUF_RVT_SS_nldm_201020 1.0
                          asap7sc7p5t_INVBUF_LVT_SS_nldm_201020 1.0
                          asap7sc7p5t_INVBUF_SLVT_SS_nldm_201020 1.0
                          asap7sc7p5t_INVBUF_SRAM_SS_nldm_201020 1.0
  Operating conditions:   PVT_0P63V_100C 
  Interconnect mode:      global
  Area mode:              physical library
============================================================

                                                   Leakage                                             Library 
           Gate            Instances    Area     Power (nW)                   Library                   Domain 
---------------------------------------------------------------------------------------------------------------
A2O1A1Ixp33_ASAP7_75t_SL          53     74.183     1946.111    asap7sc7p5t_AO_SLVT_SS_nldm_201020           0 
AND2x2_ASAP7_75t_L                13     18.196      197.593    asap7sc7p5t_SIMPLE_LVT_SS_nldm_201020        0 
AND2x2_ASAP7_75t_R                 1      1.400        2.246    asap7sc7p5t_SIMPLE_RVT_SS_nldm_201020        0 
AND2x2_ASAP7_75t_SL              276    386.312    26134.473    asap7sc7p5t_SIMPLE_SLVT_SS_nldm_201020       0 
AND2x4_ASAP7_75t_SL               18     41.990     3383.236    asap7sc7p5t_SIMPLE_SLVT_SS_nldm_201020       0 
AND2x6_ASAP7_75t_SL               12     33.592     3197.252    asap7sc7p5t_SIMPLE_SLVT_SS_nldm_201020       0 
AND3x1_ASAP7_75t_L                 2      2.799       24.581    asap7sc7p5t_SIMPLE_LVT_SS_nldm_201020        0 
AND3x1_ASAP7_75t_SL               12     16.796      782.818    asap7sc7p5t_SIMPLE_SLVT_SS_nldm_201020       0 
AND3x2_ASAP7_75t_SL                3      4.899      258.200    asap7sc7p5t_SIMPLE_SLVT_SS_nldm_201020       0 
AND4x2_ASAP7_75t_SL                8     14.930      734.420    asap7sc7p5t_SIMPLE_SLVT_SS_nldm_201020       0 
AND5x1_ASAP7_75t_SL                4      7.465      186.177    asap7sc7p5t_SIMPLE_SLVT_SS_nldm_201020       0 
AO211x2_ASAP7_75t_SL               4     14.930      450.030    asap7sc7p5t_AO_SLVT_SS_nldm_201020           0 
AO221x1_ASAP7_75t_L                5     11.664       53.389    asap7sc7p5t_AO_LVT_SS_nldm_201020            0 
AO221x1_ASAP7_75t_SL              11     25.661      791.668    asap7sc7p5t_AO_SLVT_SS_nldm_201020           0 
AO222x2_ASAP7_75t_SL              20     55.987     2478.742    asap7sc7p5t_AO_SLVT_SS_nldm_201020           0 
AO22x1_ASAP7_75t_L                22     46.189      216.277    asap7sc7p5t_AO_LVT_SS_nldm_201020            0 
AO22x1_ASAP7_75t_SL              120    251.942     7757.118    asap7sc7p5t_AO_SLVT_SS_nldm_201020           0 
AO22x2_ASAP7_75t_SL               15     34.992     1734.184    asap7sc7p5t_AO_SLVT_SS_nldm_201020           0 
AO322x2_ASAP7_75t_SL               1      3.499      119.488    asap7sc7p5t_AO_SLVT_SS_nldm_201020           0 
AO32x1_ASAP7_75t_SL               30     55.987     2110.125    asap7sc7p5t_AO_SLVT_SS_nldm_201020           0 
AOI211x1_ASAP7_75t_SL             21     58.787     1274.598    asap7sc7p5t_AO_SLVT_SS_nldm_201020           0 
AOI21x1_ASAP7_75t_SL              78    145.567     5452.681    asap7sc7p5t_AO_SLVT_SS_nldm_201020           0 
AOI21xp33_ASAP7_75t_SL            31     36.158      915.433    asap7sc7p5t_AO_SLVT_SS_nldm_201020           0 
AOI21xp5_ASAP7_75t_L              52     60.653      300.550    asap7sc7p5t_AO_LVT_SS_nldm_201020            0 
AOI21xp5_ASAP7_75t_SL            302    352.253    11623.900    asap7sc7p5t_AO_SLVT_SS_nldm_201020           0 
AOI221x1_ASAP7_75t_SL              1      3.266       86.398    asap7sc7p5t_AO_SLVT_SS_nldm_201020           0 
AOI221xp5_ASAP7_75t_SL            84    137.169     3530.707    asap7sc7p5t_AO_SLVT_SS_nldm_201020           0 
AOI222xp33_ASAP7_75t_SL           23     53.654     1074.236    asap7sc7p5t_AO_SLVT_SS_nldm_201020           0 
AOI22x1_ASAP7_75t_SL              37     86.314     2810.383    asap7sc7p5t_AO_SLVT_SS_nldm_201020           0 
AOI22xp33_ASAP7_75t_SL           353    494.087    11421.490    asap7sc7p5t_AO_SLVT_SS_nldm_201020           0 
AOI22xp5_ASAP7_75t_SL            703    983.975    30566.503    asap7sc7p5t_AO_SLVT_SS_nldm_201020           0 
AOI31xp33_ASAP7_75t_SL            40     55.987     1275.962    asap7sc7p5t_AO_SLVT_SS_nldm_201020           0 
AOI321xp33_ASAP7_75t_SL           16     29.860      702.282    asap7sc7p5t_AO_SLVT_SS_nldm_201020           0 
AOI322xp5_ASAP7_75t_SL             5     10.498      249.366    asap7sc7p5t_AO_SLVT_SS_nldm_201020           0 
ASYNC_DFFHx1_ASAP7_75t_SL       1109   6726.396   199424.888    asap7sc7p5t_SEQ_SLVT_SS_nldm_201020          0 
BUFx10_ASAP7_75t_SL                1      3.266      308.734    asap7sc7p5t_INVBUF_SLVT_SS_nldm_201020       0 
BUFx12f_ASAP7_75t_L                1      4.199       77.350    asap7sc7p5t_INVBUF_LVT_SS_nldm_201020        0 
BUFx24_ASAP7_75t_SL              128    895.795   114815.198    asap7sc7p5t_INVBUF_SLVT_SS_nldm_201020       0 
BUFx2_ASAP7_75t_L                  5      5.832       63.537    asap7sc7p5t_INVBUF_LVT_SS_nldm_201020        0 
BUFx2_ASAP7_75t_SL                 8      9.331      663.056    asap7sc7p5t_INVBUF_SLVT_SS_nldm_201020       0 
BUFx3_ASAP7_75t_L                  1      1.400       21.824    asap7sc7p5t_INVBUF_LVT_SS_nldm_201020        0 
BUFx3_ASAP7_75t_SL                 8     11.197      987.798    asap7sc7p5t_INVBUF_SLVT_SS_nldm_201020       0 
BUFx4f_ASAP7_75t_L                 4      7.465      103.332    asap7sc7p5t_INVBUF_LVT_SS_nldm_201020        0 
BUFx4f_ASAP7_75t_SL                1      1.866      177.445    asap7sc7p5t_INVBUF_SLVT_SS_nldm_201020       0 
BUFx5_ASAP7_75t_SL                 2      3.732      310.404    asap7sc7p5t_INVBUF_SLVT_SS_nldm_201020       0 
BUFx6f_ASAP7_75t_SL                6     13.997     1592.746    asap7sc7p5t_INVBUF_SLVT_SS_nldm_201020       0 
CKINVDCx14_ASAP7_75t_SL            1      6.532      432.525    asap7sc7p5t_INVBUF_SLVT_SS_nldm_201020       0 
HB1xp67_ASAP7_75t_L               48     44.790      232.384    asap7sc7p5t_INVBUF_LVT_SS_nldm_201020        0 
HB1xp67_ASAP7_75t_SL             125    116.640     3881.692    asap7sc7p5t_INVBUF_SLVT_SS_nldm_201020       0 
HB1xp67_ASAP7_75t_SRAM            21     19.596        3.570    asap7sc7p5t_INVBUF_SRAM_SS_nldm_201020       0 
INVx11_ASAP7_75t_SL                1      3.033      360.399    asap7sc7p5t_INVBUF_SLVT_SS_nldm_201020       0 
INVx1_ASAP7_75t_L                110     76.982      518.796    asap7sc7p5t_INVBUF_LVT_SS_nldm_201020        0 
INVx1_ASAP7_75t_SL              1000    699.840    29918.169    asap7sc7p5t_INVBUF_SLVT_SS_nldm_201020       0 
INVx2_ASAP7_75t_SL                41     38.258     2578.996    asap7sc7p5t_INVBUF_SLVT_SS_nldm_201020       0 
INVx3_ASAP7_75t_SL                10     11.664      909.627    asap7sc7p5t_INVBUF_SLVT_SS_nldm_201020       0 
INVx4_ASAP7_75t_SL                 9     12.597     1022.159    asap7sc7p5t_INVBUF_SLVT_SS_nldm_201020       0 
INVx5_ASAP7_75t_SL                 7     11.431     1078.980    asap7sc7p5t_INVBUF_SLVT_SS_nldm_201020       0 
INVx6_ASAP7_75t_SL                 3      5.599      517.443    asap7sc7p5t_INVBUF_SLVT_SS_nldm_201020       0 
INVx8_ASAP7_75t_SL                 3      6.998      657.066    asap7sc7p5t_INVBUF_SLVT_SS_nldm_201020       0 
INVxp33_ASAP7_75t_SRAM            16     11.197        0.662    asap7sc7p5t_INVBUF_SRAM_SS_nldm_201020       0 
INVxp67_ASAP7_75t_SL             850    594.864    17816.717    asap7sc7p5t_INVBUF_SLVT_SS_nldm_201020       0 
MAJIxp5_ASAP7_75t_SL            1020   1665.619    50222.425    asap7sc7p5t_SIMPLE_SLVT_SS_nldm_201020       0 
MAJx2_ASAP7_75t_SL               422    885.997    48120.869    asap7sc7p5t_SIMPLE_SLVT_SS_nldm_201020       0 
NAND2x1_ASAP7_75t_L               12     16.796      101.788    asap7sc7p5t_SIMPLE_LVT_SS_nldm_201020        0 
NAND2x1_ASAP7_75t_SL               9     12.597      420.144    asap7sc7p5t_SIMPLE_SLVT_SS_nldm_201020       0 
NAND2x1p5_ASAP7_75t_SL            19     35.459      987.832    asap7sc7p5t_SIMPLE_SLVT_SS_nldm_201020       0 
NAND2x2_ASAP7_75t_SL               2      4.666      151.797    asap7sc7p5t_SIMPLE_SLVT_SS_nldm_201020       0 
NAND2xp33_ASAP7_75t_SL            21     19.596      276.082    asap7sc7p5t_SIMPLE_SLVT_SS_nldm_201020       0 
NAND2xp5_ASAP7_75t_L              77     71.850      290.957    asap7sc7p5t_SIMPLE_LVT_SS_nldm_201020        0 
NAND2xp5_ASAP7_75t_SL            798    744.630    16274.858    asap7sc7p5t_SIMPLE_SLVT_SS_nldm_201020       0 
NAND3x1_ASAP7_75t_SL               1      2.566       40.108    asap7sc7p5t_SIMPLE_SLVT_SS_nldm_201020       0 
NAND3xp33_ASAP7_75t_SL            57     66.485     1259.192    asap7sc7p5t_SIMPLE_SLVT_SS_nldm_201020       0 
NAND4xp25_ASAP7_75t_SL             5      6.998      156.006    asap7sc7p5t_SIMPLE_SLVT_SS_nldm_201020       0 
NAND4xp75_ASAP7_75t_SL            12     39.191      848.875    asap7sc7p5t_SIMPLE_SLVT_SS_nldm_201020       0 
NOR2x1_ASAP7_75t_L                25     34.992      221.157    asap7sc7p5t_SIMPLE_LVT_SS_nldm_201020        0 
NOR2x1_ASAP7_75t_SL               65     90.979     3653.591    asap7sc7p5t_SIMPLE_SLVT_SS_nldm_201020       0 
NOR2x1p5_ASAP7_75t_SL             16     29.860     1124.949    asap7sc7p5t_SIMPLE_SLVT_SS_nldm_201020       0 
NOR2xp33_ASAP7_75t_L             106     98.911      305.361    asap7sc7p5t_SIMPLE_LVT_SS_nldm_201020        0 
NOR2xp33_ASAP7_75t_SL            422    393.777     7959.066    asap7sc7p5t_SIMPLE_SLVT_SS_nldm_201020       0 
NOR2xp67_ASAP7_75t_SL              2      2.799       85.321    asap7sc7p5t_SIMPLE_SLVT_SS_nldm_201020       0 
NOR3x1_ASAP7_75t_SL                2      5.132      122.887    asap7sc7p5t_SIMPLE_SLVT_SS_nldm_201020       0 
NOR3xp33_ASAP7_75t_SL            117    136.469     3930.151    asap7sc7p5t_SIMPLE_SLVT_SS_nldm_201020       0 
NOR4xp25_ASAP7_75t_SL              9     12.597      203.132    asap7sc7p5t_SIMPLE_SLVT_SS_nldm_201020       0 
NOR4xp75_ASAP7_75t_SL              5     16.330      472.849    asap7sc7p5t_SIMPLE_SLVT_SS_nldm_201020       0 
NOR5xp2_ASAP7_75t_SL               3      4.899       32.730    asap7sc7p5t_SIMPLE_SLVT_SS_nldm_201020       0 
O2A1O1Ixp33_ASAP7_75t_SL          76    106.376     3033.814    asap7sc7p5t_OA_SLVT_SS_nldm_201020           0 
O2A1O1Ixp5_ASAP7_75t_SL            3      5.599      194.681    asap7sc7p5t_OA_SLVT_SS_nldm_201020           0 
OA211x2_ASAP7_75t_SL               1      1.866       99.181    asap7sc7p5t_OA_SLVT_SS_nldm_201020           0 
OA21x2_ASAP7_75t_L                 1      1.633       17.418    asap7sc7p5t_OA_LVT_SS_nldm_201020            0 
OA21x2_ASAP7_75t_SL               46     75.116     5215.623    asap7sc7p5t_OA_SLVT_SS_nldm_201020           0 
OA221x2_ASAP7_75t_SL               1      3.732      114.652    asap7sc7p5t_OA_SLVT_SS_nldm_201020           0 
OA222x2_ASAP7_75t_SL              16     44.790     1968.263    asap7sc7p5t_OA_SLVT_SS_nldm_201020           0 
OA22x2_ASAP7_75t_SL               65    151.632     6895.793    asap7sc7p5t_OA_SLVT_SS_nldm_201020           0 
OAI211xp5_ASAP7_75t_SL             7      9.798      301.037    asap7sc7p5t_OA_SLVT_SS_nldm_201020           0 
OAI21xp33_ASAP7_75t_SL             2      2.333       55.258    asap7sc7p5t_OA_SLVT_SS_nldm_201020           0 
OAI21xp5_ASAP7_75t_L               3      3.499       23.612    asap7sc7p5t_OA_LVT_SS_nldm_201020            0 
OAI21xp5_ASAP7_75t_SL            282    328.925    13429.923    asap7sc7p5t_OA_SLVT_SS_nldm_201020           0 
OAI222xp33_ASAP7_75t_SL           30     69.984     2068.713    asap7sc7p5t_OA_SLVT_SS_nldm_201020           0 
OAI22x1_ASAP7_75t_SL              34     79.315     3709.911    asap7sc7p5t_OA_SLVT_SS_nldm_201020           0 
OAI22xp5_ASAP7_75t_L              35     48.989      294.379    asap7sc7p5t_OA_LVT_SS_nldm_201020            0 
OAI22xp5_ASAP7_75t_SL           1039   1454.268    53736.143    asap7sc7p5t_OA_SLVT_SS_nldm_201020           0 
OAI311xp33_ASAP7_75t_SL            6      9.798      376.270    asap7sc7p5t_OA_SLVT_SS_nldm_201020           0 
OAI321xp33_ASAP7_75t_SL            3      5.599      176.805    asap7sc7p5t_OA_SLVT_SS_nldm_201020           0 
OAI331xp33_ASAP7_75t_SL            2      4.199      144.623    asap7sc7p5t_OA_SLVT_SS_nldm_201020           0 
OAI332xp33_ASAP7_75t_SL            1      2.333       70.777    asap7sc7p5t_OA_SLVT_SS_nldm_201020           0 
OR2x2_ASAP7_75t_L                  2      2.799       28.760    asap7sc7p5t_SIMPLE_LVT_SS_nldm_201020        0 
OR2x2_ASAP7_75t_SL               151    211.352    12704.464    asap7sc7p5t_SIMPLE_SLVT_SS_nldm_201020       0 
OR2x2_ASAP7_75t_SRAM               2      2.799        0.661    asap7sc7p5t_SIMPLE_SRAM_SS_nldm_201020       0 
OR2x4_ASAP7_75t_SL                 1      1.866      129.226    asap7sc7p5t_SIMPLE_SLVT_SS_nldm_201020       0 
OR3x1_ASAP7_75t_L                  1      1.400       14.292    asap7sc7p5t_SIMPLE_LVT_SS_nldm_201020        0 
OR3x1_ASAP7_75t_SL                16     22.395      778.237    asap7sc7p5t_SIMPLE_SLVT_SS_nldm_201020       0 
OR3x2_ASAP7_75t_SL                 1      1.633      121.732    asap7sc7p5t_SIMPLE_SLVT_SS_nldm_201020       0 
OR4x1_ASAP7_75t_SL                22     35.925     1575.434    asap7sc7p5t_SIMPLE_SLVT_SS_nldm_201020       0 
OR5x1_ASAP7_75t_SL                14     26.127      609.876    asap7sc7p5t_SIMPLE_SLVT_SS_nldm_201020       0 
TIEHIx1_ASAP7_75t_SL               4      2.799        0.008    asap7sc7p5t_SIMPLE_SLVT_SS_nldm_201020       0 
TIELOx1_ASAP7_75t_SL            1123    785.920        3.307    asap7sc7p5t_SIMPLE_SLVT_SS_nldm_201020       0 
XNOR2x2_ASAP7_75t_SL               9     23.095     1284.862    asap7sc7p5t_SIMPLE_SLVT_SS_nldm_201020       0 
XNOR2xp5_ASAP7_75t_L              54    113.374      606.991    asap7sc7p5t_SIMPLE_LVT_SS_nldm_201020        0 
XNOR2xp5_ASAP7_75t_SL           1986   4169.647   158098.710    asap7sc7p5t_SIMPLE_SLVT_SS_nldm_201020       0 
XOR2x1_ASAP7_75t_SL                7     19.596     1009.400    asap7sc7p5t_SIMPLE_SLVT_SS_nldm_201020       0 
XOR2xp5_ASAP7_75t_SL            2287   4801.602   185099.261    asap7sc7p5t_SIMPLE_SLVT_SS_nldm_201020       0 
---------------------------------------------------------------------------------------------------------------
total                          16455  29987.444  1093572.334                                           


                                                                         Leakage  Leakage 
                Library                Instances Instances %    Area   Power (nW) Power % 
------------------------------------------------------------------------------------------
asap7sc7p5t_AO_LVT_SS_nldm_201020             79         0.5   118.506    570.215     0.1 
asap7sc7p5t_AO_SLVT_SS_nldm_201020          1948        11.8  2964.756  88371.402     8.1 
asap7sc7p5t_INVBUF_LVT_SS_nldm_201020        169         1.0   140.668   1017.224     0.1 
asap7sc7p5t_INVBUF_SLVT_SS_nldm_201020      2204        13.4  2446.641 178029.154    16.3 
asap7sc7p5t_INVBUF_SRAM_SS_nldm_201020        37         0.2    30.793      4.232     0.0 
asap7sc7p5t_OA_LVT_SS_nldm_201020             39         0.2    54.121    335.409     0.0 
asap7sc7p5t_OA_SLVT_SS_nldm_201020          1614         9.8  2355.661  91591.467     8.4 
asap7sc7p5t_SEQ_SLVT_SS_nldm_201020         1109         6.7  6726.396 199424.888    18.2 
asap7sc7p5t_SIMPLE_LVT_SS_nldm_201020        292         1.8   361.117   1791.480     0.2 
asap7sc7p5t_SIMPLE_RVT_SS_nldm_201020          1         0.0     1.400      2.246     0.0 
asap7sc7p5t_SIMPLE_SLVT_SS_nldm_201020      8961        54.5 14784.587 532433.956    48.7 
asap7sc7p5t_SIMPLE_SRAM_SS_nldm_201020         2         0.0     2.799      0.661     0.0 

                                            Leakage   Leakage 
     Type      Instances    Area   Area %  Power (nW) Power % 
--------------------------------------------------------------
sequential          1109  6726.396   22.4  199424.888    18.2 
inverter            2051  1478.995    4.9   55811.539     5.1 
buffer               359  1139.106    3.8  123239.071    11.3 
logic              12936 20642.947   68.8  715096.836    65.4 
physical_cells         0     0.000    0.0       0.000     0.0 
--------------------------------------------------------------
total              16455 29987.444  100.0 1093572.334   100.0 

