============================================================
  Generated by:           Genus(TM) Synthesis Solution 21.17-s066_1
  Generated on:           Apr 02 2026  08:38:47 pm
  Module:                 fixed_input_mxfp_aitb_top
  Library domain:         PVT_0P63V_100C.setup_cond
    Domain index:         0
    Technology libraries: asap7sc7p5t_SIMPLE_RVT_SS_nldm_201020 1.0
                          asap7sc7p5t_SIMPLE_LVT_SS_nldm_201020 1.0
                          asap7sc7p5t_SIMPLE_SLVT_SS_nldm_201020 1.0
                          asap7sc7p5t_SIMPLE_SRAM_SS_nldm_201020 1.0
                          asap7sc7p5t_AO_RVT_SS_nldm_201020 1.0
                          asap7sc7p5t_AO_LVT_SS_nldm_201020 1.0
                          asap7sc7p5t_AO_SLVT_SS_nldm_201020 1.0
                          asap7sc7p5t_AO_SRAM_SS_nldm_201020 1.0
                          asap7sc7p5t_OA_RVT_SS_nldm_201020 1.0
                          asap7sc7p5t_OA_LVT_SS_nldm_201020 1.0
                          asap7sc7p5t_OA_SLVT_SS_nldm_201020 1.0
                          asap7sc7p5t_OA_SRAM_SS_nldm_201020 1.0
                          asap7sc7p5t_SEQ_RVT_SS_nldm_201020 1.0
                          asap7sc7p5t_SEQ_LVT_SS_nldm_201020 1.0
                          asap7sc7p5t_SEQ_SLVT_SS_nldm_201020 1.0
                          asap7sc7p5t_SEQ_SRAM_SS_nldm_201020 1.0
                          asap7sc7p5t_INVBUF_RVT_SS_nldm_201020 1.0
                          asap7sc7p5t_INVBUF_LVT_SS_nldm_201020 1.0
                          asap7sc7p5t_INVBUF_SLVT_SS_nldm_201020 1.0
                          asap7sc7p5t_INVBUF_SRAM_SS_nldm_201020 1.0
  Operating conditions:   PVT_0P63V_100C 
  Interconnect mode:      global
  Area mode:              physical library
============================================================

Timing
--------

      Analysis view       Clock Period 
---------------------------------------
PVT_0P63V_100C.setup_view clk   2000.0 


         Analysis           Cost   Critical        Violating 
           View            Group  Path Slack  TNS    Paths   
-------------------------------------------------------------
PVT_0P63V_100C.setup_view     clk       20.5  0.0          0 
                          default   No paths  0.0          0 
-------------------------------------------------------------
Total                                        -0.0          0 
                                                             

Instance Count
--------------
Leaf Instance Count             15142 
Physical Instance count             0 
Sequential Instance Count        1109 
Combinational Instance Count    14033 
Hierarchical Instance Count         0 

Area
----
Cell Area                          28457.594
Physical Cell Area                 0.000
Total Cell Area (Cell+Physical)    28457.594
Net Area                           11622.441
Total Area (Cell+Physical+Net)     40080.035

Runtime                            40.036809999999996 seconds
Elapsed Runtime                    190 seconds
Genus peak memory usage            1920.73 
Innovus peak memory usage          no_value 
Hostname                           KingsLanding
