###############################################################
#  Generated by:      Cadence Innovus 21.17-s075_1
#  OS:                Linux x86_64(Host ID KingsLanding)
#  Generated on:      Thu Apr  2 23:50:37 2026
#  Design:            fixed_input_e4m3_8_mxfp_aitb_wrapper
#  Command:           report_timing > timing.rpt
###############################################################
Path 1: VIOLATED (-533.208 ps) Setup Check with Pin aitb_PIPE_OUT_col2_stage_reg_reg[0][5]/CLK->D
               View: PVT_0P63V_100C.setup_view
              Group: clk
         Startpoint: (R) acc_en
              Clock:
           Endpoint: (R) aitb_PIPE_OUT_col2_stage_reg_reg[0][5]/D
              Clock: (R) clk

                        Capture       Launch
         Clock Edge:+  1000.000        0.000
        Src Latency:+  -254.599        0.000
        Net Latency:+   256.500 (P)    0.000 (I)
            Arrival:=  1001.901        0.000

              Setup:-     5.409
        Uncertainty:-   100.000
        Cppr Adjust:+     0.000
      Required Time:=   896.492
       Launch Clock:=     0.000
          Data Path:+  1429.700
              Slack:=  -533.208

#-----------------------------------------------------------------------------------------------------------------------------------------------
# Timing Point                                                Flags  Arc     Edge  Cell                       Fanout   Trans    Delay    Arrival  
#                                                                                                                       (ps)     (ps)       (ps)  
#-----------------------------------------------------------------------------------------------------------------------------------------------
  acc_en                                                      -      acc_en  R     (arrival)                       2   4.100    5.000      5.000  
  aitb_g59093/Y                                               -      A->Y    F     INVx3_ASAP7_75t_SL              1  13.400    5.000     10.000  
  aitb_g59006/Y                                               -      A->Y    F     AND2x4_ASAP7_75t_SL             7   7.200   38.800     48.800  
  FE_OFC1511_aitb_n_45177/Y                                   -      A->Y    R     INVx6_ASAP7_75t_SL              3  50.600   22.200     71.000  
  FE_OFC1515_aitb_n_45177_dup/Y                               -      A->Y    F     INVx6_ASAP7_75t_SL              7  48.600   17.300     88.300  
  FE_RC_1336_0/Y                                              -      A->Y    F     AND2x4_ASAP7_75t_SL             1  34.600   24.500    112.800  
  FE_RC_1335_0/Y                                              -      B->Y    R     AOI21x1_ASAP7_75t_SL            4  11.600   23.700    136.500  
  FE_RC_2023_0/Y                                              -      A1->Y   F     OAI222xp33_ASAP7_75t_SL         1  44.700   21.500    158.000  
  FE_RC_137_0/Y                                               -      B1->Y   R     OAI22xp5_ASAP7_75t_SL           1  43.000   24.600    182.600  
  FE_RC_136_0/Y                                               -      A2->Y   F     AOI21x1_ASAP7_75t_SL            1  44.700   15.300    197.900  
  FE_RC_2366_0/Y                                              -      A2->Y   R     OAI21xp5_ASAP7_75t_SL           1  28.800   19.400    217.300  
  FE_RC_7_0/Y                                                 -      B->Y    F     NAND2x1_ASAP7_75t_SL            2  31.000   14.600    231.900  
  aitb_g57704__2346/Y                                         -      B->Y    F     AND2x6_ASAP7_75t_SL             8  24.700   41.000    272.900  
  FE_RC_1469_0/Y                                              -      B->Y    F     OR2x2_ASAP7_75t_SL              1  32.800   25.200    298.100  
  FE_RC_1139_0/Y                                              -      B->Y    R     OAI21xp5_ASAP7_75t_SL           2  12.500   19.200    317.300  
  FE_RC_2437_0/Y                                              -      D->Y    F     NAND4xp75_ASAP7_75t_SL          2  59.000   21.800    339.100  
  FE_OCPC2639_aitb_n_42987_dup/Y                              -      A->Y    F     BUFx6f_ASAP7_75t_SL             3  44.300   27.000    366.100  
  aitb_g57260__2398/Y                                         -      B->Y    R     NAND2x2_ASAP7_75t_SL            4  17.100   20.000    386.100  
  FE_RC_353_0_dup/Y                                           -      A2->Y   F     AOI21x1_ASAP7_75t_SL            1  35.000   10.400    396.500  
  FE_RC_360_0_dup/Y                                           -      A->Y    F     AND2x4_ASAP7_75t_SL             2  20.600   28.700    425.200  
  FE_OCPC2708_aitb_n_42842/Y                                  -      A->Y    R     INVx8_ASAP7_75t_SL              9  23.800   13.500    438.700  
  FE_RC_2079_0/Y                                              -      B2->Y   F     OAI22x1_ASAP7_75t_SL            2  19.000   12.800    451.500  
  aitb_g56934__8428/Y                                         -      A2->Y   R     AOI21x1_ASAP7_75t_SL            2  30.500   17.600    469.100  
  FE_RC_1308_0/Y                                              -      A1->Y   F     OAI22x1_ASAP7_75t_SL            3  30.300   26.400    495.500  
  FE_OFC1669_aitb_n_42286/Y                                   -      A->Y    R     INVx3_ASAP7_75t_SL              2  42.900   12.900    508.400  
  FE_RC_3400_0/Y                                              -      A2->Y   F     OAI22x1_ASAP7_75t_SL            1  20.800   12.300    520.700  
  FE_RC_2951_0/Y                                              -      B->Y    R     AOI211x1_ASAP7_75t_SL           1  18.000   19.800    540.500  
  FE_RC_1216_0/Y                                              -      A->Y    R     XOR2xp5_ASAP7_75t_SL            2  37.200   30.100    570.600  
  aitb_addinc_FP32_ALU_col2_fracAdder_add_113_18_g1313/Y      -      B->Y    R     OR2x2_ASAP7_75t_SL              2  43.600   28.200    598.800  
  FE_RC_1835_0/Y                                              -      C->Y    F     NAND3x2_ASAP7_75t_SL            1  23.600   10.800    609.600  
  FE_RC_3302_0/Y                                              -      A->Y    R     NAND3x2_ASAP7_75t_SL            3  20.100   20.200    629.800  
  aitb_addinc_FP32_ALU_col2_fracAdder_add_113_18_g1143_dup/Y  -      B->Y    F     NAND2x1p5_ASAP7_75t_SL          1  38.200   10.700    640.500  
  aitb_addinc_FP32_ALU_col2_fracAdder_add_113_18_g1139/Y      -      B->Y    R     NAND2x1p5_ASAP7_75t_SL          2  20.400   17.300    657.800  
  aitb_addinc_FP32_ALU_col2_fracAdder_add_113_18_g1123/Y      -      B->Y    F     NAND2x1p5_ASAP7_75t_SL          2  29.200   11.900    669.700  
  aitb_addinc_FP32_ALU_col2_fracAdder_add_113_18_g1114_dup/Y  -      A->Y    F     AND2x4_ASAP7_75t_SL             5  20.500   26.900    696.600  
  FE_RC_1809_0/Y                                              -      A2->Y   R     OAI21xp5_ASAP7_75t_SL           1  17.600   20.300    716.900  
  aitb_addinc_FP32_ALU_col2_fracAdder_add_113_18_g1083/Y      -      B->Y    R     XOR2xp5_ASAP7_75t_SL            2  34.400   35.300    752.200  
  FE_RC_403_0/Y                                               -      B->Y    F     NOR4xp75_ASAP7_75t_SL           2  55.500   16.500    768.700  
  FE_RC_59_0/Y                                                -      C->Y    F     AND3x4_ASAP7_75t_SL             8  28.000   40.000    808.700  
  aitb_g50505/Y                                               -      A2->Y   R     AOI21x1_ASAP7_75t_SL            3  27.200   16.100    824.800  
  FE_RC_1691_0/Y                                              -      C->Y    R     AND4x2_ASAP7_75t_SL             1  36.400   36.200    861.000  
  FE_RC_1690_0/Y                                              -      B->Y    F     NAND2x1p5_ASAP7_75t_SL          4  23.100   12.400    873.400  
  aitb_g50453_dup1/Y                                          -      A1->Y   F     OA21x2_ASAP7_75t_SL             3  26.200   29.300    902.700  
  aitb_g50429/Y                                               -      A1->Y   R     AOI21x1_ASAP7_75t_SL            1  20.900   11.900    914.600  
  FE_RC_133_0/Y                                               -      B->Y    R     OA21x2_ASAP7_75t_SL             1  23.300   21.900    936.500  
  aitb_g50409/Y                                               -      A->Y    F     INVx2_ASAP7_75t_SL              3  14.800    7.700    944.200  
  FE_RC_3407_0/Y                                              -      A2->Y   R     OAI21xp5_ASAP7_75t_SL           1  10.800   14.900    959.100  
  FE_RC_3406_0/Y                                              -      B->Y    F     NOR2xp67_ASAP7_75t_SL           1  26.900   13.200    972.300  
  FE_RC_3306_0/Y                                              -      A2->Y   F     OA21x2_ASAP7_75t_SL             3  22.000   34.600   1006.900  
  FE_RC_2052_0/Y                                              -      B->Y    R     NAND2x2_ASAP7_75t_SL            6  26.300   26.800   1033.700  
  FE_OCPC3398_FE_OFN539_aitb_n_37873/Y                        -      A->Y    R     BUFx6f_ASAP7_75t_SL             3  45.600   21.700   1055.400  
  aitb_g50347/Y                                               -      B->Y    F     NAND2x1p5_ASAP7_75t_SL          1  14.300    7.500   1062.900  
  aitb_g50324/Y                                               -      B->Y    F     AND2x6_ASAP7_75t_SL            11  13.500   31.400   1094.300  
  FE_OFC1158_aitb_n_37739/Y                                   -      A->Y    R     INVx8_ASAP7_75t_SL              8  34.000   21.700   1116.000  
  FE_OCPC2682_FE_OFN792_aitb_n_37739_dup/Y                    -      A->Y    R     BUFx12f_ASAP7_75t_SL            7  29.200   22.000   1138.000  
  FE_RC_1677_0/Y                                              -      B2->Y   F     AOI22x1_ASAP7_75t_SL            2  17.300   17.600   1155.600  
  FE_RC_1263_0/Y                                              -      B1->Y   R     OAI22x1_ASAP7_75t_SL            1  35.700   19.800   1175.400  
  FE_RC_143_0/Y                                               -      B->Y    F     NOR2x1p5_ASAP7_75t_SL           2  36.200   14.800   1190.200  
  aitb_g49539/Y                                               -      B->Y    R     NOR2x1p5_ASAP7_75t_SL           1  21.100   12.900   1203.100  
  FE_RC_2124_0/Y                                              -      B->Y    F     NAND4xp75_ASAP7_75t_SL          1  20.700   16.300   1219.400  
  FE_RC_727_0/Y                                               -      B->Y    R     NOR2x1p5_ASAP7_75t_SL           2  29.600   20.200   1239.600  
  aitb_g49443/Y                                               -      B->Y    F     NAND2x2_ASAP7_75t_SL            5  33.300   15.000   1254.600  
  FE_RC_402_0/Y                                               -      B->Y    F     OR2x2_ASAP7_75t_SL              2  23.900   29.900   1284.500  
  aitb_g49391/Y                                               -      A->Y    R     NOR2x2_ASAP7_75t_SL             3  22.000   14.200   1298.700  
  FE_RC_2243_0/Y                                              -      B->Y    F     NAND2x1p5_ASAP7_75t_SL          2  24.000    8.500   1307.200  
  FE_RC_97_0_dup/Y                                            -      B->Y    R     OAI21xp5_ASAP7_75t_SL           1  15.100   12.100   1319.300  
  aitb_g49252/Y                                               -      A->Y    F     NAND3xp33_ASAP7_75t_SL          1  29.500   17.000   1336.300  
  aitb_g49224/Y                                               -      A2->Y   F     OA21x2_ASAP7_75t_SL             2  29.500   30.100   1366.400  
  FE_OCPC3477_aitb_n_36313/Y                                  -      A->Y    F     BUFx6f_ASAP7_75t_SL             5  18.700   23.800   1390.200  
  FE_OCPC3479_aitb_n_36313/Y                                  -      A->Y    F     BUFx6f_ASAP7_75t_SL             2  19.800   18.800   1409.000  
  aitb_g49220/Y                                               -      A->Y    R     NAND2x1p5_ASAP7_75t_SL          1  10.400   20.700   1429.700  
  aitb_PIPE_OUT_col2_stage_reg_reg[0][5]/D                    -      D       R     ASYNC_DFFHx1_ASAP7_75t_SL       1  38.100    0.000   1429.700  
#-----------------------------------------------------------------------------------------------------------------------------------------------

