Command: report datapath -all > datapath.map.rpt
============================================================
  Generated by:           Genus(TM) Synthesis Solution 21.17-s066_1
  Generated on:           Apr 02 2026  09:08:18 pm
  Module:                 aitb_top
  Library domain:         PVT_0P63V_100C.setup_cond
    Domain index:         0
    Technology libraries: asap7sc7p5t_SIMPLE_RVT_SS_nldm_201020 1.0
                          asap7sc7p5t_SIMPLE_LVT_SS_nldm_201020 1.0
                          asap7sc7p5t_SIMPLE_SLVT_SS_nldm_201020 1.0
                          asap7sc7p5t_SIMPLE_SRAM_SS_nldm_201020 1.0
                          asap7sc7p5t_AO_RVT_SS_nldm_201020 1.0
                          asap7sc7p5t_AO_LVT_SS_nldm_201020 1.0
                          asap7sc7p5t_AO_SLVT_SS_nldm_201020 1.0
                          asap7sc7p5t_AO_SRAM_SS_nldm_201020 1.0
                          asap7sc7p5t_OA_RVT_SS_nldm_201020 1.0
                          asap7sc7p5t_OA_LVT_SS_nldm_201020 1.0
                          asap7sc7p5t_OA_SLVT_SS_nldm_201020 1.0
                          asap7sc7p5t_OA_SRAM_SS_nldm_201020 1.0
                          asap7sc7p5t_SEQ_RVT_SS_nldm_201020 1.0
                          asap7sc7p5t_SEQ_LVT_SS_nldm_201020 1.0
                          asap7sc7p5t_SEQ_SLVT_SS_nldm_201020 1.0
                          asap7sc7p5t_SEQ_SRAM_SS_nldm_201020 1.0
                          asap7sc7p5t_INVBUF_RVT_SS_nldm_201020 1.0
                          asap7sc7p5t_INVBUF_LVT_SS_nldm_201020 1.0
                          asap7sc7p5t_INVBUF_SLVT_SS_nldm_201020 1.0
                          asap7sc7p5t_INVBUF_SRAM_SS_nldm_201020 1.0
  Operating conditions:   PVT_0P63V_100C 
  Interconnect mode:      global
  Area mode:              physical library
============================================================


Inferred components

                   Operator   Signedness   Inputs   Outputs CellArea 
=====================================================================
aitb_top
 FXP2FP32_col1_WALLACE_CSA_DUMMY_OP_groupi
  
  module:WALLACE_CSA_DUMMY_OP_group_13951
   very_fast    csa_and_adder            8x8x5      10        199.79 
  equation:
  assign out_0 = (($signed({1'b0,in_0}) + $signed({1'b0,in_1})) - ($signed({1'b0,in_2}) + 8'sb01101001));
---------------------------------------------------------------------
=====================================================================
aitb_top
 FXP2FP32_col2_WALLACE_CSA_DUMMY_OP_groupi
  
  module:WALLACE_CSA_DUMMY_OP_group_13951
   very_fast    csa_and_adder            8x8x5      10        199.79 
  equation:
  assign out_0 = (($signed({1'b0,in_0}) + $signed({1'b0,in_1})) - ($signed({1'b0,in_2}) + 8'sb01101001));
---------------------------------------------------------------------
=====================================================================
aitb_top
 addinc_FP32_ALU_col1_fracAdder_add_113_18
  
  module:add_unsigned_carry_1932
   very_fast          +       unsigned   26x27x1    27        405.05 
  equation:
  assign Z = A+B+CI;
---------------------------------------------------------------------
   add_113_18         +       unsigned   27x1       27               
   add_113_14         +       unsigned   27x27      27               
=====================================================================
aitb_top
 addinc_FP32_ALU_col2_fracAdder_add_113_18
  
  module:add_unsigned_carry_1932_513
   very_fast          +       unsigned   26x27x1    27        407.78 
  equation:
  assign Z = A+B+CI;
---------------------------------------------------------------------
   FP32_ALU_col2_fracAdder_add_113_18
                      +       unsigned   27x1       27               
   FP32_ALU_col2_fracAdder_add_113_14
                      +       unsigned   26x27      27               
=====================================================================
aitb_top
 dot_col1_csa_tree_ADD_TC_OP_17_groupi
  
  module:csa_tree_ADD_TC_OP_17_group_2
   very_fast    csa_and_adder            8x8x8x8x8x 20       9414.61 
                                         8x8x8x8x8x                  
                                         8x8x8x8x8x                  
                                         8x8x8x8x8                   
  equation:
  assign out_0 = (((((((((($signed(in_16) * $signed(in_17)) + ($signed(in_18) * $signed(in_19))) + ($signed(in_14) * $signed(in_15))) + ($signed(in_12) * $signed(in_13))) + ($signed(in_10) * $signed(in_11))) + ($signed(in_8) * $signed(in_9))) + ($signed(in_6) * $signed(in_7))) + ($signed(in_4) * $signed(in_5))) + ($signed(in_2) * $signed(in_3))) + ($signed(in_0) * $signed(in_1)));
  ppgen_0  in_0 * in_1  nonbooth
  ppgen_1  in_2 * in_3  nonbooth
  ppgen_2  in_4 * in_5  nonbooth
  ppgen_3  in_6 * in_7  nonbooth
  ppgen_4  in_8 * in_9  nonbooth
  ppgen_5  in_10 * in_11  nonbooth
  ppgen_6  in_12 * in_13  nonbooth
  ppgen_7  in_14 * in_15  nonbooth
  ppgen_8  in_16 * in_17  nonbooth
  ppgen_9  in_18 * in_19  nonbooth

---------------------------------------------------------------------
   ADD_TC_OP_17       +       signed     20x20      20               
   ADD_TC_OP_15       +       signed     20x20      20               
   MULT_TC_OP_16
    non_booth         *       signed     8x8        20               
   ADD_TC_OP_13       +       signed     20x20      20               
   MULT_TC_OP_14
    non_booth         *       signed     8x8        20               
   ADD_TC_OP_11       +       signed     20x20      20               
   MULT_TC_OP_12
    non_booth         *       signed     8x8        20               
   ADD_TC_OP_9        +       signed     20x20      20               
   MULT_TC_OP_10
    non_booth         *       signed     8x8        20               
   ADD_TC_OP_7        +       signed     20x20      20               
   MULT_TC_OP_8
    non_booth         *       signed     8x8        20               
   ADD_TC_OP_5        +       signed     20x20      20               
   MULT_TC_OP_6
    non_booth         *       signed     8x8        20               
   ADD_TC_OP_3        +       signed     20x20      20               
   MULT_TC_OP_4
    non_booth         *       signed     8x8        20               
   ADD_TC_OP          +       signed     20x20      20               
   MULT_TC_OP_2
    non_booth         *       signed     8x8        20               
   MULT_TC_OP
    non_booth         *       signed     8x8        20               
   MULT_TC_OP_1
    non_booth         *       signed     8x8        20               
=====================================================================
aitb_top
 dot_col2_csa_tree_ADD_TC_OP_17_groupi
  
  module:csa_tree_ADD_TC_OP_17_group_2
   very_fast    csa_and_adder            8x8x8x8x8x 20       9414.61 
                                         8x8x8x8x8x                  
                                         8x8x8x8x8x                  
                                         8x8x8x8x8                   
  equation:
  assign out_0 = (((((((((($signed(in_16) * $signed(in_17)) + ($signed(in_18) * $signed(in_19))) + ($signed(in_14) * $signed(in_15))) + ($signed(in_12) * $signed(in_13))) + ($signed(in_10) * $signed(in_11))) + ($signed(in_8) * $signed(in_9))) + ($signed(in_6) * $signed(in_7))) + ($signed(in_4) * $signed(in_5))) + ($signed(in_2) * $signed(in_3))) + ($signed(in_0) * $signed(in_1)));
  ppgen_0  in_0 * in_1  nonbooth
  ppgen_1  in_2 * in_3  nonbooth
  ppgen_2  in_4 * in_5  nonbooth
  ppgen_3  in_6 * in_7  nonbooth
  ppgen_4  in_8 * in_9  nonbooth
  ppgen_5  in_10 * in_11  nonbooth
  ppgen_6  in_12 * in_13  nonbooth
  ppgen_7  in_14 * in_15  nonbooth
  ppgen_8  in_16 * in_17  nonbooth
  ppgen_9  in_18 * in_19  nonbooth

---------------------------------------------------------------------
   ADD_TC_OP_17       +       signed     20x20      20               
   ADD_TC_OP_15       +       signed     20x20      20               
   MULT_TC_OP_16
    non_booth         *       signed     8x8        20               
   ADD_TC_OP_13       +       signed     20x20      20               
   MULT_TC_OP_14
    non_booth         *       signed     8x8        20               
   ADD_TC_OP_11       +       signed     20x20      20               
   MULT_TC_OP_12
    non_booth         *       signed     8x8        20               
   ADD_TC_OP_9        +       signed     20x20      20               
   MULT_TC_OP_10
    non_booth         *       signed     8x8        20               
   ADD_TC_OP_7        +       signed     20x20      20               
   MULT_TC_OP_8
    non_booth         *       signed     8x8        20               
   ADD_TC_OP_5        +       signed     20x20      20               
   MULT_TC_OP_6
    non_booth         *       signed     8x8        20               
   ADD_TC_OP_3        +       signed     20x20      20               
   MULT_TC_OP_4
    non_booth         *       signed     8x8        20               
   ADD_TC_OP          +       signed     20x20      20               
   MULT_TC_OP_2
    non_booth         *       signed     8x8        20               
   MULT_TC_OP
    non_booth         *       signed     8x8        20               
   MULT_TC_OP_1
    non_booth         *       signed     8x8        20               
=====================================================================
aitb_top
 inc_FP32_ALU_col1_roundingAdder_add_274_18_spec1
  
  module:increment_unsigned_2361_3576
   very_fast      increment   unsigned   31x1       31        209.37 
=====================================================================
aitb_top
 inc_FP32_ALU_col2_roundingAdder_add_274_18_spec1
  
  module:increment_unsigned_2361_3576_568
   very_fast      increment   unsigned   31x1       31        209.37 
=====================================================================

      Type       CellArea Percentage 
-------------------------------------
datapath modules 20460.35      65.31 
external muxes       0.00       0.00 
others           10868.54      34.69 
-------------------------------------
total            31328.89     100.00 

