Command: report datapath -all > datapath.map.rpt
============================================================
  Generated by:           Genus(TM) Synthesis Solution 21.17-s066_1
  Generated on:           Apr 02 2026  08:37:19 pm
  Module:                 fixed_input_mxfp_aitb_top
  Library domain:         PVT_0P63V_100C.setup_cond
    Domain index:         0
    Technology libraries: asap7sc7p5t_SIMPLE_RVT_SS_nldm_201020 1.0
                          asap7sc7p5t_SIMPLE_LVT_SS_nldm_201020 1.0
                          asap7sc7p5t_SIMPLE_SLVT_SS_nldm_201020 1.0
                          asap7sc7p5t_SIMPLE_SRAM_SS_nldm_201020 1.0
                          asap7sc7p5t_AO_RVT_SS_nldm_201020 1.0
                          asap7sc7p5t_AO_LVT_SS_nldm_201020 1.0
                          asap7sc7p5t_AO_SLVT_SS_nldm_201020 1.0
                          asap7sc7p5t_AO_SRAM_SS_nldm_201020 1.0
                          asap7sc7p5t_OA_RVT_SS_nldm_201020 1.0
                          asap7sc7p5t_OA_LVT_SS_nldm_201020 1.0
                          asap7sc7p5t_OA_SLVT_SS_nldm_201020 1.0
                          asap7sc7p5t_OA_SRAM_SS_nldm_201020 1.0
                          asap7sc7p5t_SEQ_RVT_SS_nldm_201020 1.0
                          asap7sc7p5t_SEQ_LVT_SS_nldm_201020 1.0
                          asap7sc7p5t_SEQ_SLVT_SS_nldm_201020 1.0
                          asap7sc7p5t_SEQ_SRAM_SS_nldm_201020 1.0
                          asap7sc7p5t_INVBUF_RVT_SS_nldm_201020 1.0
                          asap7sc7p5t_INVBUF_LVT_SS_nldm_201020 1.0
                          asap7sc7p5t_INVBUF_SLVT_SS_nldm_201020 1.0
                          asap7sc7p5t_INVBUF_SRAM_SS_nldm_201020 1.0
  Operating conditions:   PVT_0P63V_100C 
  Interconnect mode:      global
  Area mode:              physical library
============================================================


Inferred components

                   Operator   Signedness   Inputs   Outputs CellArea 
=====================================================================
fixed_input_mxfp_aitb_top
 addinc_FP32_ALU_col1_fracAdder_add_113_18
  
  module:add_unsigned_carry_1948
   very_fast          +       unsigned   26x27x1    27        406.42 
  equation:
  assign Z = A+B+CI;
---------------------------------------------------------------------
   add_113_18         +       unsigned   27x1       27               
   add_113_14         +       unsigned   27x27      27               
=====================================================================
fixed_input_mxfp_aitb_top
 addinc_FP32_ALU_col2_fracAdder_add_113_18
  
  module:add_unsigned_carry_1948
   very_fast          +       unsigned   26x27x1    27        406.42 
  equation:
  assign Z = A+B+CI;
---------------------------------------------------------------------
   FP32_ALU_col2_fracAdder_add_113_18
                      +       unsigned   27x1       27               
   FP32_ALU_col2_fracAdder_add_113_14
                      +       unsigned   26x27      27               
=====================================================================
fixed_input_mxfp_aitb_top
 inc_FP32_ALU_col1_roundingAdder_add_274_18_spec1
  
  module:increment_unsigned_3519_3581
   very_fast      increment   unsigned   31x1       31        209.37 
=====================================================================
fixed_input_mxfp_aitb_top
 inc_FP32_ALU_col2_roundingAdder_add_274_18_spec1
  
  module:increment_unsigned_3519_3581
   very_fast      increment   unsigned   31x1       31        209.37 
=====================================================================
fixed_input_mxfp_aitb_top
 u_fix2fp32_col1_csa_tree_SUB_TC_OP_groupi
  
  module:csa_tree_SUB_TC_OP_group_15549
   very_fast    csa_and_adder            6x8x9x9    10        266.84 
  equation:
  assign out_0 = ((((($signed(in_2) + $signed(in_3)) + 1'sb0) + 1'sb0) + $signed(in_1)) - $signed(in_0));
---------------------------------------------------------------------
   SUB_TC_OP          -       signed     10x6       10               
   ADD_TC_OP_3        +       signed     10x8       10               
   ADD_TC_OP_2        +       signed     10x1       10               
   ADD_TC_OP_1        +       signed     10x1       10               
   ADD_TC_OP          +       signed     9x9        10               
=====================================================================
fixed_input_mxfp_aitb_top
 u_fix2fp32_col2_csa_tree_SUB_TC_OP_groupi
  
  module:csa_tree_SUB_TC_OP_group_15549
   very_fast    csa_and_adder            6x8x9x9    10        266.84 
  equation:
  assign out_0 = ((((($signed(in_2) + $signed(in_3)) + 1'sb0) + 1'sb0) + $signed(in_1)) - $signed(in_0));
---------------------------------------------------------------------
   SUB_TC_OP          -       signed     10x6       10               
   ADD_TC_OP_3        +       signed     10x8       10               
   ADD_TC_OP_2        +       signed     10x1       10               
   ADD_TC_OP_1        +       signed     10x1       10               
   ADD_TC_OP          +       signed     9x9        10               
=====================================================================
fixed_input_mxfp_aitb_top
 u_fixed_input_mxfp_dot_col1_csa_tree_ADD_TC_OP_29_groupi
  
  module:csa_tree_ADD_TC_OP_29_group_2
   very_fast    csa_and_adder            7x7x5x5x5x 23      14710.32 
                                         5x10x10x8x                  
                                         8x8x8x5x5x                  
                                         10x10x5x5x                  
                                         5x5x10x10x                  
                                         10x10x10x1                  
                                         0x10x10x10                  
                                         x10x10x10                   
  equation:
  assign out_0 = ((((((((((($signed(in_28) * $signed(in_29)) + ($signed(in_30) * $signed(in_31))) + ($signed(in_26) * $signed(in_27))) + ($signed(in_24) * $signed(in_25))) + ($signed(in_22) * $signed(in_23))) + ($signed(in_20) * $signed(in_21))) + ($signed(in_14) * $signed(in_15))) + ($signed(in_6) * $signed(in_7))) + (($signed(in_8) * $signed(in_9)) + ($signed(in_10) * $signed(in_11)))) + ($signed(in_0) * $signed(in_1))) + ((((($signed(in_16) * $signed(in_17)) + ($signed(in_18) * $signed(in_19))) + ($signed(in_12) * $signed(in_13))) + ($signed(in_4) * $signed(in_5))) + ($signed(in_2) * $signed(in_3))));
  ppgen_0  in_0 * in_1  booth/booth_encoded_port: in_1
  ppgen_1  in_2 * in_3  nonbooth
  ppgen_2  in_4 * in_5  nonbooth
  ppgen_3  in_6 * in_7  booth/booth_encoded_port: in_7
  ppgen_4  in_8 * in_9  nonbooth
  ppgen_5  in_10 * in_11  nonbooth
  ppgen_6  in_12 * in_13  nonbooth
  ppgen_7  in_14 * in_15  booth/booth_encoded_port: in_15
  ppgen_8  in_16 * in_17  nonbooth
  ppgen_9  in_18 * in_19  nonbooth
  ppgen_10  in_20 * in_21  booth/booth_encoded_port: in_21
  ppgen_11  in_22 * in_23  booth/booth_encoded_port: in_23
  ppgen_12  in_24 * in_25  booth/booth_encoded_port: in_25
  ppgen_13  in_26 * in_27  booth/booth_encoded_port: in_27
  ppgen_14  in_28 * in_29  booth/booth_encoded_port: in_29
  ppgen_15  in_30 * in_31  booth/booth_encoded_port: in_31

---------------------------------------------------------------------
   ADD_TC_OP_29       +       signed     23x23      23               
   ADD_TC_OP_19       +       signed     23x23      23               
   ADD_TC_OP_28       +       signed     23x23      23               
   ADD_TC_OP_17       +       signed     23x23      23               
   MULT_TC_OP_18
    booth/booth_encoded_port: B
                      *       signed     7x7        23               
   ADD_TC_OP_26       +       signed     23x23      23               
   MULT_TC_OP_27
    non_booth         *       signed     5x5        23               
   ADD_TC_OP_13       +       signed     23x23      23               
   ADD_TC_OP_16       +       signed     23x23      23               
   ADD_TC_OP_24       +       signed     23x23      23               
   MULT_TC_OP_25
    non_booth         *       signed     5x5        23               
   ADD_TC_OP_11       +       signed     23x23      23               
   MULT_TC_OP_12
    booth/booth_encoded_port: B
                      *       signed     10x10      23               
   MULT_TC_OP_14
    non_booth         *       signed     8x8        23               
   MULT_TC_OP_15
    non_booth         *       signed     8x8        23               
   ADD_TC_OP_22       +       signed     23x23      23               
   MULT_TC_OP_23
    non_booth         *       signed     5x5        23               
   ADD_TC_OP_9        +       signed     23x23      23               
   MULT_TC_OP_10
    booth/booth_encoded_port: B
                      *       signed     10x10      23               
   MULT_TC_OP_20
    non_booth         *       signed     5x5        23               
   MULT_TC_OP_21
    non_booth         *       signed     5x5        23               
   ADD_TC_OP_7        +       signed     23x23      23               
   MULT_TC_OP_8
    booth/booth_encoded_port: B
                      *       signed     10x10      23               
   ADD_TC_OP_5        +       signed     23x23      23               
   MULT_TC_OP_6
    booth/booth_encoded_port: B
                      *       signed     10x10      23               
   ADD_TC_OP_3        +       signed     23x23      23               
   MULT_TC_OP_4
    booth/booth_encoded_port: B
                      *       signed     10x10      23               
   ADD_TC_OP          +       signed     23x23      23               
   MULT_TC_OP_2
    booth/booth_encoded_port: B
                      *       signed     10x10      23               
   MULT_TC_OP
    booth/booth_encoded_port: B
                      *       signed     10x10      23               
   MULT_TC_OP_1
    booth/booth_encoded_port: B
                      *       signed     10x10      23               
=====================================================================
fixed_input_mxfp_aitb_top
 u_fixed_input_mxfp_dot_col2_csa_tree_ADD_TC_OP_29_groupi
  
  module:csa_tree_ADD_TC_OP_29_group_2
   very_fast    csa_and_adder            7x7x5x5x5x 23      14710.32 
                                         5x10x10x8x                  
                                         8x8x8x5x5x                  
                                         10x10x5x5x                  
                                         5x5x10x10x                  
                                         10x10x10x1                  
                                         0x10x10x10                  
                                         x10x10x10                   
  equation:
  assign out_0 = ((((((((((($signed(in_28) * $signed(in_29)) + ($signed(in_30) * $signed(in_31))) + ($signed(in_26) * $signed(in_27))) + ($signed(in_24) * $signed(in_25))) + ($signed(in_22) * $signed(in_23))) + ($signed(in_20) * $signed(in_21))) + ($signed(in_14) * $signed(in_15))) + ($signed(in_6) * $signed(in_7))) + (($signed(in_8) * $signed(in_9)) + ($signed(in_10) * $signed(in_11)))) + ($signed(in_0) * $signed(in_1))) + ((((($signed(in_16) * $signed(in_17)) + ($signed(in_18) * $signed(in_19))) + ($signed(in_12) * $signed(in_13))) + ($signed(in_4) * $signed(in_5))) + ($signed(in_2) * $signed(in_3))));
  ppgen_0  in_0 * in_1  booth/booth_encoded_port: in_1
  ppgen_1  in_2 * in_3  nonbooth
  ppgen_2  in_4 * in_5  nonbooth
  ppgen_3  in_6 * in_7  booth/booth_encoded_port: in_7
  ppgen_4  in_8 * in_9  nonbooth
  ppgen_5  in_10 * in_11  nonbooth
  ppgen_6  in_12 * in_13  nonbooth
  ppgen_7  in_14 * in_15  booth/booth_encoded_port: in_15
  ppgen_8  in_16 * in_17  nonbooth
  ppgen_9  in_18 * in_19  nonbooth
  ppgen_10  in_20 * in_21  booth/booth_encoded_port: in_21
  ppgen_11  in_22 * in_23  booth/booth_encoded_port: in_23
  ppgen_12  in_24 * in_25  booth/booth_encoded_port: in_25
  ppgen_13  in_26 * in_27  booth/booth_encoded_port: in_27
  ppgen_14  in_28 * in_29  booth/booth_encoded_port: in_29
  ppgen_15  in_30 * in_31  booth/booth_encoded_port: in_31

---------------------------------------------------------------------
   ADD_TC_OP_29       +       signed     23x23      23               
   ADD_TC_OP_19       +       signed     23x23      23               
   ADD_TC_OP_28       +       signed     23x23      23               
   ADD_TC_OP_17       +       signed     23x23      23               
   MULT_TC_OP_18
    booth/booth_encoded_port: B
                      *       signed     7x7        23               
   ADD_TC_OP_26       +       signed     23x23      23               
   MULT_TC_OP_27
    non_booth         *       signed     5x5        23               
   ADD_TC_OP_13       +       signed     23x23      23               
   ADD_TC_OP_16       +       signed     23x23      23               
   ADD_TC_OP_24       +       signed     23x23      23               
   MULT_TC_OP_25
    non_booth         *       signed     5x5        23               
   ADD_TC_OP_11       +       signed     23x23      23               
   MULT_TC_OP_12
    booth/booth_encoded_port: B
                      *       signed     10x10      23               
   MULT_TC_OP_14
    non_booth         *       signed     8x8        23               
   MULT_TC_OP_15
    non_booth         *       signed     8x8        23               
   ADD_TC_OP_22       +       signed     23x23      23               
   MULT_TC_OP_23
    non_booth         *       signed     5x5        23               
   ADD_TC_OP_9        +       signed     23x23      23               
   MULT_TC_OP_10
    booth/booth_encoded_port: B
                      *       signed     10x10      23               
   MULT_TC_OP_20
    non_booth         *       signed     5x5        23               
   MULT_TC_OP_21
    non_booth         *       signed     5x5        23               
   ADD_TC_OP_7        +       signed     23x23      23               
   MULT_TC_OP_8
    booth/booth_encoded_port: B
                      *       signed     10x10      23               
   ADD_TC_OP_5        +       signed     23x23      23               
   MULT_TC_OP_6
    booth/booth_encoded_port: B
                      *       signed     10x10      23               
   ADD_TC_OP_3        +       signed     23x23      23               
   MULT_TC_OP_4
    booth/booth_encoded_port: B
                      *       signed     10x10      23               
   ADD_TC_OP          +       signed     23x23      23               
   MULT_TC_OP_2
    booth/booth_encoded_port: B
                      *       signed     10x10      23               
   MULT_TC_OP
    booth/booth_encoded_port: B
                      *       signed     10x10      23               
   MULT_TC_OP_1
    booth/booth_encoded_port: B
                      *       signed     10x10      23               
=====================================================================

      Type       CellArea Percentage 
-------------------------------------
datapath modules 31185.89      68.74 
external muxes       0.00       0.00 
others           14184.17      31.26 
-------------------------------------
total            45370.06     100.00 

