

Working Directory = /home/msmekhem/research/repositories/fpga-mxfp/aitb_asic/asic/packed_mxfp_aitb_comp_04_03_12_01_obj-dir/syn-rundir
QoS Summary for packed_mxfp_aitb_comp_wrapper
================================================================================
Metric                          final          
================================================================================
Slack (ps):                         2
  R2R (ps):                         2
  I2R (ps):                  no_value
  R2O (ps):                  no_value
  I2O (ps):                  no_value
  CG  (ps):                  no_value
TNS (ps):                           0
  R2R (ps):                         0
  I2R (ps):                  no_value
  R2O (ps):                  no_value
  I2O (ps):                  no_value
  CG  (ps):                  no_value
Failing Paths:                      0
Cell Area:                     39,098
Total Cell Area:               39,098
Leaf Instances:                23,984
Total Instances:               23,984
Utilization (%):                 0.00
Tot. Net Length (um):        no_value
Avg. Net Length (um):        no_value
Route Overflow H (%):        no_value
Route Overflow V (%):        no_value
MBCI(%) (bits/gate) :            0.00
Norm Cong Hotspot Area:
  Max Cong:                  no_value
  Tot Cong:                  no_value
================================================================================
CPU  Runtime (h:m:s):        00:07:39
Real Runtime (h:m:s):        00:05:14
CPU  Elapsed (h:m:s):        00:07:42
Real Elapsed (h:m:s):        00:05:15
Memory (MB):                  2107.23
================================================================================
================================================================================
Flow Settings:
================================================================================
Total Runtime (h:m:s): 00:05:14
Total Memory (MB):     2107.23
Executable Version:    21.17-s066_1
================================================================================
Total Cell Area =  Cell Area + Physical Cell Area
Total Instances =  Leaf Instances + Physical Instances


