

Working Directory = /home/msmekhem/research/repositories/fpga-mxfp/aitb_asic/asic/noe5m2_fixed8_mxfp_aitb_comp_04_03_15_14_obj-dir/syn-rundir
QoS Summary for noe5m2_fixed8_mxfp_aitb_comp_wrapper
================================================================================
Metric                          final          
================================================================================
Slack (ps):                         4
  R2R (ps):                         4
  I2R (ps):                  no_value
  R2O (ps):                  no_value
  I2O (ps):                  no_value
  CG  (ps):                  no_value
TNS (ps):                           0
  R2R (ps):                         0
  I2R (ps):                  no_value
  R2O (ps):                  no_value
  I2O (ps):                  no_value
  CG  (ps):                  no_value
Failing Paths:                      0
Cell Area:                     31,457
Total Cell Area:               31,457
Leaf Instances:                18,080
Total Instances:               18,080
Utilization (%):                 0.00
Tot. Net Length (um):        no_value
Avg. Net Length (um):        no_value
Route Overflow H (%):        no_value
Route Overflow V (%):        no_value
MBCI(%) (bits/gate) :            0.00
Norm Cong Hotspot Area:
  Max Cong:                  no_value
  Tot Cong:                  no_value
================================================================================
CPU  Runtime (h:m:s):        00:05:33
Real Runtime (h:m:s):        00:04:17
CPU  Elapsed (h:m:s):        00:05:35
Real Elapsed (h:m:s):        00:04:18
Memory (MB):                  1869.56
================================================================================
================================================================================
Flow Settings:
================================================================================
Total Runtime (h:m:s): 00:04:17
Total Memory (MB):     1869.56
Executable Version:    21.17-s066_1
================================================================================
Total Cell Area =  Cell Area + Physical Cell Area
Total Instances =  Leaf Instances + Physical Instances


