============================================================
  Generated by:           Genus(TM) Synthesis Solution 21.17-s066_1
  Generated on:           Apr 03 2026  01:40:55 pm
  Module:                 noe5m2_mxfp_aitb_comp_top
  Library domain:         PVT_0P63V_100C.setup_cond
    Domain index:         0
    Technology libraries: asap7sc7p5t_SIMPLE_RVT_SS_nldm_201020 1.0
                          asap7sc7p5t_SIMPLE_LVT_SS_nldm_201020 1.0
                          asap7sc7p5t_SIMPLE_SLVT_SS_nldm_201020 1.0
                          asap7sc7p5t_SIMPLE_SRAM_SS_nldm_201020 1.0
                          asap7sc7p5t_AO_RVT_SS_nldm_201020 1.0
                          asap7sc7p5t_AO_LVT_SS_nldm_201020 1.0
                          asap7sc7p5t_AO_SLVT_SS_nldm_201020 1.0
                          asap7sc7p5t_AO_SRAM_SS_nldm_201020 1.0
                          asap7sc7p5t_OA_RVT_SS_nldm_201020 1.0
                          asap7sc7p5t_OA_LVT_SS_nldm_201020 1.0
                          asap7sc7p5t_OA_SLVT_SS_nldm_201020 1.0
                          asap7sc7p5t_OA_SRAM_SS_nldm_201020 1.0
                          asap7sc7p5t_SEQ_RVT_SS_nldm_201020 1.0
                          asap7sc7p5t_SEQ_LVT_SS_nldm_201020 1.0
                          asap7sc7p5t_SEQ_SLVT_SS_nldm_201020 1.0
                          asap7sc7p5t_SEQ_SRAM_SS_nldm_201020 1.0
                          asap7sc7p5t_INVBUF_RVT_SS_nldm_201020 1.0
                          asap7sc7p5t_INVBUF_LVT_SS_nldm_201020 1.0
                          asap7sc7p5t_INVBUF_SLVT_SS_nldm_201020 1.0
                          asap7sc7p5t_INVBUF_SRAM_SS_nldm_201020 1.0
  Operating conditions:   PVT_0P63V_100C 
  Interconnect mode:      global
  Area mode:              physical library
============================================================

                                                     Leakage                                             Library 
            Gate             Instances    Area     Power (nW)                   Library                   Domain 
-----------------------------------------------------------------------------------------------------------------
A2O1A1Ixp33_ASAP7_75t_SL            75    104.976     3442.548    asap7sc7p5t_AO_SLVT_SS_nldm_201020           0 
AND2x2_ASAP7_75t_L                  17     23.795      256.362    asap7sc7p5t_SIMPLE_LVT_SS_nldm_201020        0 
AND2x2_ASAP7_75t_R                   4      5.599        9.060    asap7sc7p5t_SIMPLE_RVT_SS_nldm_201020        0 
AND2x2_ASAP7_75t_SL                473    662.049    44559.866    asap7sc7p5t_SIMPLE_SLVT_SS_nldm_201020       0 
AND2x4_ASAP7_75t_SL                 17     39.658     3242.217    asap7sc7p5t_SIMPLE_SLVT_SS_nldm_201020       0 
AND2x6_ASAP7_75t_SL                  6     16.796     1576.179    asap7sc7p5t_SIMPLE_SLVT_SS_nldm_201020       0 
AND3x1_ASAP7_75t_SL                 18     25.194     1443.398    asap7sc7p5t_SIMPLE_SLVT_SS_nldm_201020       0 
AND3x2_ASAP7_75t_SL                  3      4.899      309.063    asap7sc7p5t_SIMPLE_SLVT_SS_nldm_201020       0 
AND3x4_ASAP7_75t_SL                  3      9.798      525.462    asap7sc7p5t_SIMPLE_SLVT_SS_nldm_201020       0 
AND4x2_ASAP7_75t_SL                  9     16.796      909.103    asap7sc7p5t_SIMPLE_SLVT_SS_nldm_201020       0 
AND5x1_ASAP7_75t_SL                  8     14.930      385.545    asap7sc7p5t_SIMPLE_SLVT_SS_nldm_201020       0 
AO211x2_ASAP7_75t_SL                 6     22.395      707.891    asap7sc7p5t_AO_SLVT_SS_nldm_201020           0 
AO221x1_ASAP7_75t_L                  2      4.666       14.963    asap7sc7p5t_AO_LVT_SS_nldm_201020            0 
AO221x1_ASAP7_75t_SL               111    258.941     8423.095    asap7sc7p5t_AO_SLVT_SS_nldm_201020           0 
AO222x2_ASAP7_75t_SL                17     47.589     2078.203    asap7sc7p5t_AO_SLVT_SS_nldm_201020           0 
AO22x1_ASAP7_75t_L                  17     35.692      176.264    asap7sc7p5t_AO_LVT_SS_nldm_201020            0 
AO22x1_ASAP7_75t_SL                336    705.439    20730.389    asap7sc7p5t_AO_SLVT_SS_nldm_201020           0 
AO22x2_ASAP7_75t_SL                 21     48.989     2409.892    asap7sc7p5t_AO_SLVT_SS_nldm_201020           0 
AO31x2_ASAP7_75t_SL                  3     11.197      333.216    asap7sc7p5t_AO_SLVT_SS_nldm_201020           0 
AOI211x1_ASAP7_75t_SL                5     13.997      265.670    asap7sc7p5t_AO_SLVT_SS_nldm_201020           0 
AOI21x1_ASAP7_75t_SL                71    132.503     5115.741    asap7sc7p5t_AO_SLVT_SS_nldm_201020           0 
AOI21xp33_ASAP7_75t_SL              74     86.314     2165.843    asap7sc7p5t_AO_SLVT_SS_nldm_201020           0 
AOI21xp5_ASAP7_75t_L                37     43.157      214.979    asap7sc7p5t_AO_LVT_SS_nldm_201020            0 
AOI21xp5_ASAP7_75t_SL              466    543.542    18464.090    asap7sc7p5t_AO_SLVT_SS_nldm_201020           0 
AOI221xp5_ASAP7_75t_L                1      1.633        7.763    asap7sc7p5t_AO_LVT_SS_nldm_201020            0 
AOI221xp5_ASAP7_75t_SL              97    158.397     4189.237    asap7sc7p5t_AO_SLVT_SS_nldm_201020           0 
AOI222xp33_ASAP7_75t_SL             59    137.635     2633.672    asap7sc7p5t_AO_SLVT_SS_nldm_201020           0 
AOI22x1_ASAP7_75t_SL                52    121.306     4036.411    asap7sc7p5t_AO_SLVT_SS_nldm_201020           0 
AOI22xp33_ASAP7_75t_SL             368    515.082    11804.111    asap7sc7p5t_AO_SLVT_SS_nldm_201020           0 
AOI22xp5_ASAP7_75t_SL             1063   1487.860    46508.419    asap7sc7p5t_AO_SLVT_SS_nldm_201020           0 
AOI31xp33_ASAP7_75t_SL               7      9.798      206.194    asap7sc7p5t_AO_SLVT_SS_nldm_201020           0 
AOI321xp33_ASAP7_75t_SL              2      3.732       82.918    asap7sc7p5t_AO_SLVT_SS_nldm_201020           0 
AOI322xp5_ASAP7_75t_SL               2      4.199      103.944    asap7sc7p5t_AO_SLVT_SS_nldm_201020           0 
ASYNC_DFFHx1_ASAP7_75t_SL         1134   6878.028   203701.231    asap7sc7p5t_SEQ_SLVT_SS_nldm_201020          0 
ASYNC_DFFHx1_ASAP7_75t_SRAM          1      6.065        0.829    asap7sc7p5t_SEQ_SRAM_SS_nldm_201020          0 
BUFx10_ASAP7_75t_SL                  1      3.266      307.306    asap7sc7p5t_INVBUF_SLVT_SS_nldm_201020       0 
BUFx12f_ASAP7_75t_L                  1      4.199       77.350    asap7sc7p5t_INVBUF_LVT_SS_nldm_201020        0 
BUFx12f_ASAP7_75t_SL                 2      8.398      940.067    asap7sc7p5t_INVBUF_SLVT_SS_nldm_201020       0 
BUFx24_ASAP7_75t_SL                128    895.795   114558.290    asap7sc7p5t_INVBUF_SLVT_SS_nldm_201020       0 
BUFx2_ASAP7_75t_L                    5      5.832       62.421    asap7sc7p5t_INVBUF_LVT_SS_nldm_201020        0 
BUFx2_ASAP7_75t_SL                  10     11.664      837.026    asap7sc7p5t_INVBUF_SLVT_SS_nldm_201020       0 
BUFx3_ASAP7_75t_SL                  14     19.596     1601.083    asap7sc7p5t_INVBUF_SLVT_SS_nldm_201020       0 
BUFx4f_ASAP7_75t_L                   3      5.599       80.887    asap7sc7p5t_INVBUF_LVT_SS_nldm_201020        0 
BUFx5_ASAP7_75t_SL                   3      5.599      622.666    asap7sc7p5t_INVBUF_SLVT_SS_nldm_201020       0 
BUFx6f_ASAP7_75t_SL                  7     16.330     1787.180    asap7sc7p5t_INVBUF_SLVT_SS_nldm_201020       0 
BUFx8_ASAP7_75t_SL                   3      8.398      992.532    asap7sc7p5t_INVBUF_SLVT_SS_nldm_201020       0 
HB1xp67_ASAP7_75t_L                 33     30.793      160.666    asap7sc7p5t_INVBUF_LVT_SS_nldm_201020        0 
HB1xp67_ASAP7_75t_SL               114    106.376     3550.373    asap7sc7p5t_INVBUF_SLVT_SS_nldm_201020       0 
HB1xp67_ASAP7_75t_SRAM               7      6.532        1.089    asap7sc7p5t_INVBUF_SRAM_SS_nldm_201020       0 
INVx11_ASAP7_75t_SL                  2      6.065      620.458    asap7sc7p5t_INVBUF_SLVT_SS_nldm_201020       0 
INVx1_ASAP7_75t_L                  133     93.079      653.258    asap7sc7p5t_INVBUF_LVT_SS_nldm_201020        0 
INVx1_ASAP7_75t_SL                1323    925.888    40966.386    asap7sc7p5t_INVBUF_SLVT_SS_nldm_201020       0 
INVx2_ASAP7_75t_SL                  64     59.720     3688.073    asap7sc7p5t_INVBUF_SLVT_SS_nldm_201020       0 
INVx3_ASAP7_75t_SL                  22     25.661     1890.291    asap7sc7p5t_INVBUF_SLVT_SS_nldm_201020       0 
INVx4_ASAP7_75t_SL                  11     15.396     1337.530    asap7sc7p5t_INVBUF_SLVT_SS_nldm_201020       0 
INVx5_ASAP7_75t_SL                   3      4.899      434.463    asap7sc7p5t_INVBUF_SLVT_SS_nldm_201020       0 
INVx6_ASAP7_75t_SL                   3      5.599      595.603    asap7sc7p5t_INVBUF_SLVT_SS_nldm_201020       0 
INVx8_ASAP7_75t_SL                   7     16.330     1662.021    asap7sc7p5t_INVBUF_SLVT_SS_nldm_201020       0 
INVxp33_ASAP7_75t_SL                 2      1.400       23.836    asap7sc7p5t_INVBUF_SLVT_SS_nldm_201020       0 
INVxp33_ASAP7_75t_SRAM              34     23.795        1.387    asap7sc7p5t_INVBUF_SRAM_SS_nldm_201020       0 
INVxp67_ASAP7_75t_SL              1167    816.713    24014.479    asap7sc7p5t_INVBUF_SLVT_SS_nldm_201020       0 
MAJIxp5_ASAP7_75t_L                  2      3.266       17.426    asap7sc7p5t_SIMPLE_LVT_SS_nldm_201020        0 
MAJIxp5_ASAP7_75t_SL              1013   1654.188    49901.643    asap7sc7p5t_SIMPLE_SLVT_SS_nldm_201020       0 
MAJx2_ASAP7_75t_SL                 316    663.448    35253.169    asap7sc7p5t_SIMPLE_SLVT_SS_nldm_201020       0 
NAND2x1_ASAP7_75t_L                  8     11.197       56.794    asap7sc7p5t_SIMPLE_LVT_SS_nldm_201020        0 
NAND2x1_ASAP7_75t_SL                24     33.592     1066.309    asap7sc7p5t_SIMPLE_SLVT_SS_nldm_201020       0 
NAND2x1p5_ASAP7_75t_SL              21     39.191     1104.998    asap7sc7p5t_SIMPLE_SLVT_SS_nldm_201020       0 
NAND2x2_ASAP7_75t_SL                 1      2.333      154.880    asap7sc7p5t_SIMPLE_SLVT_SS_nldm_201020       0 
NAND2xp33_ASAP7_75t_SL              17     15.863      277.414    asap7sc7p5t_SIMPLE_SLVT_SS_nldm_201020       0 
NAND2xp5_ASAP7_75t_L                58     54.121      227.379    asap7sc7p5t_SIMPLE_LVT_SS_nldm_201020        0 
NAND2xp5_ASAP7_75t_SL              844    787.553    20318.274    asap7sc7p5t_SIMPLE_SLVT_SS_nldm_201020       0 
NAND2xp67_ASAP7_75t_SL               1      1.400       37.782    asap7sc7p5t_SIMPLE_SLVT_SS_nldm_201020       0 
NAND3x1_ASAP7_75t_SL                 3      7.698       84.002    asap7sc7p5t_SIMPLE_SLVT_SS_nldm_201020       0 
NAND3x2_ASAP7_75t_SL                 1      4.666      116.997    asap7sc7p5t_SIMPLE_SLVT_SS_nldm_201020       0 
NAND3xp33_ASAP7_75t_SL              26     30.326      638.660    asap7sc7p5t_SIMPLE_SLVT_SS_nldm_201020       0 
NAND4xp25_ASAP7_75t_SL              23     32.193      630.858    asap7sc7p5t_SIMPLE_SLVT_SS_nldm_201020       0 
NAND4xp75_ASAP7_75t_SL              15     48.989      607.069    asap7sc7p5t_SIMPLE_SLVT_SS_nldm_201020       0 
NAND5xp2_ASAP7_75t_SL                6      9.798       68.893    asap7sc7p5t_SIMPLE_SLVT_SS_nldm_201020       0 
NOR2x1_ASAP7_75t_L                  18     25.194      166.052    asap7sc7p5t_SIMPLE_LVT_SS_nldm_201020        0 
NOR2x1_ASAP7_75t_SL                 85    118.973     4587.685    asap7sc7p5t_SIMPLE_SLVT_SS_nldm_201020       0 
NOR2x1p5_ASAP7_75t_SL               29     54.121     2290.529    asap7sc7p5t_SIMPLE_SLVT_SS_nldm_201020       0 
NOR2x2_ASAP7_75t_SL                  2      4.666      163.470    asap7sc7p5t_SIMPLE_SLVT_SS_nldm_201020       0 
NOR2xp33_ASAP7_75t_L               129    120.372      378.948    asap7sc7p5t_SIMPLE_LVT_SS_nldm_201020        0 
NOR2xp33_ASAP7_75t_SL              970    905.126    18020.741    asap7sc7p5t_SIMPLE_SLVT_SS_nldm_201020       0 
NOR2xp67_ASAP7_75t_SL                1      1.400       35.409    asap7sc7p5t_SIMPLE_SLVT_SS_nldm_201020       0 
NOR3x1_ASAP7_75t_SL                  5     12.830      376.476    asap7sc7p5t_SIMPLE_SLVT_SS_nldm_201020       0 
NOR3xp33_ASAP7_75t_L                 3      3.499       14.814    asap7sc7p5t_SIMPLE_LVT_SS_nldm_201020        0 
NOR3xp33_ASAP7_75t_SL               54     62.986     1594.304    asap7sc7p5t_SIMPLE_SLVT_SS_nldm_201020       0 
NOR4xp25_ASAP7_75t_SL               56     78.382     2084.455    asap7sc7p5t_SIMPLE_SLVT_SS_nldm_201020       0 
NOR4xp75_ASAP7_75t_SL                2      6.532      197.469    asap7sc7p5t_SIMPLE_SLVT_SS_nldm_201020       0 
NOR5xp2_ASAP7_75t_SL                11     17.963      183.439    asap7sc7p5t_SIMPLE_SLVT_SS_nldm_201020       0 
O2A1O1Ixp33_ASAP7_75t_SL            95    132.970     3729.300    asap7sc7p5t_OA_SLVT_SS_nldm_201020           0 
OA211x2_ASAP7_75t_SL                 4      7.465      386.787    asap7sc7p5t_OA_SLVT_SS_nldm_201020           0 
OA21x2_ASAP7_75t_R                   1      1.633        2.537    asap7sc7p5t_OA_RVT_SS_nldm_201020            0 
OA21x2_ASAP7_75t_SL                128    209.019    14554.439    asap7sc7p5t_OA_SLVT_SS_nldm_201020           0 
OA221x2_ASAP7_75t_SL                 1      3.732      114.573    asap7sc7p5t_OA_SLVT_SS_nldm_201020           0 
OA222x2_ASAP7_75t_SL                67    187.557     8338.309    asap7sc7p5t_OA_SLVT_SS_nldm_201020           0 
OA22x2_ASAP7_75t_SL                148    345.254    15417.470    asap7sc7p5t_OA_SLVT_SS_nldm_201020           0 
OA31x2_ASAP7_75t_SL                  1      3.499      101.151    asap7sc7p5t_OA_SLVT_SS_nldm_201020           0 
OA331x1_ASAP7_75t_SL                 1      2.333      109.321    asap7sc7p5t_OA_SLVT_SS_nldm_201020           0 
OAI211xp5_ASAP7_75t_SL              40     55.987     1886.389    asap7sc7p5t_OA_SLVT_SS_nldm_201020           0 
OAI21xp33_ASAP7_75t_SL               8      9.331      212.758    asap7sc7p5t_OA_SLVT_SS_nldm_201020           0 
OAI21xp5_ASAP7_75t_L                 3      3.499       28.717    asap7sc7p5t_OA_LVT_SS_nldm_201020            0 
OAI21xp5_ASAP7_75t_SL              771    899.294    35824.402    asap7sc7p5t_OA_SLVT_SS_nldm_201020           0 
OAI222xp33_ASAP7_75t_SL             54    125.971     3724.758    asap7sc7p5t_OA_SLVT_SS_nldm_201020           0 
OAI22x1_ASAP7_75t_SL                42     97.978     4489.954    asap7sc7p5t_OA_SLVT_SS_nldm_201020           0 
OAI22xp5_ASAP7_75t_L                33     46.189      274.171    asap7sc7p5t_OA_LVT_SS_nldm_201020            0 
OAI22xp5_ASAP7_75t_SL              856   1198.126    43486.329    asap7sc7p5t_OA_SLVT_SS_nldm_201020           0 
OAI321xp33_ASAP7_75t_SL              3      5.599      128.393    asap7sc7p5t_OA_SLVT_SS_nldm_201020           0 
OR2x2_ASAP7_75t_L                    2      2.799       26.007    asap7sc7p5t_SIMPLE_LVT_SS_nldm_201020        0 
OR2x2_ASAP7_75t_SL                 241    337.323    20446.807    asap7sc7p5t_SIMPLE_SLVT_SS_nldm_201020       0 
OR2x2_ASAP7_75t_SRAM                 4      5.599        1.522    asap7sc7p5t_SIMPLE_SRAM_SS_nldm_201020       0 
OR2x4_ASAP7_75t_SL                   1      1.866      186.519    asap7sc7p5t_SIMPLE_SLVT_SS_nldm_201020       0 
OR3x1_ASAP7_75t_SL                  29     40.591     1712.445    asap7sc7p5t_SIMPLE_SLVT_SS_nldm_201020       0 
OR3x2_ASAP7_75t_SL                   2      3.266      155.666    asap7sc7p5t_SIMPLE_SLVT_SS_nldm_201020       0 
OR3x4_ASAP7_75t_SL                   1      2.100      125.179    asap7sc7p5t_SIMPLE_SLVT_SS_nldm_201020       0 
OR4x1_ASAP7_75t_SL                  20     32.659     1335.642    asap7sc7p5t_SIMPLE_SLVT_SS_nldm_201020       0 
OR5x1_ASAP7_75t_SL                  18     33.592      732.626    asap7sc7p5t_SIMPLE_SLVT_SS_nldm_201020       0 
TIEHIx1_ASAP7_75t_SL                20     13.997        0.040    asap7sc7p5t_SIMPLE_SLVT_SS_nldm_201020       0 
TIELOx1_ASAP7_75t_SL              1143    799.917        3.366    asap7sc7p5t_SIMPLE_SLVT_SS_nldm_201020       0 
XNOR2x2_ASAP7_75t_SL                11     28.227     1602.220    asap7sc7p5t_SIMPLE_SLVT_SS_nldm_201020       0 
XNOR2xp5_ASAP7_75t_L                83    174.260      963.930    asap7sc7p5t_SIMPLE_LVT_SS_nldm_201020        0 
XNOR2xp5_ASAP7_75t_SL             2012   4224.234   159969.885    asap7sc7p5t_SIMPLE_SLVT_SS_nldm_201020       0 
XNOR2xp5_ASAP7_75t_SRAM              2      4.199        0.873    asap7sc7p5t_SIMPLE_SRAM_SS_nldm_201020       0 
XOR2x1_ASAP7_75t_SL                 12     33.592     1638.948    asap7sc7p5t_SIMPLE_SLVT_SS_nldm_201020       0 
XOR2xp5_ASAP7_75t_L                  1      2.100       11.913    asap7sc7p5t_SIMPLE_LVT_SS_nldm_201020        0 
XOR2xp5_ASAP7_75t_SL              1938   4068.870   154837.111    asap7sc7p5t_SIMPLE_SLVT_SS_nldm_201020       0 
-----------------------------------------------------------------------------------------------------------------
total                            19227  33282.058  1209717.285                                           


                                                                         Leakage  Leakage 
                Library                Instances Instances %    Area   Power (nW) Power % 
------------------------------------------------------------------------------------------
asap7sc7p5t_AO_LVT_SS_nldm_201020             57         0.3    85.147    413.969     0.0 
asap7sc7p5t_AO_SLVT_SS_nldm_201020          2835        14.7  4413.891 133701.485    11.1 
asap7sc7p5t_INVBUF_LVT_SS_nldm_201020        175         0.9   139.501   1034.582     0.1 
asap7sc7p5t_INVBUF_SLVT_SS_nldm_201020      2886        15.0  2953.092 200429.664    16.6 
asap7sc7p5t_INVBUF_SRAM_SS_nldm_201020        41         0.2    30.326      2.475     0.0 
asap7sc7p5t_OA_LVT_SS_nldm_201020             36         0.2    49.689    302.888     0.0 
asap7sc7p5t_OA_RVT_SS_nldm_201020              1         0.0     1.633      2.537     0.0 
asap7sc7p5t_OA_SLVT_SS_nldm_201020          2219        11.5  3284.116 132504.332    11.0 
asap7sc7p5t_SEQ_SLVT_SS_nldm_201020         1134         5.9  6878.028 203701.231    16.8 
asap7sc7p5t_SEQ_SRAM_SS_nldm_201020            1         0.0     6.065      0.829     0.0 
asap7sc7p5t_SIMPLE_LVT_SS_nldm_201020        321         1.7   420.604   2119.625     0.2 
asap7sc7p5t_SIMPLE_RVT_SS_nldm_201020          4         0.0     5.599      9.060     0.0 
asap7sc7p5t_SIMPLE_SLVT_SS_nldm_201020      9511        49.5 15004.570 535492.213    44.3 
asap7sc7p5t_SIMPLE_SRAM_SS_nldm_201020         6         0.0     9.798      2.395     0.0 

                                            Leakage   Leakage 
     Type      Instances    Area   Area %  Power (nW) Power % 
--------------------------------------------------------------
sequential          1135  6884.093   20.7  203702.060    16.8 
inverter            2771  1994.544    6.0   75887.784     6.3 
buffer               331  1128.375    3.4  125578.938    10.4 
logic              14990 23275.045   69.9  804548.503    66.5 
physical_cells         0     0.000    0.0       0.000     0.0 
--------------------------------------------------------------
total              19227 33282.058  100.0 1209717.285   100.0 

