###############################################################
#  Generated by:      Cadence Innovus 21.17-s075_1
#  OS:                Linux x86_64(Host ID KingsLanding)
#  Generated on:      Thu Apr  2 23:48:01 2026
#  Design:            nofp8_mxfp_aitb_comp_top
#  Command:           report_timing > timing.rpt
###############################################################
Path 1: VIOLATED (-528.545 ps) Setup Check with Pin PIPE_OUT_col2_stage_reg_reg[0][27]/CLK->D
               View: PVT_0P63V_100C.setup_view
              Group: clk
         Startpoint: (R) acc_en
              Clock:
           Endpoint: (F) PIPE_OUT_col2_stage_reg_reg[0][27]/D
              Clock: (R) clk

                        Capture       Launch
         Clock Edge:+  1000.000        0.000
        Src Latency:+  -253.124        0.000
        Net Latency:+   239.300 (P)    0.000 (I)
            Arrival:=   986.176        0.000

              Setup:-     8.920
        Uncertainty:-   100.000
        Cppr Adjust:+     0.000
      Required Time:=   877.256
       Launch Clock:=     0.000
          Data Path:+  1405.800
              Slack:=  -528.545

#--------------------------------------------------------------------------------------------------------------------------------------------------
# Timing Point                                                   Flags  Arc     Edge  Cell                       Fanout   Trans    Delay    Arrival  
#                                                                                                                          (ps)     (ps)       (ps)  
#--------------------------------------------------------------------------------------------------------------------------------------------------
  acc_en                                                         -      acc_en  R     (arrival)                       4   4.200   10.500     10.500  
  g61134/Y                                                       -      A->Y    R     OR2x2_ASAP7_75t_SL              1  23.600   27.600     38.100  
  FE_OCPC2003_n_2925/Y                                           -      A->Y    F     INVx6_ASAP7_75t_SL              3  23.400   13.300     51.400  
  FE_OCPC2007_n_2925/Y                                           -      A->Y    R     INVx13_ASAP7_75t_SL             8  20.300   28.600     80.000  
  FE_OCPC2016_n_2925/Y                                           -      A->Y    F     INVx8_ASAP7_75t_SL              9  57.900   15.300     95.300  
  g60907/Y                                                       -      A2->Y   R     AOI22x1_ASAP7_75t_SL            4  29.900   32.400    127.700  
  g60336/Y                                                       -      A->Y    F     NOR2x1p5_ASAP7_75t_SL           3  56.800   22.600    150.300  
  g59938/Y                                                       -      C->Y    R     O2A1O1Ixp33_ASAP7_75t_SL        1  35.700   23.800    174.100  
  g59887/Y                                                       -      A1->Y   F     OAI21xp5_ASAP7_75t_SL           1  41.100   18.500    192.600  
  FE_RC_2078_0/Y                                                 -      B->Y    R     OAI21xp5_ASAP7_75t_SL           1  30.900   15.600    208.200  
  FE_RC_1281_0/Y                                                 -      C->Y    R     AO211x2_ASAP7_75t_SL            3  34.600   36.000    244.200  
  FE_OCPC2144_n_3581/Y                                           -      A->Y    R     BUFx10_ASAP7_75t_SL            16  32.000   30.700    274.900  
  g59646__5122/Y                                                 -      B->Y    F     NAND2x1p5_ASAP7_75t_SL          3  28.900   11.600    286.500  
  FE_RC_44_0_dup1/Y                                              -      B->Y    F     OA21x2_ASAP7_75t_SL             1  26.700   21.400    307.900  
  FE_OFC969_n_3677/Y                                             -      A->Y    R     INVx2_ASAP7_75t_SL              2  15.000   11.100    319.000  
  FE_RC_2066_0/Y                                                 -      B2->Y   F     OAI22x1_ASAP7_75t_SL            1  16.600   15.000    334.000  
  fopt61489/Y                                                    -      A->Y    R     INVx4_ASAP7_75t_SL              4  43.700   16.600    350.600  
  FE_RC_2062_0/Y                                                 -      A1->Y   F     AOI31xp67_ASAP7_75t_SL          1  25.400   28.600    379.200  
  FE_OCPC1547_n_3859/Y                                           -      A->Y    R     INVx6_ASAP7_75t_SL              7  56.900   22.900    402.100  
  FE_OCPC1550_n_3859/Y                                           -      A->Y    F     INVx11_ASAP7_75t_SL            16  51.300   13.600    415.700  
  g59227__5526/Y                                                 -      B->Y    R     NAND2x1p5_ASAP7_75t_SL          1  28.400   12.300    428.000  
  FE_RC_2142_0/Y                                                 -      B->Y    F     OAI21xp5_ASAP7_75t_SL           3  26.300   29.200    457.200  
  g59171/Y                                                       -      A->Y    R     INVx1_ASAP7_75t_SL              1  58.400   21.500    478.700  
  FE_RC_2176_0/Y                                                 -      A->Y    F     NAND4xp75_ASAP7_75t_SL          1  34.000   13.500    492.200  
  g58799__4733/Y                                                 -      A1->Y   R     O2A1O1Ixp5_ASAP7_75t_SL         1  27.600   18.000    510.200  
  FE_RC_306_0/Y                                                  -      B->Y    F     OAI21xp5_ASAP7_75t_SL           1  38.000   16.100    526.300  
  FE_RC_1356_0/Y                                                 -      B->Y    R     AOI21xp5_ASAP7_75t_SL           1  28.500   18.000    544.300  
  g58626__1705/Y                                                 -      B->Y    F     OAI21xp5_ASAP7_75t_SL           2  28.400   22.000    566.300  
  g58570__4733/Y                                                 -      B->Y    R     NOR2x1_ASAP7_75t_SL             2  39.800   18.800    585.100  
  FE_RC_548_0/Y                                                  -      A->Y    F     NAND3x1_ASAP7_75t_SL            2  33.800   12.000    597.100  
  FE_RC_228_0/Y                                                  -      A->Y    R     INVx2_ASAP7_75t_SL              2  24.600   12.800    609.900  
  FE_RC_250_0/Y                                                  -      A1->Y   F     AOI21x1_ASAP7_75t_SL            2  19.100   11.600    621.500  
  FE_RC_1557_0/Y                                                 -      A2->Y   R     OAI21xp5_ASAP7_75t_SL           1  18.600   20.800    642.300  
  FE_OCPC1335_addinc_FP32_ALU_col2_fracAdder_add_113_18_n_536/Y  -      A->Y    R     BUFx6f_ASAP7_75t_SL             6  35.400   22.900    665.200  
  FE_RC_1919_0/Y                                                 -      A1->Y   F     AOI21xp5_ASAP7_75t_SL           1  16.300   14.700    679.900  
  addinc_FP32_ALU_col2_fracAdder_add_113_18_g739/Y               -      B->Y    F     XNOR2xp5_ASAP7_75t_SL           2  26.100   27.100    707.000  
  g57278/Y                                                       -      B->Y    F     OR2x2_ASAP7_75t_SL              3  33.100   29.100    736.100  
  FE_RC_976_0/Y                                                  -      B->Y    F     OR2x2_ASAP7_75t_SL              1  17.400   24.100    760.200  
  FE_RC_1580_0/Y                                                 -      A->Y    R     NOR4xp75_ASAP7_75t_SL           2  15.900   23.900    784.100  
  FE_RC_1997_0/Y                                                 -      B->Y    R     AND2x4_ASAP7_75t_SL             3  54.500   24.400    808.500  
  FE_RC_41_0_dup/Y                                               -      A1->Y   F     AOI21x1_ASAP7_75t_SL            1  16.100   11.700    820.200  
  FE_RC_1989_0/Y                                                 -      A->Y    R     NAND4xp75_ASAP7_75t_SL          2  42.000   21.200    841.400  
  g56457_dup/Y                                                   -      B->Y    F     NOR2x1p5_ASAP7_75t_SL           3  42.300   19.000    860.400  
  FE_RC_1655_0/Y                                                 -      B->Y    F     AND2x4_ASAP7_75t_SL             2  27.600   23.400    883.800  
  g56418/Y                                                       -      A->Y    R     NOR2x1p5_ASAP7_75t_SL           2  13.200   12.900    896.700  
  FE_RC_1201_0/Y                                                 -      A->Y    R     AND2x4_ASAP7_75t_SL             3  21.400   23.600    920.300  
  FE_RC_1008_0/Y                                                 -      A->Y    F     INVx3_ASAP7_75t_SL              2  19.500    6.500    926.800  
  FE_RC_1337_0/Y                                                 -      A1->Y   R     AOI21x1_ASAP7_75t_SL            1  10.000   10.100    936.900  
  g56373/Y                                                       -      A1->Y   F     OAI21xp5_ASAP7_75t_SL           1  22.400   17.200    954.100  
  FE_RC_1773_0/Y                                                 -      B->Y    R     AOI21x1_ASAP7_75t_SL            3  35.800   31.500    985.600  
  g56348/Y                                                       -      A->Y    R     AND2x6_ASAP7_75t_SL            13  54.500   39.700   1025.300  
  FE_OCPC2165_n_1544/Y                                           -      A->Y    F     INVx5_ASAP7_75t_SL              2  44.900    8.000   1033.300  
  g56330/Y                                                       -      A1->Y   R     AOI22x1_ASAP7_75t_SL            2  16.300   22.400   1055.700  
  FE_OCPC2069_n_1554/Y                                           -      A->Y    R     BUFx6f_ASAP7_75t_SL             3  43.800   21.100   1076.800  
  g56262/Y                                                       -      A->Y    R     AND2x4_ASAP7_75t_SL             2  13.200   19.100   1095.900  
  FE_RC_1552_0/Y                                                 -      B->Y    F     NAND2x2_ASAP7_75t_SL            1  17.100    9.200   1105.100  
  g56140/Y                                                       -      A->Y    R     NOR2x2_ASAP7_75t_SL             4  14.200   18.100   1123.200  
  g55731/Y                                                       -      A1->Y   R     AO221x1_ASAP7_75t_SL            1  31.300   34.300   1157.500  
  FE_RC_490_0/Y                                                  -      B->Y    F     AOI21x1_ASAP7_75t_SL            1  23.800    9.600   1167.100  
  g55522/Y                                                       -      B->Y    R     OAI21xp5_ASAP7_75t_SL           2  14.400   15.000   1182.100  
  g55447/Y                                                       -      B->Y    F     NAND2xp5_ASAP7_75t_SL           1  51.400   14.400   1196.500  
  g55406/Y                                                       -      B->Y    R     NOR3xp33_ASAP7_75t_SL           1  27.000   23.900   1220.400  
  g55376/Y                                                       -      A->Y    R     AND2x4_ASAP7_75t_SL             4  44.200   26.500   1246.900  
  g55355/Y                                                       -      B->Y    F     NAND2x2_ASAP7_75t_SL            2  26.800    8.600   1255.500  
  FE_RC_648_0/Y                                                  -      B->Y    R     NAND2x1_ASAP7_75t_SL            1  18.200   10.800   1266.300  
  FE_RC_363_0/Y                                                  -      B->Y    F     OAI21xp5_ASAP7_75t_SL           3  16.200   15.500   1281.800  
  g55205_dup/Y                                                   -      B->Y    R     NOR3xp33_ASAP7_75t_SL           1  28.500   17.800   1299.600  
  g55171/Y                                                       -      A->Y    F     NAND2xp5_ASAP7_75t_SL           1  31.800   16.400   1316.000  
  FE_RC_328_0_dup/Y                                              -      A->Y    R     NOR3x1_ASAP7_75t_SL             3  30.600   26.900   1342.900  
  FE_RC_2196_0/Y                                                 -      A1->Y   R     AO31x2_ASAP7_75t_SL             1  49.200   29.900   1372.800  
  FE_OCPC1329_n_2448/Y                                           -      A->Y    R     BUFx12f_ASAP7_75t_SL            8  28.000   22.800   1395.600  
  g55142/Y                                                       -      B->Y    F     NOR2x1_ASAP7_75t_SL             1  21.100   10.200   1405.800  
  PIPE_OUT_col2_stage_reg_reg[0][27]/D                           -      D       F     ASYNC_DFFHx1_ASAP7_75t_SL       1  22.600    0.000   1405.800  
#--------------------------------------------------------------------------------------------------------------------------------------------------

