Command: report datapath -all > datapath.map.rpt
============================================================
  Generated by:           Genus(TM) Synthesis Solution 21.17-s066_1
  Generated on:           Apr 03 2026  12:05:19 pm
  Module:                 fixed8_mxfp_aitb_comp_wrapper
  Library domain:         PVT_0P63V_100C.setup_cond
    Domain index:         0
    Technology libraries: asap7sc7p5t_SIMPLE_RVT_SS_nldm_201020 1.0
                          asap7sc7p5t_SIMPLE_LVT_SS_nldm_201020 1.0
                          asap7sc7p5t_SIMPLE_SLVT_SS_nldm_201020 1.0
                          asap7sc7p5t_SIMPLE_SRAM_SS_nldm_201020 1.0
                          asap7sc7p5t_AO_RVT_SS_nldm_201020 1.0
                          asap7sc7p5t_AO_LVT_SS_nldm_201020 1.0
                          asap7sc7p5t_AO_SLVT_SS_nldm_201020 1.0
                          asap7sc7p5t_AO_SRAM_SS_nldm_201020 1.0
                          asap7sc7p5t_OA_RVT_SS_nldm_201020 1.0
                          asap7sc7p5t_OA_LVT_SS_nldm_201020 1.0
                          asap7sc7p5t_OA_SLVT_SS_nldm_201020 1.0
                          asap7sc7p5t_OA_SRAM_SS_nldm_201020 1.0
                          asap7sc7p5t_SEQ_RVT_SS_nldm_201020 1.0
                          asap7sc7p5t_SEQ_LVT_SS_nldm_201020 1.0
                          asap7sc7p5t_SEQ_SLVT_SS_nldm_201020 1.0
                          asap7sc7p5t_SEQ_SRAM_SS_nldm_201020 1.0
                          asap7sc7p5t_INVBUF_RVT_SS_nldm_201020 1.0
                          asap7sc7p5t_INVBUF_LVT_SS_nldm_201020 1.0
                          asap7sc7p5t_INVBUF_SLVT_SS_nldm_201020 1.0
                          asap7sc7p5t_INVBUF_SRAM_SS_nldm_201020 1.0
  Operating conditions:   PVT_0P63V_100C 
  Interconnect mode:      global
  Area mode:              physical library
============================================================


Inferred components

                        Operator   Signedness   Inputs   Outputs CellArea 
==========================================================================
fixed8_mxfp_aitb_comp_wrapper
 u_fixed8_mxfp_aitb_comp_top
  addinc_FP32_ALU_col1_fracAdder_add_113_18
   
   module:add_unsigned_carry_2060
    very_fast              +       unsigned   26x27x1    27        406.42 
   equation:
   assign Z = A+B+CI;
--------------------------------------------------------------------------
    add_113_18             +       unsigned   27x1       27               
    add_113_14             +       unsigned   27x27      27               
==========================================================================
fixed8_mxfp_aitb_comp_wrapper
 u_fixed8_mxfp_aitb_comp_top
  addinc_FP32_ALU_col2_fracAdder_add_113_18
   
   module:add_unsigned_carry_2060
    very_fast              +       unsigned   26x27x1    27        406.42 
   equation:
   assign Z = A+B+CI;
--------------------------------------------------------------------------
    FP32_ALU_col2_fracAdder_add_113_18
                           +       unsigned   27x1       27               
    FP32_ALU_col2_fracAdder_add_113_14
                           +       unsigned   26x27      27               
==========================================================================
fixed8_mxfp_aitb_comp_wrapper
 u_fixed8_mxfp_aitb_comp_top
  inc_FP32_ALU_col1_roundingAdder_add_274_18_spec1
   
   module:increment_unsigned_3631_3693
    very_fast          increment   unsigned   31x1       31        209.37 
==========================================================================
fixed8_mxfp_aitb_comp_wrapper
 u_fixed8_mxfp_aitb_comp_top
  inc_FP32_ALU_col2_roundingAdder_add_274_18_spec1
   
   module:increment_unsigned_3631_3693
    very_fast          increment   unsigned   31x1       31        209.37 
==========================================================================
fixed8_mxfp_aitb_comp_wrapper
 u_fixed8_mxfp_aitb_comp_top
  u_fix2fp32_col1_csa_tree_add_103_80_groupi
   
   module:csa_tree_add_103_80_group_49583
    very_fast        csa_and_adder            2x7x8x8x8  10        275.05 
   equation:
   assign out_0 = (((($signed({1'b0,in_3}) + $signed({1'b0,in_4})) + $signed(in_2)) - $signed({1'b0,in_1})) + $signed({1'b0,in_0}));
--------------------------------------------------------------------------
    add_103_80             +       signed     10x2       10               
    sub_103_48             -       unsigned   10x7       10               
    add_41_96              +       signed     10x8       10               
    add_41_62              +       unsigned   8x8        9                
==========================================================================
fixed8_mxfp_aitb_comp_wrapper
 u_fixed8_mxfp_aitb_comp_top
  u_fix2fp32_col2_csa_tree_add_103_80_groupi
   
   module:csa_tree_add_103_80_group_49583
    very_fast        csa_and_adder            2x7x8x8x8  10        275.05 
   equation:
   assign out_0 = (((($signed({1'b0,in_3}) + $signed({1'b0,in_4})) + $signed(in_2)) - $signed({1'b0,in_1})) + $signed({1'b0,in_0}));
--------------------------------------------------------------------------
    add_103_80             +       signed     10x2       10               
    sub_103_48             -       unsigned   10x7       10               
    add_41_96              +       signed     10x8       10               
    add_41_62              +       unsigned   8x8        9                
==========================================================================
fixed8_mxfp_aitb_comp_wrapper
 u_fixed8_mxfp_aitb_comp_top
  u_naive_mxfp_comp_dot_fixed_col1
   csa_tree_naive_reduction.u_naive_reduction_add_68_62
    
    module:csa_tree_5424
                        wallace               11x9x9x9x9 14x14     353.73 
    equation:
    assign out_0 = ((($signed(in_1) + $signed(in_2)) + ($signed(in_3) + $signed(in_4))) + $signed(in_0)); assign out_1 = 14'b0;
--------------------------------------------------------------------------
     add_68_62             +       signed     11x11      12               
     add_29_28_I2_I1       +       signed     10x10      11               
     add_29_28_I1_I1       +       signed     9x9        10               
     add_29_28_I1_I2       +       signed     9x9        10               
==========================================================================
fixed8_mxfp_aitb_comp_wrapper
 u_fixed8_mxfp_aitb_comp_top
  u_naive_mxfp_comp_dot_fixed_col1
   csa_tree_naive_reduction_u_naive_reduction_add_72_53_groupi
    
    module:csa_tree_naive_reduction_u_naive_reduction_add_72_53_group_106
     very_fast       csa_and_adder            21x22x22   22        536.41 
    equation:
    assign out_0 = ($signed(in_0) + ($signed(in_1) + $signed(in_2)));
--------------------------------------------------------------------------
     add_72_53             +       signed     21x21      22               
==========================================================================
fixed8_mxfp_aitb_comp_wrapper
 u_fixed8_mxfp_aitb_comp_top
  u_naive_mxfp_comp_dot_fixed_col1
   csa_tree_naive_reduction_u_naive_reduction_u_fp6_reduction_norecurse_add_29_28_I2_I1_groupi
    
    module:csa_tree_naive_reduction_u_naive_reduction_u_fp6_reduction_norecurse_add_29_28_I2_I1_group_32
     very_fast       csa_and_adder            19x19x19x1 21        730.73 
                                              9                           
    equation:
    assign out_0 = (($signed(in_0) + $signed(in_1)) + ($signed(in_2) + $signed(in_3)));
--------------------------------------------------------------------------
     add_29_28_I2_I1       +       signed     20x20      21               
     add_29_28_I1_I1       +       signed     19x19      20               
     add_29_28_I1_I2       +       signed     19x19      20               
==========================================================================
fixed8_mxfp_aitb_comp_wrapper
 u_fixed8_mxfp_aitb_comp_top
  u_naive_mxfp_comp_dot_fixed_col1
   csa_tree_naive_reduction_u_naive_reduction_u_fp8_reduction_norecurse_add_29_28_I3_I1_groupi
    
    module:csa_tree_naive_reduction_u_naive_reduction_u_fp8_reduction_norecurse_add_29_28_I3_I1_group_12819
     very_fast       csa_and_adder            67x67x67x6 70       6386.33 
                                              7x67x67x67                  
                                              x67                         
    equation:
    assign out_0 = ((($signed(in_0) + $signed(in_1)) + ($signed(in_2) + $signed(in_3))) + (($signed(in_4) + $signed(in_5)) + ($signed(in_6) + $signed(in_7))));
--------------------------------------------------------------------------
     add_29_28_I3_I1       +       signed     69x69      70               
     add_29_28_I2_I1       +       signed     68x68      69               
     add_29_28_I2_I2       +       signed     68x68      69               
     add_29_28_I1_I1       +       signed     67x67      68               
     add_29_28_I1_I2       +       signed     67x67      68               
     add_29_28_I1_I3       +       signed     67x67      68               
     add_29_28_I1_I4       +       signed     67x67      68               
==========================================================================
fixed8_mxfp_aitb_comp_wrapper
 u_fixed8_mxfp_aitb_comp_top
  u_naive_mxfp_comp_dot_fixed_col1
   inst_mxfp8_mult[0].u_mxfp_mult_comp_shift_mxfp8_u_mxfp_multiply_comp_mul_61_26
    
    module:mult_signed
     very_fast/non_booth
                           *       signed     8x8        16        754.67 
==========================================================================
fixed8_mxfp_aitb_comp_wrapper
 u_fixed8_mxfp_aitb_comp_top
  u_naive_mxfp_comp_dot_fixed_col1
   inst_mxfp8_mult[1].u_mxfp_mult_comp_shift_mxfp8_u_mxfp_multiply_comp_mul_61_26
    
    module:mult_signed
     very_fast/non_booth
                           *       signed     8x8        16        754.67 
==========================================================================
fixed8_mxfp_aitb_comp_wrapper
 u_fixed8_mxfp_aitb_comp_top
  u_naive_mxfp_comp_dot_fixed_col1
   inst_mxfp8_mult[2].u_mxfp_mult_comp_shift_mxfp8_u_mxfp_multiply_comp_mul_61_26
    
    module:mult_signed
     very_fast/non_booth
                           *       signed     8x8        16        754.67 
==========================================================================
fixed8_mxfp_aitb_comp_wrapper
 u_fixed8_mxfp_aitb_comp_top
  u_naive_mxfp_comp_dot_fixed_col1
   inst_mxfp8_mult[3].u_mxfp_mult_comp_shift_mxfp8_u_mxfp_multiply_comp_mul_61_26
    
    module:mult_signed_1908
     very_fast/non_booth
                           *       signed     8x8        16        754.67 
==========================================================================
fixed8_mxfp_aitb_comp_wrapper
 u_fixed8_mxfp_aitb_comp_top
  u_naive_mxfp_comp_dot_fixed_col1
   inst_mxfp8_mult[4].u_mxfp_mult_comp_shift_mxfp8_u_mxfp_multiply_comp_mul_61_26
    
    module:mult_signed
     very_fast/non_booth
                           *       signed     8x8        16        754.67 
==========================================================================
fixed8_mxfp_aitb_comp_wrapper
 u_fixed8_mxfp_aitb_comp_top
  u_naive_mxfp_comp_dot_fixed_col1
   inst_mxfp8_mult[5].u_mxfp_mult_comp_shift_mxfp8_u_mxfp_multiply_comp_mul_61_26
    
    module:mult_signed
     very_fast/non_booth
                           *       signed     8x8        16        754.67 
==========================================================================
fixed8_mxfp_aitb_comp_wrapper
 u_fixed8_mxfp_aitb_comp_top
  u_naive_mxfp_comp_dot_fixed_col1
   inst_mxfp8_mult[6].u_mxfp_mult_comp_shift_mxfp8_u_mxfp_multiply_comp_mul_61_26
    
    module:mult_signed_1905
     very_fast/non_booth
                           *       signed     8x8        16        754.67 
==========================================================================
fixed8_mxfp_aitb_comp_wrapper
 u_fixed8_mxfp_aitb_comp_top
  u_naive_mxfp_comp_dot_fixed_col1
   inst_mxfp8_mult[7].u_mxfp_mult_comp_shift_mxfp8_u_mxfp_multiply_comp_mul_61_26
    
    module:mult_signed
     very_fast/non_booth
                           *       signed     8x8        16        754.67 
==========================================================================
fixed8_mxfp_aitb_comp_wrapper
 u_fixed8_mxfp_aitb_comp_top
  u_naive_mxfp_comp_dot_fixed_col2
   csa_tree_naive_reduction.u_naive_reduction_add_68_62
    
    module:csa_tree_5424
                        wallace               11x9x9x9x9 14x14     353.73 
    equation:
    assign out_0 = ((($signed(in_1) + $signed(in_2)) + ($signed(in_3) + $signed(in_4))) + $signed(in_0)); assign out_1 = 14'b0;
--------------------------------------------------------------------------
     naive_reduction.u_naive_reduction_add_68_62
                           +       signed     11x11      12               
     naive_reduction.u_naive_reduction_u_fp4_reduction_add_29_28_I2_I1
                           +       signed     10x10      11               
     naive_reduction.u_naive_reduction_u_fp4_reduction_add_29_28_I1_I1
                           +       signed     9x9        10               
     naive_reduction.u_naive_reduction_u_fp4_reduction_add_29_28_I1_I2
                           +       signed     9x9        10               
==========================================================================
fixed8_mxfp_aitb_comp_wrapper
 u_fixed8_mxfp_aitb_comp_top
  u_naive_mxfp_comp_dot_fixed_col2
   csa_tree_naive_reduction_u_naive_reduction_add_72_53_groupi
    
    module:csa_tree_naive_reduction_u_naive_reduction_add_72_53_group_106
     very_fast       csa_and_adder            21x22x22   22        536.41 
    equation:
    assign out_0 = ($signed(in_0) + ($signed(in_1) + $signed(in_2)));
--------------------------------------------------------------------------
     naive_reduction.u_naive_reduction_add_72_53
                           +       signed     21x21      22               
==========================================================================
fixed8_mxfp_aitb_comp_wrapper
 u_fixed8_mxfp_aitb_comp_top
  u_naive_mxfp_comp_dot_fixed_col2
   csa_tree_naive_reduction_u_naive_reduction_u_fp6_reduction_norecurse_add_29_28_I2_I1_groupi
    
    module:csa_tree_naive_reduction_u_naive_reduction_u_fp6_reduction_norecurse_add_29_28_I2_I1_group_32
     very_fast       csa_and_adder            19x19x19x1 21        730.73 
                                              9                           
    equation:
    assign out_0 = (($signed(in_0) + $signed(in_1)) + ($signed(in_2) + $signed(in_3)));
--------------------------------------------------------------------------
     naive_reduction.u_naive_reduction_u_fp6_reduction_norecurse_add_29_28_I2_I1
                           +       signed     20x20      21               
     naive_reduction.u_naive_reduction_u_fp6_reduction_norecurse_add_29_28_I1_I1
                           +       signed     19x19      20               
     naive_reduction.u_naive_reduction_u_fp6_reduction_norecurse_add_29_28_I1_I2
                           +       signed     19x19      20               
==========================================================================
fixed8_mxfp_aitb_comp_wrapper
 u_fixed8_mxfp_aitb_comp_top
  u_naive_mxfp_comp_dot_fixed_col2
   csa_tree_naive_reduction_u_naive_reduction_u_fp8_reduction_norecurse_add_29_28_I3_I1_groupi
    
    module:csa_tree_naive_reduction_u_naive_reduction_u_fp8_reduction_norecurse_add_29_28_I3_I1_group_12819
     very_fast       csa_and_adder            67x67x67x6 70       6386.33 
                                              7x67x67x67                  
                                              x67                         
    equation:
    assign out_0 = ((($signed(in_0) + $signed(in_1)) + ($signed(in_2) + $signed(in_3))) + (($signed(in_4) + $signed(in_5)) + ($signed(in_6) + $signed(in_7))));
--------------------------------------------------------------------------
     naive_reduction.u_naive_reduction_u_fp8_reduction_norecurse_add_29_28_I3_I1
                           +       signed     69x69      70               
     naive_reduction.u_naive_reduction_u_fp8_reduction_norecurse_add_29_28_I2_I1
                           +       signed     68x68      69               
     naive_reduction.u_naive_reduction_u_fp8_reduction_norecurse_add_29_28_I2_I2
                           +       signed     68x68      69               
     naive_reduction.u_naive_reduction_u_fp8_reduction_norecurse_add_29_28_I1_I1
                           +       signed     67x67      68               
     naive_reduction.u_naive_reduction_u_fp8_reduction_norecurse_add_29_28_I1_I2
                           +       signed     67x67      68               
     naive_reduction.u_naive_reduction_u_fp8_reduction_norecurse_add_29_28_I1_I3
                           +       signed     67x67      68               
     naive_reduction.u_naive_reduction_u_fp8_reduction_norecurse_add_29_28_I1_I4
                           +       signed     67x67      68               
==========================================================================
fixed8_mxfp_aitb_comp_wrapper
 u_fixed8_mxfp_aitb_comp_top
  u_naive_mxfp_comp_dot_fixed_col2
   inst_mxfp8_mult[0].u_mxfp_mult_comp_shift_mxfp8_u_mxfp_multiply_comp_mul_61_26
    
    module:mult_signed
     very_fast/non_booth
                           *       signed     8x8        16        754.67 
==========================================================================
fixed8_mxfp_aitb_comp_wrapper
 u_fixed8_mxfp_aitb_comp_top
  u_naive_mxfp_comp_dot_fixed_col2
   inst_mxfp8_mult[1].u_mxfp_mult_comp_shift_mxfp8_u_mxfp_multiply_comp_mul_61_26
    
    module:mult_signed
     very_fast/non_booth
                           *       signed     8x8        16        754.67 
==========================================================================
fixed8_mxfp_aitb_comp_wrapper
 u_fixed8_mxfp_aitb_comp_top
  u_naive_mxfp_comp_dot_fixed_col2
   inst_mxfp8_mult[2].u_mxfp_mult_comp_shift_mxfp8_u_mxfp_multiply_comp_mul_61_26
    
    module:mult_signed
     very_fast/non_booth
                           *       signed     8x8        16        754.67 
==========================================================================
fixed8_mxfp_aitb_comp_wrapper
 u_fixed8_mxfp_aitb_comp_top
  u_naive_mxfp_comp_dot_fixed_col2
   inst_mxfp8_mult[3].u_mxfp_mult_comp_shift_mxfp8_u_mxfp_multiply_comp_mul_61_26
    
    module:mult_signed_1908
     very_fast/non_booth
                           *       signed     8x8        16        754.67 
==========================================================================
fixed8_mxfp_aitb_comp_wrapper
 u_fixed8_mxfp_aitb_comp_top
  u_naive_mxfp_comp_dot_fixed_col2
   inst_mxfp8_mult[4].u_mxfp_mult_comp_shift_mxfp8_u_mxfp_multiply_comp_mul_61_26
    
    module:mult_signed
     very_fast/non_booth
                           *       signed     8x8        16        754.67 
==========================================================================
fixed8_mxfp_aitb_comp_wrapper
 u_fixed8_mxfp_aitb_comp_top
  u_naive_mxfp_comp_dot_fixed_col2
   inst_mxfp8_mult[5].u_mxfp_mult_comp_shift_mxfp8_u_mxfp_multiply_comp_mul_61_26
    
    module:mult_signed
     very_fast/non_booth
                           *       signed     8x8        16        754.67 
==========================================================================
fixed8_mxfp_aitb_comp_wrapper
 u_fixed8_mxfp_aitb_comp_top
  u_naive_mxfp_comp_dot_fixed_col2
   inst_mxfp8_mult[6].u_mxfp_mult_comp_shift_mxfp8_u_mxfp_multiply_comp_mul_61_26
    
    module:mult_signed_1905
     very_fast/non_booth
                           *       signed     8x8        16        754.67 
==========================================================================
fixed8_mxfp_aitb_comp_wrapper
 u_fixed8_mxfp_aitb_comp_top
  u_naive_mxfp_comp_dot_fixed_col2
   inst_mxfp8_mult[7].u_mxfp_mult_comp_shift_mxfp8_u_mxfp_multiply_comp_mul_61_26
    
    module:mult_signed
     very_fast/non_booth
                           *       signed     8x8        16        754.67 
==========================================================================

      Type       CellArea Percentage 
-------------------------------------
datapath modules 29870.85      48.01 
external muxes       0.00       0.00 
others           32347.66      51.99 
-------------------------------------
total            62218.51     100.00 

