Command: report datapath -all > datapath.map.rpt
============================================================
  Generated by:           Genus(TM) Synthesis Solution 21.17-s066_1
  Generated on:           Apr 03 2026  04:28:28 pm
  Module:                 e5m2_4_fixed8_mxfp_aitb_comp_wrapper
  Library domain:         PVT_0P63V_100C.setup_cond
    Domain index:         0
    Technology libraries: asap7sc7p5t_SIMPLE_RVT_SS_nldm_201020 1.0
                          asap7sc7p5t_SIMPLE_LVT_SS_nldm_201020 1.0
                          asap7sc7p5t_SIMPLE_SLVT_SS_nldm_201020 1.0
                          asap7sc7p5t_SIMPLE_SRAM_SS_nldm_201020 1.0
                          asap7sc7p5t_AO_RVT_SS_nldm_201020 1.0
                          asap7sc7p5t_AO_LVT_SS_nldm_201020 1.0
                          asap7sc7p5t_AO_SLVT_SS_nldm_201020 1.0
                          asap7sc7p5t_AO_SRAM_SS_nldm_201020 1.0
                          asap7sc7p5t_OA_RVT_SS_nldm_201020 1.0
                          asap7sc7p5t_OA_LVT_SS_nldm_201020 1.0
                          asap7sc7p5t_OA_SLVT_SS_nldm_201020 1.0
                          asap7sc7p5t_OA_SRAM_SS_nldm_201020 1.0
                          asap7sc7p5t_SEQ_RVT_SS_nldm_201020 1.0
                          asap7sc7p5t_SEQ_LVT_SS_nldm_201020 1.0
                          asap7sc7p5t_SEQ_SLVT_SS_nldm_201020 1.0
                          asap7sc7p5t_SEQ_SRAM_SS_nldm_201020 1.0
                          asap7sc7p5t_INVBUF_RVT_SS_nldm_201020 1.0
                          asap7sc7p5t_INVBUF_LVT_SS_nldm_201020 1.0
                          asap7sc7p5t_INVBUF_SLVT_SS_nldm_201020 1.0
                          asap7sc7p5t_INVBUF_SRAM_SS_nldm_201020 1.0
  Operating conditions:   PVT_0P63V_100C 
  Interconnect mode:      global
  Area mode:              physical library
============================================================


Inferred components

                        Operator   Signedness   Inputs   Outputs CellArea 
==========================================================================
e5m2_4_fixed8_mxfp_aitb_comp_wrapper
 u_e5m2_4_fixed8_mxfp_aitb_comp_top
  addinc_FP32_ALU_col1_fracAdder_add_113_18
   
   module:add_unsigned_carry_2078
    very_fast              +       unsigned   26x27x1    27        406.42 
   equation:
   assign Z = A+B+CI;
--------------------------------------------------------------------------
    add_113_18             +       unsigned   27x1       27               
    add_113_14             +       unsigned   27x27      27               
==========================================================================
e5m2_4_fixed8_mxfp_aitb_comp_wrapper
 u_e5m2_4_fixed8_mxfp_aitb_comp_top
  addinc_FP32_ALU_col2_fracAdder_add_113_18
   
   module:add_unsigned_carry_2078
    very_fast              +       unsigned   26x27x1    27        406.42 
   equation:
   assign Z = A+B+CI;
--------------------------------------------------------------------------
    FP32_ALU_col2_fracAdder_add_113_18
                           +       unsigned   27x1       27               
    FP32_ALU_col2_fracAdder_add_113_14
                           +       unsigned   26x27      27               
==========================================================================
e5m2_4_fixed8_mxfp_aitb_comp_wrapper
 u_e5m2_4_fixed8_mxfp_aitb_comp_top
  inc_FP32_ALU_col1_roundingAdder_add_274_18_spec1
   
   module:increment_unsigned_3649_3711
    very_fast          increment   unsigned   31x1       31        209.37 
==========================================================================
e5m2_4_fixed8_mxfp_aitb_comp_wrapper
 u_e5m2_4_fixed8_mxfp_aitb_comp_top
  inc_FP32_ALU_col2_roundingAdder_add_274_18_spec1
   
   module:increment_unsigned_3649_3711
    very_fast          increment   unsigned   31x1       31        209.37 
==========================================================================
e5m2_4_fixed8_mxfp_aitb_comp_wrapper
 u_e5m2_4_fixed8_mxfp_aitb_comp_top
  u_e5m2_4_mxfp_comp_dot_fixed_col1
   csa_tree_u_e5m2_4_reduction_add_140_51
    
    module:csa_tree_5010
                        wallace               21x21x21   23x23x1   266.15 
    equation:
    assign out_0 = (($signed(in_1) + $signed(in_2)) + $signed(in_0)); assign out_1 = 23'b0; assign out_2 = 1'b0;
--------------------------------------------------------------------------
     add_140_51            +       signed     22x21      23               
     add_140_34            +       signed     21x21      22               
==========================================================================
e5m2_4_fixed8_mxfp_aitb_comp_wrapper
 u_e5m2_4_fixed8_mxfp_aitb_comp_top
  u_e5m2_4_mxfp_comp_dot_fixed_col1
   csa_tree_u_e5m2_4_reduction_add_141_68
    
    module:csa_tree_4986
                        wallace               11x11x11x1 13x13x1   270.94 
                                              1                           
    equation:
    assign out_0 = ((($signed(in_2) + $signed(in_3)) + $signed(in_1)) + $signed(in_0)); assign out_1 = 13'b0; assign out_2 = 1'b0;
--------------------------------------------------------------------------
     add_141_68            +       signed     13x11      13               
     add_141_51            +       signed     12x11      13               
     add_141_34            +       signed     11x11      12               
==========================================================================
e5m2_4_fixed8_mxfp_aitb_comp_wrapper
 u_e5m2_4_fixed8_mxfp_aitb_comp_top
  u_e5m2_4_mxfp_comp_dot_fixed_col1
   csa_tree_u_e5m2_4_reduction_u_reduction_add_29_28_I2_I1_groupi
    
    module:csa_tree_u_e5m2_4_reduction_u_reduction_add_29_28_I2_I1_group_55
     very_fast       csa_and_adder            78x78x78x7 80       3173.32 
                                              8                           
    equation:
    assign out_0 = (($signed(in_0) + $signed(in_1)) + ($signed(in_2) + $signed(in_3)));
--------------------------------------------------------------------------
     add_29_28_I2_I1       +       signed     79x79      80               
     add_29_28_I1_I1       +       signed     78x78      79               
     add_29_28_I1_I2       +       signed     78x78      79               
==========================================================================
e5m2_4_fixed8_mxfp_aitb_comp_wrapper
 u_e5m2_4_fixed8_mxfp_aitb_comp_top
  u_e5m2_4_mxfp_comp_dot_fixed_col1
   inst_mxfp8_e5m2_mult[0].u_mxfp_mult_comp_shift_mxfp8_e5m2_u_mxfp_multiply_comp_mul_61_26
    
    module:mult_signed_1_1945
     very_fast/non_booth
                           *       signed     8x8        16        754.67 
==========================================================================
e5m2_4_fixed8_mxfp_aitb_comp_wrapper
 u_e5m2_4_fixed8_mxfp_aitb_comp_top
  u_e5m2_4_mxfp_comp_dot_fixed_col1
   inst_mxfp8_e5m2_mult[1].u_mxfp_mult_comp_shift_mxfp8_e5m2_u_mxfp_multiply_comp_mul_61_26
    
    module:mult_signed_1_1945
     very_fast/non_booth
                           *       signed     8x8        16        754.67 
==========================================================================
e5m2_4_fixed8_mxfp_aitb_comp_wrapper
 u_e5m2_4_fixed8_mxfp_aitb_comp_top
  u_e5m2_4_mxfp_comp_dot_fixed_col1
   inst_mxfp8_e5m2_mult[2].u_mxfp_mult_comp_shift_mxfp8_e5m2_u_mxfp_multiply_comp_mul_61_26
    
    module:mult_signed_1_1941
     very_fast/non_booth
                           *       signed     8x8        16        754.67 
==========================================================================
e5m2_4_fixed8_mxfp_aitb_comp_wrapper
 u_e5m2_4_fixed8_mxfp_aitb_comp_top
  u_e5m2_4_mxfp_comp_dot_fixed_col1
   inst_mxfp8_e5m2_mult[3].u_mxfp_mult_comp_shift_mxfp8_e5m2_u_mxfp_multiply_comp_mul_61_26
    
    module:mult_signed_1_1945
     very_fast/non_booth
                           *       signed     8x8        16        754.67 
==========================================================================
e5m2_4_fixed8_mxfp_aitb_comp_wrapper
 u_e5m2_4_fixed8_mxfp_aitb_comp_top
  u_e5m2_4_mxfp_comp_dot_fixed_col1
   inst_mxfp8_mult[0].u_mxfp_mult_comp_shift_mxfp8_e4m3_u_mxfp_multiply_comp_mul_61_26
    
    module:mult_signed_1
     very_fast/non_booth
                           *       signed     8x8        16        754.67 
==========================================================================
e5m2_4_fixed8_mxfp_aitb_comp_wrapper
 u_e5m2_4_fixed8_mxfp_aitb_comp_top
  u_e5m2_4_mxfp_comp_dot_fixed_col1
   inst_mxfp8_mult[1].u_mxfp_mult_comp_shift_mxfp8_e4m3_u_mxfp_multiply_comp_mul_61_26
    
    module:mult_signed_1
     very_fast/non_booth
                           *       signed     8x8        16        754.67 
==========================================================================
e5m2_4_fixed8_mxfp_aitb_comp_wrapper
 u_e5m2_4_fixed8_mxfp_aitb_comp_top
  u_e5m2_4_mxfp_comp_dot_fixed_col1
   inst_mxfp8_mult[2].u_mxfp_mult_comp_shift_mxfp8_e4m3_u_mxfp_multiply_comp_mul_61_26
    
    module:mult_signed_1_1942
     very_fast/non_booth
                           *       signed     8x8        16        754.67 
==========================================================================
e5m2_4_fixed8_mxfp_aitb_comp_wrapper
 u_e5m2_4_fixed8_mxfp_aitb_comp_top
  u_e5m2_4_mxfp_comp_dot_fixed_col1
   inst_mxfp8_mult[3].u_mxfp_mult_comp_shift_mxfp8_e4m3_u_mxfp_multiply_comp_mul_61_26
    
    module:mult_signed_1
     very_fast/non_booth
                           *       signed     8x8        16        754.67 
==========================================================================
e5m2_4_fixed8_mxfp_aitb_comp_wrapper
 u_e5m2_4_fixed8_mxfp_aitb_comp_top
  u_e5m2_4_mxfp_comp_dot_fixed_col1
   u_e5m2_4_reduction_add_139_35_Y_final_adder_u_e5m2_4_reduction_add_141_68_Y_final_adder_u_e5m2_4_reduction_add_140_51
    
    module:add_signed_carry_7674
     very_fast             +       signed     39x39x1    40        524.10 
    equation:
    assign Z = $signed(A)+$signed(B)+$signed({1'b0,CI});
--------------------------------------------------------------------------
     add_139_35            +       signed     39x39      40               
     final_adder_u_e5m2_4_reduction_add_141_68
                           +       signed     13x13x1    13               
     final_adder_u_e5m2_4_reduction_add_140_51
                           +       signed     23x23x1    23               
==========================================================================
e5m2_4_fixed8_mxfp_aitb_comp_wrapper
 u_e5m2_4_fixed8_mxfp_aitb_comp_top
  u_e5m2_4_mxfp_comp_dot_fixed_col2
   csa_tree_u_e5m2_4_reduction_add_140_51
    
    module:csa_tree_5010
                        wallace               21x21x21   23x23x1   266.15 
    equation:
    assign out_0 = (($signed(in_1) + $signed(in_2)) + $signed(in_0)); assign out_1 = 23'b0; assign out_2 = 1'b0;
--------------------------------------------------------------------------
     u_e5m2_4_reduction_add_140_51
                           +       signed     22x21      23               
     u_e5m2_4_reduction_add_140_34
                           +       signed     21x21      22               
==========================================================================
e5m2_4_fixed8_mxfp_aitb_comp_wrapper
 u_e5m2_4_fixed8_mxfp_aitb_comp_top
  u_e5m2_4_mxfp_comp_dot_fixed_col2
   csa_tree_u_e5m2_4_reduction_add_141_68
    
    module:csa_tree_4986
                        wallace               11x11x11x1 13x13x1   270.94 
                                              1                           
    equation:
    assign out_0 = ((($signed(in_2) + $signed(in_3)) + $signed(in_1)) + $signed(in_0)); assign out_1 = 13'b0; assign out_2 = 1'b0;
--------------------------------------------------------------------------
     u_e5m2_4_reduction_add_141_68
                           +       signed     13x11      13               
     u_e5m2_4_reduction_add_141_51
                           +       signed     12x11      13               
     u_e5m2_4_reduction_add_141_34
                           +       signed     11x11      12               
==========================================================================
e5m2_4_fixed8_mxfp_aitb_comp_wrapper
 u_e5m2_4_fixed8_mxfp_aitb_comp_top
  u_e5m2_4_mxfp_comp_dot_fixed_col2
   csa_tree_u_e5m2_4_reduction_u_reduction_add_29_28_I2_I1_groupi
    
    module:csa_tree_u_e5m2_4_reduction_u_reduction_add_29_28_I2_I1_group_55
     very_fast       csa_and_adder            78x78x78x7 80       3173.32 
                                              8                           
    equation:
    assign out_0 = (($signed(in_0) + $signed(in_1)) + ($signed(in_2) + $signed(in_3)));
--------------------------------------------------------------------------
     u_e5m2_4_reduction_u_reduction_add_29_28_I2_I1
                           +       signed     79x79      80               
     u_e5m2_4_reduction_u_reduction_add_29_28_I1_I1
                           +       signed     78x78      79               
     u_e5m2_4_reduction_u_reduction_add_29_28_I1_I2
                           +       signed     78x78      79               
==========================================================================
e5m2_4_fixed8_mxfp_aitb_comp_wrapper
 u_e5m2_4_fixed8_mxfp_aitb_comp_top
  u_e5m2_4_mxfp_comp_dot_fixed_col2
   inst_mxfp8_e5m2_mult[0].u_mxfp_mult_comp_shift_mxfp8_e5m2_u_mxfp_multiply_comp_mul_61_26
    
    module:mult_signed_1_1945
     very_fast/non_booth
                           *       signed     8x8        16        754.67 
==========================================================================
e5m2_4_fixed8_mxfp_aitb_comp_wrapper
 u_e5m2_4_fixed8_mxfp_aitb_comp_top
  u_e5m2_4_mxfp_comp_dot_fixed_col2
   inst_mxfp8_e5m2_mult[1].u_mxfp_mult_comp_shift_mxfp8_e5m2_u_mxfp_multiply_comp_mul_61_26
    
    module:mult_signed_1_1945
     very_fast/non_booth
                           *       signed     8x8        16        754.67 
==========================================================================
e5m2_4_fixed8_mxfp_aitb_comp_wrapper
 u_e5m2_4_fixed8_mxfp_aitb_comp_top
  u_e5m2_4_mxfp_comp_dot_fixed_col2
   inst_mxfp8_e5m2_mult[2].u_mxfp_mult_comp_shift_mxfp8_e5m2_u_mxfp_multiply_comp_mul_61_26
    
    module:mult_signed_1_1941
     very_fast/non_booth
                           *       signed     8x8        16        754.67 
==========================================================================
e5m2_4_fixed8_mxfp_aitb_comp_wrapper
 u_e5m2_4_fixed8_mxfp_aitb_comp_top
  u_e5m2_4_mxfp_comp_dot_fixed_col2
   inst_mxfp8_e5m2_mult[3].u_mxfp_mult_comp_shift_mxfp8_e5m2_u_mxfp_multiply_comp_mul_61_26
    
    module:mult_signed_1_1945
     very_fast/non_booth
                           *       signed     8x8        16        754.67 
==========================================================================
e5m2_4_fixed8_mxfp_aitb_comp_wrapper
 u_e5m2_4_fixed8_mxfp_aitb_comp_top
  u_e5m2_4_mxfp_comp_dot_fixed_col2
   inst_mxfp8_mult[0].u_mxfp_mult_comp_shift_mxfp8_e4m3_u_mxfp_multiply_comp_mul_61_26
    
    module:mult_signed_1
     very_fast/non_booth
                           *       signed     8x8        16        754.67 
==========================================================================
e5m2_4_fixed8_mxfp_aitb_comp_wrapper
 u_e5m2_4_fixed8_mxfp_aitb_comp_top
  u_e5m2_4_mxfp_comp_dot_fixed_col2
   inst_mxfp8_mult[1].u_mxfp_mult_comp_shift_mxfp8_e4m3_u_mxfp_multiply_comp_mul_61_26
    
    module:mult_signed_1
     very_fast/non_booth
                           *       signed     8x8        16        754.67 
==========================================================================
e5m2_4_fixed8_mxfp_aitb_comp_wrapper
 u_e5m2_4_fixed8_mxfp_aitb_comp_top
  u_e5m2_4_mxfp_comp_dot_fixed_col2
   inst_mxfp8_mult[2].u_mxfp_mult_comp_shift_mxfp8_e4m3_u_mxfp_multiply_comp_mul_61_26
    
    module:mult_signed_1_1942
     very_fast/non_booth
                           *       signed     8x8        16        754.67 
==========================================================================
e5m2_4_fixed8_mxfp_aitb_comp_wrapper
 u_e5m2_4_fixed8_mxfp_aitb_comp_top
  u_e5m2_4_mxfp_comp_dot_fixed_col2
   inst_mxfp8_mult[3].u_mxfp_mult_comp_shift_mxfp8_e4m3_u_mxfp_multiply_comp_mul_61_26
    
    module:mult_signed_1
     very_fast/non_booth
                           *       signed     8x8        16        754.67 
==========================================================================
e5m2_4_fixed8_mxfp_aitb_comp_wrapper
 u_e5m2_4_fixed8_mxfp_aitb_comp_top
  u_e5m2_4_mxfp_comp_dot_fixed_col2
   u_e5m2_4_reduction_add_139_35_Y_final_adder_u_e5m2_4_reduction_add_141_68_Y_final_adder_u_e5m2_4_reduction_add_140_51
    
    module:add_signed_carry_7674
     very_fast             +       signed     39x39x1    40        524.10 
    equation:
    assign Z = $signed(A)+$signed(B)+$signed({1'b0,CI});
--------------------------------------------------------------------------
     u_e5m2_4_reduction_add_139_35
                           +       signed     39x39      40               
     final_adder_u_e5m2_4_reduction_add_141_68
                           +       signed     13x13x1    13               
     final_adder_u_e5m2_4_reduction_add_140_51
                           +       signed     23x23x1    23               
==========================================================================
e5m2_4_fixed8_mxfp_aitb_comp_wrapper
 u_e5m2_4_fixed8_mxfp_aitb_comp_top
  u_fix2fp32_col1_csa_tree_add_103_80_groupi
   
   module:csa_tree_add_103_80_group_29322
    very_fast        csa_and_adder            2x7x8x8x8  10        275.05 
   equation:
   assign out_0 = (((($signed({1'b0,in_3}) + $signed({1'b0,in_4})) + $signed(in_2)) - $signed({1'b0,in_1})) + $signed({1'b0,in_0}));
--------------------------------------------------------------------------
    add_103_80             +       signed     10x2       10               
    sub_103_48             -       unsigned   10x7       10               
    add_41_96              +       signed     10x8       10               
    add_41_62              +       unsigned   8x8        9                
==========================================================================
e5m2_4_fixed8_mxfp_aitb_comp_wrapper
 u_e5m2_4_fixed8_mxfp_aitb_comp_top
  u_fix2fp32_col2_csa_tree_add_103_80_groupi
   
   module:csa_tree_add_103_80_group_29322
    very_fast        csa_and_adder            2x7x8x8x8  10        275.05 
   equation:
   assign out_0 = (((($signed({1'b0,in_3}) + $signed({1'b0,in_4})) + $signed(in_2)) - $signed({1'b0,in_1})) + $signed({1'b0,in_0}));
--------------------------------------------------------------------------
    add_103_80             +       signed     10x2       10               
    sub_103_48             -       unsigned   10x7       10               
    add_41_96              +       signed     10x8       10               
    add_41_62              +       unsigned   8x8        9                
==========================================================================

      Type       CellArea Percentage 
-------------------------------------
datapath modules 22325.48      39.07 
external muxes       0.00       0.00 
others           34816.95      60.93 
-------------------------------------
total            57142.43     100.00 

