###############################################################
#  Generated by:      Cadence Innovus 21.17-s075_1
#  OS:                Linux x86_64(Host ID KingsLanding)
#  Generated on:      Thu Apr  2 23:52:53 2026
#  Design:            naive_mxfp_aitb_comp_top
#  Command:           report_timing > timing.rpt
###############################################################
Path 1: VIOLATED (-523.634 ps) Setup Check with Pin PIPE_OUT_col1_stage_reg_reg[0][3]/CLK->D
               View: PVT_0P63V_100C.setup_view
              Group: clk
         Startpoint: (R) PIPE_OUT_col1_stage_reg_reg[0][8]/CLK
              Clock: (R) clk
           Endpoint: (F) PIPE_OUT_col1_stage_reg_reg[0][3]/D
              Clock: (R) clk

                        Capture        Launch
         Clock Edge:+  1000.000         0.000
        Src Latency:+  -236.342      -236.342
        Net Latency:+   263.500 (P)   301.500 (P)
            Arrival:=  1027.158        65.158

              Setup:-     7.634
        Uncertainty:-   100.000
        Cppr Adjust:+     0.000
      Required Time:=   919.524
       Launch Clock:=    65.158
          Data Path:+  1378.000
              Slack:=  -523.634

#-------------------------------------------------------------------------------------------------------------------------------------------
# Timing Point                                           Flags  Arc      Edge  Cell                       Fanout   Trans    Delay    Arrival  
#                                                                                                                   (ps)     (ps)       (ps)  
#-------------------------------------------------------------------------------------------------------------------------------------------
  PIPE_OUT_col1_stage_reg_reg[0][8]/CLK                  -      CLK      R     (arrival)                       1  21.500        -     65.158  
  PIPE_OUT_col1_stage_reg_reg[0][8]/QN                   -      CLK->QN  F     ASYNC_DFFHx1_ASAP7_75t_SL       2  21.500   54.600    119.758  
  FE_RC_1075_0/Y                                         -      B1->Y    R     AOI22x1_ASAP7_75t_SL            4  32.200   36.500    156.258  
  g49998/Y                                               -      B->Y     F     NOR2x1_ASAP7_75t_SL             1  66.600   16.100    172.358  
  FE_RC_1326_0/Y                                         -      B->Y     R     AOI211x1_ASAP7_75t_SL           1  35.800   16.600    188.958  
  g49657/Y                                               -      B->Y     F     NAND2xp5_ASAP7_75t_SL           1  30.200   10.700    199.658  
  FE_RC_1286_0/Y                                         -      A2->Y    R     OAI21xp5_ASAP7_75t_SL           1  18.500   24.100    223.758  
  FE_RC_101_0/Y                                          -      A2->Y    F     AOI311xp33_ASAP7_75t_SL         1  42.100   23.600    247.358  
  FE_OFC860_n_3815/Y                                     -      A->Y     F     BUFx10_ASAP7_75t_SL            21  45.900   41.500    288.858  
  FE_RC_1354_0/Y                                         -      A->Y     R     INVx11_ASAP7_75t_SL            13  39.400   21.700    310.558  
  FE_OCPC3150_FE_OCPN50199_FE_OFN273_n_3815/Y            -      A->Y     F     INVx2_ASAP7_75t_SL              2  27.800    7.600    318.158  
  g49451/Y                                               -      B->Y     R     OAI21xp5_ASAP7_75t_SL           1  12.800   10.500    328.658  
  g49333/Y                                               -      B->Y     F     OAI21xp5_ASAP7_75t_SL           1  29.000   18.100    346.758  
  g49165/Y                                               -      B->Y     R     NOR2x1p5_ASAP7_75t_SL           2  35.100   19.100    365.858  
  FE_RC_1133_0/Y                                         -      C->Y     F     NAND4xp75_ASAP7_75t_SL          4  31.600   29.100    394.958  
  FE_RC_1_0/Y                                            -      A2->Y    R     AOI21x1_ASAP7_75t_SL            2  55.100   24.600    419.558  
  FE_OFC366_n_4094/Y                                     -      A->Y     R     BUFx6f_ASAP7_75t_SL             8  44.100   28.200    447.758  
  FE_RC_1276_0/Y                                         -      A1->Y    F     OAI22x1_ASAP7_75t_SL            3  27.100   21.000    468.758  
  FE_RC_1358_0/Y                                         -      A2->Y    R     AOI21x1_ASAP7_75t_SL            1  36.100   16.400    485.158  
  FE_RC_1459_0/Y                                         -      A2->Y    F     OAI22x1_ASAP7_75t_SL            2  28.400   19.400    504.558  
  g48652/Y                                               -      A->Y     R     INVx2_ASAP7_75t_SL              1  29.600   10.000    514.558  
  g48605/Y                                               -      B1->Y    F     OAI22x1_ASAP7_75t_SL            2  15.400   14.100    528.658  
  FE_RC_1210_0/Y                                         -      B2->Y    R     AOI22x1_ASAP7_75t_SL            1  30.300   17.400    546.058  
  g48493/Y                                               -      B->Y     F     XNOR2x2_ASAP7_75t_SL            2  30.900   39.200    585.258  
  addinc_FP32_ALU_col1_fracAdder_add_113_18_g2349/Y      -      A->Y     R     NOR2x2_ASAP7_75t_SL             3  22.200   16.200    601.458  
  addinc_FP32_ALU_col1_fracAdder_add_113_18_g2279/Y      -      B->Y     F     NOR2x1p5_ASAP7_75t_SL           1  43.500   11.800    613.258  
  FE_RC_62_0/Y                                           -      A2->Y    R     AOI21x1_ASAP7_75t_SL            1  18.700   15.300    628.558  
  FE_RC_61_0/Y                                           -      B->Y     F     NAND2x1p5_ASAP7_75t_SL          3  26.200   12.500    641.058  
  addinc_FP32_ALU_col1_fracAdder_add_113_18_g2165_dup/Y  -      A2->Y    F     AO211x2_ASAP7_75t_SL            2  20.600   25.900    666.958  
  addinc_FP32_ALU_col1_fracAdder_add_113_18_g2151/Y      -      B->Y     R     NAND2x1p5_ASAP7_75t_SL          2  18.200   15.100    682.058  
  addinc_FP32_ALU_col1_fracAdder_add_113_18_g2136/Y      -      B->Y     R     AND2x4_ASAP7_75t_SL             6  27.900   24.700    706.758  
  FE_RC_976_0/Y                                          -      A2->Y    F     OAI21xp5_ASAP7_75t_SL           1  18.200   14.500    721.258  
  FE_RC_975_0/Y                                          -      A->Y     F     XNOR2xp5_ASAP7_75t_SL           2  22.700   34.000    755.258  
  FE_RC_1020_0/Y                                         -      C->Y     R     NOR4xp75_ASAP7_75t_SL           2  41.800   31.300    786.558  
  FE_RC_568_0/Y                                          -      A->Y     R     AND3x4_ASAP7_75t_SL             6  54.800   36.200    822.758  
  g46416/Y                                               -      A2->Y    F     AOI21x1_ASAP7_75t_SL            2  26.700   12.000    834.758  
  FE_RC_1284_0/Y                                         -      D->Y     R     NAND4xp75_ASAP7_75t_SL          2  37.800   18.700    853.458  
  g46380/Y                                               -      A->Y     R     OR2x2_ASAP7_75t_SL              2  30.400   26.300    879.758  
  FE_OCPC2434_n_1705/Y                                   -      A->Y     F     INVx3_ASAP7_75t_SL              3  19.100    8.700    888.458  
  FE_RC_54_0_dup/Y                                       -      A1->Y    R     AOI21x1_ASAP7_75t_SL            1  12.900   14.000    902.458  
  g46339/Y                                               -      B->Y     F     NAND2x1p5_ASAP7_75t_SL          2  32.900   16.700    919.158  
  FE_RC_1032_0/Y                                         -      B->Y     R     NOR2x2_ASAP7_75t_SL             5  27.700   19.000    938.158  
  g46326_dup/Y                                           -      A2->Y    F     AOI21x1_ASAP7_75t_SL            1  31.500   10.200    948.358  
  g46314_dup/Y                                           -      A->Y     F     AND2x4_ASAP7_75t_SL             2  26.100   25.600    973.958  
  FE_RC_355_0/Y                                          -      A->Y     R     NAND2x1p5_ASAP7_75t_SL          1  14.500   12.800    986.758  
  FE_RC_354_0/Y                                          -      B->Y     F     NAND2x1p5_ASAP7_75t_SL          1  18.700   10.600    997.358  
  g46280_dup/Y                                           -      B->Y     R     NOR2x1p5_ASAP7_75t_SL           1  20.300   13.700   1011.058  
  g46259/Y                                               -      B->Y     F     NAND2x2_ASAP7_75t_SL            5  22.300   14.800   1025.858  
  FE_RC_737_0/Y                                          -      A2->Y    R     AOI21x1_ASAP7_75t_SL            1  41.400   25.400   1051.258  
  FE_OCPC2100_n_1823/Y                                   -      A->Y     F     INVx5_ASAP7_75t_SL             16  45.100   29.000   1080.258  
  FE_RC_374_0/Y                                          -      B1->Y    R     OAI22x1_ASAP7_75t_SL            2  51.700   22.900   1103.158  
  FE_OFC1004_n_1876/Y                                    -      A->Y     F     INVx2_ASAP7_75t_SL              2  42.300   12.000   1115.158  
  FE_RC_397_0/Y                                          -      A1->Y    R     OAI22x1_ASAP7_75t_SL            1  20.500   15.600   1130.758  
  FE_RC_1207_0/Y                                         -      A2->Y    F     AOI22x1_ASAP7_75t_SL            2  31.700   18.000   1148.758  
  FE_RC_636_0/Y                                          -      B1->Y    R     OAI22x1_ASAP7_75t_SL            3  31.100   24.500   1173.258  
  FE_RC_1177_0/Y                                         -      B->Y     F     NAND4xp75_ASAP7_75t_SL          1  45.800   18.200   1191.458  
  g45461/Y                                               -      A->Y     R     NOR2x1p5_ASAP7_75t_SL           1  35.400   12.500   1203.958  
  FE_RC_922_0/Y                                          -      A->Y     F     NAND4xp75_ASAP7_75t_SL          2  21.900   19.000   1222.958  
  g45305/Y                                               -      B->Y     R     NOR2x1p5_ASAP7_75t_SL           4  39.500   22.100   1245.058  
  FE_RC_73_0/Y                                           -      A->Y     R     AND2x4_ASAP7_75t_SL             3  43.200   22.800   1267.858  
  FE_RC_93_0/Y                                           -      A->Y     R     AND2x4_ASAP7_75t_SL             2  17.600   17.900   1285.758  
  g45205/Y                                               -      B->Y     F     NAND2x1p5_ASAP7_75t_SL          1  12.100    7.800   1293.558  
  g45149/Y                                               -      B->Y     F     XNOR2xp5_ASAP7_75t_SL           2  11.400   23.800   1317.358  
  g45078/Y                                               -      A->Y     R     NAND3xp33_ASAP7_75t_SL          1  26.500   13.300   1330.658  
  g45057/Y                                               -      A->Y     F     NOR2xp33_ASAP7_75t_SL           1  22.800   17.000   1347.658  
  g45042/Y                                               -      A->Y     R     NAND2xp5_ASAP7_75t_SL           1  26.200   14.000   1361.658  
  FE_RC_380_0/Y                                          -      A1->Y    F     OAI21xp5_ASAP7_75t_SL           1  20.400   18.100   1379.758  
  g45020/Y                                               -      A->Y     R     NAND2x1p5_ASAP7_75t_SL          3  35.300   25.100   1404.858  
  FE_OCPC2095_n_2621/Y                                   -      A->Y     R     BUFx6f_ASAP7_75t_SL             7  55.700   30.700   1435.558  
  g45009/Y                                               -      B->Y     F     NAND2x1p5_ASAP7_75t_SL          1  33.400    7.600   1443.158  
  PIPE_OUT_col1_stage_reg_reg[0][3]/D                    -      D        F     ASYNC_DFFHx1_ASAP7_75t_SL       1  15.500    0.000   1443.158  
#-------------------------------------------------------------------------------------------------------------------------------------------

