###############################################################
#  Generated by:      Cadence Innovus 21.17-s075_1
#  OS:                Linux x86_64(Host ID KingsLanding)
#  Generated on:      Fri Apr  3 13:32:44 2026
#  Design:            noe5m2_mxfp_aitb_comp_top
#  Command:           report_timing > timing.rpt
###############################################################
Path 1: VIOLATED (-520.439 ps) Setup Check with Pin PIPE_OUT_col2_stage_reg_reg[0][15]/CLK->D
               View: PVT_0P63V_100C.setup_view
              Group: clk
         Startpoint: (R) zero_en
              Clock:
           Endpoint: (R) PIPE_OUT_col2_stage_reg_reg[0][15]/D
              Clock: (R) clk

                        Capture       Launch
         Clock Edge:+  1000.000        0.000
        Src Latency:+  -254.866        0.000
        Net Latency:+   248.100 (P)    0.000 (I)
            Arrival:=   993.234        0.000

              Setup:-     9.073
        Uncertainty:-   100.000
        Cppr Adjust:+     0.000
      Required Time:=   884.161
       Launch Clock:=     0.000
          Data Path:+  1404.600
              Slack:=  -520.439

#---------------------------------------------------------------------------------------------------------------------------------------
# Timing Point                                       Flags  Arc      Edge  Cell                       Fanout   Trans    Delay    Arrival  
#                                                                                                               (ps)     (ps)       (ps)  
#---------------------------------------------------------------------------------------------------------------------------------------
  zero_en                                            -      zero_en  R     (arrival)                       1   4.000    1.600      1.600  
  g63063/Y                                           -      A->Y     F     INVx6_ASAP7_75t_SL              2   5.500    6.100      7.700  
  g62985/Y                                           -      B->Y     F     AND2x4_ASAP7_75t_SL             4  11.100   27.700     35.400  
  FE_OFC1176_n_2930/Y                                -      A->Y     R     INVx6_ASAP7_75t_SL              1  28.400   14.100     49.500  
  FE_OFC1456_n_2930/Y                                -      A->Y     F     INVx6_ASAP7_75t_SL              4  26.900   16.100     65.600  
  FE_OFC1458_n_2930/Y                                -      A->Y     F     BUFx12f_ASAP7_75t_SL           16  33.900   35.900    101.500  
  FE_RC_2023_0/Y                                     -      B2->Y    R     AOI22x1_ASAP7_75t_SL            4  27.100   35.300    136.800  
  g61908/Y                                           -      B2->Y    F     AOI22xp5_ASAP7_75t_SL           1  72.700   15.200    152.000  
  FE_RC_2169_0/Y                                     -      A2->Y    R     OAI321xp33_ASAP7_75t_SL         1  32.800   33.600    185.600  
  g61726__4733/Y                                     -      B->Y     F     AOI21x1_ASAP7_75t_SL            3  64.400   20.300    205.900  
  FE_RC_2431_0/Y                                     -      B->Y     R     OAI21xp5_ASAP7_75t_SL           1  34.000   19.300    225.200  
  g61697__7410/Y                                     -      A->Y     F     NAND2x1p5_ASAP7_75t_SL          6  42.800   21.000    246.200  
  g61644__7482_dup/Y                                 -      B->Y     F     AND2x4_ASAP7_75t_SL             7  37.800   30.300    276.500  
  FE_RC_1770_0/Y                                     -      B->Y     F     OR2x2_ASAP7_75t_SL              1  21.500   24.800    301.300  
  FE_RC_760_0/Y                                      -      A->Y     R     NAND2x1p5_ASAP7_75t_SL          2  14.800   17.000    318.300  
  g61263__6783/Y                                     -      A->Y     F     NOR2x1p5_ASAP7_75t_SL           3  25.900   21.800    340.100  
  FE_RC_1850_0/Y                                     -      B->Y     R     NAND4xp75_ASAP7_75t_SL          1  31.500   15.500    355.600  
  FE_RC_2758_0/Y                                     -      A->Y     F     NAND4xp75_ASAP7_75t_SL          1  28.300   18.100    373.700  
  g61091__6161/Y                                     -      B->Y     R     NAND2x1p5_ASAP7_75t_SL          3  34.000   16.300    390.000  
  g61077__6131_dup/Y                                 -      A->Y     R     OR2x4_ASAP7_75t_SL              5  22.800   37.600    427.600  
  FE_RC_552_0/Y                                      -      B->Y     F     NOR2x2_ASAP7_75t_SL             5  34.100   25.300    452.900  
  FE_RC_583_0/Y                                      -      B->Y     R     NAND2x2_ASAP7_75t_SL            5  38.600   26.100    479.000  
  FE_RC_2742_0/Y                                     -      B1->Y    R     OA22x2_ASAP7_75t_SL             1  37.200   22.600    501.600  
  g60738__1617/Y                                     -      B->Y     R     AND2x4_ASAP7_75t_SL             1  18.100   17.900    519.500  
  FE_RC_1737_0/Y                                     -      A1->Y    F     OAI22x1_ASAP7_75t_SL            1   9.900   11.600    531.100  
  g60519__6161/Y                                     -      A->Y     R     NOR2x1p5_ASAP7_75t_SL           1  26.300   13.600    544.700  
  FE_RC_488_0/Y                                      -      B->Y     R     XOR2x1_ASAP7_75t_SL             3  26.100   37.900    582.600  
  addinc_FP32_ALU_col2_fracAdder_add_113_18_g1266/Y  -      B->Y     F     NOR2x1p5_ASAP7_75t_SL           3  65.300   16.500    599.100  
  FE_RC_1025_0/Y                                     -      A2->Y    R     OAI21xp5_ASAP7_75t_SL           1  28.200   21.400    620.500  
  FE_RC_2119_0/Y                                     -      A1->Y    F     AOI21x1_ASAP7_75t_SL            1  36.200   16.100    636.600  
  FE_RC_963_0/Y                                      -      B->Y     R     NAND2x1p5_ASAP7_75t_SL          1  26.800   13.400    650.000  
  addinc_FP32_ALU_col2_fracAdder_add_113_18_g1091/Y  -      A2->Y    F     AOI21x1_ASAP7_75t_SL            2  18.000   13.800    663.800  
  addinc_FP32_ALU_col2_fracAdder_add_113_18_g1078/Y  -      A->Y     F     AND2x4_ASAP7_75t_SL             7  26.100   28.200    692.000  
  addinc_FP32_ALU_col2_fracAdder_add_113_18_g1068/Y  -      A2->Y    R     OAI21xp5_ASAP7_75t_SL           1  17.900   19.100    711.100  
  addinc_FP32_ALU_col2_fracAdder_add_113_18_g1048/Y  -      B->Y     R     XOR2xp5_ASAP7_75t_SL            2  31.800   38.600    749.700  
  FE_RC_651_0/Y                                      -      B->Y     F     NOR4xp75_ASAP7_75t_SL           1  63.100   18.900    768.600  
  g49818/Y                                           -      B->Y     R     NAND3x2_ASAP7_75t_SL            2  32.100   26.600    795.200  
  FE_RC_500_0/Y                                      -      A->Y     F     INVx6_ASAP7_75t_SL              9  41.900   16.000    811.200  
  g49798/Y                                           -      A2->Y    R     AOI21x1_ASAP7_75t_SL            3  27.200   24.800    836.000  
  FE_RC_2049_0/Y                                     -      A->Y     F     NAND4xp75_ASAP7_75t_SL          1  50.100   19.900    855.900  
  FE_RC_864_0/Y                                      -      A->Y     R     NOR2x1p5_ASAP7_75t_SL           3  39.100   21.200    877.100  
  g49729/Y                                           -      A2->Y    F     AOI21x1_ASAP7_75t_SL            2  36.700   14.000    891.100  
  g49702/Y                                           -      A->Y     R     NAND2x1p5_ASAP7_75t_SL          2  26.500   22.400    913.500  
  g49701_dup/Y                                       -      A->Y     F     NOR2x1p5_ASAP7_75t_SL           3  34.000   17.300    930.800  
  g49681/Y                                           -      A2->Y    R     AOI21x1_ASAP7_75t_SL            3  25.800   21.900    952.700  
  FE_RC_1968_0/Y                                     -      A1->Y    F     AOI21x1_ASAP7_75t_SL            4  39.600   19.300    972.000  
  g49639_dup/Y                                       -      A2->Y    F     AO221x1_ASAP7_75t_SL            1  32.200   32.000   1004.000  
  FE_RC_8_0/Y                                        -      A1->Y    R     AOI21x1_ASAP7_75t_SL            2  21.600   18.300   1022.300  
  FE_RC_6_0/Y                                        -      A->Y     R     AND2x6_ASAP7_75t_SL             2  31.700   34.300   1056.600  
  FE_RC_7_0_dup/Y                                    -      A->Y     F     INVx13_ASAP7_75t_SL            12  37.000   10.300   1066.900  
  FE_RC_2177_0/Y                                     -      B2->Y    R     AOI22x1_ASAP7_75t_SL            1  23.700   16.200   1083.100  
  FE_RC_2173_0/Y                                     -      A->Y     F     INVx2_ASAP7_75t_SL              2  28.400   13.400   1096.500  
  g49283/Y                                           -      A1->Y    R     AOI22x1_ASAP7_75t_SL            3  18.900   21.800   1118.300  
  FE_RC_941_0/Y                                      -      A1->Y    F     OAI22x1_ASAP7_75t_SL            1  42.500   18.300   1136.600  
  FE_RC_2662_0/Y                                     -      B->Y     R     AOI21x1_ASAP7_75t_SL            1  30.400   14.900   1151.500  
  g48943/Y                                           -      B->Y     F     OAI21xp5_ASAP7_75t_SL           2  23.000   23.600   1175.100  
  g48880/Y                                           -      B->Y     R     NAND2x1p5_ASAP7_75t_SL          2  44.900   29.500   1204.600  
  FE_RC_1334_0/Y                                     -      A->Y     F     NOR3x2_ASAP7_75t_SL             3  43.200   21.100   1225.700  
  FE_RC_2435_0/Y                                     -      C->Y     R     NAND4xp75_ASAP7_75t_SL          1  28.200   18.300   1244.000  
  g48766/Y                                           -      B->Y     F     NOR2x1p5_ASAP7_75t_SL           2  27.200   14.100   1258.100  
  g50881/Y                                           -      B->Y     F     XNOR2xp5_ASAP7_75t_SL           2  21.200   29.500   1287.600  
  g48677/Y                                           -      B->Y     R     NOR2x1p5_ASAP7_75t_SL           3  35.500   16.300   1303.900  
  g48589_dup1/Y                                      -      C->Y     R     AND3x2_ASAP7_75t_SL             1  27.500   27.300   1331.200  
  FE_RC_1429_0_dup/Y                                 -      A1->Y    R     AO31x2_ASAP7_75t_SL             2  18.200   37.400   1368.600  
  FE_OCPC2543_n_2383/Y                               -      A->Y     F     INVx6_ASAP7_75t_SL             12  47.200   15.900   1384.500  
  FE_RC_1913_0/Y                                     -      B1->Y    R     AOI221x1_ASAP7_75t_SL           1  32.500   20.100   1404.600  
  PIPE_OUT_col2_stage_reg_reg[0][15]/D               -      D        R     ASYNC_DFFHx1_ASAP7_75t_SL       1  78.100    0.000   1404.600  
#---------------------------------------------------------------------------------------------------------------------------------------

