//
// Generated by ip_gen_sv_wrapper.tcl
//

acc_en is not part of a group. Using ai_tensor_slice_acc_en_if.
clk is not part of a group. Using ai_tensor_slice_clk_if.
data_in_1 is not part of a group. Using ai_tensor_slice_data_in_1_if.
data_in_2 is not part of a group. Using ai_tensor_slice_data_in_2_if.
data_in_3 is not part of a group. Using ai_tensor_slice_data_in_3_if.
data_in_4 is not part of a group. Using ai_tensor_slice_data_in_4_if.
data_in_5 is not part of a group. Using ai_tensor_slice_data_in_5_if.
data_in_6 is not part of a group. Using ai_tensor_slice_data_in_6_if.
data_in_7 is not part of a group. Using ai_tensor_slice_data_in_7_if.
data_in_8 is not part of a group. Using ai_tensor_slice_data_in_8_if.
data_in_9 is not part of a group. Using ai_tensor_slice_data_in_9_if.
data_in_10 is not part of a group. Using ai_tensor_slice_data_in_10_if.
fp32_col_1 is not part of a group. Using ai_tensor_slice_fp32_col_1_if.
fp32_col_1_flag is not part of a group. Using ai_tensor_slice_fp32_col_1_flag_if.
fp32_col_2 is not part of a group. Using ai_tensor_slice_fp32_col_2_if.
fp32_col_2_flag is not part of a group. Using ai_tensor_slice_fp32_col_2_flag_if.
load_bb_one is not part of a group. Using ai_tensor_slice_load_bb_one_if.
load_bb_two is not part of a group. Using ai_tensor_slice_load_bb_two_if.
load_buf_sel is not part of a group. Using ai_tensor_slice_load_buf_sel_if.
shared_exponent_data is not part of a group. Using ai_tensor_slice_shared_exponent_data_if.
zero_en is not part of a group. Using ai_tensor_slice_zero_en_if.
