/CMC/tools/synopsys/hspice_vV-2023.12/hspice/V-2023.12/hspice/bin/cshrc.meta: No such file or directory.
 ****** PrimeSim HSPICE -- V-2023.12-SP2-2 linux64 (Aug 05 2024 9120765) ******
  Copyright (c) 1986 - 2026 by Synopsys, Inc. All Rights Reserved.
  This software and the associated documentation are proprietary
  to Synopsys, Inc. This software may only be used in accordance
  with the terms and conditions of a written license agreement with
  Synopsys, Inc. All other use, reproduction, or distribution of
  this software is strictly prohibited.
  Input File: lut_c_driver.sp                                                   
  Command line options: /CMC/tools/synopsys/hspice_vV-2023.12-SP2-2/hspice/V-2023.12-SP2-2/hspice/linux64/hspice lut_c_driver.sp
  Start time: Fri Apr  3 20:59:50 2026
 lic:  
 lic: FLEXlm: SDK_12.11.9.5 
 lic: USER:   aelsousy             HOSTNAME: KingsLanding 
 lic: HOSTID: 42711dd2             PID:      3044542 
 lic: Using FLEXlm license file: 
 lic: 6053@cadpass2.eng.uwaterloo.ca 
 lic: Checkout 1 hspice 
 lic: License/Maintenance for hspice will expire on 19-mar-2027/2026.03 
 lic: 2(in_use)/500(total) FLOATING license(s) on SERVER 6053@cadpass2.eng.uwaterloo.ca 
 lic:   
 
  **info**: .option gmin=1e-12 is scaled to gmin=1e-15 for BSIM-CMG.
  **info**: .option gmindc=1e-12 is scaled to gmindc=1e-15 for BSIM-CMG.

  **info** (lut_c_driver.sp:17) DC voltage reset to initial transient source value in source 0:vin. new dc=0.0000D+00
  **warning** (lut_c_driver.sp:17) pulse rise time is  < or = zero, reset to tstep
  **warning** (lut_c_driver.sp:17) pulse fall time is  < or = zero, reset to tstep
             
 Summary of Linear Res Distribution Info
 ---------------------------------------
 |Range          |Total     |Percent(%)|
 |---------------+----------+----------|
 |1e+00  ~  1e+03|105       |100.0000  |
 ---------------------------------------
              
             
 Summary of Linear Cap Distribution Info
 ---------------------------------------
 |Range          |Total     |Percent(%)|
 |---------------+----------+----------|
 |1e-18  ~  1e-17|2         |0.9524    |
 |1e-17  ~  1e-16|114       |54.2857   |
 |1e-16  ~  1e-15|94        |44.7619   |
 ---------------------------------------
              
             
 Summary of Detailed RC Type Statistics
 -------------------------
 |Element Type|Number    |
 |------------+----------|
 |Constant Res|105       |
 |            |          |
 |Constant Cap|210       |
 -------------------------
              
  
  **warning**  the following singular supplies have a terminal that is not connected to any other element
 supply                 node1                  node2
 vrefmtjn            0:vrefmtj          defined in subckt 0            0:0                defined in subckt 0
 vsupplylp           0:vdd_lp           defined in subckt 0            0:0                defined in subckt 0
 vclmomtjn           0:vclmpmtj         defined in subckt 0            0:0                defined in subckt 0
  
      
 **info** set option symb=1 internally to help for convergence.
 *****************************************************************
 ******  option summary
 ******
 runlvl  = 3         bypass  = 2.0000    

   *** data name = sweep_data , index =     1 ***

 ******
 .title lut_c_driver

 ****** transient analysis tnom=  25.000 temp=  25.000 ******
 meas_inv_lut_c_driver_0_tfall=  11.8235p  targ=   2.0782n   trig=   2.0664n
 meas_inv_lut_c_driver_0_trise=  13.8736p  targ=  66.3365p   trig=  52.4630p
 meas_inv_lut_c_driver_1_tfall=  21.2329p  targ=  73.6958p   trig=  52.4630p
 meas_inv_lut_c_driver_1_trise=  20.6339p  targ=   2.0870n   trig=   2.0664n
 meas_inv_lut_c_driver_2_tfall=  33.8877p  targ=   2.1003n   trig=   2.0664n
 meas_inv_lut_c_driver_2_trise=  37.9187p  targ=  90.3816p   trig=  52.4630p
 meas_total_tfall=  33.8877p  targ=   2.1003n   trig=   2.0664n
 meas_total_trise=  37.9187p  targ=  90.3816p   trig=  52.4630p
 meas_logic_low_voltage=   2.4624u
 meas_current=  -5.2281f  from=   0.             to=   4.0000n
 meas_avg_power=   1.0456u

          ***** job concluded
1****** PrimeSim HSPICE -- V-2023.12-SP2-2 linux64 (Aug 05 2024 9120765) ******
 ******  
 .title lut_c_driver

 ****** job statistics summary tnom=  25.000 temp=  25.000 ******
  
 ******  Machine Information  ******
 CPU:
 model name	: Intel(R) Xeon(R) w9-3495X
 cpu MHz	: 798.108
 CPU(s)		: 112
  
 OS:
 Linux version 6.8.0-106-generic (buildd@lcy02-amd64-074) (x86_64-linux-gnu-gcc-13 (Ubuntu 13.3.0-6ubuntu2~24.04.1) 13.3.0, GNU ld (GNU Binutils for Ubuntu) 2.42) #106-Ubuntu SMP PREEMPT_DYNAMIC Fri Mar  6 07:58:08 UTC 2026

 System loadavg : 1.69 2.00 2.09 2/3639 3044546


  ******  PrimeSim HSPICE Threads Information  ******

  Command Line Threads Count :     1
  Available CPU Count        :   112
  Actual Threads Count       :     1


  ******  Circuit Statistics  ******
  # nodes       =     138 # elements   =     549
  # resistors   =     105 # capacitors =     210 # inductors   =       0
  # mutual_inds =       0 # vccs       =       0 # vcvs        =       0
  # cccs        =       0 # ccvs       =       0 # volt_srcs   =       8
  # curr_srcs   =       0 # diodes     =       0 # bjts        =       0
  # jfets       =       0 # mosfets    =     226 # U elements  =       0
  # T elements  =       0 # W elements =       0 # B elements  =       0
  # S elements  =       0 # P elements =       0 # va device   =       0
  # vector_srcs =       0 # N elements =       0


  ******  Runtime Statistics (seconds)  ******

  analysis           time    # points   tot. iter  conv.iter
  op point           0.01           1           8
  transient          0.07        4001         297         115 rev=         1
  readin             0.01
  errchk             0.01
  setup              0.00
  output             0.00


           peak memory used        488.95 megabytes
           total cpu time            0.09 seconds
           total elapsed time        0.44 seconds
           job started at     20:59:50 04/03/2026
           job ended   at     20:59:51 04/03/2026

>info:         ***** hspice job concluded
           job total runtime         0.44 seconds


 lic: Release hspice token(s) 
 lic: total license checkout elapse time:        0.35(s)
