###############################################################
#  Generated by:      Cadence Innovus 21.17-s075_1
#  OS:                Linux x86_64(Host ID KingsLanding)
#  Generated on:      Thu Apr  2 16:45:30 2026
#  Design:            fixed_input_e4m3_5_mxfp_aitb_wrapper
#  Command:           report_timing > timing.rpt
###############################################################
Path 1: VIOLATED (-518.478 ps) Setup Check with Pin aitb_PIPE_OUT_col2_stage_reg_reg[0][28]/CLK->D
               View: PVT_0P63V_100C.setup_view
              Group: clk
         Startpoint: (R) acc_en
              Clock:
           Endpoint: (R) aitb_PIPE_OUT_col2_stage_reg_reg[0][28]/D
              Clock: (R) clk

                        Capture       Launch
         Clock Edge:+  1000.000        0.000
        Src Latency:+  -254.192        0.000
        Net Latency:+   251.300 (P)    0.000 (I)
            Arrival:=   997.108        0.000

              Setup:-     7.086
        Uncertainty:-   100.000
        Cppr Adjust:+     0.000
      Required Time:=   890.022
       Launch Clock:=     0.000
          Data Path:+  1408.500
              Slack:=  -518.478

#-----------------------------------------------------------------------------------------------------------------------------------------------
# Timing Point                                                Flags  Arc     Edge  Cell                       Fanout   Trans    Delay    Arrival  
#                                                                                                                       (ps)     (ps)       (ps)  
#-----------------------------------------------------------------------------------------------------------------------------------------------
  acc_en                                                      -      acc_en  R     (arrival)                       2   4.100    5.800      5.800  
  aitb_g64344/Y                                               -      A->Y    F     INVx3_ASAP7_75t_SL              1  15.300    5.500     11.300  
  aitb_g64270/Y                                               -      A->Y    F     AND2x4_ASAP7_75t_SL             3   8.100   30.400     41.700  
  FE_OFC950_aitb_n_50448/Y                                    -      A->Y    R     INVx6_ASAP7_75t_SL              2  33.700   19.700     61.400  
  FE_OFC1707_aitb_n_50448/Y                                   -      A->Y    F     INVx8_ASAP7_75t_SL              8  35.200   15.800     77.200  
  FE_OCPC3153_FE_OFN32529_aitb_n_50448/Y                      -      A->Y    F     BUFx6f_ASAP7_75t_SL             4  31.300   22.900    100.100  
  FE_RC_1014_0/Y                                              -      A->Y    F     AND2x4_ASAP7_75t_SL             1  13.000   18.300    118.400  
  FE_RC_1013_0/Y                                              -      B->Y    R     AOI21x1_ASAP7_75t_SL            2   9.000   19.900    138.300  
  aitb_g63321/Y                                               -      B->Y    F     NOR2x1_ASAP7_75t_SL             1  40.200   10.900    149.200  
  aitb_g63027__6417/Y                                         -      A2->Y   R     AOI22xp5_ASAP7_75t_SL           1  22.300   14.900    164.100  
  aitb_g62978__8246/Y                                         -      A2->Y   F     AOI21xp5_ASAP7_75t_SL           1  28.200   13.100    177.200  
  FE_RC_2050_0/Y                                              -      A2->Y   R     OAI21xp5_ASAP7_75t_SL           1  26.400   21.600    198.800  
  FE_RC_2043_0/Y                                              -      A2->Y   F     AOI21x1_ASAP7_75t_SL            5  35.200   23.700    222.500  
  FE_RC_2064_0/Y                                              -      A1->Y   F     OA21x2_ASAP7_75t_SL             1  46.200   32.000    254.500  
  FE_RC_2065_0/Y                                              -      A->Y    R     INVx6_ASAP7_75t_SL             12  22.300   19.400    273.900  
  FE_RC_1460_0/Y                                              -      B1->Y   F     OAI22x1_ASAP7_75t_SL            1  39.000   15.200    289.100  
  FE_RC_1461_0/Y                                              -      A->Y    R     INVx3_ASAP7_75t_SL              2  29.500   13.100    302.200  
  FE_RC_951_0/Y                                               -      B->Y    F     NAND4xp75_ASAP7_75t_SL          1  19.500   17.000    319.200  
  FE_RC_1926_0/Y                                              -      B->Y    R     NOR3x1_ASAP7_75t_SL             1  40.900   17.200    336.400  
  FE_RC_2091_0/Y                                              -      B->Y    F     NAND4xp75_ASAP7_75t_SL          3  32.500   29.200    365.600  
  aitb_g62337/Y                                               -      A->Y    R     INVx2_ASAP7_75t_SL              2  55.200   14.500    380.100  
  aitb_g62233__6783/Y                                         -      A2->Y   F     OAI21xp5_ASAP7_75t_SL           1  24.200   18.100    398.200  
  FE_OFC721_aitb_n_47737/Y                                    -      A->Y    F     BUFx6f_ASAP7_75t_SL            12  30.300   30.000    428.200  
  FE_RC_1367_0/Y                                              -      A1->Y   R     OAI22x1_ASAP7_75t_SL            4  28.000   29.800    458.000  
  FE_RC_1742_0/Y                                              -      A2->Y   F     AOI21x1_ASAP7_75t_SL            1  60.700   13.000    471.000  
  FE_RC_2124_0/Y                                              -      A2->Y   R     OAI22x1_ASAP7_75t_SL            2  29.800   22.600    493.600  
  aitb_g61860__6161/Y                                         -      B1->Y   F     AOI22x1_ASAP7_75t_SL            2  39.300   15.900    509.500  
  FE_RC_1437_0/Y                                              -      B1->Y   F     OA22x2_ASAP7_75t_SL             2  30.700   30.900    540.400  
  FE_RC_1376_0/Y                                              -      B->Y    F     XNOR2xp5_ASAP7_75t_SL           1  19.100   24.900    565.300  
  aitb_addinc_FP32_ALU_col2_fracAdder_add_113_18_g1406/Y      -      B->Y    R     NOR2x1_ASAP7_75t_SL             2  34.800   16.200    581.500  
  aitb_addinc_FP32_ALU_col2_fracAdder_add_113_18_g1281_dup/Y  -      B->Y    R     OR2x2_ASAP7_75t_SL              1  33.800   23.500    605.000  
  aitb_addinc_FP32_ALU_col2_fracAdder_add_113_18_g1231/Y      -      A->Y    F     NOR2x1p5_ASAP7_75t_SL           1  15.200   10.900    615.900  
  aitb_addinc_FP32_ALU_col2_fracAdder_add_113_18_g1195/Y      -      A->Y    R     NAND2x1p5_ASAP7_75t_SL          2  15.200   16.500    632.400  
  FE_RC_149_0/Y                                               -      B->Y    F     NAND2x1p5_ASAP7_75t_SL          2  25.900   13.700    646.100  
  aitb_addinc_FP32_ALU_col2_fracAdder_add_113_18_g1174/Y      -      A->Y    R     NAND2x1p5_ASAP7_75t_SL          2  22.600   16.600    662.700  
  aitb_addinc_FP32_ALU_col2_fracAdder_add_113_18_g1163/Y      -      B->Y    R     AND2x4_ASAP7_75t_SL             2  24.000   23.500    686.200  
  aitb_addinc_FP32_ALU_col2_fracAdder_add_113_18_g1157/Y      -      A->Y    F     INVx6_ASAP7_75t_SL              7  18.200   11.700    697.900  
  FE_RC_1871_0/Y                                              -      A2->Y   R     AOI21x1_ASAP7_75t_SL            1  15.400   15.100    713.000  
  FE_RC_303_0/Y                                               -      A->Y    R     XOR2x1_ASAP7_75t_SL             2  30.000   29.000    742.000  
  FE_RC_2009_0/Y                                              -      B->Y    F     NOR4xp75_ASAP7_75t_SL           2  37.200   15.500    757.500  
  aitb_g52923_dup/Y                                           -      B->Y    F     AND3x4_ASAP7_75t_SL             5  30.100   34.200    791.700  
  FE_RC_1530_0/Y                                              -      A1->Y   R     AOI21x1_ASAP7_75t_SL            3  20.500   19.300    811.000  
  FE_OCPC4104_aitb_n_40400/Y                                  -      A->Y    R     HB1xp67_ASAP7_75t_SL            1  46.600   23.900    834.900  
  FE_RC_1730_0/Y                                              -      D->Y    R     AND4x2_ASAP7_75t_SL             1  18.100   32.700    867.600  
  FE_RC_1644_0/Y                                              -      A1->Y   F     AOI31xp67_ASAP7_75t_SL          3  20.300   22.700    890.300  
  FE_RC_2080_0/Y                                              -      C->Y    R     NAND4xp75_ASAP7_75t_SL          1  46.300   19.000    909.300  
  FE_RC_1908_0/Y                                              -      A->Y    F     INVx2_ASAP7_75t_SL              1  30.300    7.700    917.000  
  FE_RC_1424_0/Y                                              -      A1->Y   R     AOI21x1_ASAP7_75t_SL            1  13.300   12.200    929.200  
  FE_RC_716_0/Y                                               -      B->Y    R     AND2x4_ASAP7_75t_SL             3  28.100   22.900    952.100  
  FE_RC_990_0/Y                                               -      A1->Y   F     OAI21xp5_ASAP7_75t_SL           1  16.200   14.000    966.100  
  FE_RC_237_0/Y                                               -      B->Y    R     AOI21x1_ASAP7_75t_SL            4  25.400   27.900    994.000  
  FE_RC_1224_0/Y                                              -      A->Y    R     AND2x4_ASAP7_75t_SL             3  47.800   27.100   1021.100  
  FE_DBTC24_aitb_n_40024/Y                                    -      A->Y    F     INVx6_ASAP7_75t_SL              7  25.500   11.600   1032.700  
  FE_RC_1405_0/Y                                              -      A2->Y   R     AOI22x1_ASAP7_75t_SL            4  16.100   34.800   1067.500  
  FE_OCPC3133_aitb_n_39866/Y                                  -      A->Y    R     BUFx6f_ASAP7_75t_SL             8  72.300   32.000   1099.500  
  aitb_g52398/Y                                               -      B->Y    R     AND2x4_ASAP7_75t_SL             2  31.100   25.000   1124.500  
  FE_RC_550_0/Y                                               -      A->Y    F     INVx4_ASAP7_75t_SL              2  19.200    6.800   1131.300  
  FE_RC_610_0/Y                                               -      A->Y    F     OR2x2_ASAP7_75t_SL              2  10.100   28.700   1160.000  
  aitb_g52171/Y                                               -      B->Y    R     NOR2x2_ASAP7_75t_SL             1  23.600   11.200   1171.200  
  aitb_g51942/Y                                               -      B->Y    F     AOI21x1_ASAP7_75t_SL            1  18.600   11.600   1182.800  
  aitb_g51890/Y                                               -      B->Y    F     AND2x4_ASAP7_75t_SL             3  22.900   25.100   1207.900  
  FE_RC_1959_0/Y                                              -      B->Y    R     NOR2x2_ASAP7_75t_SL             1  17.600   12.100   1220.000  
  FE_RC_1957_0/Y                                              -      D->Y    F     NAND4xp75_ASAP7_75t_SL          1  18.300   19.700   1239.700  
  aitb_g51723/Y                                               -      A->Y    R     NOR2x2_ASAP7_75t_SL             3  34.600   18.600   1258.300  
  FE_RC_547_0/Y                                               -      B->Y    R     AND2x4_ASAP7_75t_SL             2  30.200   21.700   1280.000  
  aitb_g51631/Y                                               -      B->Y    F     NAND2x1p5_ASAP7_75t_SL          1  14.500    7.700   1287.700  
  FE_RC_2006_0/Y                                              -      B->Y    F     XNOR2xp5_ASAP7_75t_SL           2  24.300   31.100   1318.800  
  FE_RC_1429_0/Y                                              -      D->Y    R     NAND4xp75_ASAP7_75t_SL          1  36.700   18.800   1337.600  
  aitb_g51475/Y                                               -      A2->Y   F     AOI21x1_ASAP7_75t_SL            1  30.200   21.900   1359.500  
  FE_DBTC31_aitb_n_38503/Y                                    -      A->Y    R     INVx8_ASAP7_75t_SL             31  84.400   23.600   1383.100  
  aitb_g51471/Y                                               -      C->Y    R     AND3x1_ASAP7_75t_SL             1  77.900   25.400   1408.500  
  aitb_PIPE_OUT_col2_stage_reg_reg[0][28]/D                   -      D       R     ASYNC_DFFHx1_ASAP7_75t_SL       1  21.000    0.000   1408.500  
#-----------------------------------------------------------------------------------------------------------------------------------------------

