============================================================
  Generated by:           Genus(TM) Synthesis Solution 21.17-s066_1
  Generated on:           Apr 03 2026  12:20:41 pm
  Module:                 e5m2_4_mxfp_aitb_comp_top
  Library domain:         PVT_0P63V_100C.setup_cond
    Domain index:         0
    Technology libraries: asap7sc7p5t_SIMPLE_RVT_SS_nldm_201020 1.0
                          asap7sc7p5t_SIMPLE_LVT_SS_nldm_201020 1.0
                          asap7sc7p5t_SIMPLE_SLVT_SS_nldm_201020 1.0
                          asap7sc7p5t_SIMPLE_SRAM_SS_nldm_201020 1.0
                          asap7sc7p5t_AO_RVT_SS_nldm_201020 1.0
                          asap7sc7p5t_AO_LVT_SS_nldm_201020 1.0
                          asap7sc7p5t_AO_SLVT_SS_nldm_201020 1.0
                          asap7sc7p5t_AO_SRAM_SS_nldm_201020 1.0
                          asap7sc7p5t_OA_RVT_SS_nldm_201020 1.0
                          asap7sc7p5t_OA_LVT_SS_nldm_201020 1.0
                          asap7sc7p5t_OA_SLVT_SS_nldm_201020 1.0
                          asap7sc7p5t_OA_SRAM_SS_nldm_201020 1.0
                          asap7sc7p5t_SEQ_RVT_SS_nldm_201020 1.0
                          asap7sc7p5t_SEQ_LVT_SS_nldm_201020 1.0
                          asap7sc7p5t_SEQ_SLVT_SS_nldm_201020 1.0
                          asap7sc7p5t_SEQ_SRAM_SS_nldm_201020 1.0
                          asap7sc7p5t_INVBUF_RVT_SS_nldm_201020 1.0
                          asap7sc7p5t_INVBUF_LVT_SS_nldm_201020 1.0
                          asap7sc7p5t_INVBUF_SLVT_SS_nldm_201020 1.0
                          asap7sc7p5t_INVBUF_SRAM_SS_nldm_201020 1.0
  Operating conditions:   PVT_0P63V_100C 
  Interconnect mode:      global
  Area mode:              physical library
============================================================

Timing
--------

      Analysis view       Clock Period 
---------------------------------------
PVT_0P63V_100C.setup_view clk   2000.0 


         Analysis           Cost   Critical        Violating 
           View            Group  Path Slack  TNS    Paths   
-------------------------------------------------------------
PVT_0P63V_100C.setup_view     clk        0.5  0.0          0 
                          default   No paths  0.0          0 
-------------------------------------------------------------
Total                                        -0.0          0 
                                                             

Instance Count
--------------
Leaf Instance Count             22962 
Physical Instance count             0 
Sequential Instance Count        1205 
Combinational Instance Count    21757 
Hierarchical Instance Count         1 

Area
----
Cell Area                          37702.947
Physical Cell Area                 0.000
Total Cell Area (Cell+Physical)    37702.947
Net Area                           18341.094
Total Area (Cell+Physical+Net)     56044.041

Runtime                            59.97829300000001 seconds
Elapsed Runtime                    301 seconds
Genus peak memory usage            2069.37 
Innovus peak memory usage          no_value 
Hostname                           KingsLanding
