

Working Directory = /home/msmekhem/research/repositories/fpga-mxfp/aitb_asic/asic/e5m2_4_mxfp_aitb_comp_04_03_12_15_obj-dir/syn-rundir
QoS Summary for e5m2_4_mxfp_aitb_comp_top
================================================================================
Metric                          final          
================================================================================
Slack (ps):                         0
  R2R (ps):                         0
  I2R (ps):                  no_value
  R2O (ps):                  no_value
  I2O (ps):                  no_value
  CG  (ps):                  no_value
TNS (ps):                           0
  R2R (ps):                         0
  I2R (ps):                  no_value
  R2O (ps):                  no_value
  I2O (ps):                  no_value
  CG  (ps):                  no_value
Failing Paths:                      0
Cell Area:                     37,703
Total Cell Area:               37,703
Leaf Instances:                22,962
Total Instances:               22,962
Utilization (%):                 0.00
Tot. Net Length (um):        no_value
Avg. Net Length (um):        no_value
Route Overflow H (%):        no_value
Route Overflow V (%):        no_value
MBCI(%) (bits/gate) :            0.00
Norm Cong Hotspot Area:
  Max Cong:                  no_value
  Tot Cong:                  no_value
================================================================================
CPU  Runtime (h:m:s):        00:07:25
Real Runtime (h:m:s):        00:04:56
CPU  Elapsed (h:m:s):        00:07:28
Real Elapsed (h:m:s):        00:04:57
Memory (MB):                  2069.37
================================================================================
================================================================================
Flow Settings:
================================================================================
Total Runtime (h:m:s): 00:04:56
Total Memory (MB):     2069.37
Executable Version:    21.17-s066_1
================================================================================
Total Cell Area =  Cell Area + Physical Cell Area
Total Instances =  Leaf Instances + Physical Instances


