/CMC/tools/synopsys/hspice_vV-2023.12/hspice/V-2023.12/hspice/bin/cshrc.meta: No such file or directory.
 ****** PrimeSim HSPICE -- V-2023.12-SP2-2 linux64 (Aug 05 2024 9120765) ******
  Copyright (c) 1986 - 2026 by Synopsys, Inc. All Rights Reserved.
  This software and the associated documentation are proprietary
  to Synopsys, Inc. This software may only be used in accordance
  with the terms and conditions of a written license agreement with
  Synopsys, Inc. All other use, reproduction, or distribution of
  this software is strictly prohibited.
  Input File: hard_block_ddriver.sp                                             
  Command line options: /CMC/tools/synopsys/hspice_vV-2023.12-SP2-2/hspice/V-2023.12-SP2-2/hspice/linux64/hspice hard_block_ddriver.sp
  Start time: Fri Apr  3 20:44:57 2026
 lic:  
 lic: FLEXlm: SDK_12.11.9.5 
 lic: USER:   aelsousy             HOSTNAME: KingsLanding 
 lic: HOSTID: 42711dd2             PID:      3035609 
 lic: Using FLEXlm license file: 
 lic: 6053@cadpass2.eng.uwaterloo.ca 
 lic: Checkout 1 hspice 
 lic: License/Maintenance for hspice will expire on 19-mar-2027/2026.03 
 lic: 3(in_use)/500(total) FLOATING license(s) on SERVER 6053@cadpass2.eng.uwaterloo.ca 
 lic:   
 
  **info**: .option gmin=1e-12 is scaled to gmin=1e-15 for BSIM-CMG.
  **info**: .option gmindc=1e-12 is scaled to gmindc=1e-15 for BSIM-CMG.

  **info** (hard_block_ddriver.sp:17) DC voltage reset to initial transient source value in source 0:vin. new dc=0.0000D+00
  **warning** (hard_block_ddriver.sp:17) pulse rise time is  < or = zero, reset to tstep
  **warning** (hard_block_ddriver.sp:17) pulse fall time is  < or = zero, reset to tstep
  **warning** (../basic_subcircuits.l:9) Capacitance value for element xwirer_edi.cwire_1 is 0.000. Capacitance should be a positive, non-zero value.
  **warning** (../basic_subcircuits.l:10) Value of resistance 4:rwire_1 defined is limited to 0.000010 (RESMIN). Please specify a resistor value larger than the value of option RESMIN or set option RESMIN to a smaller value.
  
  **warning**  the following singular supplies have a terminal that is not connected to any other element
 supply                 node1                  node2
 vsram_n             0:vsram_n          defined in subckt 0            0:0                defined in subckt 0
 vsram               0:vsram            defined in subckt 0            0:0                defined in subckt 0
 vrefmtjn            0:vrefmtj          defined in subckt 0            0:0                defined in subckt 0
 vsupplylp           0:vdd_lp           defined in subckt 0            0:0                defined in subckt 0
 vclmomtjn           0:vclmpmtj         defined in subckt 0            0:0                defined in subckt 0
  
             
 Warning:'No DC path nodes' occurs 1 times
 No DC path from the following nodes,connected with gdcpath:
 -----------------------
 |Node      |Subckt    |
 |----------+----------|
 |nnd       |0         |
 -----------------------
              
      
 **info** set option symb=1 internally to help for convergence.
 *****************************************************************
 ******  option summary
 ******
 runlvl  = 3         bypass  = 2.0000    

   *** data name = sweep_data , index =     1 ***

 ******
 .title dedicated routing driver

 ****** transient analysis tnom=  25.000 temp=  25.000 ******
 meas_inv_hard_block_ddriver_1_tfall=   2.6166p  targ=   6.7167p   trig=   4.1001p
 meas_inv_hard_block_ddriver_1_trise=   1.9965p  targ=   2.0064n   trig=   2.0044n
 meas_inv_hard_block_ddriver_2_tfall=   4.7848p  targ=   2.0092n   trig=   2.0044n
 meas_inv_hard_block_ddriver_2_trise=   4.3929p  targ=   8.4930p   trig=   4.1001p
 meas_inv_hard_block_ddriver_3_tfall=   6.8686p  targ=  10.9687p   trig=   4.1001p
 meas_inv_hard_block_ddriver_3_trise=   6.8505p  targ=   2.0112n   trig=   2.0044n
 meas_inv_hard_block_ddriver_4_tfall=  15.8606p  targ=   2.0203n   trig=   2.0044n
 meas_inv_hard_block_ddriver_4_trise=  13.0003p  targ=  17.1004p   trig=   4.1001p
 meas_total_tfall=  15.8606p  targ=   2.0203n   trig=   2.0044n
 meas_total_trise=  13.0003p  targ=  17.1004p   trig=   4.1001p
 meas_logic_low_voltage=   0.        
 meas_current=  -1.8712f  from=   0.             to=   4.0000n
 meas_avg_power= 374.2343n

          ***** job concluded
1****** PrimeSim HSPICE -- V-2023.12-SP2-2 linux64 (Aug 05 2024 9120765) ******
 ******  
 .title dedicated routing driver

 ****** job statistics summary tnom=  25.000 temp=  25.000 ******
  
 ******  Machine Information  ******
 CPU:
 model name	: Intel(R) Xeon(R) w9-3495X
 cpu MHz	: 797.076
 CPU(s)		: 112
  
 OS:
 Linux version 6.8.0-106-generic (buildd@lcy02-amd64-074) (x86_64-linux-gnu-gcc-13 (Ubuntu 13.3.0-6ubuntu2~24.04.1) 13.3.0, GNU ld (GNU Binutils for Ubuntu) 2.42) #106-Ubuntu SMP PREEMPT_DYNAMIC Fri Mar  6 07:58:08 UTC 2026

 System loadavg : 2.15 2.22 2.10 4/3639 3035625


  ******  PrimeSim HSPICE Threads Information  ******

  Command Line Threads Count :     1
  Available CPU Count        :   112
  Actual Threads Count       :     1


  ******  Circuit Statistics  ******
  # nodes       =      35 # elements   =      80
  # resistors   =      12 # capacitors =      24 # inductors   =       0
  # mutual_inds =       0 # vccs       =       0 # vcvs        =       0
  # cccs        =       0 # ccvs       =       0 # volt_srcs   =       8
  # curr_srcs   =       0 # diodes     =       0 # bjts        =       0
  # jfets       =       0 # mosfets    =      36 # U elements  =       0
  # T elements  =       0 # W elements =       0 # B elements  =       0
  # S elements  =       0 # P elements =       0 # va device   =       0
  # vector_srcs =       0 # N elements =       0


  ******  Runtime Statistics (seconds)  ******

  analysis           time    # points   tot. iter  conv.iter
  op point           0.00           1          11
  transient          0.01        4001         319         124 rev=         3
  readin             0.01
  errchk             0.00
  setup              0.00
  output             0.00


           peak memory used        485.95 megabytes
           total cpu time            0.03 seconds
           total elapsed time        0.37 seconds
           job started at     20:44:57 04/03/2026
           job ended   at     20:44:57 04/03/2026

>info:         ***** hspice job concluded
           job total runtime         0.37 seconds


 lic: Release hspice token(s) 
 lic: total license checkout elapse time:        0.34(s)
