###############################################################
#  Generated by:      Cadence Innovus 21.17-s075_1
#  OS:                Linux x86_64(Host ID KingsLanding)
#  Generated on:      Fri Apr  3 11:53:05 2026
#  Design:            packed_mxfp_aitb_comp_wrapper
#  Command:           report_timing > timing.rpt
###############################################################
Path 1: VIOLATED (-531.148 ps) Setup Check with Pin u_packed_mxfp_aitb_comp_top_PIPE_OUT_col2_stage_reg_reg[0][15]/CLK->D
               View: PVT_0P63V_100C.setup_view
              Group: clk
         Startpoint: (R) u_packed_mxfp_aitb_comp_top_PIPE_OUT_col1_stage_reg_reg[0][9]/CLK
              Clock: (R) clk
           Endpoint: (F) u_packed_mxfp_aitb_comp_top_PIPE_OUT_col2_stage_reg_reg[0][15]/D
              Clock: (R) clk

                        Capture        Launch
         Clock Edge:+  1000.000         0.000
        Src Latency:+  -148.114      -148.114
        Net Latency:+   155.600 (P)   164.700 (P)
            Arrival:=  1007.486        16.586

              Setup:-     7.148
        Uncertainty:-   100.000
        Cppr Adjust:+     0.000
      Required Time:=   900.338
       Launch Clock:=    16.586
          Data Path:+  1414.900
              Slack:=  -531.148

#-----------------------------------------------------------------------------------------------------------------------------------------------------------------------
# Timing Point                                                                       Flags  Arc      Edge  Cell                       Fanout   Trans    Delay    Arrival  
#                                                                                                                                               (ps)     (ps)       (ps)  
#-----------------------------------------------------------------------------------------------------------------------------------------------------------------------
  u_packed_mxfp_aitb_comp_top_PIPE_OUT_col1_stage_reg_reg[0][9]/CLK                  -      CLK      R     (arrival)                      52  41.700        -     16.586  
  u_packed_mxfp_aitb_comp_top_PIPE_OUT_col1_stage_reg_reg[0][9]/QN                   -      CLK->QN  F     ASYNC_DFFHx1_ASAP7_75t_SL       3  41.700   73.000     89.586  
  u_packed_mxfp_aitb_comp_top_g46138/Y                                               -      B1->Y    R     AOI22x1_ASAP7_75t_SL            1  52.500   22.200    111.786  
  FE_OCPC2996_u_packed_mxfp_aitb_comp_top_n_38140/Y                                  -      A->Y     R     BUFx6f_ASAP7_75t_SL             3  38.200   29.100    140.886  
  u_packed_mxfp_aitb_comp_top_g45562/Y                                               -      B->Y     F     NOR2x2_ASAP7_75t_SL             1  30.600    9.300    150.186  
  u_packed_mxfp_aitb_comp_top_g45451/Y                                               -      A1->Y    R     OAI21xp5_ASAP7_75t_SL           1  20.900   15.300    165.486  
  FE_RC_2341_0/Y                                                                     -      B1->Y    F     AOI22xp5_ASAP7_75t_SL           1  28.300   12.600    178.086  
  FE_RC_1043_0/Y                                                                     -      A2->Y    R     OAI21xp5_ASAP7_75t_SL           1  27.200   23.700    201.786  
  u_packed_mxfp_aitb_comp_top_g45184/Y                                               -      B->Y     F     AOI21x1_ASAP7_75t_SL            3  39.100   17.500    219.286  
  FE_RC_1427_0/Y                                                                     -      B->Y     F     OR2x2_ASAP7_75t_SL              1  31.300   26.000    245.286  
  u_packed_mxfp_aitb_comp_top_g45084_dup1/Y                                          -      A->Y     F     AND2x6_ASAP7_75t_SL            14  13.700   32.300    277.586  
  FE_RC_389_0/Y                                                                      -      A2->Y    R     OAI22x1_ASAP7_75t_SL            2  27.600   22.100    299.686  
  FE_RC_1193_0/Y                                                                     -      B->Y     F     NOR2x1p5_ASAP7_75t_SL           1  39.600   11.900    311.586  
  FE_RC_2340_0/Y                                                                     -      A->Y     F     AND5x2_ASAP7_75t_SL             2  18.000   26.300    337.886  
  FE_RC_1887_0/Y                                                                     -      A->Y     R     NOR4xp75_ASAP7_75t_SL           3  20.100   29.600    367.486  
  FE_RC_0_0/Y                                                                        -      A1->Y    R     OA21x2_ASAP7_75t_SL             2  67.100   37.800    405.286  
  FE_RC_1_0/Y                                                                        -      A->Y     F     INVx4_ASAP7_75t_SL              5  32.300   13.500    418.786  
  FE_RC_1124_0/Y                                                                     -      A1->Y    F     AO22x2_ASAP7_75t_SL             7  22.500   38.800    457.586  
  u_packed_mxfp_aitb_comp_top_g44270_dup/Y                                           -      A2->Y    R     A2O1A1Ixp33_ASAP7_75t_SL        1  35.700   20.900    478.486  
  FE_RC_769_0/Y                                                                      -      B->Y     F     OAI21xp5_ASAP7_75t_SL           1  33.600   15.900    494.386  
  FE_RC_280_0/Y                                                                      -      B1->Y    R     AOI22x1_ASAP7_75t_SL            1  29.200   20.800    515.186  
  FE_RC_279_0/Y                                                                      -      B->Y     F     NAND2x1p5_ASAP7_75t_SL          2  35.300   12.100    527.286  
  FE_RC_1579_0/Y                                                                     -      B->Y     R     NAND2xp5_ASAP7_75t_SL           1  21.200   13.400    540.686  
  FE_RC_1577_0/Y                                                                     -      B->Y     F     OAI21xp5_ASAP7_75t_SL           2  20.400   15.700    556.386  
  u_packed_mxfp_aitb_comp_top_addinc_FP32_ALU_col2_fracAdder_add_113_18_g1569/Y      -      B->Y     F     AND2x4_ASAP7_75t_SL             2  28.600   22.200    578.586  
  u_packed_mxfp_aitb_comp_top_addinc_FP32_ALU_col2_fracAdder_add_113_18_g1503_dup/Y  -      B->Y     R     NAND2x1p5_ASAP7_75t_SL          1  11.100    8.500    587.086  
  FE_RC_1589_0/Y                                                                     -      A1->Y    F     OAI321xp33_ASAP7_75t_SL         1  20.200   19.200    606.286  
  u_packed_mxfp_aitb_comp_top_addinc_FP32_ALU_col2_fracAdder_add_113_18_g1410/Y      -      A->Y     R     NAND2x1_ASAP7_75t_SL            2  43.400   32.600    638.886  
  u_packed_mxfp_aitb_comp_top_addinc_FP32_ALU_col2_fracAdder_add_113_18_g1406/Y      -      A->Y     F     NAND2x1p5_ASAP7_75t_SL          3  49.100   14.000    652.886  
  u_packed_mxfp_aitb_comp_top_addinc_FP32_ALU_col2_fracAdder_add_113_18_g1391/Y      -      B->Y     R     NAND2x2_ASAP7_75t_SL            3  29.200   19.400    672.286  
  FE_RC_1403_0/Y                                                                     -      B->Y     R     AND2x4_ASAP7_75t_SL             5  28.900   23.600    695.886  
  u_packed_mxfp_aitb_comp_top_addinc_FP32_ALU_col2_fracAdder_add_113_18_g1367/Y      -      B->Y     R     XOR2xp5_ASAP7_75t_SL            1  18.200   27.100    722.986  
  FE_OFC1238_u_packed_mxfp_aitb_comp_top_n_2299/Y                                    -      A->Y     F     INVx2_ASAP7_75t_SL              2  36.400    7.900    730.886  
  u_packed_mxfp_aitb_comp_top_g42087/Y                                               -      A->Y     R     NAND3xp33_ASAP7_75t_SL          1  14.700   14.100    744.986  
  u_packed_mxfp_aitb_comp_top_g41901/Y                                               -      A->Y     F     NOR3xp33_ASAP7_75t_SL           1  27.300   16.200    761.186  
  FE_RC_981_0/Y                                                                      -      B->Y     F     AND3x4_ASAP7_75t_SL             9  32.100   40.300    801.486  
  FE_RC_1114_0/Y                                                                     -      A1->Y    R     AOI21x1_ASAP7_75t_SL            3  30.100   17.400    818.886  
  FE_RC_2331_0/Y                                                                     -      A->Y     R     AND4x2_ASAP7_75t_SL             2  38.300   44.100    862.986  
  FE_RC_1032_0/Y                                                                     -      B->Y     F     NAND3x2_ASAP7_75t_SL            8  32.000   18.300    881.286  
  FE_RC_161_0/Y                                                                      -      A->Y     F     BUFx6f_ASAP7_75t_SL             3  33.200   21.100    902.386  
  u_packed_mxfp_aitb_comp_top_g41793/Y                                               -      A2->Y    R     OAI21xp5_ASAP7_75t_SL           2  10.600   30.600    932.986  
  u_packed_mxfp_aitb_comp_top_g41762_dup1/Y                                          -      A1->Y    F     AOI21x1_ASAP7_75t_SL            1  61.400   19.300    952.286  
  u_packed_mxfp_aitb_comp_top_g41751_dup/Y                                           -      B->Y     R     NAND2x1p5_ASAP7_75t_SL          4  36.000   24.000    976.286  
  FE_RC_2599_0/Y                                                                     -      A1->Y    R     OA21x2_ASAP7_75t_SL             2  33.700   26.600   1002.886  
  FE_RC_326_0/Y                                                                      -      A->Y     F     NAND2x1p5_ASAP7_75t_SL          3  18.000   12.200   1015.086  
  FE_RC_508_0/Y                                                                      -      B->Y     F     AND2x4_ASAP7_75t_SL             1  23.200   20.300   1035.386  
  FE_RC_1596_0/Y                                                                     -      A1->Y    R     OAI22x1_ASAP7_75t_SL            1   9.300   23.400   1058.786  
  FE_OCPC2648_u_packed_mxfp_aitb_comp_top_n_34915/Y                                  -      A->Y     F     INVx6_ASAP7_75t_SL             23  51.500   23.100   1081.886  
  FE_RC_601_0/Y                                                                      -      A2->Y    R     AOI22x1_ASAP7_75t_SL            2  49.000   26.000   1107.886  
  FE_RC_2644_0/Y                                                                     -      A1->Y    F     OAI22x1_ASAP7_75t_SL            2  44.600   21.800   1129.686  
  FE_RC_413_0/Y                                                                      -      A->Y     R     INVx2_ASAP7_75t_SL              1  36.200   11.000   1140.686  
  FE_RC_1132_0/Y                                                                     -      B1->Y    F     OAI22x1_ASAP7_75t_SL            2  17.300   16.300   1156.986  
  FE_RC_146_0/Y                                                                      -      A2->Y    R     AOI21x1_ASAP7_75t_SL            1  28.700   14.500   1171.486  
  FE_RC_273_0/Y                                                                      -      B->Y     F     OAI21xp5_ASAP7_75t_SL           2  24.200   21.600   1193.086  
  u_packed_mxfp_aitb_comp_top_g40849/Y                                               -      B->Y     R     NAND2x1p5_ASAP7_75t_SL          2  40.300   21.300   1214.386  
  FE_DBTC58_u_packed_mxfp_aitb_comp_top_n_33765/Y                                    -      A->Y     F     INVx2_ASAP7_75t_SL              2  30.400    8.600   1222.986  
  u_packed_mxfp_aitb_comp_top_g40802/Y                                               -      B->Y     R     NAND2x1_ASAP7_75t_SL            1  14.300   11.400   1234.386  
  u_packed_mxfp_aitb_comp_top_g40764/Y                                               -      A->Y     F     NOR3xp33_ASAP7_75t_SL           1  20.500   14.800   1249.186  
  u_packed_mxfp_aitb_comp_top_g40743/Y                                               -      A->Y     F     AND2x4_ASAP7_75t_SL             5  26.000   28.100   1277.286  
  u_packed_mxfp_aitb_comp_top_g40689/Y                                               -      A->Y     R     NAND2x1p5_ASAP7_75t_SL          1  18.900   12.500   1289.786  
  u_packed_mxfp_aitb_comp_top_g40638/Y                                               -      B->Y     R     XNOR2xp5_ASAP7_75t_SL           2  17.100   23.100   1312.886  
  u_packed_mxfp_aitb_comp_top_g40572/Y                                               -      A->Y     F     NOR2x1p5_ASAP7_75t_SL           3  47.500   16.000   1328.886  
  u_packed_mxfp_aitb_comp_top_g40513_dup1/Y                                          -      A->Y     R     NAND3xp33_ASAP7_75t_SL          1  25.900   16.800   1345.686  
  FE_RC_1273_0/Y                                                                     -      A1->Y    F     OAI21xp5_ASAP7_75t_SL           1  32.000   17.400   1363.086  
  u_packed_mxfp_aitb_comp_top_g40509_dup2/Y                                          -      A->Y     F     AND2x4_ASAP7_75t_SL             3  43.000   33.500   1396.586  
  FE_RC_2433_0/Y                                                                     -      A->Y     R     INVx8_ASAP7_75t_SL             12  27.800   26.300   1422.886  
  FE_RC_190_0/Y                                                                      -      B->Y     F     NAND2x1p5_ASAP7_75t_SL          1  42.600    8.600   1431.486  
  u_packed_mxfp_aitb_comp_top_PIPE_OUT_col2_stage_reg_reg[0][15]/D                   -      D        F     ASYNC_DFFHx1_ASAP7_75t_SL       1  18.200    0.000   1431.486  
#-----------------------------------------------------------------------------------------------------------------------------------------------------------------------

