###############################################################
#  Generated by:      Cadence Innovus 21.17-s075_1
#  OS:                Linux x86_64(Host ID KingsLanding)
#  Generated on:      Thu Apr  2 21:17:13 2026
#  Design:            fixed_input_mxfp_aitb_top
#  Command:           report_timing > timing.rpt
###############################################################
Path 1: VIOLATED (-42.981 ps) Setup Check with Pin PIPE_OUT_col1_stage_reg_reg[0][0]/CLK->D
               View: PVT_0P63V_100C.setup_view
              Group: clk
         Startpoint: (R) zero_en
              Clock:
           Endpoint: (R) PIPE_OUT_col1_stage_reg_reg[0][0]/D
              Clock: (R) clk

                        Capture       Launch
         Clock Edge:+  2000.000        0.000
        Src Latency:+   -91.192        0.000
        Net Latency:+    84.000 (P)    0.000 (I)
            Arrival:=  1992.808        0.000

              Setup:-     6.789
        Uncertainty:-   100.000
        Cppr Adjust:+     0.000
      Required Time:=  1886.019
       Launch Clock:=     0.000
          Data Path:+  1929.000
              Slack:=   -42.981

#----------------------------------------------------------------------------------------------------------------------------------------------
# Timing Point                                             Flags  Arc      Edge  Cell                       Fanout    Trans    Delay    Arrival  
#                                                                                                                      (ps)     (ps)       (ps)  
#----------------------------------------------------------------------------------------------------------------------------------------------
  zero_en                                                  -      zero_en  R     (arrival)                       1    4.000    0.200      0.200  
  g69734/Y                                                 -      A->Y     F     INVx1_ASAP7_75t_SL              2    4.000   10.100     10.300  
  g69574/Y                                                 -      B->Y     F     AND2x4_ASAP7_75t_SL            14   17.000   30.500     40.800  
  FE_OFC301_n_2054/Y                                       -      A->Y     F     BUFx2_ASAP7_75t_SL             16   37.000   44.900     85.700  
  g69383/Y                                                 -      A->Y     F     AND2x2_ASAP7_75t_SL             1   48.100   31.800    117.500  
  g69338/Y                                                 -      B->Y     R     AOI21xp5_ASAP7_75t_SL           5   16.500   45.200    162.700  
  g68986/Y                                                 -      B->Y     F     NOR2x1_ASAP7_75t_SL             3   99.500   28.100    190.800  
  g68855/Y                                                 -      A->Y     R     NOR2x1_ASAP7_75t_SL             1   46.800   17.500    208.300  
  g68755/Y                                                 -      A->Y     F     NAND4xp75_ASAP7_75t_SL          2   31.000   21.200    229.500  
  g68724/Y                                                 -      A->Y     R     INVx2_ASAP7_75t_SL              2   39.500   15.000    244.500  
  g68555/Y                                                 -      B->Y     R     AND2x2_ASAP7_75t_SL             1   22.500   21.200    265.700  
  g68537/Y                                                 -      B->Y     F     NAND4xp75_ASAP7_75t_SL          1   14.500   15.400    281.100  
  g68464/Y                                                 -      A->Y     R     NAND2xp5_ASAP7_75t_SL           1   36.900   22.200    303.300  
  FE_OFC256_n_2725/Y                                       -      A->Y     R     BUFx10_ASAP7_75t_SL            52   33.500   43.900    347.200  
  g68307/Y                                                 -      B->Y     F     NAND2xp5_ASAP7_75t_SL           2   42.900   19.100    366.300  
  g68180__2883/Y                                           -      A->Y     R     NAND4xp25_ASAP7_75t_SL          2   35.300   25.600    391.900  
  g68144__2398/Y                                           -      A3->Y    R     OA31x2_ASAP7_75t_SL             5   44.600   41.100    433.000  
  g68132__6161/Y                                           -      B->Y     F     NAND2x1_ASAP7_75t_SL            3   33.400   15.900    448.900  
  g68129/Y                                                 -      A->Y     R     INVx2_ASAP7_75t_SL              1   27.100    9.000    457.900  
  g68111__5526/Y                                           -      B->Y     F     NAND2x1_ASAP7_75t_SL            1   13.900    9.300    467.200  
  g68104__6417/Y                                           -      A->Y     F     AND2x6_ASAP7_75t_SL            21   15.400   47.400    514.600  
  g68093/Y                                                 -      A->Y     R     INVx6_ASAP7_75t_SL             15   43.500   21.800    536.400  
  g68008__2398/Y                                           -      B2->Y    F     OAI22xp5_ASAP7_75t_SL           2   34.100   15.500    551.900  
  g67924__9315/Y                                           -      A->Y     F     AND2x2_ASAP7_75t_SL             1   41.600   26.200    578.100  
  g67846__9315/Y                                           -      B->Y     R     AOI21xp5_ASAP7_75t_SL           1   11.900   14.400    592.500  
  g67799__5122/Y                                           -      B->Y     F     NAND2xp5_ASAP7_75t_SL           2   28.300   19.500    612.000  
  g67777/Y                                                 -      A->Y     R     INVx1_ASAP7_75t_SL              3   31.800   19.000    631.000  
  g67699__7098/Y                                           -      A1->Y    F     OAI22xp5_ASAP7_75t_SL           1   29.000   18.100    649.100  
  g67634__5115/Y                                           -      A->Y     R     NOR2x1_ASAP7_75t_SL             1   42.600   16.800    665.900  
  g67595__6783/Y                                           -      B->Y     R     XOR2x1_ASAP7_75t_SL             2   29.400   23.200    689.100  
  addinc_FP32_ALU_col1_fracAdder_add_113_18_g1379/Y        -      B->Y     F     NOR2x1_ASAP7_75t_SL             3   33.900   16.800    705.900  
  addinc_FP32_ALU_col1_fracAdder_add_113_18_g1279/Y        -      B->Y     F     OR2x2_ASAP7_75t_SL              2   36.300   28.100    734.000  
  addinc_FP32_ALU_col1_fracAdder_add_113_18_g1186/Y        -      A2->Y    R     OAI21xp5_ASAP7_75t_SL           4   15.800   39.000    773.000  
  addinc_FP32_ALU_col1_fracAdder_add_113_18_g1178/Y        -      A->Y     F     INVx1_ASAP7_75t_SL              2   76.700   14.200    787.200  
  addinc_FP32_ALU_col1_fracAdder_add_113_18_g1156/Y        -      A2->Y    R     OAI21xp5_ASAP7_75t_SL           1   29.900   17.700    804.900  
  addinc_FP32_ALU_col1_fracAdder_add_113_18_g1138/Y        -      B->Y     F     AOI21xp5_ASAP7_75t_SL           1   27.800   15.100    820.000  
  addinc_FP32_ALU_col1_fracAdder_add_113_18_g1123/Y        -      B->Y     R     XNOR2xp5_ASAP7_75t_SL           4   28.100   47.800    867.800  
  g49940/Y                                                 -      A->Y     R     OR2x2_ASAP7_75t_SL              1   97.600   29.100    896.900  
  g49932/Y                                                 -      A->Y     F     NOR2xp33_ASAP7_75t_SL           1   14.200   15.600    912.500  
  g49929/Y                                                 -      A->Y     R     NAND3xp33_ASAP7_75t_SL          1   39.200   23.400    935.900  
  g49926/Y                                                 -      B->Y     F     NOR4xp75_ASAP7_75t_SL           2   38.400   15.500    951.400  
  g49925/Y                                                 -      A->Y     F     AND2x4_ASAP7_75t_SL             7   42.200   32.000    983.400  
  g49916/Y                                                 -      A2->Y    R     AOI21x1_ASAP7_75t_SL            2   21.700   19.700   1003.100  
  g49911/Y                                                 -      B->Y     F     NAND4xp75_ASAP7_75t_SL          1   48.000   18.500   1021.600  
  g49909/Y                                                 -      B->Y     R     NOR2x1p5_ASAP7_75t_SL           5   36.200   27.700   1049.300  
  g49908/Y                                                 -      A->Y     F     INVx4_ASAP7_75t_SL              7   47.500   13.900   1063.200  
  g49895/Y                                                 -      A2->Y    R     OAI21xp5_ASAP7_75t_SL           2   23.500   26.000   1089.200  
  g49883/Y                                                 -      A->Y     F     NOR2x1_ASAP7_75t_SL             2   45.600   22.400   1111.600  
  g49881/Y                                                 -      C->Y     R     NAND4xp75_ASAP7_75t_SL          4   33.300   21.700   1133.300  
  g49872/Y                                                 -      A2->Y    F     OAI21xp5_ASAP7_75t_SL           1   43.800   17.500   1150.800  
  g49869/Y                                                 -      B->Y     R     AOI21x1_ASAP7_75t_SL            4   32.800   25.300   1176.100  
  g49863/Y                                                 -      B->Y     R     AND2x2_ASAP7_75t_SL             5   49.800   30.400   1206.500  
  g49852/Y                                                 -      A2->Y    F     AOI21xp5_ASAP7_75t_L            1   24.900   12.900   1219.400  
  g49847/Y                                                 -      A->Y     R     NAND2xp5_ASAP7_75t_SL           2   20.800   17.200   1236.600  
  g49846/Y                                                 -      A1->Y    F     AOI21xp5_ASAP7_75t_SL           2   26.500   16.100   1252.700  
  g49842/Y                                                 -      B->Y     F     OR2x2_ASAP7_75t_SL              3   26.200   29.400   1282.100  
  g49840/Y                                                 -      B->Y     R     NOR2x1p5_ASAP7_75t_SL           5   19.500   22.100   1304.200  
  g49838/Y                                                 -      A->Y     F     INVx2_ASAP7_75t_SL              4   37.300   13.200   1317.400  
  g49815/Y                                                 -      B2->Y    R     OAI22xp5_ASAP7_75t_SL           7   21.200   55.700   1373.100  
  g49799/Y                                                 -      A->Y     F     INVx1_ASAP7_75t_SL              3  116.400   25.200   1398.300  
  g49760/Y                                                 -      B->Y     R     NOR2x1_ASAP7_75t_SL            14   49.700   53.900   1452.200  
  g49723/Y                                                 -      A->Y     F     NAND2xp5_ASAP7_75t_L            2  104.800   22.400   1474.600  
  g49596/Y                                                 -      B1->Y    R     OAI22xp5_ASAP7_75t_SL           3   38.800   33.200   1507.800  
  inc_FP32_ALU_col1_roundingAdder_add_274_18_spec1_g566/Y  -      A->Y     R     AND2x2_ASAP7_75t_SL             1   66.200   19.400   1527.200  
  inc_FP32_ALU_col1_roundingAdder_add_274_18_spec1_g544/Y  -      C->Y     R     AND3x1_ASAP7_75t_SL             3   12.000   29.300   1556.500  
  inc_FP32_ALU_col1_roundingAdder_add_274_18_spec1_g536/Y  -      B->Y     R     AND2x2_ASAP7_75t_SL             3   29.900   26.700   1583.200  
  inc_FP32_ALU_col1_roundingAdder_add_274_18_spec1_g529/Y  -      B->Y     F     NAND2x1p5_ASAP7_75t_SL          3   21.900   13.000   1596.200  
  inc_FP32_ALU_col1_roundingAdder_add_274_18_spec1_g519/Y  -      B->Y     R     NOR2x1p5_ASAP7_75t_SL           3   20.800   16.500   1612.700  
  inc_FP32_ALU_col1_roundingAdder_add_274_18_spec1_g506/Y  -      B->Y     F     NAND2x1p5_ASAP7_75t_SL          2   36.100   10.500   1623.200  
  inc_FP32_ALU_col1_roundingAdder_add_274_18_spec1_g496/Y  -      B->Y     R     NOR2x1_ASAP7_75t_SL             2   19.800   14.000   1637.200  
  inc_FP32_ALU_col1_roundingAdder_add_274_18_spec1_g486/Y  -      B->Y     R     AND2x4_ASAP7_75t_SL             3   24.800   19.000   1656.200  
  inc_FP32_ALU_col1_roundingAdder_add_274_18_spec1_g478/Y  -      A->Y     R     AND3x2_ASAP7_75t_SL             3   12.000   28.000   1684.200  
  inc_FP32_ALU_col1_roundingAdder_add_274_18_spec1_g474/Y  -      B->Y     R     AND2x2_ASAP7_75t_SL             2   23.100   23.800   1708.000  
  inc_FP32_ALU_col1_roundingAdder_add_274_18_spec1_g472/Y  -      B->Y     F     NAND2x1p5_ASAP7_75t_SL          3   19.400   12.600   1720.600  
  inc_FP32_ALU_col1_roundingAdder_add_274_18_spec1_g470/Y  -      B->Y     R     NOR2x1_ASAP7_75t_SL             1   28.700   11.900   1732.500  
  inc_FP32_ALU_col1_roundingAdder_add_274_18_spec1_g468/Y  -      B->Y     R     XNOR2xp5_ASAP7_75t_SL           1   20.600   17.300   1749.800  
  g48178/Y                                                 -      A1->Y    F     AOI22xp5_ASAP7_75t_SL           2   26.300   21.900   1771.700  
  FE_RC_1_0/Y                                              -      A->Y     R     NOR4xp75_ASAP7_75t_SL           1   55.000   26.200   1797.900  
  FE_RC_0_0/Y                                              -      A1->Y    F     AOI21x1_ASAP7_75t_SL            5   47.000   22.600   1820.500  
  g48160/Y                                                 -      B->Y     F     AND2x2_ASAP7_75t_L             10   41.700   45.400   1865.900  
  FE_OFC279_n_1388/Y                                       -      A->Y     R     INVx1_ASAP7_75t_SL              5   37.000   28.300   1894.200  
  g48111/Y                                                 -      A2->Y    F     OAI21xp5_ASAP7_75t_SL           1   45.400   12.400   1906.600  
  g48054/Y                                                 -      B->Y     R     AOI21xp5_ASAP7_75t_SL           1   36.500   22.400   1929.000  
  PIPE_OUT_col1_stage_reg_reg[0][0]/D                      -      D        R     ASYNC_DFFHx1_ASAP7_75t_SL       1   39.400    0.000   1929.000  
#----------------------------------------------------------------------------------------------------------------------------------------------

