

Working Directory = /home/msmekhem/research/repositories/fpga-mxfp/aitb_asic/asic/base_04_02_20_35_obj-dir/syn-rundir
QoS Summary for aitb_top
================================================================================
Metric                          final          
================================================================================
Slack (ps):                         3
  R2R (ps):                         3
  I2R (ps):                  no_value
  R2O (ps):                  no_value
  I2O (ps):                  no_value
  CG  (ps):                  no_value
TNS (ps):                           0
  R2R (ps):                         0
  I2R (ps):                  no_value
  R2O (ps):                  no_value
  I2O (ps):                  no_value
  CG  (ps):                  no_value
Failing Paths:                      0
Cell Area:                     20,272
Total Cell Area:               20,272
Leaf Instances:                10,562
Total Instances:               10,562
Utilization (%):                 0.00
Tot. Net Length (um):        no_value
Avg. Net Length (um):        no_value
Route Overflow H (%):        no_value
Route Overflow V (%):        no_value
MBCI(%) (bits/gate) :            0.00
Norm Cong Hotspot Area:
  Max Cong:                  no_value
  Tot Cong:                  no_value
================================================================================
CPU  Runtime (h:m:s):        00:03:44
Real Runtime (h:m:s):        00:02:33
CPU  Elapsed (h:m:s):        00:03:47
Real Elapsed (h:m:s):        00:02:34
Memory (MB):                  1833.89
================================================================================
================================================================================
Flow Settings:
================================================================================
Total Runtime (h:m:s): 00:02:33
Total Memory (MB):     1833.89
Executable Version:    21.17-s066_1
================================================================================
Total Cell Area =  Cell Area + Physical Cell Area
Total Instances =  Leaf Instances + Physical Instances


