============================================================
  Generated by:           Genus(TM) Synthesis Solution 21.17-s066_1
  Generated on:           Apr 03 2026  04:44:17 pm
  Module:                 e5m2_4_fixed8_mxfp_aitb_comp_wrapper
  Library domain:         PVT_0P63V_100C.setup_cond
    Domain index:         0
    Technology libraries: asap7sc7p5t_SIMPLE_RVT_SS_nldm_201020 1.0
                          asap7sc7p5t_SIMPLE_LVT_SS_nldm_201020 1.0
                          asap7sc7p5t_SIMPLE_SLVT_SS_nldm_201020 1.0
                          asap7sc7p5t_SIMPLE_SRAM_SS_nldm_201020 1.0
                          asap7sc7p5t_AO_RVT_SS_nldm_201020 1.0
                          asap7sc7p5t_AO_LVT_SS_nldm_201020 1.0
                          asap7sc7p5t_AO_SLVT_SS_nldm_201020 1.0
                          asap7sc7p5t_AO_SRAM_SS_nldm_201020 1.0
                          asap7sc7p5t_OA_RVT_SS_nldm_201020 1.0
                          asap7sc7p5t_OA_LVT_SS_nldm_201020 1.0
                          asap7sc7p5t_OA_SLVT_SS_nldm_201020 1.0
                          asap7sc7p5t_OA_SRAM_SS_nldm_201020 1.0
                          asap7sc7p5t_SEQ_RVT_SS_nldm_201020 1.0
                          asap7sc7p5t_SEQ_LVT_SS_nldm_201020 1.0
                          asap7sc7p5t_SEQ_SLVT_SS_nldm_201020 1.0
                          asap7sc7p5t_SEQ_SRAM_SS_nldm_201020 1.0
                          asap7sc7p5t_INVBUF_RVT_SS_nldm_201020 1.0
                          asap7sc7p5t_INVBUF_LVT_SS_nldm_201020 1.0
                          asap7sc7p5t_INVBUF_SLVT_SS_nldm_201020 1.0
                          asap7sc7p5t_INVBUF_SRAM_SS_nldm_201020 1.0
  Operating conditions:   PVT_0P63V_100C 
  Interconnect mode:      global
  Area mode:              physical library
============================================================

                                                   Leakage                                             Library 
           Gate            Instances    Area     Power (nW)                   Library                   Domain 
---------------------------------------------------------------------------------------------------------------
A2O1A1Ixp33_ASAP7_75t_SL          96    134.369     4866.196    asap7sc7p5t_AO_SLVT_SS_nldm_201020           0 
AND2x2_ASAP7_75t_L                25     34.992      374.793    asap7sc7p5t_SIMPLE_LVT_SS_nldm_201020        0 
AND2x2_ASAP7_75t_R                10     13.997       22.552    asap7sc7p5t_SIMPLE_RVT_SS_nldm_201020        0 
AND2x2_ASAP7_75t_SL              633    885.997    60067.038    asap7sc7p5t_SIMPLE_SLVT_SS_nldm_201020       0 
AND2x4_ASAP7_75t_L                 2      4.666       58.088    asap7sc7p5t_SIMPLE_LVT_SS_nldm_201020        0 
AND2x4_ASAP7_75t_SL               33     76.982     6241.580    asap7sc7p5t_SIMPLE_SLVT_SS_nldm_201020       0 
AND2x6_ASAP7_75t_SL               16     44.790     4100.133    asap7sc7p5t_SIMPLE_SLVT_SS_nldm_201020       0 
AND3x1_ASAP7_75t_L                 4      5.599       44.267    asap7sc7p5t_SIMPLE_LVT_SS_nldm_201020        0 
AND3x1_ASAP7_75t_SL               23     32.193     1617.688    asap7sc7p5t_SIMPLE_SLVT_SS_nldm_201020       0 
AND3x2_ASAP7_75t_SL                4      6.532      422.921    asap7sc7p5t_SIMPLE_SLVT_SS_nldm_201020       0 
AND3x4_ASAP7_75t_SL                5     16.330      867.533    asap7sc7p5t_SIMPLE_SLVT_SS_nldm_201020       0 
AND4x2_ASAP7_75t_SL                9     16.796      882.925    asap7sc7p5t_SIMPLE_SLVT_SS_nldm_201020       0 
AND5x1_ASAP7_75t_SL                4      7.465      179.687    asap7sc7p5t_SIMPLE_SLVT_SS_nldm_201020       0 
AO211x2_ASAP7_75t_SL              21     78.382     2655.142    asap7sc7p5t_AO_SLVT_SS_nldm_201020           0 
AO221x1_ASAP7_75t_L               11     25.661      124.296    asap7sc7p5t_AO_LVT_SS_nldm_201020            0 
AO221x1_ASAP7_75t_SL             118    275.270     8576.567    asap7sc7p5t_AO_SLVT_SS_nldm_201020           0 
AO221x2_ASAP7_75t_SL               3      7.698      254.317    asap7sc7p5t_AO_SLVT_SS_nldm_201020           0 
AO222x2_ASAP7_75t_SL             120    335.923    14816.511    asap7sc7p5t_AO_SLVT_SS_nldm_201020           0 
AO22x1_ASAP7_75t_L                23     48.289      234.590    asap7sc7p5t_AO_LVT_SS_nldm_201020            0 
AO22x1_ASAP7_75t_SL              400    839.808    25065.803    asap7sc7p5t_AO_SLVT_SS_nldm_201020           0 
AO22x2_ASAP7_75t_SL               23     53.654     2590.028    asap7sc7p5t_AO_SLVT_SS_nldm_201020           0 
AO31x2_ASAP7_75t_SL                2      7.465      237.026    asap7sc7p5t_AO_SLVT_SS_nldm_201020           0 
AO32x1_ASAP7_75t_SL               34     63.452     2310.438    asap7sc7p5t_AO_SLVT_SS_nldm_201020           0 
AO332x1_ASAP7_75t_SL               2      5.132      206.721    asap7sc7p5t_AO_SLVT_SS_nldm_201020           0 
AOI211x1_ASAP7_75t_SL             12     33.592      798.567    asap7sc7p5t_AO_SLVT_SS_nldm_201020           0 
AOI21x1_ASAP7_75t_SL             100    186.624     6975.713    asap7sc7p5t_AO_SLVT_SS_nldm_201020           0 
AOI21xp33_ASAP7_75t_SL            52     60.653     1537.610    asap7sc7p5t_AO_SLVT_SS_nldm_201020           0 
AOI21xp5_ASAP7_75t_L             137    159.797      781.750    asap7sc7p5t_AO_LVT_SS_nldm_201020            0 
AOI21xp5_ASAP7_75t_SL            566    660.182    20888.147    asap7sc7p5t_AO_SLVT_SS_nldm_201020           0 
AOI221x1_ASAP7_75t_L               1      3.266       10.996    asap7sc7p5t_AO_LVT_SS_nldm_201020            0 
AOI221x1_ASAP7_75t_SL              1      3.266       75.812    asap7sc7p5t_AO_SLVT_SS_nldm_201020           0 
AOI221xp5_ASAP7_75t_L              1      1.633        6.281    asap7sc7p5t_AO_LVT_SS_nldm_201020            0 
AOI221xp5_ASAP7_75t_SL           366    597.663    15022.952    asap7sc7p5t_AO_SLVT_SS_nldm_201020           0 
AOI222xp33_ASAP7_75t_SL          161    375.581     6941.999    asap7sc7p5t_AO_SLVT_SS_nldm_201020           0 
AOI22x1_ASAP7_75t_L                1      2.333       14.764    asap7sc7p5t_AO_LVT_SS_nldm_201020            0 
AOI22x1_ASAP7_75t_SL              57    132.970     4566.943    asap7sc7p5t_AO_SLVT_SS_nldm_201020           0 
AOI22xp33_ASAP7_75t_SL           355    496.886    11341.817    asap7sc7p5t_AO_SLVT_SS_nldm_201020           0 
AOI22xp5_ASAP7_75t_L               3      4.199       23.762    asap7sc7p5t_AO_LVT_SS_nldm_201020            0 
AOI22xp5_ASAP7_75t_SL           1044   1461.266    45586.142    asap7sc7p5t_AO_SLVT_SS_nldm_201020           0 
AOI311xp33_ASAP7_75t_SL           12     19.596      452.336    asap7sc7p5t_AO_SLVT_SS_nldm_201020           0 
AOI31xp33_ASAP7_75t_SL            16     22.395      476.743    asap7sc7p5t_AO_SLVT_SS_nldm_201020           0 
AOI31xp67_ASAP7_75t_SL             2      6.065       74.495    asap7sc7p5t_AO_SLVT_SS_nldm_201020           0 
AOI321xp33_ASAP7_75t_SL           18     33.592      770.438    asap7sc7p5t_AO_SLVT_SS_nldm_201020           0 
AOI322xp5_ASAP7_75t_SL            13     27.294      653.151    asap7sc7p5t_AO_SLVT_SS_nldm_201020           0 
ASYNC_DFFHx1_ASAP7_75t_SL       1165   7066.051   209277.752    asap7sc7p5t_SEQ_SLVT_SS_nldm_201020          0 
BUFx10_ASAP7_75t_L                 2      6.532      110.924    asap7sc7p5t_INVBUF_LVT_SS_nldm_201020        0 
BUFx10_ASAP7_75t_SL                1      3.266      380.783    asap7sc7p5t_INVBUF_SLVT_SS_nldm_201020       0 
BUFx12f_ASAP7_75t_L                1      4.199       77.350    asap7sc7p5t_INVBUF_LVT_SS_nldm_201020        0 
BUFx12f_ASAP7_75t_SL               2      8.398     1062.442    asap7sc7p5t_INVBUF_SLVT_SS_nldm_201020       0 
BUFx24_ASAP7_75t_SL              128    895.795   114580.855    asap7sc7p5t_INVBUF_SLVT_SS_nldm_201020       0 
BUFx2_ASAP7_75t_L                  7      8.165       86.291    asap7sc7p5t_INVBUF_LVT_SS_nldm_201020        0 
BUFx2_ASAP7_75t_SL                19     22.162     1550.374    asap7sc7p5t_INVBUF_SLVT_SS_nldm_201020       0 
BUFx3_ASAP7_75t_L                  3      4.199       55.507    asap7sc7p5t_INVBUF_LVT_SS_nldm_201020        0 
BUFx3_ASAP7_75t_SL                 8     11.197      963.525    asap7sc7p5t_INVBUF_SLVT_SS_nldm_201020       0 
BUFx4f_ASAP7_75t_L                 2      3.732       51.566    asap7sc7p5t_INVBUF_LVT_SS_nldm_201020        0 
BUFx5_ASAP7_75t_SL                 3      5.599      564.631    asap7sc7p5t_INVBUF_SLVT_SS_nldm_201020       0 
BUFx6f_ASAP7_75t_SL                8     18.662     1881.338    asap7sc7p5t_INVBUF_SLVT_SS_nldm_201020       0 
CKINVDCx14_ASAP7_75t_SL            2     13.064      718.870    asap7sc7p5t_INVBUF_SLVT_SS_nldm_201020       0 
CKINVDCx16_ASAP7_75t_SL            2     13.997     1063.250    asap7sc7p5t_INVBUF_SLVT_SS_nldm_201020       0 
HAxp5_ASAP7_75t_L                 20     41.990      254.372    asap7sc7p5t_SIMPLE_LVT_SS_nldm_201020        0 
HAxp5_ASAP7_75t_SL                 2      4.199      165.053    asap7sc7p5t_SIMPLE_SLVT_SS_nldm_201020       0 
HB1xp67_ASAP7_75t_L               44     41.057      213.366    asap7sc7p5t_INVBUF_LVT_SS_nldm_201020        0 
HB1xp67_ASAP7_75t_SL             146    136.236     4544.264    asap7sc7p5t_INVBUF_SLVT_SS_nldm_201020       0 
HB1xp67_ASAP7_75t_SRAM            14     13.064        2.144    asap7sc7p5t_INVBUF_SRAM_SS_nldm_201020       0 
INVx11_ASAP7_75t_SL                1      3.033      337.969    asap7sc7p5t_INVBUF_SLVT_SS_nldm_201020       0 
INVx13_ASAP7_75t_SL                1      3.499      460.727    asap7sc7p5t_INVBUF_SLVT_SS_nldm_201020       0 
INVx1_ASAP7_75t_L                264    184.758     1290.919    asap7sc7p5t_INVBUF_LVT_SS_nldm_201020        0 
INVx1_ASAP7_75t_SL              1501   1050.460    45955.519    asap7sc7p5t_INVBUF_SLVT_SS_nldm_201020       0 
INVx2_ASAP7_75t_SL                80     74.650     4762.215    asap7sc7p5t_INVBUF_SLVT_SS_nldm_201020       0 
INVx3_ASAP7_75t_SL                26     30.326     2330.912    asap7sc7p5t_INVBUF_SLVT_SS_nldm_201020       0 
INVx4_ASAP7_75t_SL                18     25.194     2076.372    asap7sc7p5t_INVBUF_SLVT_SS_nldm_201020       0 
INVx5_ASAP7_75t_SL                 8     13.064     1118.263    asap7sc7p5t_INVBUF_SLVT_SS_nldm_201020       0 
INVx6_ASAP7_75t_SL                 5      9.331      939.132    asap7sc7p5t_INVBUF_SLVT_SS_nldm_201020       0 
INVx8_ASAP7_75t_SL                 8     18.662     2125.116    asap7sc7p5t_INVBUF_SLVT_SS_nldm_201020       0 
INVxp33_ASAP7_75t_R                1      0.700        0.221    asap7sc7p5t_INVBUF_RVT_SS_nldm_201020        0 
INVxp33_ASAP7_75t_SL               1      0.700       10.823    asap7sc7p5t_INVBUF_SLVT_SS_nldm_201020       0 
INVxp33_ASAP7_75t_SRAM            34     23.795        1.691    asap7sc7p5t_INVBUF_SRAM_SS_nldm_201020       0 
INVxp67_ASAP7_75t_SL            1674   1171.532    33849.082    asap7sc7p5t_INVBUF_SLVT_SS_nldm_201020       0 
MAJIxp5_ASAP7_75t_SL             552    901.394    25540.191    asap7sc7p5t_SIMPLE_SLVT_SS_nldm_201020       0 
MAJx2_ASAP7_75t_SL               330    692.842    36815.423    asap7sc7p5t_SIMPLE_SLVT_SS_nldm_201020       0 
NAND2x1_ASAP7_75t_L               10     13.997       79.044    asap7sc7p5t_SIMPLE_LVT_SS_nldm_201020        0 
NAND2x1_ASAP7_75t_SL              34     47.589     1440.217    asap7sc7p5t_SIMPLE_SLVT_SS_nldm_201020       0 
NAND2x1p5_ASAP7_75t_SL            18     33.592      960.766    asap7sc7p5t_SIMPLE_SLVT_SS_nldm_201020       0 
NAND2xp33_ASAP7_75t_SL            98     91.446     1302.137    asap7sc7p5t_SIMPLE_SLVT_SS_nldm_201020       0 
NAND2xp5_ASAP7_75t_L              88     82.115      334.179    asap7sc7p5t_SIMPLE_LVT_SS_nldm_201020        0 
NAND2xp5_ASAP7_75t_SL           1749   1632.027    46122.860    asap7sc7p5t_SIMPLE_SLVT_SS_nldm_201020       0 
NAND3x1_ASAP7_75t_SL               2      5.132      136.634    asap7sc7p5t_SIMPLE_SLVT_SS_nldm_201020       0 
NAND3x2_ASAP7_75t_SL               1      4.666       68.916    asap7sc7p5t_SIMPLE_SLVT_SS_nldm_201020       0 
NAND3xp33_ASAP7_75t_SL            50     58.320     1487.596    asap7sc7p5t_SIMPLE_SLVT_SS_nldm_201020       0 
NAND4xp25_ASAP7_75t_SL            14     19.596      383.379    asap7sc7p5t_SIMPLE_SLVT_SS_nldm_201020       0 
NAND4xp75_ASAP7_75t_SL            19     62.052     1314.619    asap7sc7p5t_SIMPLE_SLVT_SS_nldm_201020       0 
NAND5xp2_ASAP7_75t_SL              5      8.165       40.028    asap7sc7p5t_SIMPLE_SLVT_SS_nldm_201020       0 
NOR2x1_ASAP7_75t_L                28     39.191      249.531    asap7sc7p5t_SIMPLE_LVT_SS_nldm_201020        0 
NOR2x1_ASAP7_75t_SL              144    201.554     7794.047    asap7sc7p5t_SIMPLE_SLVT_SS_nldm_201020       0 
NOR2x1p5_ASAP7_75t_L               2      3.732       26.394    asap7sc7p5t_SIMPLE_LVT_SS_nldm_201020        0 
NOR2x1p5_ASAP7_75t_SL             30     55.987     2269.991    asap7sc7p5t_SIMPLE_SLVT_SS_nldm_201020       0 
NOR2xp33_ASAP7_75t_L             188    175.427      553.240    asap7sc7p5t_SIMPLE_LVT_SS_nldm_201020        0 
NOR2xp33_ASAP7_75t_SL           1326   1237.317    24477.195    asap7sc7p5t_SIMPLE_SLVT_SS_nldm_201020       0 
NOR2xp67_ASAP7_75t_L               1      1.400        5.827    asap7sc7p5t_SIMPLE_LVT_SS_nldm_201020        0 
NOR2xp67_ASAP7_75t_R               1      1.400        0.716    asap7sc7p5t_SIMPLE_RVT_SS_nldm_201020        0 
NOR2xp67_ASAP7_75t_SL              4      5.599      140.062    asap7sc7p5t_SIMPLE_SLVT_SS_nldm_201020       0 
NOR3x1_ASAP7_75t_SL               15     38.491     1089.283    asap7sc7p5t_SIMPLE_SLVT_SS_nldm_201020       0 
NOR3x2_ASAP7_75t_SL                1      4.666       93.600    asap7sc7p5t_SIMPLE_SLVT_SS_nldm_201020       0 
NOR3xp33_ASAP7_75t_L               3      3.499        9.840    asap7sc7p5t_SIMPLE_LVT_SS_nldm_201020        0 
NOR3xp33_ASAP7_75t_SL             56     65.318     1850.961    asap7sc7p5t_SIMPLE_SLVT_SS_nldm_201020       0 
NOR4xp25_ASAP7_75t_SL             25     34.992      936.899    asap7sc7p5t_SIMPLE_SLVT_SS_nldm_201020       0 
NOR4xp75_ASAP7_75t_SL              9     29.393      533.671    asap7sc7p5t_SIMPLE_SLVT_SS_nldm_201020       0 
NOR5xp2_ASAP7_75t_SL              14     22.861      437.082    asap7sc7p5t_SIMPLE_SLVT_SS_nldm_201020       0 
O2A1O1Ixp33_ASAP7_75t_SL          42     58.787     1772.572    asap7sc7p5t_OA_SLVT_SS_nldm_201020           0 
O2A1O1Ixp5_ASAP7_75t_SL            3      5.599      142.982    asap7sc7p5t_OA_SLVT_SS_nldm_201020           0 
OA211x2_ASAP7_75t_SL              41     76.516     3888.293    asap7sc7p5t_OA_SLVT_SS_nldm_201020           0 
OA21x2_ASAP7_75t_R                 1      1.633        2.537    asap7sc7p5t_OA_RVT_SS_nldm_201020            0 
OA21x2_ASAP7_75t_SL              192    313.528    21241.371    asap7sc7p5t_OA_SLVT_SS_nldm_201020           0 
OA222x2_ASAP7_75t_SL             102    285.535    12649.966    asap7sc7p5t_OA_SLVT_SS_nldm_201020           0 
OA22x2_ASAP7_75t_SL              100    233.280    10803.132    asap7sc7p5t_OA_SLVT_SS_nldm_201020           0 
OA31x2_ASAP7_75t_SL                1      3.499      101.432    asap7sc7p5t_OA_SLVT_SS_nldm_201020           0 
OA33x2_ASAP7_75t_SL                1      2.333       74.397    asap7sc7p5t_OA_SLVT_SS_nldm_201020           0 
OAI211xp5_ASAP7_75t_SL           156    218.350     8273.327    asap7sc7p5t_OA_SLVT_SS_nldm_201020           0 
OAI21xp33_ASAP7_75t_SL            28     32.659      923.437    asap7sc7p5t_OA_SLVT_SS_nldm_201020           0 
OAI21xp5_ASAP7_75t_L               7      8.165       53.138    asap7sc7p5t_OA_LVT_SS_nldm_201020            0 
OAI21xp5_ASAP7_75t_SL            838    977.443    43691.149    asap7sc7p5t_OA_SLVT_SS_nldm_201020           0 
OAI222xp33_ASAP7_75t_SL          100    233.280     6763.462    asap7sc7p5t_OA_SLVT_SS_nldm_201020           0 
OAI22x1_ASAP7_75t_SL              30     69.984     3218.108    asap7sc7p5t_OA_SLVT_SS_nldm_201020           0 
OAI22xp33_ASAP7_75t_SL             7      9.798      242.517    asap7sc7p5t_OA_SLVT_SS_nldm_201020           0 
OAI22xp5_ASAP7_75t_L              44     61.586      367.224    asap7sc7p5t_OA_LVT_SS_nldm_201020            0 
OAI22xp5_ASAP7_75t_SL            809   1132.341    40690.823    asap7sc7p5t_OA_SLVT_SS_nldm_201020           0 
OAI311xp33_ASAP7_75t_SL            8     13.064      379.332    asap7sc7p5t_OA_SLVT_SS_nldm_201020           0 
OAI321xp33_ASAP7_75t_SL           27     50.388     1434.950    asap7sc7p5t_OA_SLVT_SS_nldm_201020           0 
OR2x2_ASAP7_75t_SL               345    482.890    29116.228    asap7sc7p5t_SIMPLE_SLVT_SS_nldm_201020       0 
OR2x2_ASAP7_75t_SRAM               5      6.998        1.937    asap7sc7p5t_SIMPLE_SRAM_SS_nldm_201020       0 
OR2x4_ASAP7_75t_SL                 2      3.732      297.543    asap7sc7p5t_SIMPLE_SLVT_SS_nldm_201020       0 
OR3x1_ASAP7_75t_L                  2      2.799       16.886    asap7sc7p5t_SIMPLE_LVT_SS_nldm_201020        0 
OR3x1_ASAP7_75t_SL                41     57.387     2491.563    asap7sc7p5t_SIMPLE_SLVT_SS_nldm_201020       0 
OR3x2_ASAP7_75t_SL                 1      1.633      121.750    asap7sc7p5t_SIMPLE_SLVT_SS_nldm_201020       0 
OR4x1_ASAP7_75t_SL                21     34.292     1355.499    asap7sc7p5t_SIMPLE_SLVT_SS_nldm_201020       0 
OR5x1_ASAP7_75t_SL                26     48.522     1019.686    asap7sc7p5t_SIMPLE_SLVT_SS_nldm_201020       0 
TIEHIx1_ASAP7_75t_SL             122     85.380        0.243    asap7sc7p5t_SIMPLE_SLVT_SS_nldm_201020       0 
TIELOx1_ASAP7_75t_SL            1239    867.102        3.649    asap7sc7p5t_SIMPLE_SLVT_SS_nldm_201020       0 
XNOR2x2_ASAP7_75t_L                1      2.566       22.845    asap7sc7p5t_SIMPLE_LVT_SS_nldm_201020        0 
XNOR2x2_ASAP7_75t_SL             122    313.062    17558.409    asap7sc7p5t_SIMPLE_SLVT_SS_nldm_201020       0 
XNOR2xp5_ASAP7_75t_L              12     25.194      148.921    asap7sc7p5t_SIMPLE_LVT_SS_nldm_201020        0 
XNOR2xp5_ASAP7_75t_SL           1660   3485.203   130135.597    asap7sc7p5t_SIMPLE_SLVT_SS_nldm_201020       0 
XNOR2xp5_ASAP7_75t_SRAM            1      2.100        0.360    asap7sc7p5t_SIMPLE_SRAM_SS_nldm_201020       0 
XOR2x1_ASAP7_75t_SL               30     83.981     4171.269    asap7sc7p5t_SIMPLE_SLVT_SS_nldm_201020       0 
XOR2xp5_ASAP7_75t_SL            1426   2993.916   113251.611    asap7sc7p5t_SIMPLE_SLVT_SS_nldm_201020       0 
---------------------------------------------------------------------------------------------------------------
total                          22150  36099.847  1299603.348                                           


                                                                         Leakage  Leakage 
                Library                Instances Instances %    Area   Power (nW) Power % 
------------------------------------------------------------------------------------------
asap7sc7p5t_AO_LVT_SS_nldm_201020            177         0.8   245.177   1196.439     0.1 
asap7sc7p5t_AO_SLVT_SS_nldm_201020          3594        16.2  5918.780 177741.612    13.7 
asap7sc7p5t_INVBUF_LVT_SS_nldm_201020        323         1.5   252.642   1885.923     0.1 
asap7sc7p5t_INVBUF_RVT_SS_nldm_201020          1         0.0     0.700      0.221     0.0 
asap7sc7p5t_INVBUF_SLVT_SS_nldm_201020      3642        16.4  3528.827 221276.463    17.0 
asap7sc7p5t_INVBUF_SRAM_SS_nldm_201020        48         0.2    36.858      3.836     0.0 
asap7sc7p5t_OA_LVT_SS_nldm_201020             51         0.2    69.751    420.362     0.0 
asap7sc7p5t_OA_RVT_SS_nldm_201020              1         0.0     1.633      2.537     0.0 
asap7sc7p5t_OA_SLVT_SS_nldm_201020          2485        11.2  3716.384 156291.251    12.0 
asap7sc7p5t_SEQ_SLVT_SS_nldm_201020         1165         5.3  7066.051 209277.752    16.1 
asap7sc7p5t_SIMPLE_LVT_SS_nldm_201020        386         1.7   437.167   2178.226     0.2 
asap7sc7p5t_SIMPLE_RVT_SS_nldm_201020         11         0.0    15.396     23.269     0.0 
asap7sc7p5t_SIMPLE_SLVT_SS_nldm_201020     10260        46.3 14801.383 529303.162    40.7 
asap7sc7p5t_SIMPLE_SRAM_SS_nldm_201020         6         0.0     9.098      2.297     0.0 

                                            Leakage   Leakage 
     Type      Instances    Area   Area %  Power (nW) Power % 
--------------------------------------------------------------
sequential          1165  7066.051   19.6  209277.752    16.1 
inverter            3626  2636.764    7.3   97041.081     7.5 
buffer               388  1182.263    3.3  126125.361     9.7 
logic              16971 25214.769   69.8  867159.154    66.7 
physical_cells         0     0.000    0.0       0.000     0.0 
--------------------------------------------------------------
total              22150 36099.847  100.0 1299603.348   100.0 

