//
// Generated by ip_gen_sv_wrapper.tcl
//

clk is not part of a group. Using sum_of_two_clk_if.
clr0 is id0 of a potential group. Using sum_of_two_clr_if.
  Map key: sum_of_two_clr0
  Pattern: ^(clr)([0-9]+)()$
clr1 matches sum_of_two_clr_if.
  Map key: sum_of_two_clr1
  Base key: sum_of_two_clr0
  Pattern: ^(clr)([0-9]+)()$
ena is not part of a group. Using sum_of_two_ena_if.
fp16_mult_bot_a is not part of a group. Using sum_of_two_fp16_mult_bot_a_if.
fp16_mult_bot_b is not part of a group. Using sum_of_two_fp16_mult_bot_b_if.
fp16_mult_top_a is not part of a group. Using sum_of_two_fp16_mult_top_a_if.
fp16_mult_top_b is not part of a group. Using sum_of_two_fp16_mult_top_b_if.
fp32_chainin is not part of a group. Using sum_of_two_fp32_chainin_if.
fp32_result is not part of a group. Using sum_of_two_fp32_result_if.
sum_of_two: coalescing group clr0 clr1
sum_of_two: coalescing interfaces into vectors of 2 ports
