###############################################################
#  Generated by:      Cadence Innovus 21.17-s075_1
#  OS:                Linux x86_64(Host ID KingsLanding)
#  Generated on:      Fri Apr  3 16:53:53 2026
#  Design:            e5m2_4_fixed8_mxfp_aitb_comp_wrapper
#  Command:           report_timing > timing.rpt
###############################################################
Path 1: VIOLATED (-76.471 ps) Setup Check with Pin u_e5m2_4_fixed8_mxfp_aitb_comp_top_PIPE_3_dot_col2_stage_reg_reg[0][42]/CLK->D
               View: PVT_0P63V_100C.setup_view
              Group: clk
         Startpoint: (F) i_mxfp_mode[2]
              Clock:
           Endpoint: (R) u_e5m2_4_fixed8_mxfp_aitb_comp_top_PIPE_3_dot_col2_stage_reg_reg[0][42]/D
              Clock: (R) clk

                        Capture       Launch
         Clock Edge:+  2000.000        0.000
        Src Latency:+   -99.181        0.000
        Net Latency:+   103.700 (P)    0.000 (I)
            Arrival:=  2004.519        0.000

              Setup:-     7.692
        Uncertainty:-   100.000
        Cppr Adjust:+     0.000
      Required Time:=  1896.828
       Launch Clock:=     0.000
          Data Path:+  1973.299
              Slack:=   -76.471

#------------------------------------------------------------------------------------------------------------------------------------------------------------------------------------------------------------------------------------------------------------------------------------------------
# Timing Point                                                                                                                                                                                        Flags  Arc             Edge  Cell                       Fanout    Trans    Delay    Arrival  
#                                                                                                                                                                                                                                                                        (ps)     (ps)       (ps)  
#------------------------------------------------------------------------------------------------------------------------------------------------------------------------------------------------------------------------------------------------------------------------------------------------
  i_mxfp_mode[2]                                                                                                                                                                                      -      i_mxfp_mode[2]  F     (arrival)                      18    4.100   41.300     41.300  
  FE_OFC448_i_mxfp_mode_2/Y                                                                                                                                                                           -      A->Y            F     BUFx2_ASAP7_75t_SL             10  112.300   48.300     89.600  
  u_e5m2_4_fixed8_mxfp_aitb_comp_top_u_e5m2_4_mxfp_comp_dot_fixed_col2/g71610__2802/Y                                                                                                                 -      A->Y            R     NAND2xp33_ASAP7_75t_SL          2   40.700   30.600    120.200  
  u_e5m2_4_fixed8_mxfp_aitb_comp_top_u_e5m2_4_mxfp_comp_dot_fixed_col2/g71609/Y                                                                                                                       -      A->Y            F     INVx1_ASAP7_75t_SL              1   59.500    8.100    128.300  
  u_e5m2_4_fixed8_mxfp_aitb_comp_top_u_e5m2_4_mxfp_comp_dot_fixed_col2/g71608__1617/Y                                                                                                                 -      A->Y            F     AND2x2_ASAP7_75t_SL             5   19.400   31.600    159.900  
  u_e5m2_4_fixed8_mxfp_aitb_comp_top_u_e5m2_4_mxfp_comp_dot_fixed_col2/FE_OFC296_n_2930/Y                                                                                                             -      A->Y            F     BUFx6f_ASAP7_75t_SL            75   31.600   52.400    212.300  
  u_e5m2_4_fixed8_mxfp_aitb_comp_top_u_e5m2_4_mxfp_comp_dot_fixed_col2/g71603__8428/Y                                                                                                                 -      A->Y            F     AND2x4_ASAP7_75t_SL             4   95.500   37.800    250.100  
  u_e5m2_4_fixed8_mxfp_aitb_comp_top_u_e5m2_4_mxfp_comp_dot_fixed_col2/inst_mxfp8_e5m2_mult[3].u_mxfp_mult_comp_shift_mxfp8_e5m2_u_mxfp_multiply_comp_mul_61_26_g1932/Y                               -      A->Y            F     XNOR2xp5_ASAP7_75t_SL           3   17.900   29.900    280.000  
  u_e5m2_4_fixed8_mxfp_aitb_comp_top_u_e5m2_4_mxfp_comp_dot_fixed_col2/inst_mxfp8_e5m2_mult[3].u_mxfp_mult_comp_shift_mxfp8_e5m2_u_mxfp_multiply_comp_mul_61_26_g1881/Y                               -      A->Y            R     INVx1_ASAP7_75t_SL              8   63.900   40.300    320.300  
  u_e5m2_4_fixed8_mxfp_aitb_comp_top_u_e5m2_4_mxfp_comp_dot_fixed_col2/inst_mxfp8_e5m2_mult[3].u_mxfp_mult_comp_shift_mxfp8_e5m2_u_mxfp_multiply_comp_mul_61_26_g1840/Y                               -      A->Y            F     NAND2xp5_ASAP7_75t_SL           2   62.800   24.500    344.800  
  u_e5m2_4_fixed8_mxfp_aitb_comp_top_u_e5m2_4_mxfp_comp_dot_fixed_col2/inst_mxfp8_e5m2_mult[3].u_mxfp_mult_comp_shift_mxfp8_e5m2_u_mxfp_multiply_comp_mul_61_26_g1786/Y                               -      A->Y            F     XOR2xp5_ASAP7_75t_SL            1   47.200   23.300    368.100  
  u_e5m2_4_fixed8_mxfp_aitb_comp_top_u_e5m2_4_mxfp_comp_dot_fixed_col2/inst_mxfp8_e5m2_mult[3].u_mxfp_mult_comp_shift_mxfp8_e5m2_u_mxfp_multiply_comp_mul_61_26_g1758/Y                               -      B->Y            F     XNOR2xp5_ASAP7_75t_SL           2   37.700   30.800    398.900  
  u_e5m2_4_fixed8_mxfp_aitb_comp_top_u_e5m2_4_mxfp_comp_dot_fixed_col2/inst_mxfp8_e5m2_mult[3].u_mxfp_mult_comp_shift_mxfp8_e5m2_u_mxfp_multiply_comp_mul_61_26_g1738/Y                               -      A->Y            R     NAND2xp5_ASAP7_75t_SL           2   42.000   23.900    422.800  
  u_e5m2_4_fixed8_mxfp_aitb_comp_top_u_e5m2_4_mxfp_comp_dot_fixed_col2/inst_mxfp8_e5m2_mult[3].u_mxfp_mult_comp_shift_mxfp8_e5m2_u_mxfp_multiply_comp_mul_61_26_g1727/Y                               -      B->Y            F     NAND2xp5_ASAP7_75t_SL           1   35.900   15.500    438.300  
  u_e5m2_4_fixed8_mxfp_aitb_comp_top_u_e5m2_4_mxfp_comp_dot_fixed_col2/inst_mxfp8_e5m2_mult[3].u_mxfp_mult_comp_shift_mxfp8_e5m2_u_mxfp_multiply_comp_mul_61_26_g1715/Y                               -      A->Y            R     XNOR2x2_ASAP7_75t_SL            3   26.200   35.200    473.500  
  u_e5m2_4_fixed8_mxfp_aitb_comp_top_u_e5m2_4_mxfp_comp_dot_fixed_col2/g110677/Y                                                                                                                      -      A->Y            F     NOR2x1_ASAP7_75t_SL             2   25.300   14.900    488.400  
  u_e5m2_4_fixed8_mxfp_aitb_comp_top_u_e5m2_4_mxfp_comp_dot_fixed_col2/g110667/Y                                                                                                                      -      A->Y            R     INVx1_ASAP7_75t_SL              1   21.600   13.000    501.400  
  u_e5m2_4_fixed8_mxfp_aitb_comp_top_u_e5m2_4_mxfp_comp_dot_fixed_col2/g110557/Y                                                                                                                      -      A->Y            F     NOR2x1_ASAP7_75t_SL             2   19.200   12.800    514.200  
  u_e5m2_4_fixed8_mxfp_aitb_comp_top_u_e5m2_4_mxfp_comp_dot_fixed_col2/g110549/Y                                                                                                                      -      A->Y            R     INVx1_ASAP7_75t_SL              1   17.900   12.000    526.200  
  u_e5m2_4_fixed8_mxfp_aitb_comp_top_u_e5m2_4_mxfp_comp_dot_fixed_col2/g110488/Y                                                                                                                      -      B->Y            F     NOR2x1_ASAP7_75t_SL             2   17.900   11.000    537.200  
  u_e5m2_4_fixed8_mxfp_aitb_comp_top_u_e5m2_4_mxfp_comp_dot_fixed_col2/g110403/Y                                                                                                                      -      B->Y            R     NOR2xp33_ASAP7_75t_SL           1   30.000   25.500    562.700  
  u_e5m2_4_fixed8_mxfp_aitb_comp_top_u_e5m2_4_mxfp_comp_dot_fixed_col2/g110286/Y                                                                                                                      -      B->Y            F     XNOR2x2_ASAP7_75t_SL            6   46.600   43.100    605.800  
  u_e5m2_4_fixed8_mxfp_aitb_comp_top_u_e5m2_4_mxfp_comp_dot_fixed_col2/g110100/Y                                                                                                                      -      A2->Y           F     AO22x1_ASAP7_75t_L              5   25.000   43.500    649.300  
  u_e5m2_4_fixed8_mxfp_aitb_comp_top_u_e5m2_4_mxfp_comp_dot_fixed_col2/g109397/Y                                                                                                                      -      A2->Y           R     AOI322xp5_ASAP7_75t_SL          4   36.000   56.800    706.100  
  u_e5m2_4_fixed8_mxfp_aitb_comp_top_u_e5m2_4_mxfp_comp_dot_fixed_col2/g109114/Y                                                                                                                      -      A1->Y           F     OAI22xp5_ASAP7_75t_SL           5  138.900   62.600    768.700  
  u_e5m2_4_fixed8_mxfp_aitb_comp_top_u_e5m2_4_mxfp_comp_dot_fixed_col2/g108748__6131/Y                                                                                                                -      A2->Y           F     AO22x1_ASAP7_75t_SL             2  111.300   42.700    811.400  
  u_e5m2_4_fixed8_mxfp_aitb_comp_top_u_e5m2_4_mxfp_comp_dot_fixed_col2/csa_tree_u_e5m2_4_reduction_u_reduction_add_29_28_I2_I1_groupi_g8827/Y                                                         -      A->Y            F     XNOR2xp5_ASAP7_75t_SL           2   29.400   30.300    841.700  
  u_e5m2_4_fixed8_mxfp_aitb_comp_top_u_e5m2_4_mxfp_comp_dot_fixed_col2/csa_tree_u_e5m2_4_reduction_u_reduction_add_29_28_I2_I1_groupi_g8526/Y                                                         -      A->Y            R     XNOR2xp5_ASAP7_75t_SL           2   33.100   30.100    871.800  
  u_e5m2_4_fixed8_mxfp_aitb_comp_top_u_e5m2_4_mxfp_comp_dot_fixed_col2/csa_tree_u_e5m2_4_reduction_u_reduction_add_29_28_I2_I1_groupi_g8497/Y                                                         -      A->Y            F     NOR2xp33_ASAP7_75t_SL           2   55.800   29.000    900.800  
  u_e5m2_4_fixed8_mxfp_aitb_comp_top_u_e5m2_4_mxfp_comp_dot_fixed_col2/csa_tree_u_e5m2_4_reduction_u_reduction_add_29_28_I2_I1_groupi_g8437/Y                                                         -      A->Y            R     INVxp67_ASAP7_75t_SL            1   43.600   14.300    915.100  
  u_e5m2_4_fixed8_mxfp_aitb_comp_top_u_e5m2_4_mxfp_comp_dot_fixed_col2/csa_tree_u_e5m2_4_reduction_u_reduction_add_29_28_I2_I1_groupi_g8176/Y                                                         -      B->Y            R     OA21x2_ASAP7_75t_SL             1   22.700   20.100    935.200  
  u_e5m2_4_fixed8_mxfp_aitb_comp_top_u_e5m2_4_mxfp_comp_dot_fixed_col2/csa_tree_u_e5m2_4_reduction_u_reduction_add_29_28_I2_I1_groupi_g8094/Y                                                         -      B->Y            R     OA21x2_ASAP7_75t_SL             2   11.400   21.100    956.300  
  u_e5m2_4_fixed8_mxfp_aitb_comp_top_u_e5m2_4_mxfp_comp_dot_fixed_col2/csa_tree_u_e5m2_4_reduction_u_reduction_add_29_28_I2_I1_groupi_g8091/Y                                                         -      A2->Y           F     OAI21xp5_ASAP7_75t_SL           2   15.500   21.000    977.300  
  u_e5m2_4_fixed8_mxfp_aitb_comp_top_u_e5m2_4_mxfp_comp_dot_fixed_col2/csa_tree_u_e5m2_4_reduction_u_reduction_add_29_28_I2_I1_groupi_g8089/Y                                                         -      A2->Y           R     AOI21x1_ASAP7_75t_SL            2   41.200   16.300    993.600  
  u_e5m2_4_fixed8_mxfp_aitb_comp_top_u_e5m2_4_mxfp_comp_dot_fixed_col2/csa_tree_u_e5m2_4_reduction_u_reduction_add_29_28_I2_I1_groupi_g8087/Y                                                         -      A2->Y           F     OAI21xp5_ASAP7_75t_SL           2   32.700   24.300   1017.900  
  u_e5m2_4_fixed8_mxfp_aitb_comp_top_u_e5m2_4_mxfp_comp_dot_fixed_col2/csa_tree_u_e5m2_4_reduction_u_reduction_add_29_28_I2_I1_groupi_g8082/Y                                                         -      A2->Y           R     AOI21x1_ASAP7_75t_SL            2   40.100   18.100   1036.000  
  u_e5m2_4_fixed8_mxfp_aitb_comp_top_u_e5m2_4_mxfp_comp_dot_fixed_col2/csa_tree_u_e5m2_4_reduction_u_reduction_add_29_28_I2_I1_groupi_g8079/Y                                                         -      A2->Y           F     OAI21xp5_ASAP7_75t_SL           2   35.000   21.000   1057.000  
  u_e5m2_4_fixed8_mxfp_aitb_comp_top_u_e5m2_4_mxfp_comp_dot_fixed_col2/csa_tree_u_e5m2_4_reduction_u_reduction_add_29_28_I2_I1_groupi_g8077/Y                                                         -      B->Y            R     NAND2x1_ASAP7_75t_SL            2   33.800   21.100   1078.100  
  u_e5m2_4_fixed8_mxfp_aitb_comp_top_u_e5m2_4_mxfp_comp_dot_fixed_col2/csa_tree_u_e5m2_4_reduction_u_reduction_add_29_28_I2_I1_groupi_g8075/Y                                                         -      B->Y            F     NOR2x1_ASAP7_75t_SL             2   29.700   15.200   1093.300  
  u_e5m2_4_fixed8_mxfp_aitb_comp_top_u_e5m2_4_mxfp_comp_dot_fixed_col2/csa_tree_u_e5m2_4_reduction_u_reduction_add_29_28_I2_I1_groupi_g8067/Y                                                         -      A2->Y           R     AOI21x1_ASAP7_75t_SL            4   25.500   22.200   1115.500  
  u_e5m2_4_fixed8_mxfp_aitb_comp_top_u_e5m2_4_mxfp_comp_dot_fixed_col2/csa_tree_u_e5m2_4_reduction_u_reduction_add_29_28_I2_I1_groupi_g8057/Y                                                         -      A2->Y           R     OA21x2_ASAP7_75t_SL             2   40.300   26.700   1142.200  
  u_e5m2_4_fixed8_mxfp_aitb_comp_top_u_e5m2_4_mxfp_comp_dot_fixed_col2/csa_tree_u_e5m2_4_reduction_u_reduction_add_29_28_I2_I1_groupi_g8050/Y                                                         -      B->Y            F     NOR2x1p5_ASAP7_75t_SL           3   18.600   12.900   1155.100  
  u_e5m2_4_fixed8_mxfp_aitb_comp_top_u_e5m2_4_mxfp_comp_dot_fixed_col2/csa_tree_u_e5m2_4_reduction_u_reduction_add_29_28_I2_I1_groupi_g8039/Y                                                         -      A1->Y           R     AOI31xp67_ASAP7_75t_SL          4   19.800   24.300   1179.400  
  u_e5m2_4_fixed8_mxfp_aitb_comp_top_u_e5m2_4_mxfp_comp_dot_fixed_col2/csa_tree_u_e5m2_4_reduction_u_reduction_add_29_28_I2_I1_groupi_g8034/Y                                                         -      B->Y            F     NOR2x1p5_ASAP7_75t_SL           2   54.400   14.400   1193.800  
  u_e5m2_4_fixed8_mxfp_aitb_comp_top_u_e5m2_4_mxfp_comp_dot_fixed_col2/csa_tree_u_e5m2_4_reduction_u_reduction_add_29_28_I2_I1_groupi_g8024/Y                                                         -      A2->Y           R     AOI21x1_ASAP7_75t_SL            3   23.800   24.200   1218.000  
  u_e5m2_4_fixed8_mxfp_aitb_comp_top_u_e5m2_4_mxfp_comp_dot_fixed_col2/csa_tree_u_e5m2_4_reduction_u_reduction_add_29_28_I2_I1_groupi_g8018/Y                                                         -      B->Y            F     NOR2x1_ASAP7_75t_SL             2   44.800   16.700   1234.700  
  u_e5m2_4_fixed8_mxfp_aitb_comp_top_u_e5m2_4_mxfp_comp_dot_fixed_col2/csa_tree_u_e5m2_4_reduction_u_reduction_add_29_28_I2_I1_groupi_g8006/Y                                                         -      A2->Y           R     AOI21x1_ASAP7_75t_SL            4   24.600   23.600   1258.300  
  u_e5m2_4_fixed8_mxfp_aitb_comp_top_u_e5m2_4_mxfp_comp_dot_fixed_col2/csa_tree_u_e5m2_4_reduction_u_reduction_add_29_28_I2_I1_groupi_g7997/Y                                                         -      A2->Y           R     OA21x2_ASAP7_75t_SL             2   44.400   29.200   1287.500  
  u_e5m2_4_fixed8_mxfp_aitb_comp_top_u_e5m2_4_mxfp_comp_dot_fixed_col2/csa_tree_u_e5m2_4_reduction_u_reduction_add_29_28_I2_I1_groupi_g7996/Y                                                         -      A->Y            F     INVx3_ASAP7_75t_SL              4   21.600    9.300   1296.800  
  u_e5m2_4_fixed8_mxfp_aitb_comp_top_u_e5m2_4_mxfp_comp_dot_fixed_col2/csa_tree_u_e5m2_4_reduction_u_reduction_add_29_28_I2_I1_groupi_g7993/Y                                                         -      B->Y            F     AND2x2_ASAP7_75t_SL             2   13.800   23.500   1320.300  
  u_e5m2_4_fixed8_mxfp_aitb_comp_top_u_e5m2_4_mxfp_comp_dot_fixed_col2/csa_tree_u_e5m2_4_reduction_u_reduction_add_29_28_I2_I1_groupi_g7978/Y                                                         -      A2->Y           R     AOI21xp5_ASAP7_75t_L            2   16.500   28.600   1348.900  
  u_e5m2_4_fixed8_mxfp_aitb_comp_top_u_e5m2_4_mxfp_comp_dot_fixed_col2/csa_tree_u_e5m2_4_reduction_u_reduction_add_29_28_I2_I1_groupi_g7977/Y                                                         -      A->Y            F     INVx1_ASAP7_75t_L               1   51.300   13.500   1362.400  
  u_e5m2_4_fixed8_mxfp_aitb_comp_top_u_e5m2_4_mxfp_comp_dot_fixed_col2/csa_tree_u_e5m2_4_reduction_u_reduction_add_29_28_I2_I1_groupi_g7959/Y                                                         -      A2->Y           R     AOI21xp5_ASAP7_75t_L            2   19.100   27.800   1390.200  
  u_e5m2_4_fixed8_mxfp_aitb_comp_top_u_e5m2_4_mxfp_comp_dot_fixed_col2/csa_tree_u_e5m2_4_reduction_u_reduction_add_29_28_I2_I1_groupi_g7945/Y                                                         -      A2->Y           F     OAI21xp5_ASAP7_75t_SL           2   53.500   23.400   1413.599  
  u_e5m2_4_fixed8_mxfp_aitb_comp_top_u_e5m2_4_mxfp_comp_dot_fixed_col2/csa_tree_u_e5m2_4_reduction_u_reduction_add_29_28_I2_I1_groupi_g7939/Y                                                         -      B->Y            R     XNOR2xp5_ASAP7_75t_SL           4   39.300   50.800   1464.399  
  u_e5m2_4_fixed8_mxfp_aitb_comp_top_u_e5m2_4_mxfp_comp_dot_fixed_col2/csa_tree_u_e5m2_4_reduction_add_140_51_g2/Y                                                                                    -      B->Y            R     XOR2xp5_ASAP7_75t_SL            1   94.300   26.500   1490.899  
  u_e5m2_4_fixed8_mxfp_aitb_comp_top_u_e5m2_4_mxfp_comp_dot_fixed_col2/g2475/Y                                                                                                                        -      A2->Y           F     AOI21xp5_ASAP7_75t_L            1   34.700   15.000   1505.899  
  u_e5m2_4_fixed8_mxfp_aitb_comp_top_u_e5m2_4_mxfp_comp_dot_fixed_col2/g2460/Y                                                                                                                        -      A->Y            R     INVx1_ASAP7_75t_L               2   62.100   23.100   1528.999  
  u_e5m2_4_fixed8_mxfp_aitb_comp_top_u_e5m2_4_mxfp_comp_dot_fixed_col2/u_e5m2_4_reduction_add_139_35_Y_final_adder_u_e5m2_4_reduction_add_141_68_Y_final_adder_u_e5m2_4_reduction_add_140_51_g1685/Y  -      B->Y            F     NOR2xp33_ASAP7_75t_L            3   32.200   32.800   1561.799  
  u_e5m2_4_fixed8_mxfp_aitb_comp_top_u_e5m2_4_mxfp_comp_dot_fixed_col2/u_e5m2_4_reduction_add_139_35_Y_final_adder_u_e5m2_4_reduction_add_141_68_Y_final_adder_u_e5m2_4_reduction_add_140_51_g1517/Y  -      B->Y            R     NOR2xp33_ASAP7_75t_L            1   47.200   26.300   1588.099  
  u_e5m2_4_fixed8_mxfp_aitb_comp_top_u_e5m2_4_mxfp_comp_dot_fixed_col2/u_e5m2_4_reduction_add_139_35_Y_final_adder_u_e5m2_4_reduction_add_141_68_Y_final_adder_u_e5m2_4_reduction_add_140_51_g1502/Y  -      B->Y            F     NAND2xp5_ASAP7_75t_L            2   39.100   23.100   1611.199  
  u_e5m2_4_fixed8_mxfp_aitb_comp_top_u_e5m2_4_mxfp_comp_dot_fixed_col2/u_e5m2_4_reduction_add_139_35_Y_final_adder_u_e5m2_4_reduction_add_141_68_Y_final_adder_u_e5m2_4_reduction_add_140_51_g1491/Y  -      B->Y            F     OR2x2_ASAP7_75t_SL              1   32.200   24.300   1635.499  
  u_e5m2_4_fixed8_mxfp_aitb_comp_top_u_e5m2_4_mxfp_comp_dot_fixed_col2/u_e5m2_4_reduction_add_139_35_Y_final_adder_u_e5m2_4_reduction_add_141_68_Y_final_adder_u_e5m2_4_reduction_add_140_51_g1444/Y  -      A1->Y           R     OAI21xp5_ASAP7_75t_SL           3   11.600   40.100   1675.599  
  u_e5m2_4_fixed8_mxfp_aitb_comp_top_u_e5m2_4_mxfp_comp_dot_fixed_col2/u_e5m2_4_reduction_add_139_35_Y_final_adder_u_e5m2_4_reduction_add_141_68_Y_final_adder_u_e5m2_4_reduction_add_140_51_g1427/Y  -      A1->Y           R     AO31x2_ASAP7_75t_SL             2   86.200   32.200   1707.799  
  u_e5m2_4_fixed8_mxfp_aitb_comp_top_u_e5m2_4_mxfp_comp_dot_fixed_col2/u_e5m2_4_reduction_add_139_35_Y_final_adder_u_e5m2_4_reduction_add_141_68_Y_final_adder_u_e5m2_4_reduction_add_140_51_g1421/Y  -      B->Y            F     NAND2xp5_ASAP7_75t_SL           3   19.500   19.400   1727.199  
  u_e5m2_4_fixed8_mxfp_aitb_comp_top_u_e5m2_4_mxfp_comp_dot_fixed_col2/u_e5m2_4_reduction_add_139_35_Y_final_adder_u_e5m2_4_reduction_add_141_68_Y_final_adder_u_e5m2_4_reduction_add_140_51_g1411/Y  -      A2->Y           R     OAI21xp5_ASAP7_75t_SL           2   32.800   25.600   1752.799  
  u_e5m2_4_fixed8_mxfp_aitb_comp_top_u_e5m2_4_mxfp_comp_dot_fixed_col2/u_e5m2_4_reduction_add_139_35_Y_final_adder_u_e5m2_4_reduction_add_141_68_Y_final_adder_u_e5m2_4_reduction_add_140_51_g1404/Y  -      B->Y            F     NAND2xp5_ASAP7_75t_L            2   42.300   22.000   1774.799  
  u_e5m2_4_fixed8_mxfp_aitb_comp_top_u_e5m2_4_mxfp_comp_dot_fixed_col2/u_e5m2_4_reduction_add_139_35_Y_final_adder_u_e5m2_4_reduction_add_141_68_Y_final_adder_u_e5m2_4_reduction_add_140_51_g1397/Y  -      A2->Y           R     OAI21xp5_ASAP7_75t_SL           2   30.800   27.000   1801.799  
  u_e5m2_4_fixed8_mxfp_aitb_comp_top_u_e5m2_4_mxfp_comp_dot_fixed_col2/u_e5m2_4_reduction_add_139_35_Y_final_adder_u_e5m2_4_reduction_add_141_68_Y_final_adder_u_e5m2_4_reduction_add_140_51_g1393/Y  -      A2->Y           F     AOI21x1_ASAP7_75t_SL            2   48.600   13.300   1815.099  
  u_e5m2_4_fixed8_mxfp_aitb_comp_top_u_e5m2_4_mxfp_comp_dot_fixed_col2/u_e5m2_4_reduction_add_139_35_Y_final_adder_u_e5m2_4_reduction_add_141_68_Y_final_adder_u_e5m2_4_reduction_add_140_51_g1390/Y  -      A2->Y           R     OAI21xp5_ASAP7_75t_SL           2   27.900   28.900   1843.999  
  u_e5m2_4_fixed8_mxfp_aitb_comp_top_u_e5m2_4_mxfp_comp_dot_fixed_col2/u_e5m2_4_reduction_add_139_35_Y_final_adder_u_e5m2_4_reduction_add_141_68_Y_final_adder_u_e5m2_4_reduction_add_140_51_g1388/Y  -      A2->Y           F     AOI21x1_ASAP7_75t_SL            2   50.600   13.300   1857.299  
  u_e5m2_4_fixed8_mxfp_aitb_comp_top_u_e5m2_4_mxfp_comp_dot_fixed_col2/u_e5m2_4_reduction_add_139_35_Y_final_adder_u_e5m2_4_reduction_add_141_68_Y_final_adder_u_e5m2_4_reduction_add_140_51_g1385/Y  -      A2->Y           R     OAI21xp5_ASAP7_75t_SL           2   28.200   25.300   1882.599  
  u_e5m2_4_fixed8_mxfp_aitb_comp_top_u_e5m2_4_mxfp_comp_dot_fixed_col2/u_e5m2_4_reduction_add_139_35_Y_final_adder_u_e5m2_4_reduction_add_141_68_Y_final_adder_u_e5m2_4_reduction_add_140_51_g1383/Y  -      A2->Y           F     AOI21xp5_ASAP7_75t_SL           1   44.000   15.000   1897.599  
  u_e5m2_4_fixed8_mxfp_aitb_comp_top_u_e5m2_4_mxfp_comp_dot_fixed_col2/g72260__4319/Y                                                                                                                 -      A2->Y           R     AOI21x1_ASAP7_75t_SL            1   29.600   20.300   1917.899  
  u_e5m2_4_fixed8_mxfp_aitb_comp_top_u_e5m2_4_mxfp_comp_dot_fixed_col2/FE_OFC412_n_2912/Y                                                                                                             -      A->Y            R     BUFx12f_ASAP7_75t_SL           30   46.800   29.000   1946.899  
  u_e5m2_4_fixed8_mxfp_aitb_comp_top_u_e5m2_4_mxfp_comp_dot_fixed_col2/g72214__6131/Y                                                                                                                 -      B->Y            F     NAND2xp5_ASAP7_75t_SL           1   24.400   13.700   1960.599  
  u_e5m2_4_fixed8_mxfp_aitb_comp_top_g25214/Y                                                                                                                                                         -      A->Y            R     INVx1_ASAP7_75t_SL              1   34.700   12.700   1973.299  
  u_e5m2_4_fixed8_mxfp_aitb_comp_top_PIPE_3_dot_col2_stage_reg_reg[0][42]/D                                                                                                                           -      D               R     ASYNC_DFFHx1_ASAP7_75t_SL       1   19.500    0.000   1973.299  
#------------------------------------------------------------------------------------------------------------------------------------------------------------------------------------------------------------------------------------------------------------------------------------------------

