###############################################################
#  Generated by:      Cadence Innovus 21.17-s075_1
#  OS:                Linux x86_64(Host ID KingsLanding)
#  Generated on:      Fri Apr  3 12:29:41 2026
#  Design:            fixed8_mxfp_aitb_comp_wrapper
#  Command:           report_timing > timing.rpt
###############################################################
Path 1: VIOLATED (-50.408 ps) Setup Check with Pin u_fixed8_mxfp_aitb_comp_top_PIPE_3_fix2float_col1_stage_reg_reg[0][16]/CLK->D
               View: PVT_0P63V_100C.setup_view
              Group: clk
         Startpoint: (R) u_fixed8_mxfp_aitb_comp_top_PIPE_3_dot_col1_stage_reg_reg[0][69]/CLK
              Clock: (R) clk
           Endpoint: (F) u_fixed8_mxfp_aitb_comp_top_PIPE_3_fix2float_col1_stage_reg_reg[0][16]/D
              Clock: (R) clk

                        Capture       Launch
         Clock Edge:+  2000.000        0.000
        Src Latency:+   -91.485      -91.485
        Net Latency:+    84.500 (P)   95.500 (P)
            Arrival:=  1993.015        4.015

              Setup:-    12.109
        Uncertainty:-   100.000
        Cppr Adjust:+     0.000
      Required Time:=  1880.907
       Launch Clock:=     4.015
          Data Path:+  1927.299
              Slack:=   -50.408

#-------------------------------------------------------------------------------------------------------------------------------------------------------------------------------
# Timing Point                                                                              Flags  Arc      Edge  Cell                       Fanout    Trans    Delay    Arrival  
#                                                                                                                                                       (ps)     (ps)       (ps)  
#-------------------------------------------------------------------------------------------------------------------------------------------------------------------------------
  u_fixed8_mxfp_aitb_comp_top_PIPE_3_dot_col1_stage_reg_reg[0][69]/CLK                      -      CLK      R     (arrival)                      73   53.500        -      4.015  
  u_fixed8_mxfp_aitb_comp_top_PIPE_3_dot_col1_stage_reg_reg[0][69]/QN                       -      CLK->QN  R     ASYNC_DFFHx1_ASAP7_75t_SL       1   53.500   57.000     61.015  
  FE_OFC216_u_fixed8_mxfp_aitb_comp_top_n_29233/Y                                           -      A->Y     R     BUFx2_ASAP7_75t_SL             26   23.800   75.100    136.115  
  FE_DBTC4_u_fixed8_mxfp_aitb_comp_top_n_29233/Y                                            -      A->Y     F     INVx5_ASAP7_75t_SL             41  130.400   54.900    191.015  
  u_fixed8_mxfp_aitb_comp_top_g38969/Y                                                      -      B2->Y    R     OAI22xp5_ASAP7_75t_SL           1  100.100   36.100    227.115  
  u_fixed8_mxfp_aitb_comp_top_g38894/Y                                                      -      C->Y     F     AOI221x1_ASAP7_75t_SL           1   59.900   28.700    255.815  
  u_fixed8_mxfp_aitb_comp_top_g38855/Y                                                      -      B->Y     R     NAND4xp75_ASAP7_75t_SL          2   69.800   21.400    277.215  
  u_fixed8_mxfp_aitb_comp_top_g38832/Y                                                      -      A->Y     F     NOR3x1_ASAP7_75t_SL             2   37.300   17.700    294.915  
  u_fixed8_mxfp_aitb_comp_top_g38828/Y                                                      -      B->Y     F     AND2x2_ASAP7_75t_SL             8   32.300   42.000    336.915  
  FE_OFC239_u_fixed8_mxfp_aitb_comp_top_u_fix2fp32_col1_n_735/Y                             -      A->Y     R     INVx2_ASAP7_75t_SL              8   46.700   38.300    375.215  
  u_fixed8_mxfp_aitb_comp_top_g38817/Y                                                      -      B2->Y    R     AO22x1_ASAP7_75t_SL             2   62.800   30.700    405.915  
  u_fixed8_mxfp_aitb_comp_top_g38813/Y                                                      -      A->Y     F     INVx1_ASAP7_75t_SL              2   23.300   14.400    420.315  
  u_fixed8_mxfp_aitb_comp_top_g38796/Y                                                      -      A1->Y    R     OAI21xp5_ASAP7_75t_SL           1   21.200   14.000    434.315  
  u_fixed8_mxfp_aitb_comp_top_g38793/Y                                                      -      B->Y     F     NOR3xp33_ASAP7_75t_SL           1   23.600   16.000    450.315  
  u_fixed8_mxfp_aitb_comp_top_g38791/Y                                                      -      A->Y     F     AND2x4_ASAP7_75t_SL            41   32.600   53.000    503.315  
  u_fixed8_mxfp_aitb_comp_top_g38764/Y                                                      -      A2->Y    R     AOI21xp5_ASAP7_75t_SL           3   70.500   33.700    537.016  
  u_fixed8_mxfp_aitb_comp_top_g38739/Y                                                      -      A->Y     F     INVx1_ASAP7_75t_L               1   61.800   14.700    551.715  
  u_fixed8_mxfp_aitb_comp_top_g38685/Y                                                      -      B2->Y    R     AOI22xp5_ASAP7_75t_SL           1   21.600   15.500    567.215  
  u_fixed8_mxfp_aitb_comp_top_g38603/Y                                                      -      C->Y     F     A2O1A1Ixp33_ASAP7_75t_SL        1   36.800   17.500    584.715  
  u_fixed8_mxfp_aitb_comp_top_g38560/Y                                                      -      C->Y     R     O2A1O1Ixp33_ASAP7_75t_SL        1   40.800   25.200    609.915  
  u_fixed8_mxfp_aitb_comp_top_g38493/Y                                                      -      B->Y     R     AND3x1_ASAP7_75t_SL             1   53.500   29.100    639.015  
  u_fixed8_mxfp_aitb_comp_top_g38480/Y                                                      -      A->Y     R     AND2x6_ASAP7_75t_SL            35   21.500   48.200    687.215  
  u_fixed8_mxfp_aitb_comp_top_g38445/Y                                                      -      A2->Y    F     OAI22xp5_ASAP7_75t_SL           3   73.400   31.400    718.615  
  u_fixed8_mxfp_aitb_comp_top_g38436/Y                                                      -      A->Y     R     INVx1_ASAP7_75t_SL              1   53.200   14.500    733.115  
  u_fixed8_mxfp_aitb_comp_top_g38403/Y                                                      -      A1->Y    F     OAI22xp5_ASAP7_75t_SL           1   23.700   12.600    745.715  
  u_fixed8_mxfp_aitb_comp_top_g38395/Y                                                      -      C->Y     R     O2A1O1Ixp5_ASAP7_75t_SL         1   39.300   21.700    767.415  
  u_fixed8_mxfp_aitb_comp_top_g38393/Y                                                      -      B->Y     R     AND2x2_ASAP7_75t_SL             1   45.100   23.300    790.715  
  u_fixed8_mxfp_aitb_comp_top_g38333/Y                                                      -      A->Y     R     AND2x6_ASAP7_75t_SL            28   14.200   37.200    827.915  
  u_fixed8_mxfp_aitb_comp_top_g38332/Y                                                      -      A->Y     F     INVx4_ASAP7_75t_SL             31   49.400   28.900    856.815  
  u_fixed8_mxfp_aitb_comp_top_g38294/Y                                                      -      B2->Y    R     AOI22xp5_ASAP7_75t_SL           3   49.000   33.700    890.515  
  u_fixed8_mxfp_aitb_comp_top_g38168/Y                                                      -      B->Y     F     NOR2xp33_ASAP7_75t_SL           1   58.800   20.200    910.715  
  u_fixed8_mxfp_aitb_comp_top_g38139/Y                                                      -      C->Y     R     AOI221xp5_ASAP7_75t_SL          1   54.600   28.200    938.915  
  u_fixed8_mxfp_aitb_comp_top_g38127/Y                                                      -      B->Y     R     AND2x2_ASAP7_75t_SL             6   61.600   34.700    973.615  
  FE_OFC246_u_fixed8_mxfp_aitb_comp_top_u_fix2fp32_col1_leading_zero_count_2/Y              -      A->Y     F     INVx3_ASAP7_75t_SL             17   32.600   21.600    995.215  
  u_fixed8_mxfp_aitb_comp_top_g38070/Y                                                      -      A2->Y    R     OAI22xp5_ASAP7_75t_SL           3   34.900   30.900   1026.115  
  u_fixed8_mxfp_aitb_comp_top_g38055/Y                                                      -      A->Y     F     INVx1_ASAP7_75t_SL              1   59.100    8.600   1034.715  
  u_fixed8_mxfp_aitb_comp_top_g38035/Y                                                      -      B2->Y    F     OA22x2_ASAP7_75t_SL             1   19.900   26.400   1061.115  
  u_fixed8_mxfp_aitb_comp_top_g38016/Y                                                      -      B->Y     F     AND2x4_ASAP7_75t_SL            28   17.200   40.200   1101.315  
  FE_OFC242_u_fixed8_mxfp_aitb_comp_top_u_fix2fp32_col1_leading_zero_count_1/Y              -      A->Y     R     INVx4_ASAP7_75t_SL             26   50.400   37.500   1138.815  
  u_fixed8_mxfp_aitb_comp_top_g37952/Y                                                      -      A2->Y    F     AOI22xp5_ASAP7_75t_SL           2   61.000   24.400   1163.215  
  u_fixed8_mxfp_aitb_comp_top_g37899/Y                                                      -      B->Y     R     XNOR2x2_ASAP7_75t_SL            9   43.000   44.200   1207.415  
  FE_OFC258_u_fixed8_mxfp_aitb_comp_top_u_fix2fp32_col1_leading_zero_count_0/Y              -      A->Y     R     BUFx2_ASAP7_75t_SL             18   40.300   49.800   1257.215  
  u_fixed8_mxfp_aitb_comp_top_g37828/Y                                                      -      A2->Y    F     OAI22xp5_ASAP7_75t_SL           3   70.700   26.900   1284.115  
  u_fixed8_mxfp_aitb_comp_top_g37812/Y                                                      -      A->Y     R     NOR2xp33_ASAP7_75t_SL           2   46.200   25.000   1309.115  
  u_fixed8_mxfp_aitb_comp_top_g37804/Y                                                      -      A->Y     F     INVxp67_ASAP7_75t_SL            2   48.200   14.400   1323.515  
  u_fixed8_mxfp_aitb_comp_top_g37796/Y                                                      -      B->Y     R     NOR2xp33_ASAP7_75t_SL           2   24.700   27.000   1350.515  
  u_fixed8_mxfp_aitb_comp_top_g37790/Y                                                      -      A->Y     F     INVx1_ASAP7_75t_SL              3   52.700   15.900   1366.415  
  u_fixed8_mxfp_aitb_comp_top_g37779/Y                                                      -      A->Y     F     OR3x1_ASAP7_75t_SL              1   27.300   28.200   1394.615  
  u_fixed8_mxfp_aitb_comp_top_g37775/Y                                                      -      A->Y     R     NOR5xp2_ASAP7_75t_SL            1   14.500   32.500   1427.115  
  u_fixed8_mxfp_aitb_comp_top_u_fix2fp32_col1_csa_tree_add_103_80_groupi_fopt635/Y          -      A->Y     F     INVxp67_ASAP7_75t_SL            2   78.200   23.300   1450.415  
  u_fixed8_mxfp_aitb_comp_top_u_fix2fp32_col1_csa_tree_add_103_80_groupi_g611/Y             -      A->Y     R     MAJIxp5_ASAP7_75t_SL            2   40.600   31.300   1481.715  
  u_fixed8_mxfp_aitb_comp_top_u_fix2fp32_col1_csa_tree_add_103_80_groupi_g589/Y             -      A->Y     R     MAJx2_ASAP7_75t_SL              2   73.400   31.500   1513.215  
  u_fixed8_mxfp_aitb_comp_top_u_fix2fp32_col1_csa_tree_add_103_80_groupi_g577/Y             -      A->Y     F     MAJIxp5_ASAP7_75t_SL            2   23.400   20.700   1533.915  
  u_fixed8_mxfp_aitb_comp_top_u_fix2fp32_col1_csa_tree_add_103_80_groupi_g572/Y             -      A->Y     R     MAJIxp5_ASAP7_75t_SL            1   68.100   27.800   1561.715  
  FE_COEC622_u_fixed8_mxfp_aitb_comp_top_u_fix2fp32_col1_csa_tree_add_103_80_groupi_n_62/Y  -      A->Y     R     BUFx2_ASAP7_75t_SL              2   58.100   33.200   1594.915  
  u_fixed8_mxfp_aitb_comp_top_u_fix2fp32_col1_csa_tree_add_103_80_groupi_g570/Y             -      A->Y     F     MAJIxp5_ASAP7_75t_SL            2   30.000   22.100   1617.015  
  u_fixed8_mxfp_aitb_comp_top_u_fix2fp32_col1_csa_tree_add_103_80_groupi_g568/Y             -      A->Y     F     MAJx2_ASAP7_75t_SL              2   46.900   33.700   1650.715  
  u_fixed8_mxfp_aitb_comp_top_u_fix2fp32_col1_csa_tree_add_103_80_groupi_g566/Y             -      A->Y     R     MAJIxp5_ASAP7_75t_SL            2   17.900   26.100   1676.815  
  u_fixed8_mxfp_aitb_comp_top_u_fix2fp32_col1_csa_tree_add_103_80_groupi_g564/Y             -      A->Y     F     MAJIxp5_ASAP7_75t_SL            2   58.100   34.400   1711.215  
  u_fixed8_mxfp_aitb_comp_top_u_fix2fp32_col1_csa_tree_add_103_80_groupi_g562/Y             -      B->Y     R     NAND2xp5_ASAP7_75t_SL           2   62.400   27.300   1738.515  
  u_fixed8_mxfp_aitb_comp_top_u_fix2fp32_col1_csa_tree_add_103_80_groupi_g561/Y             -      A->Y     F     INVx1_ASAP7_75t_SL              1   43.400   16.400   1754.915  
  u_fixed8_mxfp_aitb_comp_top_g28205/Y                                                      -      B->Y     R     NOR2x1_ASAP7_75t_SL             7   25.500   27.400   1782.315  
  FE_OFC245_u_fixed8_mxfp_aitb_comp_top_n_28985/Y                                           -      A->Y     F     INVx1_ASAP7_75t_SL              1   52.700    9.600   1791.915  
  u_fixed8_mxfp_aitb_comp_top_g28084/Y                                                      -      A->Y     R     NOR3xp33_ASAP7_75t_SL           3   19.800   43.100   1835.015  
  u_fixed8_mxfp_aitb_comp_top_g28081/Y                                                      -      A->Y     F     INVxp67_ASAP7_75t_SL            1   90.900   23.300   1858.315  
  u_fixed8_mxfp_aitb_comp_top_g28073/Y                                                      -      B->Y     R     NOR2x1p5_ASAP7_75t_SL          22   42.800   54.600   1912.915  
  u_fixed8_mxfp_aitb_comp_top_g28058/Y                                                      -      A1->Y    F     AOI22xp5_ASAP7_75t_SL           1  104.800   18.400   1931.315  
  u_fixed8_mxfp_aitb_comp_top_PIPE_3_fix2float_col1_stage_reg_reg[0][16]/D                  -      D        F     ASYNC_DFFHx1_ASAP7_75t_SL       1   47.500    0.000   1931.315  
#-------------------------------------------------------------------------------------------------------------------------------------------------------------------------------

