

Working Directory = /home/msmekhem/research/repositories/fpga-mxfp/aitb_asic/asic/noe5m2_mxfp_aitb_comp_04_03_13_43_obj-dir/syn-rundir
QoS Summary for noe5m2_mxfp_aitb_comp_top
================================================================================
Metric                          final          
================================================================================
Slack (ps):                         4
  R2R (ps):                         4
  I2R (ps):                  no_value
  R2O (ps):                  no_value
  I2O (ps):                  no_value
  CG  (ps):                  no_value
TNS (ps):                           0
  R2R (ps):                         0
  I2R (ps):                  no_value
  R2O (ps):                  no_value
  I2O (ps):                  no_value
  CG  (ps):                  no_value
Failing Paths:                      0
Cell Area:                     33,282
Total Cell Area:               33,282
Leaf Instances:                19,227
Total Instances:               19,227
Utilization (%):                 0.00
Tot. Net Length (um):        no_value
Avg. Net Length (um):        no_value
Route Overflow H (%):        no_value
Route Overflow V (%):        no_value
MBCI(%) (bits/gate) :            0.00
Norm Cong Hotspot Area:
  Max Cong:                  no_value
  Tot Cong:                  no_value
================================================================================
CPU  Runtime (h:m:s):        00:05:32
Real Runtime (h:m:s):        00:04:00
CPU  Elapsed (h:m:s):        00:05:34
Real Elapsed (h:m:s):        00:04:01
Memory (MB):                  1903.98
================================================================================
================================================================================
Flow Settings:
================================================================================
Total Runtime (h:m:s): 00:04:00
Total Memory (MB):     1903.98
Executable Version:    21.17-s066_1
================================================================================
Total Cell Area =  Cell Area + Physical Cell Area
Total Instances =  Leaf Instances + Physical Instances


