============================================================
  Generated by:           Genus(TM) Synthesis Solution 21.17-s066_1
  Generated on:           Apr 02 2026  11:30:13 pm
  Module:                 nofp8_mxfp_aitb_comp_top
  Library domain:         PVT_0P63V_100C.setup_cond
    Domain index:         0
    Technology libraries: asap7sc7p5t_SIMPLE_RVT_SS_nldm_201020 1.0
                          asap7sc7p5t_SIMPLE_LVT_SS_nldm_201020 1.0
                          asap7sc7p5t_SIMPLE_SLVT_SS_nldm_201020 1.0
                          asap7sc7p5t_SIMPLE_SRAM_SS_nldm_201020 1.0
                          asap7sc7p5t_AO_RVT_SS_nldm_201020 1.0
                          asap7sc7p5t_AO_LVT_SS_nldm_201020 1.0
                          asap7sc7p5t_AO_SLVT_SS_nldm_201020 1.0
                          asap7sc7p5t_AO_SRAM_SS_nldm_201020 1.0
                          asap7sc7p5t_OA_RVT_SS_nldm_201020 1.0
                          asap7sc7p5t_OA_LVT_SS_nldm_201020 1.0
                          asap7sc7p5t_OA_SLVT_SS_nldm_201020 1.0
                          asap7sc7p5t_OA_SRAM_SS_nldm_201020 1.0
                          asap7sc7p5t_SEQ_RVT_SS_nldm_201020 1.0
                          asap7sc7p5t_SEQ_LVT_SS_nldm_201020 1.0
                          asap7sc7p5t_SEQ_SLVT_SS_nldm_201020 1.0
                          asap7sc7p5t_SEQ_SRAM_SS_nldm_201020 1.0
                          asap7sc7p5t_INVBUF_RVT_SS_nldm_201020 1.0
                          asap7sc7p5t_INVBUF_LVT_SS_nldm_201020 1.0
                          asap7sc7p5t_INVBUF_SLVT_SS_nldm_201020 1.0
                          asap7sc7p5t_INVBUF_SRAM_SS_nldm_201020 1.0
  Operating conditions:   PVT_0P63V_100C 
  Interconnect mode:      global
  Area mode:              physical library
============================================================

                                                   Leakage                                             Library 
           Gate            Instances    Area     Power (nW)                   Library                   Domain 
---------------------------------------------------------------------------------------------------------------
A2O1A1Ixp33_ASAP7_75t_SL          31     43.390      954.525    asap7sc7p5t_AO_SLVT_SS_nldm_201020           0 
AND2x2_ASAP7_75t_L                29     40.591      433.093    asap7sc7p5t_SIMPLE_LVT_SS_nldm_201020        0 
AND2x2_ASAP7_75t_SL              981   1373.086    91371.031    asap7sc7p5t_SIMPLE_SLVT_SS_nldm_201020       0 
AND2x4_ASAP7_75t_SL               94    219.283    17805.116    asap7sc7p5t_SIMPLE_SLVT_SS_nldm_201020       0 
AND2x6_ASAP7_75t_SL                2      5.599      537.863    asap7sc7p5t_SIMPLE_SLVT_SS_nldm_201020       0 
AND3x1_ASAP7_75t_L                 2      2.799       16.831    asap7sc7p5t_SIMPLE_LVT_SS_nldm_201020        0 
AND3x1_ASAP7_75t_SL                4      5.599      228.996    asap7sc7p5t_SIMPLE_SLVT_SS_nldm_201020       0 
AND3x2_ASAP7_75t_SL                8     13.064      890.800    asap7sc7p5t_SIMPLE_SLVT_SS_nldm_201020       0 
AND3x4_ASAP7_75t_SL                6     19.596     1117.977    asap7sc7p5t_SIMPLE_SLVT_SS_nldm_201020       0 
AND4x2_ASAP7_75t_SL                6     11.197      550.834    asap7sc7p5t_SIMPLE_SLVT_SS_nldm_201020       0 
AND5x1_ASAP7_75t_SL                1      1.866       45.259    asap7sc7p5t_SIMPLE_SLVT_SS_nldm_201020       0 
AND5x2_ASAP7_75t_SL                2      9.331      270.938    asap7sc7p5t_SIMPLE_SLVT_SS_nldm_201020       0 
AO211x2_ASAP7_75t_SL              22     82.115     2697.048    asap7sc7p5t_AO_SLVT_SS_nldm_201020           0 
AO221x1_ASAP7_75t_L                8     18.662       92.564    asap7sc7p5t_AO_LVT_SS_nldm_201020            0 
AO221x1_ASAP7_75t_SL              65    151.632     4778.772    asap7sc7p5t_AO_SLVT_SS_nldm_201020           0 
AO221x2_ASAP7_75t_SL               4     10.264      410.111    asap7sc7p5t_AO_SLVT_SS_nldm_201020           0 
AO222x2_ASAP7_75t_SL               7     19.596      826.994    asap7sc7p5t_AO_SLVT_SS_nldm_201020           0 
AO22x1_ASAP7_75t_L                52    109.175      523.887    asap7sc7p5t_AO_LVT_SS_nldm_201020            0 
AO22x1_ASAP7_75t_SL              174    365.316    10801.418    asap7sc7p5t_AO_SLVT_SS_nldm_201020           0 
AO22x1_ASAP7_75t_SRAM              1      2.100        0.329    asap7sc7p5t_AO_SRAM_SS_nldm_201020           0 
AO22x2_ASAP7_75t_SL               57    132.970     6413.398    asap7sc7p5t_AO_SLVT_SS_nldm_201020           0 
AO31x2_ASAP7_75t_SL                2      7.465      237.497    asap7sc7p5t_AO_SLVT_SS_nldm_201020           0 
AO32x1_ASAP7_75t_SL                1      1.866       71.792    asap7sc7p5t_AO_SLVT_SS_nldm_201020           0 
AO332x1_ASAP7_75t_SL               2      5.132      173.436    asap7sc7p5t_AO_SLVT_SS_nldm_201020           0 
AOI211x1_ASAP7_75t_SL             12     33.592      745.202    asap7sc7p5t_AO_SLVT_SS_nldm_201020           0 
AOI21x1_ASAP7_75t_L                1      1.866        8.734    asap7sc7p5t_AO_LVT_SS_nldm_201020            0 
AOI21x1_ASAP7_75t_SL             218    406.840    16228.712    asap7sc7p5t_AO_SLVT_SS_nldm_201020           0 
AOI21xp33_ASAP7_75t_SL            21     24.494      597.522    asap7sc7p5t_AO_SLVT_SS_nldm_201020           0 
AOI21xp33_ASAP7_75t_SRAM           1      1.166        0.110    asap7sc7p5t_AO_SRAM_SS_nldm_201020           0 
AOI21xp5_ASAP7_75t_L             124    144.634      735.201    asap7sc7p5t_AO_LVT_SS_nldm_201020            0 
AOI21xp5_ASAP7_75t_SL            379    442.066    14430.335    asap7sc7p5t_AO_SLVT_SS_nldm_201020           0 
AOI221x1_ASAP7_75t_SL              5     16.330      374.615    asap7sc7p5t_AO_SLVT_SS_nldm_201020           0 
AOI221xp5_ASAP7_75t_L              1      1.633        6.070    asap7sc7p5t_AO_LVT_SS_nldm_201020            0 
AOI221xp5_ASAP7_75t_SL            65    106.142     2700.076    asap7sc7p5t_AO_SLVT_SS_nldm_201020           0 
AOI222xp33_ASAP7_75t_SL           64    149.299     3038.398    asap7sc7p5t_AO_SLVT_SS_nldm_201020           0 
AOI222xp33_ASAP7_75t_SRAM          1      2.333        0.249    asap7sc7p5t_AO_SRAM_SS_nldm_201020           0 
AOI22x1_ASAP7_75t_L                7     16.330       84.835    asap7sc7p5t_AO_LVT_SS_nldm_201020            0 
AOI22x1_ASAP7_75t_SL             115    268.272    10268.383    asap7sc7p5t_AO_SLVT_SS_nldm_201020           0 
AOI22xp33_ASAP7_75t_SL           372    520.681    11945.675    asap7sc7p5t_AO_SLVT_SS_nldm_201020           0 
AOI22xp5_ASAP7_75t_L               1      1.400        9.728    asap7sc7p5t_AO_LVT_SS_nldm_201020            0 
AOI22xp5_ASAP7_75t_SL            535    748.829    23609.480    asap7sc7p5t_AO_SLVT_SS_nldm_201020           0 
AOI31xp33_ASAP7_75t_L              1      1.400        5.260    asap7sc7p5t_AO_LVT_SS_nldm_201020            0 
AOI31xp33_ASAP7_75t_SL             3      4.199      125.430    asap7sc7p5t_AO_SLVT_SS_nldm_201020           0 
AOI31xp67_ASAP7_75t_SL             2      6.065      104.165    asap7sc7p5t_AO_SLVT_SS_nldm_201020           0 
AOI321xp33_ASAP7_75t_SL            3      5.599      138.632    asap7sc7p5t_AO_SLVT_SS_nldm_201020           0 
AOI332xp33_ASAP7_75t_SL            1      2.333       50.154    asap7sc7p5t_AO_SLVT_SS_nldm_201020           0 
ASYNC_DFFHx1_ASAP7_75t_SL       1073   6508.045   192544.227    asap7sc7p5t_SEQ_SLVT_SS_nldm_201020          0 
BUFx12_ASAP7_75t_SL                1      3.732      503.876    asap7sc7p5t_INVBUF_SLVT_SS_nldm_201020       0 
BUFx12f_ASAP7_75t_SL               5     20.995     2509.853    asap7sc7p5t_INVBUF_SLVT_SS_nldm_201020       0 
BUFx16f_ASAP7_75t_SL               1      5.132      528.499    asap7sc7p5t_INVBUF_SLVT_SS_nldm_201020       0 
BUFx24_ASAP7_75t_SL              129    902.794   113949.474    asap7sc7p5t_INVBUF_SLVT_SS_nldm_201020       0 
BUFx2_ASAP7_75t_L                 23     26.827      303.473    asap7sc7p5t_INVBUF_LVT_SS_nldm_201020        0 
BUFx2_ASAP7_75t_SL                60     69.984     5012.234    asap7sc7p5t_INVBUF_SLVT_SS_nldm_201020       0 
BUFx3_ASAP7_75t_L                  1      1.400       19.277    asap7sc7p5t_INVBUF_LVT_SS_nldm_201020        0 
BUFx3_ASAP7_75t_R                  1      1.400        2.970    asap7sc7p5t_INVBUF_RVT_SS_nldm_201020        0 
BUFx3_ASAP7_75t_SL                65     90.979     8070.809    asap7sc7p5t_INVBUF_SLVT_SS_nldm_201020       0 
BUFx4f_ASAP7_75t_L                 5      9.331      132.383    asap7sc7p5t_INVBUF_LVT_SS_nldm_201020        0 
BUFx4f_ASAP7_75t_SL                2      3.732      291.496    asap7sc7p5t_INVBUF_SLVT_SS_nldm_201020       0 
BUFx5_ASAP7_75t_SL                 1      1.866      155.393    asap7sc7p5t_INVBUF_SLVT_SS_nldm_201020       0 
BUFx6f_ASAP7_75t_L                 1      2.333       39.814    asap7sc7p5t_INVBUF_LVT_SS_nldm_201020        0 
BUFx6f_ASAP7_75t_SL               16     37.325     3804.610    asap7sc7p5t_INVBUF_SLVT_SS_nldm_201020       0 
CKINVDCx20_ASAP7_75t_SL            1      8.865      754.164    asap7sc7p5t_INVBUF_SLVT_SS_nldm_201020       0 
HB1xp67_ASAP7_75t_L               68     63.452      336.874    asap7sc7p5t_INVBUF_LVT_SS_nldm_201020        0 
HB1xp67_ASAP7_75t_R                1      0.933        0.725    asap7sc7p5t_INVBUF_RVT_SS_nldm_201020        0 
HB1xp67_ASAP7_75t_SL             231    215.551     7159.669    asap7sc7p5t_INVBUF_SLVT_SS_nldm_201020       0 
HB1xp67_ASAP7_75t_SRAM            18     16.796        2.891    asap7sc7p5t_INVBUF_SRAM_SS_nldm_201020       0 
HB2xp67_ASAP7_75t_SL               1      1.166       24.483    asap7sc7p5t_INVBUF_SLVT_SS_nldm_201020       0 
INVx11_ASAP7_75t_SL                2      6.065      685.561    asap7sc7p5t_INVBUF_SLVT_SS_nldm_201020       0 
INVx1_ASAP7_75t_L                282    197.355     1355.604    asap7sc7p5t_INVBUF_LVT_SS_nldm_201020        0 
INVx1_ASAP7_75t_SL              1000    699.840    30594.014    asap7sc7p5t_INVBUF_SLVT_SS_nldm_201020       0 
INVx2_ASAP7_75t_L                  7      6.532       75.502    asap7sc7p5t_INVBUF_LVT_SS_nldm_201020        0 
INVx2_ASAP7_75t_SL               249    232.347    14915.121    asap7sc7p5t_INVBUF_SLVT_SS_nldm_201020       0 
INVx3_ASAP7_75t_SL                31     36.158     2761.643    asap7sc7p5t_INVBUF_SLVT_SS_nldm_201020       0 
INVx4_ASAP7_75t_L                  1      1.400       15.815    asap7sc7p5t_INVBUF_LVT_SS_nldm_201020        0 
INVx4_ASAP7_75t_SL                26     36.392     3267.389    asap7sc7p5t_INVBUF_SLVT_SS_nldm_201020       0 
INVx5_ASAP7_75t_SL                 5      8.165      848.872    asap7sc7p5t_INVBUF_SLVT_SS_nldm_201020       0 
INVx8_ASAP7_75t_SL                 2      4.666      380.525    asap7sc7p5t_INVBUF_SLVT_SS_nldm_201020       0 
INVxp33_ASAP7_75t_L                1      0.700        1.620    asap7sc7p5t_INVBUF_LVT_SS_nldm_201020        0 
INVxp33_ASAP7_75t_R                2      1.400        0.413    asap7sc7p5t_INVBUF_RVT_SS_nldm_201020        0 
INVxp33_ASAP7_75t_SL               6      4.199       58.315    asap7sc7p5t_INVBUF_SLVT_SS_nldm_201020       0 
INVxp33_ASAP7_75t_SRAM            10      6.998        0.541    asap7sc7p5t_INVBUF_SRAM_SS_nldm_201020       0 
INVxp67_ASAP7_75t_SL            1353    946.884    27140.908    asap7sc7p5t_INVBUF_SLVT_SS_nldm_201020       0 
MAJIxp5_ASAP7_75t_SL             769   1255.746    38789.859    asap7sc7p5t_SIMPLE_SLVT_SS_nldm_201020       0 
MAJIxp5_ASAP7_75t_SRAM             1      1.633        0.325    asap7sc7p5t_SIMPLE_SRAM_SS_nldm_201020       0 
MAJx2_ASAP7_75t_SL               462    969.978    51948.628    asap7sc7p5t_SIMPLE_SLVT_SS_nldm_201020       0 
MAJx3_ASAP7_75t_SL                 1      2.333      153.667    asap7sc7p5t_SIMPLE_SLVT_SS_nldm_201020       0 
NAND2x1_ASAP7_75t_L               28     39.191      211.615    asap7sc7p5t_SIMPLE_LVT_SS_nldm_201020        0 
NAND2x1_ASAP7_75t_SL              84    117.573     4050.881    asap7sc7p5t_SIMPLE_SLVT_SS_nldm_201020       0 
NAND2x1p5_ASAP7_75t_L              4      7.465       39.197    asap7sc7p5t_SIMPLE_LVT_SS_nldm_201020        0 
NAND2x1p5_ASAP7_75t_SL            95    177.293     7300.243    asap7sc7p5t_SIMPLE_SLVT_SS_nldm_201020       0 
NAND2x2_ASAP7_75t_SL               9     20.995      779.596    asap7sc7p5t_SIMPLE_SLVT_SS_nldm_201020       0 
NAND2xp33_ASAP7_75t_SL            59     55.054     1013.776    asap7sc7p5t_SIMPLE_SLVT_SS_nldm_201020       0 
NAND2xp33_ASAP7_75t_SRAM           1      0.933        0.097    asap7sc7p5t_SIMPLE_SRAM_SS_nldm_201020       0 
NAND2xp5_ASAP7_75t_L             197    183.825      807.791    asap7sc7p5t_SIMPLE_LVT_SS_nldm_201020        0 
NAND2xp5_ASAP7_75t_SL           1933   1803.721    42145.168    asap7sc7p5t_SIMPLE_SLVT_SS_nldm_201020       0 
NAND2xp67_ASAP7_75t_SL            13     18.196      414.948    asap7sc7p5t_SIMPLE_SLVT_SS_nldm_201020       0 
NAND3x1_ASAP7_75t_SL               6     15.396      414.835    asap7sc7p5t_SIMPLE_SLVT_SS_nldm_201020       0 
NAND3x2_ASAP7_75t_SL               3     13.997      694.710    asap7sc7p5t_SIMPLE_SLVT_SS_nldm_201020       0 
NAND3xp33_ASAP7_75t_R              2      2.333        0.980    asap7sc7p5t_SIMPLE_RVT_SS_nldm_201020        0 
NAND3xp33_ASAP7_75t_SL            52     60.653     1269.988    asap7sc7p5t_SIMPLE_SLVT_SS_nldm_201020       0 
NAND4xp25_ASAP7_75t_SL            13     18.196      561.435    asap7sc7p5t_SIMPLE_SLVT_SS_nldm_201020       0 
NAND4xp75_ASAP7_75t_SL            21     68.584     1437.213    asap7sc7p5t_SIMPLE_SLVT_SS_nldm_201020       0 
NAND5xp2_ASAP7_75t_SL              2      3.266       17.981    asap7sc7p5t_SIMPLE_SLVT_SS_nldm_201020       0 
NOR2x1_ASAP7_75t_L                36     50.388      331.073    asap7sc7p5t_SIMPLE_LVT_SS_nldm_201020        0 
NOR2x1_ASAP7_75t_SL              186    260.340     9790.081    asap7sc7p5t_SIMPLE_SLVT_SS_nldm_201020       0 
NOR2x1p5_ASAP7_75t_L               4      7.465       51.492    asap7sc7p5t_SIMPLE_LVT_SS_nldm_201020        0 
NOR2x1p5_ASAP7_75t_SL             69    128.771     5510.987    asap7sc7p5t_SIMPLE_SLVT_SS_nldm_201020       0 
NOR2x2_ASAP7_75t_L                 2      4.666       34.972    asap7sc7p5t_SIMPLE_LVT_SS_nldm_201020        0 
NOR2x2_ASAP7_75t_SL               10     23.328     1049.745    asap7sc7p5t_SIMPLE_SLVT_SS_nldm_201020       0 
NOR2xp33_ASAP7_75t_L             175    163.296      494.774    asap7sc7p5t_SIMPLE_LVT_SS_nldm_201020        0 
NOR2xp33_ASAP7_75t_SL            888    828.611    16465.791    asap7sc7p5t_SIMPLE_SLVT_SS_nldm_201020       0 
NOR2xp67_ASAP7_75t_L               9     12.597       52.793    asap7sc7p5t_SIMPLE_LVT_SS_nldm_201020        0 
NOR2xp67_ASAP7_75t_SL             20     27.994      693.213    asap7sc7p5t_SIMPLE_SLVT_SS_nldm_201020       0 
NOR3x1_ASAP7_75t_L                 1      2.566       11.148    asap7sc7p5t_SIMPLE_LVT_SS_nldm_201020        0 
NOR3x1_ASAP7_75t_SL                9     23.095      576.307    asap7sc7p5t_SIMPLE_SLVT_SS_nldm_201020       0 
NOR3x2_ASAP7_75t_SL                2      9.331      191.018    asap7sc7p5t_SIMPLE_SLVT_SS_nldm_201020       0 
NOR3xp33_ASAP7_75t_L               3      3.499       17.027    asap7sc7p5t_SIMPLE_LVT_SS_nldm_201020        0 
NOR3xp33_ASAP7_75t_SL             91    106.142     3108.691    asap7sc7p5t_SIMPLE_SLVT_SS_nldm_201020       0 
NOR4xp25_ASAP7_75t_SL             14     19.596      392.103    asap7sc7p5t_SIMPLE_SLVT_SS_nldm_201020       0 
NOR4xp75_ASAP7_75t_SL              9     29.393      787.422    asap7sc7p5t_SIMPLE_SLVT_SS_nldm_201020       0 
NOR5xp2_ASAP7_75t_SL               7     11.431      154.111    asap7sc7p5t_SIMPLE_SLVT_SS_nldm_201020       0 
O2A1O1Ixp33_ASAP7_75t_SL          10     13.997      421.136    asap7sc7p5t_OA_SLVT_SS_nldm_201020           0 
O2A1O1Ixp5_ASAP7_75t_SL            3      5.599      183.957    asap7sc7p5t_OA_SLVT_SS_nldm_201020           0 
OA211x2_ASAP7_75t_SL               2      3.732      200.052    asap7sc7p5t_OA_SLVT_SS_nldm_201020           0 
OA21x2_ASAP7_75t_SL              169    275.970    18702.065    asap7sc7p5t_OA_SLVT_SS_nldm_201020           0 
OA221x2_ASAP7_75t_SL               1      3.732      145.192    asap7sc7p5t_OA_SLVT_SS_nldm_201020           0 
OA222x2_ASAP7_75t_SL              73    204.353     9053.974    asap7sc7p5t_OA_SLVT_SS_nldm_201020           0 
OA22x2_ASAP7_75t_SL               77    179.626     8153.810    asap7sc7p5t_OA_SLVT_SS_nldm_201020           0 
OA31x2_ASAP7_75t_SL                1      3.499      118.414    asap7sc7p5t_OA_SLVT_SS_nldm_201020           0 
OA331x1_ASAP7_75t_SL               1      2.333       90.419    asap7sc7p5t_OA_SLVT_SS_nldm_201020           0 
OAI211xp5_ASAP7_75t_SL            16     22.395      725.965    asap7sc7p5t_OA_SLVT_SS_nldm_201020           0 
OAI21xp33_ASAP7_75t_SL            10     11.664      320.870    asap7sc7p5t_OA_SLVT_SS_nldm_201020           0 
OAI21xp5_ASAP7_75t_L               1      1.166        8.424    asap7sc7p5t_OA_LVT_SS_nldm_201020            0 
OAI21xp5_ASAP7_75t_SL            622    725.501    33757.495    asap7sc7p5t_OA_SLVT_SS_nldm_201020           0 
OAI21xp5_ASAP7_75t_SRAM            1      1.166        0.225    asap7sc7p5t_OA_SRAM_SS_nldm_201020           0 
OAI222xp33_ASAP7_75t_SL           12     27.994      802.821    asap7sc7p5t_OA_SLVT_SS_nldm_201020           0 
OAI22x1_ASAP7_75t_SL             124    289.267    12676.591    asap7sc7p5t_OA_SLVT_SS_nldm_201020           0 
OAI22xp33_ASAP7_75t_SL            34     47.589     1127.698    asap7sc7p5t_OA_SLVT_SS_nldm_201020           0 
OAI22xp5_ASAP7_75t_L              46     64.385      372.099    asap7sc7p5t_OA_LVT_SS_nldm_201020            0 
OAI22xp5_ASAP7_75t_SL            386    540.276    20150.435    asap7sc7p5t_OA_SLVT_SS_nldm_201020           0 
OAI321xp33_ASAP7_75t_SL            7     13.064      391.183    asap7sc7p5t_OA_SLVT_SS_nldm_201020           0 
OR2x2_ASAP7_75t_L                  2      2.799       23.774    asap7sc7p5t_SIMPLE_LVT_SS_nldm_201020        0 
OR2x2_ASAP7_75t_SL               274    383.512    22968.909    asap7sc7p5t_SIMPLE_SLVT_SS_nldm_201020       0 
OR2x2_ASAP7_75t_SRAM               1      1.400        0.355    asap7sc7p5t_SIMPLE_SRAM_SS_nldm_201020       0 
OR2x4_ASAP7_75t_SL                 2      3.732      287.140    asap7sc7p5t_SIMPLE_SLVT_SS_nldm_201020       0 
OR3x1_ASAP7_75t_L                  3      4.199       23.417    asap7sc7p5t_SIMPLE_LVT_SS_nldm_201020        0 
OR3x1_ASAP7_75t_SL                 6      8.398      294.030    asap7sc7p5t_SIMPLE_SLVT_SS_nldm_201020       0 
OR3x2_ASAP7_75t_SL                 1      1.633       78.862    asap7sc7p5t_SIMPLE_SLVT_SS_nldm_201020       0 
OR4x1_ASAP7_75t_SL                10     16.330      619.687    asap7sc7p5t_SIMPLE_SLVT_SS_nldm_201020       0 
OR5x1_ASAP7_75t_SL                 3      5.599      177.679    asap7sc7p5t_SIMPLE_SLVT_SS_nldm_201020       0 
OR5x1_ASAP7_75t_SRAM               1      1.866        0.126    asap7sc7p5t_SIMPLE_SRAM_SS_nldm_201020       0 
OR5x2_ASAP7_75t_SRAM               1      2.100        0.164    asap7sc7p5t_SIMPLE_SRAM_SS_nldm_201020       0 
TIEHIx1_ASAP7_75t_SL              25     17.496        0.050    asap7sc7p5t_SIMPLE_SLVT_SS_nldm_201020       0 
TIELOx1_ASAP7_75t_SL            1105    773.323        3.254    asap7sc7p5t_SIMPLE_SLVT_SS_nldm_201020       0 
XNOR2x2_ASAP7_75t_R                1      2.566        3.395    asap7sc7p5t_SIMPLE_RVT_SS_nldm_201020        0 
XNOR2x2_ASAP7_75t_SL             168    431.101    24365.530    asap7sc7p5t_SIMPLE_SLVT_SS_nldm_201020       0 
XNOR2xp5_ASAP7_75t_L              27     56.687      368.663    asap7sc7p5t_SIMPLE_LVT_SS_nldm_201020        0 
XNOR2xp5_ASAP7_75t_SL           1616   3392.824   130948.235    asap7sc7p5t_SIMPLE_SLVT_SS_nldm_201020       0 
XOR2x1_ASAP7_75t_L                 2      5.599       42.624    asap7sc7p5t_SIMPLE_LVT_SS_nldm_201020        0 
XOR2x1_ASAP7_75t_SL              145    405.907    19716.343    asap7sc7p5t_SIMPLE_SLVT_SS_nldm_201020       0 
XOR2xp5_ASAP7_75t_SL            1599   3357.132   128757.664    asap7sc7p5t_SIMPLE_SLVT_SS_nldm_201020       0 
XOR2xp5_ASAP7_75t_SRAM             4      8.398        1.522    asap7sc7p5t_SIMPLE_SRAM_SS_nldm_201020       0 
---------------------------------------------------------------------------------------------------------------
total                          20056  33607.716  1272556.443                                           


                                                                         Leakage  Leakage 
                Library                Instances Instances %    Area   Power (nW) Power % 
------------------------------------------------------------------------------------------
asap7sc7p5t_AO_LVT_SS_nldm_201020            195         1.0   295.099   1466.278     0.1 
asap7sc7p5t_AO_SLVT_SS_nldm_201020          2160        10.8  3554.487 111721.769     8.8 
asap7sc7p5t_AO_SRAM_SS_nldm_201020             3         0.0     5.599      0.688     0.0 
asap7sc7p5t_INVBUF_LVT_SS_nldm_201020        389         1.9   309.329   2280.362     0.2 
asap7sc7p5t_INVBUF_RVT_SS_nldm_201020          4         0.0     3.732      4.108     0.0 
asap7sc7p5t_INVBUF_SLVT_SS_nldm_201020      3187        15.9  3336.837 223416.910    17.6 
asap7sc7p5t_INVBUF_SRAM_SS_nldm_201020        28         0.1    23.795      3.432     0.0 
asap7sc7p5t_OA_LVT_SS_nldm_201020             47         0.2    65.552    380.523     0.0 
asap7sc7p5t_OA_SLVT_SS_nldm_201020          1548         7.7  2370.591 107022.079     8.4 
asap7sc7p5t_OA_SRAM_SS_nldm_201020             1         0.0     1.166      0.225     0.0 
asap7sc7p5t_SEQ_SLVT_SS_nldm_201020         1073         5.4  6508.045 192544.227    15.1 
asap7sc7p5t_SIMPLE_LVT_SS_nldm_201020        524         2.6   587.632   2960.285     0.2 
asap7sc7p5t_SIMPLE_RVT_SS_nldm_201020          3         0.0     4.899      4.375     0.0 
asap7sc7p5t_SIMPLE_SLVT_SS_nldm_201020     10885        54.3 16524.622 630748.593    49.6 
asap7sc7p5t_SIMPLE_SRAM_SS_nldm_201020         9         0.0    16.330      2.589     0.0 

                                            Leakage   Leakage 
     Type      Instances    Area   Area %  Power (nW) Power % 
--------------------------------------------------------------
sequential          1073  6508.045   19.4  192544.227    15.1 
inverter            2978  2197.964    6.5   82856.008     6.5 
buffer               630  1475.729    4.4  142848.805    11.2 
logic              15375 23425.978   69.7  854307.403    67.1 
physical_cells         0     0.000    0.0       0.000     0.0 
--------------------------------------------------------------
total              20056 33607.716  100.0 1272556.443   100.0 

