

Working Directory = /home/msmekhem/research/repositories/fpga-mxfp/aitb_asic/asic/nofp8_mxfp_aitb_comp_04_02_23_25_obj-dir/syn-rundir
QoS Summary for nofp8_mxfp_aitb_comp_top
================================================================================
Metric                          final          
================================================================================
Slack (ps):                      -519
  R2R (ps):                      -519
  I2R (ps):                  no_value
  R2O (ps):                  no_value
  I2O (ps):                  no_value
  CG  (ps):                  no_value
TNS (ps):                     -37,211
  R2R (ps):                   -37,211
  I2R (ps):                  no_value
  R2O (ps):                  no_value
  I2O (ps):                  no_value
  CG  (ps):                  no_value
Failing Paths:                    122
Cell Area:                     33,608
Total Cell Area:               33,608
Leaf Instances:                20,056
Total Instances:               20,056
Utilization (%):                 0.00
Tot. Net Length (um):        no_value
Avg. Net Length (um):        no_value
Route Overflow H (%):        no_value
Route Overflow V (%):        no_value
MBCI(%) (bits/gate) :            0.00
Norm Cong Hotspot Area:
  Max Cong:                  no_value
  Tot Cong:                  no_value
================================================================================
CPU  Runtime (h:m:s):        00:07:22
Real Runtime (h:m:s):        00:04:53
CPU  Elapsed (h:m:s):        00:07:25
Real Elapsed (h:m:s):        00:04:54
Memory (MB):                  1815.50
================================================================================
================================================================================
Flow Settings:
================================================================================
Total Runtime (h:m:s): 00:04:53
Total Memory (MB):     1815.50
Executable Version:    21.17-s066_1
================================================================================
Total Cell Area =  Cell Area + Physical Cell Area
Total Instances =  Leaf Instances + Physical Instances


