Command: report datapath -all > datapath.map.rpt
============================================================
  Generated by:           Genus(TM) Synthesis Solution 21.17-s066_1
  Generated on:           Apr 03 2026  01:45:53 pm
  Module:                 noe5m2_mxfp_aitb_comp_top
  Library domain:         PVT_0P63V_100C.setup_cond
    Domain index:         0
    Technology libraries: asap7sc7p5t_SIMPLE_RVT_SS_nldm_201020 1.0
                          asap7sc7p5t_SIMPLE_LVT_SS_nldm_201020 1.0
                          asap7sc7p5t_SIMPLE_SLVT_SS_nldm_201020 1.0
                          asap7sc7p5t_SIMPLE_SRAM_SS_nldm_201020 1.0
                          asap7sc7p5t_AO_RVT_SS_nldm_201020 1.0
                          asap7sc7p5t_AO_LVT_SS_nldm_201020 1.0
                          asap7sc7p5t_AO_SLVT_SS_nldm_201020 1.0
                          asap7sc7p5t_AO_SRAM_SS_nldm_201020 1.0
                          asap7sc7p5t_OA_RVT_SS_nldm_201020 1.0
                          asap7sc7p5t_OA_LVT_SS_nldm_201020 1.0
                          asap7sc7p5t_OA_SLVT_SS_nldm_201020 1.0
                          asap7sc7p5t_OA_SRAM_SS_nldm_201020 1.0
                          asap7sc7p5t_SEQ_RVT_SS_nldm_201020 1.0
                          asap7sc7p5t_SEQ_LVT_SS_nldm_201020 1.0
                          asap7sc7p5t_SEQ_SLVT_SS_nldm_201020 1.0
                          asap7sc7p5t_SEQ_SRAM_SS_nldm_201020 1.0
                          asap7sc7p5t_INVBUF_RVT_SS_nldm_201020 1.0
                          asap7sc7p5t_INVBUF_LVT_SS_nldm_201020 1.0
                          asap7sc7p5t_INVBUF_SLVT_SS_nldm_201020 1.0
                          asap7sc7p5t_INVBUF_SRAM_SS_nldm_201020 1.0
  Operating conditions:   PVT_0P63V_100C 
  Interconnect mode:      global
  Area mode:              physical library
============================================================


Inferred components

                     Operator   Signedness   Inputs   Outputs CellArea 
=======================================================================
noe5m2_mxfp_aitb_comp_top
 addinc_FP32_ALU_col1_fracAdder_add_113_18
  
  module:add_unsigned_carry_2047
   very_fast            +       unsigned   26x27x1    27        407.78 
  equation:
  assign Z = A+B+CI;
-----------------------------------------------------------------------
   add_113_18           +       unsigned   27x1       27               
   add_113_14           +       unsigned   27x27      27               
=======================================================================
noe5m2_mxfp_aitb_comp_top
 addinc_FP32_ALU_col2_fracAdder_add_113_18
  
  module:add_unsigned_carry_2047
   very_fast            +       unsigned   26x27x1    27        407.78 
  equation:
  assign Z = A+B+CI;
-----------------------------------------------------------------------
   FP32_ALU_col2_fracAdder_add_113_18
                        +       unsigned   27x1       27               
   FP32_ALU_col2_fracAdder_add_113_14
                        +       unsigned   26x27      27               
=======================================================================
noe5m2_mxfp_aitb_comp_top
 inc_FP32_ALU_col1_roundingAdder_add_274_18_spec1
  
  module:increment_unsigned_3618_3680
   very_fast        increment   unsigned   31x1       31        209.37 
=======================================================================
noe5m2_mxfp_aitb_comp_top
 inc_FP32_ALU_col2_roundingAdder_add_274_18_spec1
  
  module:increment_unsigned_3618_3680
   very_fast        increment   unsigned   31x1       31        209.37 
=======================================================================
noe5m2_mxfp_aitb_comp_top
 u_fix2fp32_col1_ADD_TC_OP
  
  module:add_signed_28627
   very_fast            +       signed     39x41      39        246.31 
=======================================================================
noe5m2_mxfp_aitb_comp_top
 u_fix2fp32_col1_csa_tree_SUB_TC_OP_groupi
  
  module:csa_tree_SUB_TC_OP_group_28646
   very_fast      csa_and_adder            7x7x9x9    10        252.47 
  equation:
  assign out_0 = (((((($signed(in_2) + $signed(in_3)) + 1'sb0) + 2'sb01) + $signed(in_1)) + 8'sb10000000) - $signed(in_0));
-----------------------------------------------------------------------
   SUB_TC_OP            -       signed     10x7       10               
   ADD_TC_OP_4          +       signed     10x8       10               
   ADD_TC_OP_3          +       signed     10x7       10               
   ADD_TC_OP_2          +       signed     10x2       10               
   ADD_TC_OP_1          +       signed     10x1       10               
   ADD_TC_OP            +       signed     9x9        10               
=======================================================================
noe5m2_mxfp_aitb_comp_top
 u_fix2fp32_col2_ADD_TC_OP
  
  module:add_signed_28627_1680
   very_fast            +       signed     39x41      39        246.31 
=======================================================================
noe5m2_mxfp_aitb_comp_top
 u_fix2fp32_col2_csa_tree_SUB_TC_OP_groupi
  
  module:csa_tree_SUB_TC_OP_group_28646_1
   very_fast      csa_and_adder            7x7x9x9    10        253.84 
  equation:
  assign out_0 = (((((($signed(in_2) + $signed(in_3)) + 1'sb0) + 2'sb01) + $signed(in_1)) + 8'sb10000000) - $signed(in_0));
-----------------------------------------------------------------------
   SUB_TC_OP            -       signed     10x7       10               
   ADD_TC_OP_4          +       signed     10x8       10               
   ADD_TC_OP_3          +       signed     10x7       10               
   ADD_TC_OP_2          +       signed     10x2       10               
   ADD_TC_OP_1          +       signed     10x1       10               
   ADD_TC_OP            +       signed     9x9        10               
=======================================================================
noe5m2_mxfp_aitb_comp_top
 u_noe5m2_mxfp_comp_dot_fixed_col1
  csa_tree_add_184_43_groupi
   
   module:csa_tree_add_184_43_group_9550
    very_fast     csa_and_adder            9x37x19x9x 40       5394.24 
                                           37x19x9x9x                  
                                           37x19x19x3                  
                                           7x37x37x37                  
                                           x37                         
   equation:
   assign out_0 = ((((((((($signed(in_14) + $signed(in_15)) + $signed(in_13)) + $signed(in_12)) + $signed(in_11)) + $signed(in_8)) + $signed(in_4)) + $signed(in_1)) + ((($signed(in_9) + $signed(in_10)) + $signed(in_5)) + $signed(in_2))) + ((($signed(in_6) + $signed(in_7)) + $signed(in_3)) + $signed(in_0)));
-----------------------------------------------------------------------
    add_184_43          +       signed     40x11      40               
    add_184_33          +       signed     40x21      40               
    add_180_11_I4       +       signed     11x9       11               
    add_172_11_I8       +       signed     40x37      40               
    add_176_11_I4       +       signed     21x19      21               
    add_180_11_I3       +       signed     10x9       11               
    add_172_11_I7       +       signed     40x37      40               
    add_176_11_I3       +       signed     20x19      21               
    add_180_11_I2       +       signed     9x9        10               
    add_172_11_I6       +       signed     40x37      40               
    add_176_11_I2       +       signed     19x19      20               
    add_172_11_I5       +       signed     40x37      40               
    add_172_11_I4       +       signed     39x37      40               
    add_172_11_I3       +       signed     38x37      39               
    add_172_11_I2       +       signed     37x37      38               
=======================================================================
noe5m2_mxfp_aitb_comp_top
 u_noe5m2_mxfp_comp_dot_fixed_col1
  inst_mxfp6_mult[0].genblk1.u_mxfp_mult_comp_shift_mxfp6_u_mxfp_multiply_comp_mul_61_26
   
   module:mult_signed_1_1842
    very_fast/non_booth
                        *       signed     8x8        16        757.41 
=======================================================================
noe5m2_mxfp_aitb_comp_top
 u_noe5m2_mxfp_comp_dot_fixed_col1
  inst_mxfp6_mult[1].genblk1.u_mxfp_mult_comp_shift_mxfp6_u_mxfp_multiply_comp_mul_61_26
   
   module:mult_signed_1_1842
    very_fast/non_booth
                        *       signed     8x8        16        757.41 
=======================================================================
noe5m2_mxfp_aitb_comp_top
 u_noe5m2_mxfp_comp_dot_fixed_col1
  inst_mxfp8_mult[0].u_mxfp_mult_comp_shift_mxfp8_u_mxfp_multiply_comp_mul_61_26
   
   module:mult_signed_1
    very_fast/non_booth
                        *       signed     8x8        16        756.04 
=======================================================================
noe5m2_mxfp_aitb_comp_top
 u_noe5m2_mxfp_comp_dot_fixed_col1
  inst_mxfp8_mult[1].u_mxfp_mult_comp_shift_mxfp8_u_mxfp_multiply_comp_mul_61_26
   
   module:mult_signed_1
    very_fast/non_booth
                        *       signed     8x8        16        756.04 
=======================================================================
noe5m2_mxfp_aitb_comp_top
 u_noe5m2_mxfp_comp_dot_fixed_col1
  inst_mxfp8_mult[2].u_mxfp_mult_comp_shift_mxfp8_u_mxfp_multiply_comp_mul_61_26
   
   module:mult_signed_1
    very_fast/non_booth
                        *       signed     8x8        16        756.04 
=======================================================================
noe5m2_mxfp_aitb_comp_top
 u_noe5m2_mxfp_comp_dot_fixed_col1
  inst_mxfp8_mult[3].u_mxfp_mult_comp_shift_mxfp8_u_mxfp_multiply_comp_mul_61_26
   
   module:mult_signed_1
    very_fast/non_booth
                        *       signed     8x8        16        756.04 
=======================================================================
noe5m2_mxfp_aitb_comp_top
 u_noe5m2_mxfp_comp_dot_fixed_col1
  inst_mxfp8_mult[4].u_mxfp_mult_comp_shift_mxfp8_u_mxfp_multiply_comp_mul_61_26
   
   module:mult_signed_1
    very_fast/non_booth
                        *       signed     8x8        16        756.04 
=======================================================================
noe5m2_mxfp_aitb_comp_top
 u_noe5m2_mxfp_comp_dot_fixed_col1
  inst_mxfp8_mult[5].u_mxfp_mult_comp_shift_mxfp8_u_mxfp_multiply_comp_mul_61_26
   
   module:mult_signed_1
    very_fast/non_booth
                        *       signed     8x8        16        756.04 
=======================================================================
noe5m2_mxfp_aitb_comp_top
 u_noe5m2_mxfp_comp_dot_fixed_col1
  inst_mxfp8_mult[6].u_mxfp_mult_comp_shift_mxfp8_u_mxfp_multiply_comp_mul_61_26
   
   module:mult_signed_1
    very_fast/non_booth
                        *       signed     8x8        16        756.04 
=======================================================================
noe5m2_mxfp_aitb_comp_top
 u_noe5m2_mxfp_comp_dot_fixed_col1
  inst_mxfp8_mult[7].u_mxfp_mult_comp_shift_mxfp8_u_mxfp_multiply_comp_mul_61_26
   
   module:mult_signed_1
    very_fast/non_booth
                        *       signed     8x8        16        756.04 
=======================================================================
noe5m2_mxfp_aitb_comp_top
 u_noe5m2_mxfp_comp_dot_fixed_col2
  csa_tree_add_184_43_groupi
   
   module:csa_tree_add_184_43_group_9550
    very_fast     csa_and_adder            9x37x19x9x 40       5394.24 
                                           37x19x9x9x                  
                                           37x19x19x3                  
                                           7x37x37x37                  
                                           x37                         
   equation:
   assign out_0 = ((((((((($signed(in_14) + $signed(in_15)) + $signed(in_13)) + $signed(in_12)) + $signed(in_11)) + $signed(in_8)) + $signed(in_4)) + $signed(in_1)) + ((($signed(in_9) + $signed(in_10)) + $signed(in_5)) + $signed(in_2))) + ((($signed(in_6) + $signed(in_7)) + $signed(in_3)) + $signed(in_0)));
-----------------------------------------------------------------------
    add_184_43          +       signed     40x11      40               
    add_184_33          +       signed     40x21      40               
    add_180_11_I4       +       signed     11x9       11               
    add_172_11_I8       +       signed     40x37      40               
    add_176_11_I4       +       signed     21x19      21               
    add_180_11_I3       +       signed     10x9       11               
    add_172_11_I7       +       signed     40x37      40               
    add_176_11_I3       +       signed     20x19      21               
    add_180_11_I2       +       signed     9x9        10               
    add_172_11_I6       +       signed     40x37      40               
    add_176_11_I2       +       signed     19x19      20               
    add_172_11_I5       +       signed     40x37      40               
    add_172_11_I4       +       signed     39x37      40               
    add_172_11_I3       +       signed     38x37      39               
    add_172_11_I2       +       signed     37x37      38               
=======================================================================
noe5m2_mxfp_aitb_comp_top
 u_noe5m2_mxfp_comp_dot_fixed_col2
  inst_mxfp6_mult[0].genblk1.u_mxfp_mult_comp_shift_mxfp6_u_mxfp_multiply_comp_mul_61_26
   
   module:mult_signed_1_1842
    very_fast/non_booth
                        *       signed     8x8        16        757.41 
=======================================================================
noe5m2_mxfp_aitb_comp_top
 u_noe5m2_mxfp_comp_dot_fixed_col2
  inst_mxfp6_mult[1].genblk1.u_mxfp_mult_comp_shift_mxfp6_u_mxfp_multiply_comp_mul_61_26
   
   module:mult_signed_1_1842
    very_fast/non_booth
                        *       signed     8x8        16        757.41 
=======================================================================
noe5m2_mxfp_aitb_comp_top
 u_noe5m2_mxfp_comp_dot_fixed_col2
  inst_mxfp8_mult[0].u_mxfp_mult_comp_shift_mxfp8_u_mxfp_multiply_comp_mul_61_26
   
   module:mult_signed_1
    very_fast/non_booth
                        *       signed     8x8        16        756.04 
=======================================================================
noe5m2_mxfp_aitb_comp_top
 u_noe5m2_mxfp_comp_dot_fixed_col2
  inst_mxfp8_mult[1].u_mxfp_mult_comp_shift_mxfp8_u_mxfp_multiply_comp_mul_61_26
   
   module:mult_signed_1
    very_fast/non_booth
                        *       signed     8x8        16        756.04 
=======================================================================
noe5m2_mxfp_aitb_comp_top
 u_noe5m2_mxfp_comp_dot_fixed_col2
  inst_mxfp8_mult[2].u_mxfp_mult_comp_shift_mxfp8_u_mxfp_multiply_comp_mul_61_26
   
   module:mult_signed_1
    very_fast/non_booth
                        *       signed     8x8        16        756.04 
=======================================================================
noe5m2_mxfp_aitb_comp_top
 u_noe5m2_mxfp_comp_dot_fixed_col2
  inst_mxfp8_mult[3].u_mxfp_mult_comp_shift_mxfp8_u_mxfp_multiply_comp_mul_61_26
   
   module:mult_signed_1
    very_fast/non_booth
                        *       signed     8x8        16        756.04 
=======================================================================
noe5m2_mxfp_aitb_comp_top
 u_noe5m2_mxfp_comp_dot_fixed_col2
  inst_mxfp8_mult[4].u_mxfp_mult_comp_shift_mxfp8_u_mxfp_multiply_comp_mul_61_26
   
   module:mult_signed_1
    very_fast/non_booth
                        *       signed     8x8        16        756.04 
=======================================================================
noe5m2_mxfp_aitb_comp_top
 u_noe5m2_mxfp_comp_dot_fixed_col2
  inst_mxfp8_mult[5].u_mxfp_mult_comp_shift_mxfp8_u_mxfp_multiply_comp_mul_61_26
   
   module:mult_signed_1
    very_fast/non_booth
                        *       signed     8x8        16        756.04 
=======================================================================
noe5m2_mxfp_aitb_comp_top
 u_noe5m2_mxfp_comp_dot_fixed_col2
  inst_mxfp8_mult[6].u_mxfp_mult_comp_shift_mxfp8_u_mxfp_multiply_comp_mul_61_26
   
   module:mult_signed_1
    very_fast/non_booth
                        *       signed     8x8        16        756.04 
=======================================================================
noe5m2_mxfp_aitb_comp_top
 u_noe5m2_mxfp_comp_dot_fixed_col2
  inst_mxfp8_mult[7].u_mxfp_mult_comp_shift_mxfp8_u_mxfp_multiply_comp_mul_61_26
   
   module:mult_signed_1
    very_fast/non_booth
                        *       signed     8x8        16        756.04 
=======================================================================

      Type       CellArea Percentage 
-------------------------------------
datapath modules 28148.03      51.92 
external muxes       0.00       0.00 
others           26064.65      48.08 
-------------------------------------
total            54212.68     100.00 

