###############################################################
#  Generated by:      Cadence Innovus 21.17-s075_1
#  OS:                Linux x86_64(Host ID KingsLanding)
#  Generated on:      Fri Apr  3 12:29:14 2026
#  Design:            e5m2_4_mxfp_aitb_comp_top
#  Command:           report_timing > timing.rpt
###############################################################
Path 1: VIOLATED (-65.703 ps) Setup Check with Pin PIPE_3_dot_col2_stage_reg_reg[0][67]/CLK->D
               View: PVT_0P63V_100C.setup_view
              Group: clk
         Startpoint: (R) i_mxfp_mode[2]
              Clock:
           Endpoint: (R) PIPE_3_dot_col2_stage_reg_reg[0][67]/D
              Clock: (R) clk

                        Capture       Launch
         Clock Edge:+  2000.000        0.000
        Src Latency:+  -103.351        0.000
        Net Latency:+    98.300 (P)    0.000 (I)
            Arrival:=  1994.949        0.000

              Setup:-     7.553
        Uncertainty:-   100.000
        Cppr Adjust:+     0.000
      Required Time:=  1887.396
       Launch Clock:=     0.000
          Data Path:+  1953.100
              Slack:=   -65.703

#-------------------------------------------------------------------------------------------------------------------------------------------------------------------------------------------------------------------------------------------------------------
# Timing Point                                                                                                                                                     Flags  Arc             Edge  Cell                       Fanout    Trans    Delay    Arrival  
#                                                                                                                                                                                                                                     (ps)     (ps)       (ps)  
#-------------------------------------------------------------------------------------------------------------------------------------------------------------------------------------------------------------------------------------------------------------
  i_mxfp_mode[2]                                                                                                                                                   -      i_mxfp_mode[2]  R     (arrival)                      23    4.100   44.000     44.000  
  u_e5m2_4_mxfp_comp_dot_fixed_col2/g67863__3680/Y                                                                                                                 -      A->Y            R     AND3x2_ASAP7_75t_L              1  124.100   55.900     99.900  
  u_e5m2_4_mxfp_comp_dot_fixed_col2/FE_OFC303_n_2830/Y                                                                                                             -      A->Y            R     BUFx12f_ASAP7_75t_SL           71   28.000   53.300    153.200  
  u_e5m2_4_mxfp_comp_dot_fixed_col2/FE_OFC305_n_2830/Y                                                                                                             -      A->Y            R     BUFx6f_ASAP7_75t_SL            73   60.600   80.800    234.000  
  u_e5m2_4_mxfp_comp_dot_fixed_col2/g67924__1617/Y                                                                                                                 -      A->Y            R     AND2x2_ASAP7_75t_SL            12  133.000   45.600    279.600  
  u_e5m2_4_mxfp_comp_dot_fixed_col2/FE_OFC328_n_3649/Y                                                                                                             -      A->Y            F     INVx1_ASAP7_75t_SL              3   66.900   20.600    300.200  
  u_e5m2_4_mxfp_comp_dot_fixed_col2/inst_mxfp8_mult[0].u_mxfp_mult_comp_shift_mxfp8_e4m3_u_mxfp_multiply_comp_mul_61_26_g1633/Y                                    -      B->Y            R     XNOR2xp5_ASAP7_75t_SL           6   35.300   44.200    344.400  
  u_e5m2_4_mxfp_comp_dot_fixed_col2/inst_mxfp8_mult[0].u_mxfp_mult_comp_shift_mxfp8_e4m3_u_mxfp_multiply_comp_mul_61_26_g1603/Y                                    -      A->Y            R     OR2x2_ASAP7_75t_SL              6   83.900   37.600    382.000  
  u_e5m2_4_mxfp_comp_dot_fixed_col2/inst_mxfp8_mult[0].u_mxfp_mult_comp_shift_mxfp8_e4m3_u_mxfp_multiply_comp_mul_61_26_g1602/Y                                    -      A->Y            F     INVx1_ASAP7_75t_L               3   29.900   17.800    399.800  
  u_e5m2_4_mxfp_comp_dot_fixed_col2/inst_mxfp8_mult[0].u_mxfp_mult_comp_shift_mxfp8_e4m3_u_mxfp_multiply_comp_mul_61_26_g1580/Y                                    -      A2->Y           F     AO22x1_ASAP7_75t_SL             2   22.700   31.500    431.300  
  u_e5m2_4_mxfp_comp_dot_fixed_col2/inst_mxfp8_mult[0].u_mxfp_mult_comp_shift_mxfp8_e4m3_u_mxfp_multiply_comp_mul_61_26_g1521/Y                                    -      A->Y            F     XNOR2xp5_ASAP7_75t_SL           2   25.900   31.600    462.900  
  u_e5m2_4_mxfp_comp_dot_fixed_col2/inst_mxfp8_mult[0].u_mxfp_mult_comp_shift_mxfp8_e4m3_u_mxfp_multiply_comp_mul_61_26_g1498/Y                                    -      B->Y            F     XOR2xp5_ASAP7_75t_SL            2   36.800   29.400    492.300  
  u_e5m2_4_mxfp_comp_dot_fixed_col2/inst_mxfp8_mult[0].u_mxfp_mult_comp_shift_mxfp8_e4m3_u_mxfp_multiply_comp_mul_61_26_g1491/Y                                    -      B->Y            F     XOR2xp5_ASAP7_75t_SL            1   48.300   26.300    518.600  
  u_e5m2_4_mxfp_comp_dot_fixed_col2/inst_mxfp8_mult[0].u_mxfp_mult_comp_shift_mxfp8_e4m3_u_mxfp_multiply_comp_mul_61_26_g1482/Y                                    -      A->Y            F     XNOR2xp5_ASAP7_75t_SL           3   37.000   42.900    561.500  
  u_e5m2_4_mxfp_comp_dot_fixed_col2/g105365/Y                                                                                                                      -      A->Y            R     INVxp67_ASAP7_75t_SL            1   56.700   17.400    578.900  
  u_e5m2_4_mxfp_comp_dot_fixed_col2/g104512/Y                                                                                                                      -      A2->Y           R     OA21x2_ASAP7_75t_SL             5   28.000   30.400    609.300  
  u_e5m2_4_mxfp_comp_dot_fixed_col2/g104480/Y                                                                                                                      -      A->Y            F     INVx1_ASAP7_75t_SL              3   30.100   18.500    627.800  
  u_e5m2_4_mxfp_comp_dot_fixed_col2/g103933/Y                                                                                                                      -      A->Y            F     AND2x2_ASAP7_75t_SL             3   28.100   25.400    653.200  
  u_e5m2_4_mxfp_comp_dot_fixed_col2/g103801/Y                                                                                                                      -      A->Y            R     NAND2xp5_ASAP7_75t_SL           2   20.700   16.300    669.500  
  u_e5m2_4_mxfp_comp_dot_fixed_col2/g103717/Y                                                                                                                      -      B->Y            F     OAI21xp5_ASAP7_75t_SL           1   56.300   11.900    681.400  
  u_e5m2_4_mxfp_comp_dot_fixed_col2/g103576/Y                                                                                                                      -      B->Y            R     AOI21xp5_ASAP7_75t_SL           3   56.500   42.600    724.000  
  u_e5m2_4_mxfp_comp_dot_fixed_col2/g103255/Y                                                                                                                      -      A1->Y           F     OAI22xp5_ASAP7_75t_SL           2   76.600   24.000    748.000  
  u_e5m2_4_mxfp_comp_dot_fixed_col2/g102980__6417/Y                                                                                                                -      A2->Y           R     AOI22xp5_ASAP7_75t_SL           3   53.300   39.300    787.300  
  u_e5m2_4_mxfp_comp_dot_fixed_col2/g102621__5107/Y                                                                                                                -      A2->Y           F     OAI21xp5_ASAP7_75t_SL           2   92.100   33.200    820.500  
  u_e5m2_4_mxfp_comp_dot_fixed_col2/csa_tree_u_e5m2_4_reduction_u_reduction_add_29_28_I2_I1_groupi_g9272/Y                                                         -      B->Y            F     XNOR2xp5_ASAP7_75t_SL           1  103.700   37.500    858.000  
  u_e5m2_4_mxfp_comp_dot_fixed_col2/csa_tree_u_e5m2_4_reduction_u_reduction_add_29_28_I2_I1_groupi_g9094/Y                                                         -      B->Y            F     XNOR2xp5_ASAP7_75t_SL           2   46.700   40.300    898.300  
  u_e5m2_4_mxfp_comp_dot_fixed_col2/csa_tree_u_e5m2_4_reduction_u_reduction_add_29_28_I2_I1_groupi_g8866/Y                                                         -      B->Y            F     XNOR2xp5_ASAP7_75t_SL           2   66.500   33.600    931.900  
  u_e5m2_4_mxfp_comp_dot_fixed_col2/csa_tree_u_e5m2_4_reduction_u_reduction_add_29_28_I2_I1_groupi_g8812/Y                                                         -      B->Y            F     AND2x2_ASAP7_75t_SL             3   41.300   27.500    959.400  
  u_e5m2_4_mxfp_comp_dot_fixed_col2/csa_tree_u_e5m2_4_reduction_u_reduction_add_29_28_I2_I1_groupi_g8443/Y                                                         -      C->Y            R     NOR3xp33_ASAP7_75t_L            2   15.100   35.400    994.800  
  u_e5m2_4_mxfp_comp_dot_fixed_col2/csa_tree_u_e5m2_4_reduction_u_reduction_add_29_28_I2_I1_groupi_g8401/Y                                                         -      A1->Y           F     AOI211x1_ASAP7_75t_SL           1   66.000   20.800   1015.600  
  u_e5m2_4_mxfp_comp_dot_fixed_col2/csa_tree_u_e5m2_4_reduction_u_reduction_add_29_28_I2_I1_groupi_g8372/Y                                                         -      B->Y            F     OA21x2_ASAP7_75t_SL             6   41.000   31.600   1047.200  
  u_e5m2_4_mxfp_comp_dot_fixed_col2/csa_tree_u_e5m2_4_reduction_u_reduction_add_29_28_I2_I1_groupi_g8353/Y                                                         -      A1->Y           R     OAI22x1_ASAP7_75t_SL            1   26.200   16.300   1063.500  
  u_e5m2_4_mxfp_comp_dot_fixed_col2/csa_tree_u_e5m2_4_reduction_u_reduction_add_29_28_I2_I1_groupi_g8345/Y                                                         -      A2->Y           F     AOI21x1_ASAP7_75t_SL            4   37.300   18.100   1081.600  
  u_e5m2_4_mxfp_comp_dot_fixed_col2/csa_tree_u_e5m2_4_reduction_u_reduction_add_29_28_I2_I1_groupi_g8329/Y                                                         -      A1->Y           R     OAI21xp5_ASAP7_75t_SL           2   38.900   26.600   1108.200  
  u_e5m2_4_mxfp_comp_dot_fixed_col2/FE_OFC333_csa_tree_u_e5m2_4_reduction_u_reduction_add_29_28_I2_I1_groupi_n_1002/Y                                              -      A->Y            R     HB1xp67_ASAP7_75t_SL            3   47.700   35.800   1144.000  
  u_e5m2_4_mxfp_comp_dot_fixed_col2/FE_OFC334_csa_tree_u_e5m2_4_reduction_u_reduction_add_29_28_I2_I1_groupi_n_1002/Y                                              -      A->Y            F     INVx1_ASAP7_75t_SL              1   42.600    8.300   1152.300  
  u_e5m2_4_mxfp_comp_dot_fixed_col2/csa_tree_u_e5m2_4_reduction_u_reduction_add_29_28_I2_I1_groupi_g8321/Y                                                         -      A2->Y           R     OAI21xp5_ASAP7_75t_SL           2   16.400   23.200   1175.500  
  u_e5m2_4_mxfp_comp_dot_fixed_col2/csa_tree_u_e5m2_4_reduction_u_reduction_add_29_28_I2_I1_groupi_g8307/Y                                                         -      A2->Y           F     AOI21xp5_ASAP7_75t_L            1   41.700   19.000   1194.500  
  u_e5m2_4_mxfp_comp_dot_fixed_col2/csa_tree_u_e5m2_4_reduction_u_reduction_add_29_28_I2_I1_groupi_g8306/Y                                                         -      B->Y            R     XNOR2xp5_ASAP7_75t_SL           4   36.900   52.400   1246.900  
  u_e5m2_4_mxfp_comp_dot_fixed_col2/g2498/Y                                                                                                                        -      A1->Y           R     AO222x2_ASAP7_75t_SL            2  100.600   40.800   1287.700  
  u_e5m2_4_mxfp_comp_dot_fixed_col2/u_e5m2_4_reduction_add_139_35_Y_final_adder_u_e5m2_4_reduction_add_141_68_Y_final_adder_u_e5m2_4_reduction_add_140_51_g3104/Y  -      A->Y            F     MAJIxp5_ASAP7_75t_SL            2   28.300   20.900   1308.600  
  u_e5m2_4_mxfp_comp_dot_fixed_col2/u_e5m2_4_reduction_add_139_35_Y_final_adder_u_e5m2_4_reduction_add_141_68_Y_final_adder_u_e5m2_4_reduction_add_140_51_g3079/Y  -      A2->Y           R     OAI21xp5_ASAP7_75t_SL           2   36.900   25.500   1334.100  
  u_e5m2_4_mxfp_comp_dot_fixed_col2/u_e5m2_4_reduction_add_139_35_Y_final_adder_u_e5m2_4_reduction_add_141_68_Y_final_adder_u_e5m2_4_reduction_add_140_51_g3077/Y  -      A2->Y           F     AOI21xp5_ASAP7_75t_L            2   41.400   25.700   1359.800  
  u_e5m2_4_mxfp_comp_dot_fixed_col2/u_e5m2_4_reduction_add_139_35_Y_final_adder_u_e5m2_4_reduction_add_141_68_Y_final_adder_u_e5m2_4_reduction_add_140_51_g3070/Y  -      A2->Y           R     OAI21xp5_ASAP7_75t_SL           2   40.200   30.600   1390.400  
  u_e5m2_4_mxfp_comp_dot_fixed_col2/u_e5m2_4_reduction_add_139_35_Y_final_adder_u_e5m2_4_reduction_add_141_68_Y_final_adder_u_e5m2_4_reduction_add_140_51_g3068/Y  -      A2->Y           F     AOI21xp5_ASAP7_75t_SL           2   50.500   20.500   1410.900  
  u_e5m2_4_mxfp_comp_dot_fixed_col2/u_e5m2_4_reduction_add_139_35_Y_final_adder_u_e5m2_4_reduction_add_141_68_Y_final_adder_u_e5m2_4_reduction_add_140_51_g3065/Y  -      A2->Y           R     OAI21xp5_ASAP7_75t_SL           2   39.800   31.900   1442.800  
  u_e5m2_4_mxfp_comp_dot_fixed_col2/u_e5m2_4_reduction_add_139_35_Y_final_adder_u_e5m2_4_reduction_add_141_68_Y_final_adder_u_e5m2_4_reduction_add_140_51_g3063/Y  -      A2->Y           F     AOI21x1_ASAP7_75t_SL            2   53.400   15.000   1457.800  
  u_e5m2_4_mxfp_comp_dot_fixed_col2/u_e5m2_4_reduction_add_139_35_Y_final_adder_u_e5m2_4_reduction_add_141_68_Y_final_adder_u_e5m2_4_reduction_add_140_51_g3060/Y  -      A2->Y           R     OAI21xp5_ASAP7_75t_SL           3   30.900   35.200   1493.000  
  u_e5m2_4_mxfp_comp_dot_fixed_col2/u_e5m2_4_reduction_add_139_35_Y_final_adder_u_e5m2_4_reduction_add_141_68_Y_final_adder_u_e5m2_4_reduction_add_140_51_g3055/Y  -      A1->Y           R     AO31x2_ASAP7_75t_SL             2   63.700   30.800   1523.800  
  u_e5m2_4_mxfp_comp_dot_fixed_col2/u_e5m2_4_reduction_add_139_35_Y_final_adder_u_e5m2_4_reduction_add_141_68_Y_final_adder_u_e5m2_4_reduction_add_140_51_g3052/Y  -      A2->Y           F     AOI21x1_ASAP7_75t_SL            3   20.500   13.200   1537.000  
  u_e5m2_4_mxfp_comp_dot_fixed_col2/u_e5m2_4_reduction_add_139_35_Y_final_adder_u_e5m2_4_reduction_add_141_68_Y_final_adder_u_e5m2_4_reduction_add_140_51_g3047/Y  -      A1->Y           R     O2A1O1Ixp33_ASAP7_75t_SL        2   23.600   26.300   1563.300  
  u_e5m2_4_mxfp_comp_dot_fixed_col2/u_e5m2_4_reduction_add_139_35_Y_final_adder_u_e5m2_4_reduction_add_141_68_Y_final_adder_u_e5m2_4_reduction_add_140_51_g3043/Y  -      A2->Y           F     AOI21xp5_ASAP7_75t_SL           2   54.900   21.400   1584.700  
  u_e5m2_4_mxfp_comp_dot_fixed_col2/u_e5m2_4_reduction_add_139_35_Y_final_adder_u_e5m2_4_reduction_add_141_68_Y_final_adder_u_e5m2_4_reduction_add_140_51_g3039/Y  -      A2->Y           R     OAI21xp5_ASAP7_75t_SL           2   41.900   34.100   1618.800  
  u_e5m2_4_mxfp_comp_dot_fixed_col2/u_e5m2_4_reduction_add_139_35_Y_final_adder_u_e5m2_4_reduction_add_141_68_Y_final_adder_u_e5m2_4_reduction_add_140_51_g3037/Y  -      A2->Y           F     AOI21x1_ASAP7_75t_SL            2   57.300   11.900   1630.700  
  u_e5m2_4_mxfp_comp_dot_fixed_col2/u_e5m2_4_reduction_add_139_35_Y_final_adder_u_e5m2_4_reduction_add_141_68_Y_final_adder_u_e5m2_4_reduction_add_140_51_g3032/Y  -      A2->Y           R     OAI21xp5_ASAP7_75t_SL           3   27.800   38.400   1669.100  
  u_e5m2_4_mxfp_comp_dot_fixed_col2/u_e5m2_4_reduction_add_139_35_Y_final_adder_u_e5m2_4_reduction_add_141_68_Y_final_adder_u_e5m2_4_reduction_add_140_51_g3022/Y  -      A1->Y           R     AO31x2_ASAP7_75t_SL             3   70.300   31.800   1700.900  
  u_e5m2_4_mxfp_comp_dot_fixed_col2/u_e5m2_4_reduction_add_139_35_Y_final_adder_u_e5m2_4_reduction_add_141_68_Y_final_adder_u_e5m2_4_reduction_add_140_51_g3011/Y  -      A2->Y           F     AOI21xp5_ASAP7_75t_SL           3   21.300   22.700   1723.600  
  u_e5m2_4_mxfp_comp_dot_fixed_col2/u_e5m2_4_reduction_add_139_35_Y_final_adder_u_e5m2_4_reduction_add_141_68_Y_final_adder_u_e5m2_4_reduction_add_140_51_g3001/Y  -      A2->Y           R     OAI21xp5_ASAP7_75t_SL           2   45.800   29.900   1753.500  
  u_e5m2_4_mxfp_comp_dot_fixed_col2/u_e5m2_4_reduction_add_139_35_Y_final_adder_u_e5m2_4_reduction_add_141_68_Y_final_adder_u_e5m2_4_reduction_add_140_51_g2994/Y  -      B->Y            R     AND2x2_ASAP7_75t_SL             2   48.800   25.200   1778.700  
  u_e5m2_4_mxfp_comp_dot_fixed_col2/u_e5m2_4_reduction_add_139_35_Y_final_adder_u_e5m2_4_reduction_add_141_68_Y_final_adder_u_e5m2_4_reduction_add_140_51_g2986/Y  -      A2->Y           F     AOI21x1_ASAP7_75t_SL            2   16.900   11.300   1790.000  
  u_e5m2_4_mxfp_comp_dot_fixed_col2/u_e5m2_4_reduction_add_139_35_Y_final_adder_u_e5m2_4_reduction_add_141_68_Y_final_adder_u_e5m2_4_reduction_add_140_51_g2981/Y  -      A2->Y           R     OAI21xp5_ASAP7_75t_SL           2   27.100   30.000   1820.000  
  u_e5m2_4_mxfp_comp_dot_fixed_col2/u_e5m2_4_reduction_add_139_35_Y_final_adder_u_e5m2_4_reduction_add_141_68_Y_final_adder_u_e5m2_4_reduction_add_140_51_g2978/Y  -      A2->Y           F     AOI21x1_ASAP7_75t_SL            2   54.000   13.900   1833.900  
  u_e5m2_4_mxfp_comp_dot_fixed_col2/u_e5m2_4_reduction_add_139_35_Y_final_adder_u_e5m2_4_reduction_add_141_68_Y_final_adder_u_e5m2_4_reduction_add_140_51_g2976/Y  -      B->Y            R     NOR2x1_ASAP7_75t_SL             1   29.700   11.600   1845.500  
  u_e5m2_4_mxfp_comp_dot_fixed_col2/u_e5m2_4_reduction_add_139_35_Y_final_adder_u_e5m2_4_reduction_add_141_68_Y_final_adder_u_e5m2_4_reduction_add_140_51_g2970/Y  -      A1->Y           F     O2A1O1Ixp33_ASAP7_75t_SL        1   20.000   13.700   1859.200  
  u_e5m2_4_mxfp_comp_dot_fixed_col2/g68566__1705/Y                                                                                                                 -      A2->Y           R     AOI21xp5_ASAP7_75t_SL           1   30.100   21.000   1880.200  
  u_e5m2_4_mxfp_comp_dot_fixed_col2/FE_OFC391_n_2815/Y                                                                                                             -      A->Y            R     BUFx6f_ASAP7_75t_SL            30   54.700   37.000   1917.200  
  u_e5m2_4_mxfp_comp_dot_fixed_col2/g68525__6417/Y                                                                                                                 -      B->Y            F     NAND2xp5_ASAP7_75t_SL           1   45.300   22.100   1939.300  
  g26245/Y                                                                                                                                                         -      A->Y            R     INVx1_ASAP7_75t_SL              1   38.000   13.800   1953.100  
  PIPE_3_dot_col2_stage_reg_reg[0][67]/D                                                                                                                           -      D               R     ASYNC_DFFHx1_ASAP7_75t_SL       1   21.300    0.000   1953.100  
#-------------------------------------------------------------------------------------------------------------------------------------------------------------------------------------------------------------------------------------------------------------

