###############################################################
#  Generated by:      Cadence Innovus 21.17-s075_1
#  OS:                Linux x86_64(Host ID KingsLanding)
#  Generated on:      Thu Apr  2 21:17:50 2026
#  Design:            mxfp_to_fixed_mxfp_aitb_top
#  Command:           report_timing > timing.rpt
###############################################################
Path 1: VIOLATED (-50.356 ps) Setup Check with Pin PIPE_OUT_col1_stage_reg_reg[0][16]/CLK->D
               View: PVT_0P63V_100C.setup_view
              Group: clk
         Startpoint: (R) acc_en
              Clock:
           Endpoint: (R) PIPE_OUT_col1_stage_reg_reg[0][16]/D
              Clock: (R) clk

                        Capture       Launch
         Clock Edge:+  2000.000        0.000
        Src Latency:+   -84.056        0.000
        Net Latency:+    84.400 (P)    0.000 (I)
            Arrival:=  2000.344        0.000

              Setup:-     7.999
        Uncertainty:-   100.000
        Cppr Adjust:+     0.000
      Required Time:=  1892.344
       Launch Clock:=     0.000
          Data Path:+  1942.700
              Slack:=   -50.356

#--------------------------------------------------------------------------------------------------------------------------------------------
# Timing Point                                             Flags  Arc     Edge  Cell                       Fanout   Trans    Delay    Arrival  
#                                                                                                                    (ps)     (ps)       (ps)  
#--------------------------------------------------------------------------------------------------------------------------------------------
  acc_en                                                   -      acc_en  R     (arrival)                       2   4.000    0.400      0.400  
  g59629/Y                                                 -      A->Y    F     INVxp67_ASAP7_75t_SL            1   4.000    8.300      8.700  
  g59546/Y                                                 -      A->Y    F     AND2x6_ASAP7_75t_SL            53  13.100   53.000     61.700  
  FE_OCPC454_n_2789/Y                                      -      A->Y    F     BUFx4f_ASAP7_75t_SL            13  67.000   36.100     97.800  
  g59419/Y                                                 -      A->Y    F     AND2x2_ASAP7_75t_SL             1  27.800   29.500    127.300  
  g59378/Y                                                 -      B->Y    R     AOI21x1_ASAP7_75t_SL            5  19.700   34.600    161.900  
  g58920/Y                                                 -      B->Y    F     NOR2x1_ASAP7_75t_SL             4  67.300   24.800    186.700  
  g58821/Y                                                 -      A->Y    F     OR2x2_ASAP7_75t_SL              2  37.700   26.700    213.400  
  g58808/Y                                                 -      A->Y    R     INVx1_ASAP7_75t_L               1  16.100   16.500    229.900  
  g58613/Y                                                 -      B->Y    F     NAND4xp75_ASAP7_75t_SL          2  23.900   22.700    252.600  
  g58518__6131/Y                                           -      C->Y    R     AOI211x1_ASAP7_75t_SL           2  43.100   24.600    277.200  
  g58517/Y                                                 -      A->Y    F     INVxp67_ASAP7_75t_SL            1  44.600   14.400    291.600  
  g58486__1705/Y                                           -      A->Y    F     AND2x4_ASAP7_75t_SL            22  24.000   41.600    333.200  
  g58416__6417/Y                                           -      B1->Y   R     AOI22xp5_ASAP7_75t_SL           2  46.800   34.600    367.800  
  g58248__1617/Y                                           -      C->Y    F     NAND3x1_ASAP7_75t_SL            2  58.900   14.000    381.800  
  g58218__2346/Y                                           -      A->Y    R     NOR4xp75_ASAP7_75t_SL           3  32.900   29.700    411.500  
  g58202__8246/Y                                           -      A->Y    R     OR2x2_ASAP7_75t_SL              5  60.400   34.800    446.300  
  FE_OFC252_n_3656/Y                                       -      A->Y    F     INVx1_ASAP7_75t_SL              2  26.900   11.300    457.600  
  FE_OFC253_n_3656/Y                                       -      A->Y    F     BUFx2_ASAP7_75t_SL              3  17.300   23.000    480.600  
  g58197__1617/Y                                           -      B->Y    R     NAND2x1_ASAP7_75t_SL            2  15.000   16.300    496.900  
  g58141__4733/Y                                           -      B->Y    F     NAND2xp5_ASAP7_75t_SL           1  28.900   14.000    510.900  
  g58137__1881/Y                                           -      A->Y    F     AND2x6_ASAP7_75t_SL            21  23.100   49.500    560.400  
  g58131/Y                                                 -      A->Y    R     INVx8_ASAP7_75t_SL             23  40.700   21.200    581.600  
  g57917__1881/Y                                           -      A2->Y   F     OAI22xp5_ASAP7_75t_SL           2  37.500   20.900    602.500  
  g57852__6161/Y                                           -      B2->Y   F     AO22x1_ASAP7_75t_SL             2  41.000   33.500    636.000  
  g57786__6131/Y                                           -      B1->Y   R     AOI22xp5_ASAP7_75t_SL           1  21.600   23.800    659.800  
  g57756__8246/Y                                           -      B->Y    F     XOR2xp5_ASAP7_75t_SL            2  46.600   19.300    679.100  
  addinc_FP32_ALU_col1_fracAdder_add_113_18_g2993/Y        -      B->Y    R     NOR2xp33_ASAP7_75t_SL           2  47.800   37.200    716.300  
  addinc_FP32_ALU_col1_fracAdder_add_113_18_g2898/Y        -      A->Y    F     NOR2x1_ASAP7_75t_SL             3  69.800   23.500    739.800  
  addinc_FP32_ALU_col1_fracAdder_add_113_18_g2822/Y        -      A->Y    R     NAND2xp5_ASAP7_75t_SL           1  37.900   17.200    757.000  
  addinc_FP32_ALU_col1_fracAdder_add_113_18_g2787/Y        -      A1->Y   R     OA21x2_ASAP7_75t_SL             4  25.700   30.900    787.900  
  addinc_FP32_ALU_col1_fracAdder_add_113_18_g2774/Y        -      B->Y    F     NOR2x1_ASAP7_75t_SL             3  25.600   18.100    806.000  
  addinc_FP32_ALU_col1_fracAdder_add_113_18_g2762/Y        -      A2->Y   R     AOI21x1_ASAP7_75t_SL            1  34.400   18.000    824.000  
  addinc_FP32_ALU_col1_fracAdder_add_113_18_g2761/Y        -      A->Y    F     INVx3_ASAP7_75t_SL             11  31.500   18.900    842.900  
  addinc_FP32_ALU_col1_fracAdder_add_113_18_g2740/Y        -      A2->Y   R     AOI21xp5_ASAP7_75t_SL           1  29.200   19.500    862.400  
  addinc_FP32_ALU_col1_fracAdder_add_113_18_g2731/Y        -      B->Y    R     XOR2xp5_ASAP7_75t_SL            4  34.600   45.000    907.400  
  g59812/Y                                                 -      D->Y    R     OR4x1_ASAP7_75t_SL              1  72.000   20.500    927.900  
  g44238/Y                                                 -      A->Y    F     NOR2x1_ASAP7_75t_SL             2  17.600   13.000    940.900  
  g44237/Y                                                 -      B->Y    F     AND2x2_ASAP7_75t_SL             5  20.000   26.000    966.900  
  g44231/Y                                                 -      A2->Y   R     AOI21xp5_ASAP7_75t_SL           2  19.700   19.400    986.300  
  g44219/Y                                                 -      A->Y    F     NAND4xp25_ASAP7_75t_SL          1  45.800   22.300   1008.600  
  g44218/Y                                                 -      B->Y    F     OR2x2_ASAP7_75t_SL              3  41.500   33.900   1042.500  
  g59809/Y                                                 -      A->Y    R     INVx4_ASAP7_75t_SL              9  22.800   16.800   1059.300  
  g44216/Y                                                 -      B->Y    R     AND2x4_ASAP7_75t_SL             4  25.800   23.200   1082.500  
  g44205/Y                                                 -      A2->Y   F     AOI21x1_ASAP7_75t_SL            4  19.100   17.700   1100.200  
  g59804/Y                                                 -      C->Y    R     NAND4xp75_ASAP7_75t_SL          5  52.300   28.400   1128.600  
  FE_DBTC13_n_2393/Y                                       -      A->Y    F     INVx2_ASAP7_75t_SL              3  46.100   12.000   1140.600  
  g59797/Y                                                 -      B->Y    F     AND2x2_ASAP7_75t_SL             2  21.100   23.000   1163.600  
  g59791/Y                                                 -      A2->Y   R     AOI21x1_ASAP7_75t_SL            4  13.700   19.700   1183.300  
  g59784/Y                                                 -      B->Y    F     OAI21xp5_ASAP7_75t_SL           4  42.200   25.300   1208.600  
  g59777/Y                                                 -      B->Y    R     NOR2xp67_ASAP7_75t_SL           1  49.200   19.500   1228.100  
  g59775/Y                                                 -      A2->Y   F     AOI21x1_ASAP7_75t_SL            2  34.400   10.700   1238.800  
  g59774/Y                                                 -      A2->Y   R     OAI21xp5_ASAP7_75t_SL           1  21.100   15.600   1254.400  
  g59772/Y                                                 -      A->Y    R     AND3x1_ASAP7_75t_SL             2  31.300   29.400   1283.800  
  g59770/Y                                                 -      B->Y    R     AND2x4_ASAP7_75t_SL             7  23.400   26.500   1310.300  
  g59769/Y                                                 -      A->Y    F     INVx4_ASAP7_75t_SL              6  24.100    9.500   1319.800  
  g59765/Y                                                 -      B->Y    R     NAND2xp5_ASAP7_75t_SL           1  14.600   12.000   1331.800  
  g59759/Y                                                 -      B->Y    R     AND2x2_ASAP7_75t_SL            24  23.600   53.300   1385.100  
  g59704/Y                                                 -      A1->Y   F     AOI22xp5_ASAP7_75t_SL           2  88.100   20.300   1405.400  
  g59639/Y                                                 -      B2->Y   R     OAI22xp5_ASAP7_75t_L            2  46.800   29.700   1435.100  
  g43929/Y                                                 -      B2->Y   R     AO22x1_ASAP7_75t_SL             4  44.400   36.600   1471.700  
  g43905/Y                                                 -      B->Y    R     AND2x2_ASAP7_75t_SL             2  36.500   25.000   1496.700  
  inc_FP32_ALU_col1_roundingAdder_add_274_18_spec1_g551/Y  -      A->Y    F     NAND2x1p5_ASAP7_75t_SL          3  18.300   12.500   1509.200  
  inc_FP32_ALU_col1_roundingAdder_add_274_18_spec1_g548/Y  -      B->Y    R     NOR2x1_ASAP7_75t_SL             2  21.800   13.500   1522.700  
  inc_FP32_ALU_col1_roundingAdder_add_274_18_spec1_g2/Y    -      B->Y    R     AND2x2_ASAP7_75t_SL             4  21.900   27.600   1550.300  
  inc_FP32_ALU_col1_roundingAdder_add_274_18_spec1_g536/Y  -      A->Y    F     NAND4xp75_ASAP7_75t_SL          4  27.100   26.600   1576.900  
  inc_FP32_ALU_col1_roundingAdder_add_274_18_spec1_g528/Y  -      B->Y    R     NOR2x1p5_ASAP7_75t_SL           3  54.000   21.500   1598.400  
  inc_FP32_ALU_col1_roundingAdder_add_274_18_spec1_g518/Y  -      B->Y    F     NAND2x1p5_ASAP7_75t_SL          2  37.100   10.200   1608.600  
  inc_FP32_ALU_col1_roundingAdder_add_274_18_spec1_g506/Y  -      B->Y    R     NOR2x1_ASAP7_75t_SL             4  19.600   18.700   1627.300  
  inc_FP32_ALU_col1_roundingAdder_add_274_18_spec1_g486/Y  -      A->Y    R     AND3x1_ASAP7_75t_SL             3  32.400   30.500   1657.800  
  inc_FP32_ALU_col1_roundingAdder_add_274_18_spec1_g480/Y  -      B->Y    R     AND2x2_ASAP7_75t_SL             2  26.300   24.600   1682.400  
  inc_FP32_ALU_col1_roundingAdder_add_274_18_spec1_g478/Y  -      B->Y    F     NAND2x1p5_ASAP7_75t_SL          3  20.300   14.200   1696.600  
  inc_FP32_ALU_col1_roundingAdder_add_274_18_spec1_g475/Y  -      B->Y    R     NOR2x1p5_ASAP7_75t_SL           2  33.000   16.400   1713.000  
  inc_FP32_ALU_col1_roundingAdder_add_274_18_spec1_g473/Y  -      B->Y    F     NAND2x1p5_ASAP7_75t_SL          3  27.500   13.300   1726.300  
  inc_FP32_ALU_col1_roundingAdder_add_274_18_spec1_g471/Y  -      B->Y    R     NOR2x1_ASAP7_75t_SL             1  29.600   13.400   1739.700  
  inc_FP32_ALU_col1_roundingAdder_add_274_18_spec1_g469/Y  -      B->Y    R     XOR2xp5_ASAP7_75t_SL            1  22.800   23.900   1763.600  
  g43041/Y                                                 -      A2->Y   F     AOI21xp5_ASAP7_75t_L            2  34.000   18.100   1781.700  
  g43035/Y                                                 -      B->Y    F     OR2x2_ASAP7_75t_SL              1  38.800   27.500   1809.200  
  g43033/Y                                                 -      B->Y    R     NOR2x1_ASAP7_75t_SL             1  14.600   11.300   1820.500  
  g43024/Y                                                 -      A1->Y   F     AOI21x1_ASAP7_75t_SL            4  25.600   19.800   1840.300  
  g43021/Y                                                 -      B->Y    R     NAND2x1_ASAP7_75t_SL            6  43.100   42.000   1882.300  
  g43010/Y                                                 -      A->Y    F     INVx3_ASAP7_75t_SL             18  77.700   28.600   1910.900  
  g42952/Y                                                 -      B1->Y   R     AOI221xp5_ASAP7_75t_SL          1  51.700   31.800   1942.700  
  PIPE_OUT_col1_stage_reg_reg[0][16]/D                     -      D       R     ASYNC_DFFHx1_ASAP7_75t_SL       1  72.100    0.000   1942.700  
#--------------------------------------------------------------------------------------------------------------------------------------------

