###############################################################
#  Generated by:      Cadence Innovus 21.17-s075_1
#  OS:                Linux x86_64(Host ID KingsLanding)
#  Generated on:      Thu Apr  2 15:29:10 2026
#  Design:            fixed_input_e4m3_mxfp_aitb_top
#  Command:           report_timing > timing.rpt
###############################################################
Path 1: VIOLATED (-522.426 ps) Setup Check with Pin PIPE_OUT_col1_stage_reg_reg[0][28]/CLK->D
               View: PVT_0P63V_100C.setup_view
              Group: clk
         Startpoint: (R) acc_en
              Clock:
           Endpoint: (R) PIPE_OUT_col1_stage_reg_reg[0][28]/D
              Clock: (R) clk

                        Capture       Launch
         Clock Edge:+  1000.000        0.000
        Src Latency:+  -270.520        0.000
        Net Latency:+   256.800 (P)    0.000 (I)
            Arrival:=   986.280        0.000

              Setup:-     6.206
        Uncertainty:-   100.000
        Cppr Adjust:+     0.000
      Required Time:=   880.074
       Launch Clock:=     0.000
          Data Path:+  1402.500
              Slack:=  -522.426

#--------------------------------------------------------------------------------------------------------------------------------------------------
# Timing Point                                                   Flags  Arc     Edge  Cell                       Fanout   Trans    Delay    Arrival  
#                                                                                                                          (ps)     (ps)       (ps)  
#--------------------------------------------------------------------------------------------------------------------------------------------------
  acc_en                                                         -      acc_en  R     (arrival)                       3   4.100    7.700      7.700  
  FE_OFC1080_acc_en/Y                                            -      A->Y    F     INVx3_ASAP7_75t_SL              1  20.100    5.800     13.500  
  g45170/Y                                                       -      A->Y    F     AND2x6_ASAP7_75t_SL             5   9.100   34.400     47.900  
  FE_OFC1692_n_2088/Y                                            -      A->Y    F     BUFx12f_ASAP7_75t_SL            8  39.900   27.600     75.500  
  FE_RC_1195_0/Y                                                 -      A->Y    F     AND2x4_ASAP7_75t_SL             1  17.400   20.000     95.500  
  FE_RC_1637_0/Y                                                 -      B->Y    R     AOI21x1_ASAP7_75t_SL            4   9.800   26.400    121.900  
  FE_RC_350_0/Y                                                  -      B1->Y   R     OA222x2_ASAP7_75t_SL            3  53.800   43.300    165.200  
  FE_OCPC3449_n_2408/Y                                           -      A->Y    R     BUFx3_ASAP7_75t_SL              1  31.300   20.400    185.600  
  FE_RC_2071_0/Y                                                 -      D->Y    F     NAND4xp75_ASAP7_75t_SL          3  12.600   18.200    203.800  
  FE_RC_2021_0/Y                                                 -      A1->Y   R     OAI21xp5_ASAP7_75t_SL           1  32.600   20.700    224.500  
  FE_OCPC2361_n_2479/Y                                           -      A->Y    R     BUFx6f_ASAP7_75t_SL            16  36.500   31.000    255.500  
  FE_RC_1414_0/Y                                                 -      B1->Y   F     OAI22x1_ASAP7_75t_SL            4  37.800   23.500    279.000  
  g44233_dup/Y                                                   -      B->Y    F     XNOR2xp5_ASAP7_75t_SL           1  42.100   33.200    312.200  
  FE_RC_1713_0/Y                                                 -      B->Y    R     NAND4xp75_ASAP7_75t_SL          3  47.000   21.800    334.000  
  FE_RC_114_0/Y                                                  -      A1->Y   R     OA21x2_ASAP7_75t_SL             3  35.400   34.300    368.300  
  FE_RC_1146_0/Y                                                 -      A->Y    F     NOR2x2_ASAP7_75t_SL             6  31.700   26.700    395.000  
  FE_RC_696_0/Y                                                  -      A2->Y   R     AOI22x1_ASAP7_75t_SL            4  39.300   31.300    426.300  
  FE_RC_599_0_dup/Y                                              -      A1->Y   R     OA21x2_ASAP7_75t_SL             1  56.200   28.200    454.500  
  FE_RC_1794_0/Y                                                 -      B2->Y   F     OAI22x1_ASAP7_75t_SL            1  16.500   10.400    464.900  
  FE_RC_1550_0/Y                                                 -      B2->Y   F     AO22x2_ASAP7_75t_SL             2  20.000   30.300    495.200  
  FE_RC_994_0/Y                                                  -      A2->Y   R     AOI22x1_ASAP7_75t_SL            2  20.300   20.600    515.800  
  g43877/Y                                                       -      B->Y    R     XNOR2xp5_ASAP7_75t_SL           1  39.500   19.200    535.000  
  FE_RC_1370_0/Y                                                 -      B->Y    R     OR2x2_ASAP7_75t_SL              3  33.300   25.200    560.200  
  addinc_FP32_ALU_col1_fracAdder_add_113_18_g884/Y               -      B->Y    F     NAND2x1p5_ASAP7_75t_SL          2  20.200   10.000    570.200  
  FE_RC_1793_0/Y                                                 -      B->Y    R     AOI211x1_ASAP7_75t_SL           1  16.300   18.800    589.000  
  FE_RC_189_0/Y                                                  -      A1->Y   F     AOI21x1_ASAP7_75t_SL            3  34.900   21.100    610.100  
  FE_RC_1209_0/Y                                                 -      A1->Y   R     OAI21xp5_ASAP7_75t_SL           1  33.200   19.800    629.900  
  FE_OCPC3614_addinc_FP32_ALU_col1_fracAdder_add_113_18_n_528/Y  -      A->Y    R     BUFx6f_ASAP7_75t_SL            12  34.900   30.900    660.800  
  FE_RC_1334_0/Y                                                 -      A2->Y   F     AOI21x1_ASAP7_75t_SL            1  35.200    9.700    670.500  
  addinc_FP32_ALU_col1_fracAdder_add_113_18_g738/Y               -      B->Y    F     XNOR2xp5_ASAP7_75t_SL           1  19.800   28.300    698.800  
  FE_OFC696_n_7232/Y                                             -      A->Y    R     INVx2_ASAP7_75t_SL              2  32.100   13.500    712.300  
  FE_RC_1861_0/Y                                                 -      C->Y    F     NAND4xp75_ASAP7_75t_SL          1  20.300   17.400    729.700  
  FE_RC_1045_0/Y                                                 -      A->Y    R     NOR2x1p5_ASAP7_75t_SL           2  33.200   15.000    744.700  
  g53171_dup/Y                                                   -      B->Y    R     AND2x4_ASAP7_75t_SL             7  26.700   30.000    774.700  
  g53121/Y                                                       -      A2->Y   F     AOI21x1_ASAP7_75t_SL            2  31.100   17.000    791.700  
  g53106/Y                                                       -      A->Y    R     NAND2x1p5_ASAP7_75t_SL          2  32.000   21.400    813.100  
  g53100_dup1/Y                                                  -      A->Y    F     NOR2x1p5_ASAP7_75t_SL           5  33.700   25.300    838.400  
  FE_RC_1931_0/Y                                                 -      B->Y    R     NAND2x1p5_ASAP7_75t_SL          2  37.400   16.300    854.700  
  g53058/Y                                                       -      A2->Y   F     OAI21xp5_ASAP7_75t_SL           1  22.900   16.900    871.600  
  FE_RC_1736_0/Y                                                 -      B->Y    R     AOI21x1_ASAP7_75t_SL            3  26.700   25.400    897.000  
  FE_OCPC3571_n_973/Y                                            -      A->Y    F     INVx1_ASAP7_75t_SL              1  43.200   13.100    910.100  
  FE_RC_1961_0/Y                                                 -      A3->Y   F     AO31x2_ASAP7_75t_SL             3  22.000   27.400    937.500  
  FE_RC_2052_0/Y                                                 -      B->Y    R     AOI21x1_ASAP7_75t_SL            3  21.500   28.400    965.900  
  FE_RC_167_0/Y                                                  -      B->Y    F     NAND2x1p5_ASAP7_75t_SL          3  55.900   13.300    979.200  
  FE_RC_2109_0/Y                                                 -      B1->Y   F     AO22x2_ASAP7_75t_SL             1  27.100   37.500   1016.700  
  FE_OCPC2343_n_1059/Y                                           -      A->Y    R     INVx8_ASAP7_75t_SL             22  27.000   18.100   1034.800  
  g52660/Y                                                       -      A2->Y   R     AO22x2_ASAP7_75t_SL             3  34.100   34.200   1069.000  
  g52641/Y                                                       -      A->Y    F     INVx3_ASAP7_75t_SL              3  29.100   11.500   1080.500  
  FE_RC_1271_0/Y                                                 -      A1->Y   R     OAI22x1_ASAP7_75t_SL            1  17.500   15.700   1096.200  
  FE_RC_2191_0/Y                                                 -      A2->Y   F     AOI22x1_ASAP7_75t_SL            2  34.600   21.700   1117.900  
  g52271/Y                                                       -      B->Y    R     NOR2x1p5_ASAP7_75t_SL           2  37.900   16.800   1134.700  
  FE_RC_2119_0/Y                                                 -      D->Y    F     NAND4xp75_ASAP7_75t_SL          1  28.300   17.100   1151.800  
  g52078/Y                                                       -      B->Y    R     NOR3x1_ASAP7_75t_SL             2  35.500   23.800   1175.600  
  FE_RC_1965_0/Y                                                 -      B->Y    F     NAND4xp75_ASAP7_75t_SL          1  43.300   20.000   1195.600  
  g52006_dup/Y                                                   -      B->Y    R     NOR2x1p5_ASAP7_75t_SL           2  37.400   23.800   1219.400  
  FE_RC_961_0/Y                                                  -      B->Y    F     NAND2x1p5_ASAP7_75t_SL          2  40.300   12.100   1231.500  
  g51929/Y                                                       -      B->Y    F     XOR2xp5_ASAP7_75t_SL            2  24.100   23.900   1255.400  
  g51878/Y                                                       -      B->Y    R     NAND2x1_ASAP7_75t_SL            1  32.300   17.400   1272.800  
  g51861/Y                                                       -      B->Y    F     NOR2x1_ASAP7_75t_SL             1  26.900   10.400   1283.200  
  g51842/Y                                                       -      A->Y    F     AND2x2_ASAP7_75t_SL             1  21.900   24.400   1307.600  
  FE_RC_2103_0/Y                                                 -      A->Y    R     NAND4xp75_ASAP7_75t_SL          1  13.800   10.000   1317.600  
  g51810/Y                                                       -      A2->Y   F     AOI21x1_ASAP7_75t_SL            2  25.300   31.400   1349.000  
  FE_OCPC2897_n_1842_dup/Y                                       -      A->Y    R     INVx6_ASAP7_75t_SL             13  76.900   24.000   1373.000  
  g51795/Y                                                       -      C->Y    R     AND3x1_ASAP7_75t_SL             1  55.700   29.500   1402.500  
  PIPE_OUT_col1_stage_reg_reg[0][28]/D                           -      D       R     ASYNC_DFFHx1_ASAP7_75t_SL       1  26.200    0.000   1402.500  
#--------------------------------------------------------------------------------------------------------------------------------------------------

