============================================================
  Generated by:           Genus(TM) Synthesis Solution 21.17-s066_1
  Generated on:           Apr 03 2026  03:53:56 pm
  Module:                 e5m2_4_fixed8_mxfp_aitb_comp_wrapper
  Library domain:         PVT_0P63V_100C.setup_cond
    Domain index:         0
    Technology libraries: asap7sc7p5t_SIMPLE_RVT_SS_nldm_201020 1.0
                          asap7sc7p5t_SIMPLE_LVT_SS_nldm_201020 1.0
                          asap7sc7p5t_SIMPLE_SLVT_SS_nldm_201020 1.0
                          asap7sc7p5t_SIMPLE_SRAM_SS_nldm_201020 1.0
                          asap7sc7p5t_AO_RVT_SS_nldm_201020 1.0
                          asap7sc7p5t_AO_LVT_SS_nldm_201020 1.0
                          asap7sc7p5t_AO_SLVT_SS_nldm_201020 1.0
                          asap7sc7p5t_AO_SRAM_SS_nldm_201020 1.0
                          asap7sc7p5t_OA_RVT_SS_nldm_201020 1.0
                          asap7sc7p5t_OA_LVT_SS_nldm_201020 1.0
                          asap7sc7p5t_OA_SLVT_SS_nldm_201020 1.0
                          asap7sc7p5t_OA_SRAM_SS_nldm_201020 1.0
                          asap7sc7p5t_SEQ_RVT_SS_nldm_201020 1.0
                          asap7sc7p5t_SEQ_LVT_SS_nldm_201020 1.0
                          asap7sc7p5t_SEQ_SLVT_SS_nldm_201020 1.0
                          asap7sc7p5t_SEQ_SRAM_SS_nldm_201020 1.0
                          asap7sc7p5t_INVBUF_RVT_SS_nldm_201020 1.0
                          asap7sc7p5t_INVBUF_LVT_SS_nldm_201020 1.0
                          asap7sc7p5t_INVBUF_SLVT_SS_nldm_201020 1.0
                          asap7sc7p5t_INVBUF_SRAM_SS_nldm_201020 1.0
  Operating conditions:   PVT_0P63V_100C 
  Interconnect mode:      global
  Area mode:              physical library
============================================================

                               Instance                                                      Module                        Cell Count  Cell Area  Net Area   Total Area 
------------------------------------------------------------------------------------------------------------------------------------------------------------------------
e5m2_4_fixed8_mxfp_aitb_comp_wrapper                                                                                            26678  41999.498 20347.725    62347.223 
  u_e5m2_4_fixed8_mxfp_aitb_comp_top_u_e5m2_4_mxfp_comp_dot_fixed_col2 e5m2_4_mxfp_comp_dot_fixed_FIXED_DOT_LENGTH8_PACKE        9016  12368.972  6887.374    19256.346 
