============================================================
  Generated by:           Genus(TM) Synthesis Solution 21.17-s066_1
  Generated on:           Apr 03 2026  03:53:56 pm
  Module:                 e5m2_4_fixed8_mxfp_aitb_comp_wrapper
  Library domain:         PVT_0P63V_100C.setup_cond
    Domain index:         0
    Technology libraries: asap7sc7p5t_SIMPLE_RVT_SS_nldm_201020 1.0
                          asap7sc7p5t_SIMPLE_LVT_SS_nldm_201020 1.0
                          asap7sc7p5t_SIMPLE_SLVT_SS_nldm_201020 1.0
                          asap7sc7p5t_SIMPLE_SRAM_SS_nldm_201020 1.0
                          asap7sc7p5t_AO_RVT_SS_nldm_201020 1.0
                          asap7sc7p5t_AO_LVT_SS_nldm_201020 1.0
                          asap7sc7p5t_AO_SLVT_SS_nldm_201020 1.0
                          asap7sc7p5t_AO_SRAM_SS_nldm_201020 1.0
                          asap7sc7p5t_OA_RVT_SS_nldm_201020 1.0
                          asap7sc7p5t_OA_LVT_SS_nldm_201020 1.0
                          asap7sc7p5t_OA_SLVT_SS_nldm_201020 1.0
                          asap7sc7p5t_OA_SRAM_SS_nldm_201020 1.0
                          asap7sc7p5t_SEQ_RVT_SS_nldm_201020 1.0
                          asap7sc7p5t_SEQ_LVT_SS_nldm_201020 1.0
                          asap7sc7p5t_SEQ_SLVT_SS_nldm_201020 1.0
                          asap7sc7p5t_SEQ_SRAM_SS_nldm_201020 1.0
                          asap7sc7p5t_INVBUF_RVT_SS_nldm_201020 1.0
                          asap7sc7p5t_INVBUF_LVT_SS_nldm_201020 1.0
                          asap7sc7p5t_INVBUF_SLVT_SS_nldm_201020 1.0
                          asap7sc7p5t_INVBUF_SRAM_SS_nldm_201020 1.0
  Operating conditions:   PVT_0P63V_100C 
  Interconnect mode:      global
  Area mode:              physical library
============================================================

Timing
--------

      Analysis view       Clock Period 
---------------------------------------
PVT_0P63V_100C.setup_view clk   1000.0 


         Analysis           Cost   Critical            Violating 
           View            Group  Path Slack    TNS      Paths   
-----------------------------------------------------------------
PVT_0P63V_100C.setup_view     clk     -497.5 -72701.6        264 
                          default   No paths      0.0          0 
-----------------------------------------------------------------
Total                                        -72701.6        264 
                                                                 

Instance Count
--------------
Leaf Instance Count             26678 
Physical Instance count             0 
Sequential Instance Count        1165 
Combinational Instance Count    25513 
Hierarchical Instance Count         1 

Area
----
Cell Area                          41999.498
Physical Cell Area                 0.000
Total Cell Area (Cell+Physical)    41999.498
Net Area                           20347.725
Total Area (Cell+Physical+Net)     62347.223

Runtime                            83.110923 seconds
Elapsed Runtime                    411 seconds
Genus peak memory usage            2069.19 
Innovus peak memory usage          no_value 
Hostname                           KingsLanding
