

Working Directory = /home/msmekhem/research/repositories/fpga-mxfp/aitb_asic/asic/e5m2_4_fixed8_mxfp_aitb_comp_04_03_15_47_obj-dir/syn-rundir
QoS Summary for e5m2_4_fixed8_mxfp_aitb_comp_wrapper
================================================================================
Metric                          final          
================================================================================
Slack (ps):                      -498
  R2R (ps):                      -498
  I2R (ps):                  no_value
  R2O (ps):                  no_value
  I2O (ps):                  no_value
  CG  (ps):                  no_value
TNS (ps):                     -72,702
  R2R (ps):                   -72,702
  I2R (ps):                  no_value
  R2O (ps):                  no_value
  I2O (ps):                  no_value
  CG  (ps):                  no_value
Failing Paths:                    264
Cell Area:                     42,000
Total Cell Area:               42,000
Leaf Instances:                26,678
Total Instances:               26,678
Utilization (%):                 0.00
Tot. Net Length (um):        no_value
Avg. Net Length (um):        no_value
Route Overflow H (%):        no_value
Route Overflow V (%):        no_value
MBCI(%) (bits/gate) :            0.00
Norm Cong Hotspot Area:
  Max Cong:                  no_value
  Tot Cong:                  no_value
================================================================================
CPU  Runtime (h:m:s):        00:09:33
Real Runtime (h:m:s):        00:06:48
CPU  Elapsed (h:m:s):        00:09:35
Real Elapsed (h:m:s):        00:06:49
Memory (MB):                  2069.19
================================================================================
================================================================================
Flow Settings:
================================================================================
Total Runtime (h:m:s): 00:06:48
Total Memory (MB):     2069.19
Executable Version:    21.17-s066_1
================================================================================
Total Cell Area =  Cell Area + Physical Cell Area
Total Instances =  Leaf Instances + Physical Instances


