============================================================
  Generated by:           Genus(TM) Synthesis Solution 21.17-s066_1
  Generated on:           Apr 02 2026  07:40:38 pm
  Module:                 mxfp_to_fixed_mxfp_aitb_top
  Library domain:         PVT_0P63V_100C.setup_cond
    Domain index:         0
    Technology libraries: asap7sc7p5t_SIMPLE_RVT_SS_nldm_201020 1.0
                          asap7sc7p5t_SIMPLE_LVT_SS_nldm_201020 1.0
                          asap7sc7p5t_SIMPLE_SLVT_SS_nldm_201020 1.0
                          asap7sc7p5t_SIMPLE_SRAM_SS_nldm_201020 1.0
                          asap7sc7p5t_AO_RVT_SS_nldm_201020 1.0
                          asap7sc7p5t_AO_LVT_SS_nldm_201020 1.0
                          asap7sc7p5t_AO_SLVT_SS_nldm_201020 1.0
                          asap7sc7p5t_AO_SRAM_SS_nldm_201020 1.0
                          asap7sc7p5t_OA_RVT_SS_nldm_201020 1.0
                          asap7sc7p5t_OA_LVT_SS_nldm_201020 1.0
                          asap7sc7p5t_OA_SLVT_SS_nldm_201020 1.0
                          asap7sc7p5t_OA_SRAM_SS_nldm_201020 1.0
                          asap7sc7p5t_SEQ_RVT_SS_nldm_201020 1.0
                          asap7sc7p5t_SEQ_LVT_SS_nldm_201020 1.0
                          asap7sc7p5t_SEQ_SLVT_SS_nldm_201020 1.0
                          asap7sc7p5t_SEQ_SRAM_SS_nldm_201020 1.0
                          asap7sc7p5t_INVBUF_RVT_SS_nldm_201020 1.0
                          asap7sc7p5t_INVBUF_LVT_SS_nldm_201020 1.0
                          asap7sc7p5t_INVBUF_SLVT_SS_nldm_201020 1.0
                          asap7sc7p5t_INVBUF_SRAM_SS_nldm_201020 1.0
  Operating conditions:   PVT_0P63V_100C 
  Interconnect mode:      global
  Area mode:              physical library
============================================================

                                                   Leakage                                             Library 
           Gate            Instances    Area     Power (nW)                   Library                   Domain 
---------------------------------------------------------------------------------------------------------------
A2O1A1Ixp33_ASAP7_75t_SL          22     30.793      812.837    asap7sc7p5t_AO_SLVT_SS_nldm_201020           0 
AND2x2_ASAP7_75t_L                10     13.997      148.980    asap7sc7p5t_SIMPLE_LVT_SS_nldm_201020        0 
AND2x2_ASAP7_75t_SL              280    391.910    26554.784    asap7sc7p5t_SIMPLE_SLVT_SS_nldm_201020       0 
AND2x2_ASAP7_75t_SRAM              1      1.400        0.425    asap7sc7p5t_SIMPLE_SRAM_SS_nldm_201020       0 
AND2x4_ASAP7_75t_SL               34     79.315     6415.488    asap7sc7p5t_SIMPLE_SLVT_SS_nldm_201020       0 
AND2x6_ASAP7_75t_SL                9     25.194     2319.598    asap7sc7p5t_SIMPLE_SLVT_SS_nldm_201020       0 
AND3x1_ASAP7_75t_SL               20     27.994     1433.699    asap7sc7p5t_SIMPLE_SLVT_SS_nldm_201020       0 
AND3x2_ASAP7_75t_SL                6      9.798      600.617    asap7sc7p5t_SIMPLE_SLVT_SS_nldm_201020       0 
AND3x4_ASAP7_75t_SL                2      6.532      351.224    asap7sc7p5t_SIMPLE_SLVT_SS_nldm_201020       0 
AND4x2_ASAP7_75t_SL                6     11.197      563.521    asap7sc7p5t_SIMPLE_SLVT_SS_nldm_201020       0 
AND5x1_ASAP7_75t_SL                1      1.866       43.274    asap7sc7p5t_SIMPLE_SLVT_SS_nldm_201020       0 
AO211x2_ASAP7_75t_SL               6     22.395      721.353    asap7sc7p5t_AO_SLVT_SS_nldm_201020           0 
AO221x1_ASAP7_75t_SL               4      9.331      307.802    asap7sc7p5t_AO_SLVT_SS_nldm_201020           0 
AO222x2_ASAP7_75t_SL              19     53.188     2356.940    asap7sc7p5t_AO_SLVT_SS_nldm_201020           0 
AO22x1_ASAP7_75t_L                 2      4.199       19.874    asap7sc7p5t_AO_LVT_SS_nldm_201020            0 
AO22x1_ASAP7_75t_SL              216    453.496    13887.244    asap7sc7p5t_AO_SLVT_SS_nldm_201020           0 
AO22x2_ASAP7_75t_SL               34     79.315     3880.661    asap7sc7p5t_AO_SLVT_SS_nldm_201020           0 
AO31x2_ASAP7_75t_SL                4     14.930      525.725    asap7sc7p5t_AO_SLVT_SS_nldm_201020           0 
AO32x1_ASAP7_75t_SL               13     24.261      947.279    asap7sc7p5t_AO_SLVT_SS_nldm_201020           0 
AO32x1_ASAP7_75t_SRAM              1      1.866        0.363    asap7sc7p5t_AO_SRAM_SS_nldm_201020           0 
AOI211x1_ASAP7_75t_SL             10     27.994      601.641    asap7sc7p5t_AO_SLVT_SS_nldm_201020           0 
AOI21x1_ASAP7_75t_L                4      7.465       44.453    asap7sc7p5t_AO_LVT_SS_nldm_201020            0 
AOI21x1_ASAP7_75t_SL             100    186.624     6979.642    asap7sc7p5t_AO_SLVT_SS_nldm_201020           0 
AOI21xp33_ASAP7_75t_SL             8      9.331      220.212    asap7sc7p5t_AO_SLVT_SS_nldm_201020           0 
AOI21xp5_ASAP7_75t_L              34     39.658      189.527    asap7sc7p5t_AO_LVT_SS_nldm_201020            0 
AOI21xp5_ASAP7_75t_SL            325    379.080    11737.958    asap7sc7p5t_AO_SLVT_SS_nldm_201020           0 
AOI221xp5_ASAP7_75t_L              2      3.266       14.643    asap7sc7p5t_AO_LVT_SS_nldm_201020            0 
AOI221xp5_ASAP7_75t_SL            32     52.255     1193.812    asap7sc7p5t_AO_SLVT_SS_nldm_201020           0 
AOI222xp33_ASAP7_75t_SL           34     79.315     1515.028    asap7sc7p5t_AO_SLVT_SS_nldm_201020           0 
AOI22x1_ASAP7_75t_L                5     11.664       57.365    asap7sc7p5t_AO_LVT_SS_nldm_201020            0 
AOI22x1_ASAP7_75t_SL              90    209.952     7708.824    asap7sc7p5t_AO_SLVT_SS_nldm_201020           0 
AOI22xp33_ASAP7_75t_SL           354    495.487    11456.958    asap7sc7p5t_AO_SLVT_SS_nldm_201020           0 
AOI22xp33_ASAP7_75t_SRAM           1      1.400        0.189    asap7sc7p5t_AO_SRAM_SS_nldm_201020           0 
AOI22xp5_ASAP7_75t_SL            956   1338.094    40497.481    asap7sc7p5t_AO_SLVT_SS_nldm_201020           0 
AOI22xp5_ASAP7_75t_SRAM            2      2.799        0.491    asap7sc7p5t_AO_SRAM_SS_nldm_201020           0 
AOI31xp33_ASAP7_75t_SL            10     13.997      319.240    asap7sc7p5t_AO_SLVT_SS_nldm_201020           0 
AOI31xp67_ASAP7_75t_SL             1      3.033       57.470    asap7sc7p5t_AO_SLVT_SS_nldm_201020           0 
AOI321xp33_ASAP7_75t_SL           14     26.127      636.543    asap7sc7p5t_AO_SLVT_SS_nldm_201020           0 
AOI322xp5_ASAP7_75t_SL             3      6.299      154.438    asap7sc7p5t_AO_SLVT_SS_nldm_201020           0 
ASYNC_DFFHx1_ASAP7_75t_SL       1109   6726.396   199374.248    asap7sc7p5t_SEQ_SLVT_SS_nldm_201020          0 
BUFx12_ASAP7_75t_SL                1      3.732      502.336    asap7sc7p5t_INVBUF_SLVT_SS_nldm_201020       0 
BUFx12f_ASAP7_75t_L                1      4.199       77.350    asap7sc7p5t_INVBUF_LVT_SS_nldm_201020        0 
BUFx12f_ASAP7_75t_SL               8     33.592     3969.131    asap7sc7p5t_INVBUF_SLVT_SS_nldm_201020       0 
BUFx24_ASAP7_75t_SL              128    895.795   113135.635    asap7sc7p5t_INVBUF_SLVT_SS_nldm_201020       0 
BUFx2_ASAP7_75t_L                 15     17.496      191.175    asap7sc7p5t_INVBUF_LVT_SS_nldm_201020        0 
BUFx2_ASAP7_75t_SL                42     48.989     3479.151    asap7sc7p5t_INVBUF_SLVT_SS_nldm_201020       0 
BUFx3_ASAP7_75t_SL                68     95.178     8546.202    asap7sc7p5t_INVBUF_SLVT_SS_nldm_201020       0 
BUFx4_ASAP7_75t_SRAM               1      1.633        0.688    asap7sc7p5t_INVBUF_SRAM_SS_nldm_201020       0 
BUFx4f_ASAP7_75t_L                 2      3.732       51.566    asap7sc7p5t_INVBUF_LVT_SS_nldm_201020        0 
BUFx5_ASAP7_75t_SL                 3      5.599      575.760    asap7sc7p5t_INVBUF_SLVT_SS_nldm_201020       0 
BUFx6f_ASAP7_75t_L                 1      2.333       39.296    asap7sc7p5t_INVBUF_LVT_SS_nldm_201020        0 
BUFx6f_ASAP7_75t_SL               16     37.325     3976.845    asap7sc7p5t_INVBUF_SLVT_SS_nldm_201020       0 
BUFx8_ASAP7_75t_SL                 1      2.799      334.993    asap7sc7p5t_INVBUF_SLVT_SS_nldm_201020       0 
CKINVDCx20_ASAP7_75t_L             1      8.865      120.049    asap7sc7p5t_INVBUF_LVT_SS_nldm_201020        0 
HB1xp67_ASAP7_75t_L               43     40.124      207.867    asap7sc7p5t_INVBUF_LVT_SS_nldm_201020        0 
HB1xp67_ASAP7_75t_SL             174    162.363     5368.860    asap7sc7p5t_INVBUF_SLVT_SS_nldm_201020       0 
HB1xp67_ASAP7_75t_SRAM            15     13.997        2.504    asap7sc7p5t_INVBUF_SRAM_SS_nldm_201020       0 
HB2xp67_ASAP7_75t_SL               3      3.499       73.791    asap7sc7p5t_INVBUF_SLVT_SS_nldm_201020       0 
INVx11_ASAP7_75t_SL                2      6.065      512.131    asap7sc7p5t_INVBUF_SLVT_SS_nldm_201020       0 
INVx1_ASAP7_75t_L                127     88.880      604.872    asap7sc7p5t_INVBUF_LVT_SS_nldm_201020        0 
INVx1_ASAP7_75t_SL              1035    724.334    31416.692    asap7sc7p5t_INVBUF_SLVT_SS_nldm_201020       0 
INVx1_ASAP7_75t_SRAM               2      1.400        0.257    asap7sc7p5t_INVBUF_SRAM_SS_nldm_201020       0 
INVx2_ASAP7_75t_L                  5      4.666       50.744    asap7sc7p5t_INVBUF_LVT_SS_nldm_201020        0 
INVx2_ASAP7_75t_SL               131    122.239     7903.147    asap7sc7p5t_INVBUF_SLVT_SS_nldm_201020       0 
INVx3_ASAP7_75t_SL                25     29.160     2241.071    asap7sc7p5t_INVBUF_SLVT_SS_nldm_201020       0 
INVx4_ASAP7_75t_L                  1      1.400       16.579    asap7sc7p5t_INVBUF_LVT_SS_nldm_201020        0 
INVx4_ASAP7_75t_SL                32     44.790     3953.717    asap7sc7p5t_INVBUF_SLVT_SS_nldm_201020       0 
INVx5_ASAP7_75t_SL                 3      4.899      373.566    asap7sc7p5t_INVBUF_SLVT_SS_nldm_201020       0 
INVx6_ASAP7_75t_SL                 1      1.866      142.853    asap7sc7p5t_INVBUF_SLVT_SS_nldm_201020       0 
INVx8_ASAP7_75t_SL                 1      2.333      245.142    asap7sc7p5t_INVBUF_SLVT_SS_nldm_201020       0 
INVxp33_ASAP7_75t_R                5      3.499        1.016    asap7sc7p5t_INVBUF_RVT_SS_nldm_201020        0 
INVxp33_ASAP7_75t_SL               8      5.599       79.827    asap7sc7p5t_INVBUF_SLVT_SS_nldm_201020       0 
INVxp33_ASAP7_75t_SRAM            13      9.098        0.593    asap7sc7p5t_INVBUF_SRAM_SS_nldm_201020       0 
INVxp67_ASAP7_75t_SL             960    671.846    19480.112    asap7sc7p5t_INVBUF_SLVT_SS_nldm_201020       0 
MAJIxp5_ASAP7_75t_L               10     16.330       73.343    asap7sc7p5t_SIMPLE_LVT_SS_nldm_201020        0 
MAJIxp5_ASAP7_75t_SL             987   1611.732    49609.319    asap7sc7p5t_SIMPLE_SLVT_SS_nldm_201020       0 
MAJx2_ASAP7_75t_SL               483   1014.068    55178.392    asap7sc7p5t_SIMPLE_SLVT_SS_nldm_201020       0 
NAND2x1_ASAP7_75t_L                4      5.599       30.200    asap7sc7p5t_SIMPLE_LVT_SS_nldm_201020        0 
NAND2x1_ASAP7_75t_SL              27     37.791     1172.632    asap7sc7p5t_SIMPLE_SLVT_SS_nldm_201020       0 
NAND2x1p5_ASAP7_75t_L              2      3.732       19.975    asap7sc7p5t_SIMPLE_LVT_SS_nldm_201020        0 
NAND2x1p5_ASAP7_75t_SL            48     89.580     3157.373    asap7sc7p5t_SIMPLE_SLVT_SS_nldm_201020       0 
NAND2x2_ASAP7_75t_SL               4      9.331      365.078    asap7sc7p5t_SIMPLE_SLVT_SS_nldm_201020       0 
NAND2xp33_ASAP7_75t_R              2      1.866        0.897    asap7sc7p5t_SIMPLE_RVT_SS_nldm_201020        0 
NAND2xp33_ASAP7_75t_SL             6      5.599       74.059    asap7sc7p5t_SIMPLE_SLVT_SS_nldm_201020       0 
NAND2xp5_ASAP7_75t_L              61     56.920      256.196    asap7sc7p5t_SIMPLE_LVT_SS_nldm_201020        0 
NAND2xp5_ASAP7_75t_SL            973    907.926    21714.839    asap7sc7p5t_SIMPLE_SLVT_SS_nldm_201020       0 
NAND2xp67_ASAP7_75t_SL             5      6.998      127.353    asap7sc7p5t_SIMPLE_SLVT_SS_nldm_201020       0 
NAND3x1_ASAP7_75t_SL               6     15.396      185.659    asap7sc7p5t_SIMPLE_SLVT_SS_nldm_201020       0 
NAND3x2_ASAP7_75t_SL               3     13.997      145.177    asap7sc7p5t_SIMPLE_SLVT_SS_nldm_201020       0 
NAND3xp33_ASAP7_75t_SL            40     46.656      896.902    asap7sc7p5t_SIMPLE_SLVT_SS_nldm_201020       0 
NAND4xp25_ASAP7_75t_SL             6      8.398      205.642    asap7sc7p5t_SIMPLE_SLVT_SS_nldm_201020       0 
NAND4xp75_ASAP7_75t_SL            19     62.052     1224.072    asap7sc7p5t_SIMPLE_SLVT_SS_nldm_201020       0 
NAND5xp2_ASAP7_75t_SL              3      4.899       31.861    asap7sc7p5t_SIMPLE_SLVT_SS_nldm_201020       0 
NOR2x1_ASAP7_75t_L                24     33.592      211.636    asap7sc7p5t_SIMPLE_LVT_SS_nldm_201020        0 
NOR2x1_ASAP7_75t_SL               88    123.172     4852.646    asap7sc7p5t_SIMPLE_SLVT_SS_nldm_201020       0 
NOR2x1p5_ASAP7_75t_L               2      3.732       31.549    asap7sc7p5t_SIMPLE_LVT_SS_nldm_201020        0 
NOR2x1p5_ASAP7_75t_SL             59    110.108     4750.701    asap7sc7p5t_SIMPLE_SLVT_SS_nldm_201020       0 
NOR2x2_ASAP7_75t_SL               13     30.326     1326.693    asap7sc7p5t_SIMPLE_SLVT_SS_nldm_201020       0 
NOR2xp33_ASAP7_75t_L              60     55.987      176.364    asap7sc7p5t_SIMPLE_LVT_SS_nldm_201020        0 
NOR2xp33_ASAP7_75t_SL            437    407.773     8177.699    asap7sc7p5t_SIMPLE_SLVT_SS_nldm_201020       0 
NOR2xp67_ASAP7_75t_L               1      1.400        5.788    asap7sc7p5t_SIMPLE_LVT_SS_nldm_201020        0 
NOR2xp67_ASAP7_75t_SL             15     20.995      558.928    asap7sc7p5t_SIMPLE_SLVT_SS_nldm_201020       0 
NOR3x1_ASAP7_75t_SL                2      5.132       71.461    asap7sc7p5t_SIMPLE_SLVT_SS_nldm_201020       0 
NOR3x2_ASAP7_75t_SL                2      9.331      215.493    asap7sc7p5t_SIMPLE_SLVT_SS_nldm_201020       0 
NOR3xp33_ASAP7_75t_SL             50     58.320     1600.863    asap7sc7p5t_SIMPLE_SLVT_SS_nldm_201020       0 
NOR4xp25_ASAP7_75t_SL             10     13.997      382.273    asap7sc7p5t_SIMPLE_SLVT_SS_nldm_201020       0 
NOR4xp75_ASAP7_75t_SL              7     22.861      383.392    asap7sc7p5t_SIMPLE_SLVT_SS_nldm_201020       0 
NOR5xp2_ASAP7_75t_SL               9     14.697      322.039    asap7sc7p5t_SIMPLE_SLVT_SS_nldm_201020       0 
O2A1O1Ixp33_ASAP7_75t_SL          18     25.194      819.792    asap7sc7p5t_OA_SLVT_SS_nldm_201020           0 
O2A1O1Ixp5_ASAP7_75t_SL            4      7.465      216.248    asap7sc7p5t_OA_SLVT_SS_nldm_201020           0 
OA21x2_ASAP7_75t_L                 1      1.633       17.418    asap7sc7p5t_OA_LVT_SS_nldm_201020            0 
OA21x2_ASAP7_75t_SL               89    145.333     9838.586    asap7sc7p5t_OA_SLVT_SS_nldm_201020           0 
OA221x2_ASAP7_75t_SL               5     18.662      615.685    asap7sc7p5t_OA_SLVT_SS_nldm_201020           0 
OA222x2_ASAP7_75t_SL               9     25.194     1120.864    asap7sc7p5t_OA_SLVT_SS_nldm_201020           0 
OA22x2_ASAP7_75t_SL              128    298.598    13657.781    asap7sc7p5t_OA_SLVT_SS_nldm_201020           0 
OAI211xp5_ASAP7_75t_SL             7      9.798      334.840    asap7sc7p5t_OA_SLVT_SS_nldm_201020           0 
OAI211xp5_ASAP7_75t_SRAM           2      2.799        0.240    asap7sc7p5t_OA_SRAM_SS_nldm_201020           0 
OAI21xp33_ASAP7_75t_SL             2      2.333       71.720    asap7sc7p5t_OA_SLVT_SS_nldm_201020           0 
OAI21xp5_ASAP7_75t_L               1      1.166        6.601    asap7sc7p5t_OA_LVT_SS_nldm_201020            0 
OAI21xp5_ASAP7_75t_SL            357    416.405    17073.389    asap7sc7p5t_OA_SLVT_SS_nldm_201020           0 
OAI222xp33_ASAP7_75t_SL           23     53.654     1577.371    asap7sc7p5t_OA_SLVT_SS_nldm_201020           0 
OAI22x1_ASAP7_75t_SL              63    146.966     6404.752    asap7sc7p5t_OA_SLVT_SS_nldm_201020           0 
OAI22xp33_ASAP7_75t_SRAM           1      1.400        0.183    asap7sc7p5t_OA_SRAM_SS_nldm_201020           0 
OAI22xp5_ASAP7_75t_L              13     18.196      103.425    asap7sc7p5t_OA_LVT_SS_nldm_201020            0 
OAI22xp5_ASAP7_75t_SL            631    883.198    33090.512    asap7sc7p5t_OA_SLVT_SS_nldm_201020           0 
OAI321xp33_ASAP7_75t_SL           13     24.261      742.006    asap7sc7p5t_OA_SLVT_SS_nldm_201020           0 
OAI332xp33_ASAP7_75t_SL            1      2.333       79.305    asap7sc7p5t_OA_SLVT_SS_nldm_201020           0 
OR2x2_ASAP7_75t_L                  1      1.400       16.031    asap7sc7p5t_SIMPLE_LVT_SS_nldm_201020        0 
OR2x2_ASAP7_75t_SL               168    235.146    14283.936    asap7sc7p5t_SIMPLE_SLVT_SS_nldm_201020       0 
OR2x2_ASAP7_75t_SRAM               1      1.400        0.355    asap7sc7p5t_SIMPLE_SRAM_SS_nldm_201020       0 
OR2x4_ASAP7_75t_L                  1      1.866       27.057    asap7sc7p5t_SIMPLE_LVT_SS_nldm_201020        0 
OR2x4_ASAP7_75t_SL                 2      3.732      300.176    asap7sc7p5t_SIMPLE_SLVT_SS_nldm_201020       0 
OR3x1_ASAP7_75t_SL                 7      9.798      404.346    asap7sc7p5t_SIMPLE_SLVT_SS_nldm_201020       0 
OR4x1_ASAP7_75t_SL                 8     13.064      478.492    asap7sc7p5t_SIMPLE_SLVT_SS_nldm_201020       0 
OR5x1_ASAP7_75t_SL                 6     11.197      216.719    asap7sc7p5t_SIMPLE_SLVT_SS_nldm_201020       0 
TIEHIx1_ASAP7_75t_SL               5      3.499        0.010    asap7sc7p5t_SIMPLE_SLVT_SS_nldm_201020       0 
TIELOx1_ASAP7_75t_SL            1121    784.521        3.301    asap7sc7p5t_SIMPLE_SLVT_SS_nldm_201020       0 
XNOR2x2_ASAP7_75t_R                1      2.566        3.357    asap7sc7p5t_SIMPLE_RVT_SS_nldm_201020        0 
XNOR2x2_ASAP7_75t_SL              32     82.115     4517.945    asap7sc7p5t_SIMPLE_SLVT_SS_nldm_201020       0 
XNOR2xp5_ASAP7_75t_L               8     16.796       94.053    asap7sc7p5t_SIMPLE_LVT_SS_nldm_201020        0 
XNOR2xp5_ASAP7_75t_R               1      2.100        1.967    asap7sc7p5t_SIMPLE_RVT_SS_nldm_201020        0 
XNOR2xp5_ASAP7_75t_SL           2327   4885.583   184864.192    asap7sc7p5t_SIMPLE_SLVT_SS_nldm_201020       0 
XOR2x1_ASAP7_75t_L                 2      5.599       40.315    asap7sc7p5t_SIMPLE_LVT_SS_nldm_201020        0 
XOR2x1_ASAP7_75t_SL               42    117.573     5852.433    asap7sc7p5t_SIMPLE_SLVT_SS_nldm_201020       0 
XOR2xp5_ASAP7_75t_SL            1936   4064.671   154086.233    asap7sc7p5t_SIMPLE_SLVT_SS_nldm_201020       0 
XOR2xp5_ASAP7_75t_SRAM             6     12.597        2.394    asap7sc7p5t_SIMPLE_SRAM_SS_nldm_201020       0 
---------------------------------------------------------------------------------------------------------------
total                          17169  31156.644  1160827.890                                           


                                                                         Leakage  Leakage 
                Library                Instances Instances %    Area   Power (nW) Power % 
------------------------------------------------------------------------------------------
asap7sc7p5t_AO_LVT_SS_nldm_201020             47         0.3    66.252    325.862     0.0 
asap7sc7p5t_AO_SLVT_SS_nldm_201020          2255        13.1  3515.296 106519.089     9.2 
asap7sc7p5t_AO_SRAM_SS_nldm_201020             4         0.0     6.065      1.043     0.0 
asap7sc7p5t_INVBUF_LVT_SS_nldm_201020        196         1.1   171.694   1359.498     0.1 
asap7sc7p5t_INVBUF_RVT_SS_nldm_201020          5         0.0     3.499      1.016     0.0 
asap7sc7p5t_INVBUF_SLVT_SS_nldm_201020      2642        15.4  2902.003 206310.962    17.8 
asap7sc7p5t_INVBUF_SRAM_SS_nldm_201020        31         0.2    26.127      4.042     0.0 
asap7sc7p5t_OA_LVT_SS_nldm_201020             15         0.1    20.995    127.445     0.0 
asap7sc7p5t_OA_SLVT_SS_nldm_201020          1350         7.9  2059.396  85642.850     7.4 
asap7sc7p5t_OA_SRAM_SS_nldm_201020             3         0.0     4.199      0.424     0.0 
asap7sc7p5t_SEQ_SLVT_SS_nldm_201020         1109         6.5  6726.396 199374.248    17.2 
asap7sc7p5t_SIMPLE_LVT_SS_nldm_201020        186         1.1   216.950   1131.485     0.1 
asap7sc7p5t_SIMPLE_RVT_SS_nldm_201020          4         0.0     6.532      6.220     0.0 
asap7sc7p5t_SIMPLE_SLVT_SS_nldm_201020      9314        54.2 15415.842 560020.533    48.2 
asap7sc7p5t_SIMPLE_SRAM_SS_nldm_201020         8         0.0    15.396      3.173     0.0 

                                            Leakage   Leakage 
     Type      Instances    Area   Area %  Power (nW) Power % 
--------------------------------------------------------------
sequential          1109  6726.396   21.6  199374.248    17.2 
inverter            2352  1730.938    5.6   67142.368     5.8 
buffer               522  1372.386    4.4  140533.151    12.1 
logic              13186 21326.924   68.5  753778.124    64.9 
physical_cells         0     0.000    0.0       0.000     0.0 
--------------------------------------------------------------
total              17169 31156.644  100.0 1160827.890   100.0 

