

Working Directory = /home/msmekhem/research/repositories/fpga-mxfp/aitb_asic/asic/mxfp_to_fixed_mxfp_aitb_04_02_19_36_obj-dir/syn-rundir
QoS Summary for mxfp_to_fixed_mxfp_aitb_top
================================================================================
Metric                          final          
================================================================================
Slack (ps):                      -479
  R2R (ps):                      -479
  I2R (ps):                  no_value
  R2O (ps):                  no_value
  I2O (ps):                  no_value
  CG  (ps):                  no_value
TNS (ps):                     -31,088
  R2R (ps):                   -31,088
  I2R (ps):                  no_value
  R2O (ps):                  no_value
  I2O (ps):                  no_value
  CG  (ps):                  no_value
Failing Paths:                    131
Cell Area:                     31,157
Total Cell Area:               31,157
Leaf Instances:                17,169
Total Instances:               17,169
Utilization (%):                 0.00
Tot. Net Length (um):        no_value
Avg. Net Length (um):        no_value
Route Overflow H (%):        no_value
Route Overflow V (%):        no_value
MBCI(%) (bits/gate) :            0.00
Norm Cong Hotspot Area:
  Max Cong:                  no_value
  Tot Cong:                  no_value
================================================================================
CPU  Runtime (h:m:s):        00:05:02
Real Runtime (h:m:s):        00:03:31
CPU  Elapsed (h:m:s):        00:05:04
Real Elapsed (h:m:s):        00:03:32
Memory (MB):                  1903.58
================================================================================
================================================================================
Flow Settings:
================================================================================
Total Runtime (h:m:s): 00:03:31
Total Memory (MB):     1903.58
Executable Version:    21.17-s066_1
================================================================================
Total Cell Area =  Cell Area + Physical Cell Area
Total Instances =  Leaf Instances + Physical Instances


