

Working Directory = /home/msmekhem/research/repositories/fpga-mxfp/aitb_asic/asic/fixed_input_e4m3_8_mxfp_aitb_04_03_00_00_obj-dir/syn-rundir
QoS Summary for fixed_input_e4m3_8_mxfp_aitb_wrapper
================================================================================
Metric                          final          
================================================================================
Slack (ps):                         8
  R2R (ps):                         8
  I2R (ps):                  no_value
  R2O (ps):                  no_value
  I2O (ps):                  no_value
  CG  (ps):                  no_value
TNS (ps):                           0
  R2R (ps):                         0
  I2R (ps):                  no_value
  R2O (ps):                  no_value
  I2O (ps):                  no_value
  CG  (ps):                  no_value
Failing Paths:                      0
Cell Area:                     36,496
Total Cell Area:               36,496
Leaf Instances:                20,751
Total Instances:               20,751
Utilization (%):                 0.00
Tot. Net Length (um):        no_value
Avg. Net Length (um):        no_value
Route Overflow H (%):        no_value
Route Overflow V (%):        no_value
MBCI(%) (bits/gate) :            0.00
Norm Cong Hotspot Area:
  Max Cong:                  no_value
  Tot Cong:                  no_value
================================================================================
CPU  Runtime (h:m:s):        00:07:02
Real Runtime (h:m:s):        00:05:24
CPU  Elapsed (h:m:s):        00:07:05
Real Elapsed (h:m:s):        00:05:25
Memory (MB):                  2086.10
================================================================================
================================================================================
Flow Settings:
================================================================================
Total Runtime (h:m:s): 00:05:24
Total Memory (MB):     2086.10
Executable Version:    21.17-s066_1
================================================================================
Total Cell Area =  Cell Area + Physical Cell Area
Total Instances =  Leaf Instances + Physical Instances


