============================================================
  Generated by:           Genus(TM) Synthesis Solution 21.17-s066_1
  Generated on:           Apr 02 2026  11:31:27 pm
  Module:                 fixed_input_e4m3_8_mxfp_aitb_wrapper
  Library domain:         PVT_0P63V_100C.setup_cond
    Domain index:         0
    Technology libraries: asap7sc7p5t_SIMPLE_RVT_SS_nldm_201020 1.0
                          asap7sc7p5t_SIMPLE_LVT_SS_nldm_201020 1.0
                          asap7sc7p5t_SIMPLE_SLVT_SS_nldm_201020 1.0
                          asap7sc7p5t_SIMPLE_SRAM_SS_nldm_201020 1.0
                          asap7sc7p5t_AO_RVT_SS_nldm_201020 1.0
                          asap7sc7p5t_AO_LVT_SS_nldm_201020 1.0
                          asap7sc7p5t_AO_SLVT_SS_nldm_201020 1.0
                          asap7sc7p5t_AO_SRAM_SS_nldm_201020 1.0
                          asap7sc7p5t_OA_RVT_SS_nldm_201020 1.0
                          asap7sc7p5t_OA_LVT_SS_nldm_201020 1.0
                          asap7sc7p5t_OA_SLVT_SS_nldm_201020 1.0
                          asap7sc7p5t_OA_SRAM_SS_nldm_201020 1.0
                          asap7sc7p5t_SEQ_RVT_SS_nldm_201020 1.0
                          asap7sc7p5t_SEQ_LVT_SS_nldm_201020 1.0
                          asap7sc7p5t_SEQ_SLVT_SS_nldm_201020 1.0
                          asap7sc7p5t_SEQ_SRAM_SS_nldm_201020 1.0
                          asap7sc7p5t_INVBUF_RVT_SS_nldm_201020 1.0
                          asap7sc7p5t_INVBUF_LVT_SS_nldm_201020 1.0
                          asap7sc7p5t_INVBUF_SLVT_SS_nldm_201020 1.0
                          asap7sc7p5t_INVBUF_SRAM_SS_nldm_201020 1.0
  Operating conditions:   PVT_0P63V_100C 
  Interconnect mode:      global
  Area mode:              physical library
============================================================

Timing
--------

      Analysis view       Clock Period 
---------------------------------------
PVT_0P63V_100C.setup_view clk   1000.0 


         Analysis           Cost   Critical            Violating 
           View            Group  Path Slack    TNS      Paths   
-----------------------------------------------------------------
PVT_0P63V_100C.setup_view     clk     -529.4 -42415.4        182 
                          default   No paths      0.0          0 
-----------------------------------------------------------------
Total                                        -42415.4        182 
                                                                 

Instance Count
--------------
Leaf Instance Count             24307 
Physical Instance count             0 
Sequential Instance Count        1147 
Combinational Instance Count    23160 
Hierarchical Instance Count         0 

Area
----
Cell Area                          41517.308
Physical Cell Area                 0.000
Total Cell Area (Cell+Physical)    41517.308
Net Area                           18472.025
Total Area (Cell+Physical+Net)     59989.333

Runtime                            90.92737499999998 seconds
Elapsed Runtime                    371 seconds
Genus peak memory usage            2083.30 
Innovus peak memory usage          no_value 
Hostname                           KingsLanding
