

Working Directory = /home/msmekhem/research/repositories/fpga-mxfp/aitb_asic/asic/fixed_input_e4m3_8_mxfp_aitb_04_02_23_25_obj-dir/syn-rundir
QoS Summary for fixed_input_e4m3_8_mxfp_aitb_wrapper
================================================================================
Metric                          final          
================================================================================
Slack (ps):                      -529
  R2R (ps):                      -529
  I2R (ps):                  no_value
  R2O (ps):                  no_value
  I2O (ps):                  no_value
  CG  (ps):                  no_value
TNS (ps):                     -42,415
  R2R (ps):                   -42,415
  I2R (ps):                  no_value
  R2O (ps):                  no_value
  I2O (ps):                  no_value
  CG  (ps):                  no_value
Failing Paths:                    182
Cell Area:                     41,517
Total Cell Area:               41,517
Leaf Instances:                24,307
Total Instances:               24,307
Utilization (%):                 0.00
Tot. Net Length (um):        no_value
Avg. Net Length (um):        no_value
Route Overflow H (%):        no_value
Route Overflow V (%):        no_value
MBCI(%) (bits/gate) :            0.00
Norm Cong Hotspot Area:
  Max Cong:                  no_value
  Tot Cong:                  no_value
================================================================================
CPU  Runtime (h:m:s):        00:08:32
Real Runtime (h:m:s):        00:06:08
CPU  Elapsed (h:m:s):        00:08:35
Real Elapsed (h:m:s):        00:06:08
Memory (MB):                  2083.30
================================================================================
================================================================================
Flow Settings:
================================================================================
Total Runtime (h:m:s): 00:06:08
Total Memory (MB):     2083.30
Executable Version:    21.17-s066_1
================================================================================
Total Cell Area =  Cell Area + Physical Cell Area
Total Instances =  Leaf Instances + Physical Instances


