Hinst Name                        Module Name                                                        Inst Count           Total Area               Buffer             Inverter        Combinational                 Flop                Latch           Clock Gate                Macro             Physical
---------------------------------------------------------------------------------------------------------------------------------------------------------------------------------------------------------------------------------------------------------------------------------------------------------------------
naive_mxfp_aitb_comp_top                                                                                  23178            39168.645             1435.372             2336.532            28003.164             7393.576                0.000                0.000                0.000                0.000
 u_naive_mxfp_comp_dot_fixed_col2 naive_mxfp_comp_dot_fixed_FIXED_DOT_LENGTH10_PACKED_REDUCTION0_445       7353            11126.056                8.398              669.747            10447.911                0.000                0.000                0.000                0.000                0.000
