###############################################################
#  Generated by:      Cadence Innovus 21.17-s075_1
#  OS:                Linux x86_64(Host ID KingsLanding)
#  Generated on:      Thu Apr  2 15:21:52 2026
#  Design:            aitb_top
#  Command:           report_timing > timing.rpt
###############################################################
Path 1: VIOLATED (-498.697 ps) Setup Check with Pin PIPE_OUT_col1_stage_reg_reg[0][17]/CLK->D
               View: PVT_0P63V_100C.setup_view
              Group: clk
         Startpoint: (R) zero_en
              Clock:
           Endpoint: (R) PIPE_OUT_col1_stage_reg_reg[0][17]/D
              Clock: (R) clk

                        Capture       Launch
         Clock Edge:+  1000.000        0.000
        Src Latency:+  -222.663        0.000
        Net Latency:+   218.700 (P)    0.000 (I)
            Arrival:=   996.037        0.000

              Setup:-     8.034
        Uncertainty:-   100.000
        Cppr Adjust:+     0.000
      Required Time:=   888.003
       Launch Clock:=     0.000
          Data Path:+  1386.700
              Slack:=  -498.697

#---------------------------------------------------------------------------------------------------------------------------------------
# Timing Point                                       Flags  Arc      Edge  Cell                       Fanout   Trans    Delay    Arrival  
#                                                                                                               (ps)     (ps)       (ps)  
#---------------------------------------------------------------------------------------------------------------------------------------
  zero_en                                            -      zero_en  R     (arrival)                       1   4.000    3.500      3.500  
  FE_OFC283_zero_en/Y                                -      A->Y     F     INVx8_ASAP7_75t_SL              3   9.900    9.700     13.200  
  g44435/Y                                           -      B->Y     F     AND2x6_ASAP7_75t_SL             6  18.900   34.000     47.200  
  FE_PSC1947_n_2324/Y                                -      A->Y     F     BUFx2_ASAP7_75t_SL              1  28.200   22.800     70.000  
  FE_OCPC1900_n_2324/Y                               -      A->Y     F     BUFx6f_ASAP7_75t_SL             8  12.000   24.200     94.200  
  FE_RC_1751_0/Y                                     -      B->Y     R     NAND2xp5_ASAP7_75t_SL           1  21.200   16.800    111.000  
  FE_RC_1749_0/Y                                     -      B->Y     R     AND2x4_ASAP7_75t_SL             5  27.900   28.500    139.500  
  FE_RC_2727_0/Y                                     -      A2->Y    F     OAI22x1_ASAP7_75t_SL            1  28.000   10.800    150.300  
  g43430__8428/Y                                     -      B->Y     F     OR2x2_ASAP7_75t_SL              1  35.000   25.300    175.600  
  FE_RC_2720_0/Y                                     -      A2->Y    R     OAI21xp5_ASAP7_75t_SL           2  12.300   17.700    193.300  
  FE_RC_836_0_dup/Y                                  -      B->Y     F     AOI21xp5_ASAP7_75t_SL           1  33.700   14.000    207.300  
  FE_RC_2977_0/Y                                     -      A1->Y    R     OAI211xp5_ASAP7_75t_SL          1  31.700   29.100    236.400  
  FE_OFC303_n_2882/Y                                 -      A->Y     R     BUFx6f_ASAP7_75t_SL            15  52.300   35.000    271.400  
  FE_RC_3127_0/Y                                     -      B2->Y    F     OAI22x1_ASAP7_75t_SL            1  40.600   11.900    283.300  
  FE_RC_3128_0/Y                                     -      A->Y     R     INVx2_ASAP7_75t_SL              3  31.800   17.400    300.700  
  FE_RC_1357_0_dup/Y                                 -      A->Y     F     NAND4xp75_ASAP7_75t_SL          1  26.300   20.200    320.900  
  FE_RC_1038_0/Y                                     -      B->Y     R     NOR2x2_ASAP7_75t_SL             2  42.800   19.100    340.000  
  g42928__5115_dup/Y                                 -      B->Y     F     NAND2x2_ASAP7_75t_SL            5  33.400   16.300    356.300  
  g42897__5107_dup/Y                                 -      A->Y     R     NAND3xp33_ASAP7_75t_SL          1  31.200   15.900    372.200  
  g42628__3680/Y                                     -      B->Y     R     OA21x2_ASAP7_75t_SL             2  22.800   32.300    404.500  
  FE_RC_2730_0/Y                                     -      A->Y     F     INVx6_ASAP7_75t_SL             13  32.100   16.200    420.700  
  g42543__5477/Y                                     -      A1->Y    R     AOI22x1_ASAP7_75t_SL            2  29.200   25.500    446.200  
  g42525/Y                                           -      A->Y     F     INVx2_ASAP7_75t_SL              2  49.700   12.900    459.100  
  FE_RC_3129_0/Y                                     -      A2->Y    R     AOI22x1_ASAP7_75t_SL            2  23.000   23.400    482.500  
  FE_RC_1443_0_dup/Y                                 -      B2->Y    F     OAI22x1_ASAP7_75t_SL            1  42.500   13.100    495.600  
  FE_RC_1005_0/Y                                     -      A1->Y    R     AOI21x1_ASAP7_75t_SL            1  24.200   16.300    511.900  
  g42295__4733/Y                                     -      B->Y     F     XNOR2x2_ASAP7_75t_SL            2  28.400   38.700    550.600  
  addinc_FP32_ALU_col1_fracAdder_add_113_18_g1591/Y  -      B->Y     R     NOR2x2_ASAP7_75t_SL             5  21.800   17.300    567.900  
  FE_RC_3122_0/Y                                     -      A2->Y    F     OAI21xp5_ASAP7_75t_SL           2  35.000   17.600    585.500  
  FE_RC_1637_0/Y                                     -      B->Y     F     OR2x2_ASAP7_75t_SL              1  29.600   27.700    613.200  
  FE_RC_1658_0/Y                                     -      A1->Y    R     AOI21x1_ASAP7_75t_SL            4  15.600   23.100    636.300  
  addinc_FP32_ALU_col1_fracAdder_add_113_18_g1347/Y  -      A2->Y    F     OAI21xp5_ASAP7_75t_SL           2  45.700   19.500    655.800  
  addinc_FP32_ALU_col1_fracAdder_add_113_18_g1331/Y  -      B->Y     F     XNOR2xp5_ASAP7_75t_SL           1  32.700   26.900    682.700  
  FE_RC_943_0/Y                                      -      B->Y     R     AOI21x1_ASAP7_75t_SL            1  31.400   19.600    702.300  
  FE_RC_3029_0/Y                                     -      D->Y     F     NAND4xp75_ASAP7_75t_SL          1  30.900   18.400    720.700  
  FE_RC_1187_0/Y                                     -      A->Y     R     NOR4xp75_ASAP7_75t_SL           2  33.000   27.300    748.000  
  FE_RC_689_0/Y                                      -      C->Y     R     AND3x4_ASAP7_75t_SL             5  52.500   31.900    779.900  
  FE_RC_2650_0/Y                                     -      A1->Y    F     AOI21x1_ASAP7_75t_SL            1  25.200   14.300    794.200  
  FE_RC_3100_0/Y                                     -      D->Y     R     NAND4xp75_ASAP7_75t_SL          2  44.200   26.400    820.600  
  g34327/Y                                           -      B->Y     F     NOR2x1p5_ASAP7_75t_SL           3  42.100   17.500    838.100  
  FE_RC_1859_0/Y                                     -      A1->Y    R     AOI21x1_ASAP7_75t_SL            2  26.900   18.900    857.000  
  g34277/Y                                           -      B->Y     F     NAND2x1p5_ASAP7_75t_SL          1  32.400   11.800    868.800  
  g34275/Y                                           -      B->Y     R     NOR2x2_ASAP7_75t_SL             4  20.900   17.900    886.700  
  FE_RC_105_0/Y                                      -      A1->Y    F     AOI21x1_ASAP7_75t_SL            2  29.800   14.600    901.300  
  g34250/Y                                           -      B->Y     F     AND2x4_ASAP7_75t_SL             3  24.100   25.000    926.300  
  FE_RC_3102_0/Y                                     -      A1->Y    R     AOI21x1_ASAP7_75t_SL            2  15.100   12.300    938.600  
  FE_RC_2747_0/Y                                     -      B->Y     F     OAI21xp5_ASAP7_75t_SL           1  37.600   15.000    953.600  
  FE_RC_2746_0/Y                                     -      B->Y     F     AND2x4_ASAP7_75t_SL             8  35.700   33.100    986.700  
  g34191/Y                                           -      A1->Y    R     OAI22x1_ASAP7_75t_SL            2  25.400   23.600   1010.300  
  FE_OFC373_n_1078/Y                                 -      A->Y     R     BUFx6f_ASAP7_75t_SL            12  49.100   30.900   1041.200  
  FE_RC_1678_0/Y                                     -      A2->Y    F     AOI22x1_ASAP7_75t_SL            2  32.400   19.300   1060.500  
  FE_RC_1565_0/Y                                     -      A1->Y    R     OAI22x1_ASAP7_75t_SL            3  44.200   22.200   1082.700  
  FE_RC_3057_0/Y                                     -      A2->Y    R     AO22x2_ASAP7_75t_SL             1  45.000   28.000   1110.700  
  FE_RC_2687_0/Y                                     -      A2->Y    F     AOI22x1_ASAP7_75t_SL            1  16.100    9.800   1120.500  
  FE_RC_990_0/Y                                      -      B->Y     F     OA21x2_ASAP7_75t_SL             2  20.300   21.400   1141.900  
  g33433/Y                                           -      B->Y     R     NOR2x1p5_ASAP7_75t_SL           1  16.600   12.400   1154.300  
  FE_RC_3126_0/Y                                     -      A->Y     F     NAND4xp75_ASAP7_75t_SL          1  19.500   17.400   1171.700  
  g33333/Y                                           -      B->Y     R     NOR2x2_ASAP7_75t_SL             3  33.400   24.000   1195.700  
  FE_RC_1562_0/Y                                     -      B->Y     F     NAND4xp75_ASAP7_75t_SL          3  40.200   26.500   1222.200  
  FE_RC_187_0_dup/Y                                  -      A->Y     F     OR2x2_ASAP7_75t_SL              2  49.100   27.100   1249.300  
  FE_RC_3105_0/Y                                     -      A->Y     R     INVx1_ASAP7_75t_SL              1  15.600    9.600   1258.900  
  FE_RC_3103_0/Y                                     -      B2->Y    R     AO22x2_ASAP7_75t_SL             2  13.800   22.900   1281.800  
  g33124/Y                                           -      A->Y     F     NAND2x1_ASAP7_75t_SL            1  16.700   10.700   1292.500  
  g33107/Y                                           -      A->Y     R     NOR2x1p5_ASAP7_75t_SL           5  25.800   24.800   1317.300  
  g33088_dup1/Y                                      -      A3->Y    R     AO31x2_ASAP7_75t_SL             1  49.500   21.300   1338.600  
  g33087/Y                                           -      B->Y     R     AND2x4_ASAP7_75t_SL             2  17.300   25.700   1364.300  
  FE_OCPC783_n_1895_dup2/Y                           -      A->Y     F     INVx6_ASAP7_75t_SL              4  32.200   11.800   1376.100  
  g33064/Y                                           -      B->Y     R     NAND2x1p5_ASAP7_75t_SL          1  17.800   10.600   1386.700  
  PIPE_OUT_col1_stage_reg_reg[0][17]/D               -      D        R     ASYNC_DFFHx1_ASAP7_75t_SL       1  22.400    0.000   1386.700  
#---------------------------------------------------------------------------------------------------------------------------------------

