============================================================
  Generated by:           Genus(TM) Synthesis Solution 21.17-s066_1
  Generated on:           Apr 03 2026  12:06:47 pm
  Module:                 fixed8_mxfp_aitb_comp_wrapper
  Library domain:         PVT_0P63V_100C.setup_cond
    Domain index:         0
    Technology libraries: asap7sc7p5t_SIMPLE_RVT_SS_nldm_201020 1.0
                          asap7sc7p5t_SIMPLE_LVT_SS_nldm_201020 1.0
                          asap7sc7p5t_SIMPLE_SLVT_SS_nldm_201020 1.0
                          asap7sc7p5t_SIMPLE_SRAM_SS_nldm_201020 1.0
                          asap7sc7p5t_AO_RVT_SS_nldm_201020 1.0
                          asap7sc7p5t_AO_LVT_SS_nldm_201020 1.0
                          asap7sc7p5t_AO_SLVT_SS_nldm_201020 1.0
                          asap7sc7p5t_AO_SRAM_SS_nldm_201020 1.0
                          asap7sc7p5t_OA_RVT_SS_nldm_201020 1.0
                          asap7sc7p5t_OA_LVT_SS_nldm_201020 1.0
                          asap7sc7p5t_OA_SLVT_SS_nldm_201020 1.0
                          asap7sc7p5t_OA_SRAM_SS_nldm_201020 1.0
                          asap7sc7p5t_SEQ_RVT_SS_nldm_201020 1.0
                          asap7sc7p5t_SEQ_LVT_SS_nldm_201020 1.0
                          asap7sc7p5t_SEQ_SLVT_SS_nldm_201020 1.0
                          asap7sc7p5t_SEQ_SRAM_SS_nldm_201020 1.0
                          asap7sc7p5t_INVBUF_RVT_SS_nldm_201020 1.0
                          asap7sc7p5t_INVBUF_LVT_SS_nldm_201020 1.0
                          asap7sc7p5t_INVBUF_SLVT_SS_nldm_201020 1.0
                          asap7sc7p5t_INVBUF_SRAM_SS_nldm_201020 1.0
  Operating conditions:   PVT_0P63V_100C 
  Interconnect mode:      global
  Area mode:              physical library
============================================================

                                                   Leakage                                             Library 
           Gate            Instances    Area     Power (nW)                   Library                   Domain 
---------------------------------------------------------------------------------------------------------------
A2O1A1Ixp33_ASAP7_75t_SL          59     82.581     2585.562    asap7sc7p5t_AO_SLVT_SS_nldm_201020           0 
AND2x2_ASAP7_75t_L                10     13.997      151.004    asap7sc7p5t_SIMPLE_LVT_SS_nldm_201020        0 
AND2x2_ASAP7_75t_R                 2      2.799        4.492    asap7sc7p5t_SIMPLE_RVT_SS_nldm_201020        0 
AND2x2_ASAP7_75t_SL              594    831.410    56517.167    asap7sc7p5t_SIMPLE_SLVT_SS_nldm_201020       0 
AND2x4_ASAP7_75t_SL               23     53.654     4347.654    asap7sc7p5t_SIMPLE_SLVT_SS_nldm_201020       0 
AND2x6_ASAP7_75t_SL               20     55.987     5208.978    asap7sc7p5t_SIMPLE_SLVT_SS_nldm_201020       0 
AND3x1_ASAP7_75t_SL               23     32.193     1993.040    asap7sc7p5t_SIMPLE_SLVT_SS_nldm_201020       0 
AND3x4_ASAP7_75t_SL                3      9.798      534.612    asap7sc7p5t_SIMPLE_SLVT_SS_nldm_201020       0 
AND4x2_ASAP7_75t_SL               12     22.395     1157.133    asap7sc7p5t_SIMPLE_SLVT_SS_nldm_201020       0 
AND5x1_ASAP7_75t_SL                5      9.331      246.750    asap7sc7p5t_SIMPLE_SLVT_SS_nldm_201020       0 
AO211x2_ASAP7_75t_SL               6     22.395      723.651    asap7sc7p5t_AO_SLVT_SS_nldm_201020           0 
AO221x1_ASAP7_75t_L                6     13.997       64.777    asap7sc7p5t_AO_LVT_SS_nldm_201020            0 
AO221x1_ASAP7_75t_SL             119    277.603     8610.853    asap7sc7p5t_AO_SLVT_SS_nldm_201020           0 
AO222x2_ASAP7_75t_SL              24     67.185     2932.886    asap7sc7p5t_AO_SLVT_SS_nldm_201020           0 
AO22x1_ASAP7_75t_L                19     39.891      190.568    asap7sc7p5t_AO_LVT_SS_nldm_201020            0 
AO22x1_ASAP7_75t_SL              447    938.485    28299.603    asap7sc7p5t_AO_SLVT_SS_nldm_201020           0 
AO22x2_ASAP7_75t_SL               23     53.654     2603.820    asap7sc7p5t_AO_SLVT_SS_nldm_201020           0 
AO31x2_ASAP7_75t_SL                8     29.860      993.136    asap7sc7p5t_AO_SLVT_SS_nldm_201020           0 
AO32x1_ASAP7_75t_L                 2      3.732       21.573    asap7sc7p5t_AO_LVT_SS_nldm_201020            0 
AO32x1_ASAP7_75t_SL                5      9.331      355.856    asap7sc7p5t_AO_SLVT_SS_nldm_201020           0 
AO332x1_ASAP7_75t_SL               1      2.566      106.168    asap7sc7p5t_AO_SLVT_SS_nldm_201020           0 
AOI211x1_ASAP7_75t_SL              7     19.596      414.495    asap7sc7p5t_AO_SLVT_SS_nldm_201020           0 
AOI21x1_ASAP7_75t_L                2      3.732       21.667    asap7sc7p5t_AO_LVT_SS_nldm_201020            0 
AOI21x1_ASAP7_75t_SL              88    164.229     6266.337    asap7sc7p5t_AO_SLVT_SS_nldm_201020           0 
AOI21xp33_ASAP7_75t_SL            21     24.494      564.235    asap7sc7p5t_AO_SLVT_SS_nldm_201020           0 
AOI21xp5_ASAP7_75t_L              61     71.150      376.110    asap7sc7p5t_AO_LVT_SS_nldm_201020            0 
AOI21xp5_ASAP7_75t_SL            499    582.034    19571.962    asap7sc7p5t_AO_SLVT_SS_nldm_201020           0 
AOI221x1_ASAP7_75t_SL              2      6.532      153.322    asap7sc7p5t_AO_SLVT_SS_nldm_201020           0 
AOI221xp5_ASAP7_75t_L              3      4.899       20.190    asap7sc7p5t_AO_LVT_SS_nldm_201020            0 
AOI221xp5_ASAP7_75t_SL           200    326.592     8690.184    asap7sc7p5t_AO_SLVT_SS_nldm_201020           0 
AOI222xp33_ASAP7_75t_SL           94    219.283     4350.338    asap7sc7p5t_AO_SLVT_SS_nldm_201020           0 
AOI22x1_ASAP7_75t_SL              43    100.310     3597.566    asap7sc7p5t_AO_SLVT_SS_nldm_201020           0 
AOI22xp33_ASAP7_75t_SL           330    461.894    10659.272    asap7sc7p5t_AO_SLVT_SS_nldm_201020           0 
AOI22xp5_ASAP7_75t_SL            999   1398.280    45504.469    asap7sc7p5t_AO_SLVT_SS_nldm_201020           0 
AOI31xp33_ASAP7_75t_L              2      2.799       11.711    asap7sc7p5t_AO_LVT_SS_nldm_201020            0 
AOI31xp33_ASAP7_75t_SL            10     13.997      398.192    asap7sc7p5t_AO_SLVT_SS_nldm_201020           0 
AOI31xp67_ASAP7_75t_SL             1      3.033       72.209    asap7sc7p5t_AO_SLVT_SS_nldm_201020           0 
AOI321xp33_ASAP7_75t_SL            5      9.331      221.241    asap7sc7p5t_AO_SLVT_SS_nldm_201020           0 
AOI322xp5_ASAP7_75t_SL            40     83.981     1982.153    asap7sc7p5t_AO_SLVT_SS_nldm_201020           0 
ASYNC_DFFHx1_ASAP7_75t_SL       1179   7150.965   211648.922    asap7sc7p5t_SEQ_SLVT_SS_nldm_201020          0 
BUFx10_ASAP7_75t_SL                1      3.266      434.405    asap7sc7p5t_INVBUF_SLVT_SS_nldm_201020       0 
BUFx12f_ASAP7_75t_L                1      4.199       77.350    asap7sc7p5t_INVBUF_LVT_SS_nldm_201020        0 
BUFx12f_ASAP7_75t_SL               5     20.995     2593.782    asap7sc7p5t_INVBUF_SLVT_SS_nldm_201020       0 
BUFx24_ASAP7_75t_SL              128    895.795   114287.441    asap7sc7p5t_INVBUF_SLVT_SS_nldm_201020       0 
BUFx2_ASAP7_75t_L                  6      6.998       83.273    asap7sc7p5t_INVBUF_LVT_SS_nldm_201020        0 
BUFx2_ASAP7_75t_SL                 9     10.498      739.234    asap7sc7p5t_INVBUF_SLVT_SS_nldm_201020       0 
BUFx3_ASAP7_75t_L                  1      1.400       16.894    asap7sc7p5t_INVBUF_LVT_SS_nldm_201020        0 
BUFx3_ASAP7_75t_SL                 5      6.998      634.776    asap7sc7p5t_INVBUF_SLVT_SS_nldm_201020       0 
BUFx4f_ASAP7_75t_L                 3      5.599       79.494    asap7sc7p5t_INVBUF_LVT_SS_nldm_201020        0 
BUFx4f_ASAP7_75t_SL                1      1.866      182.865    asap7sc7p5t_INVBUF_SLVT_SS_nldm_201020       0 
BUFx6f_ASAP7_75t_L                 1      2.333       41.892    asap7sc7p5t_INVBUF_LVT_SS_nldm_201020        0 
BUFx6f_ASAP7_75t_SL                8     18.662     1932.194    asap7sc7p5t_INVBUF_SLVT_SS_nldm_201020       0 
CKINVDCx14_ASAP7_75t_SL            1      6.532      461.371    asap7sc7p5t_INVBUF_SLVT_SS_nldm_201020       0 
HAxp5_ASAP7_75t_L                  8     16.796       97.237    asap7sc7p5t_SIMPLE_LVT_SS_nldm_201020        0 
HAxp5_ASAP7_75t_SL                 8     16.796      639.938    asap7sc7p5t_SIMPLE_SLVT_SS_nldm_201020       0 
HB1xp67_ASAP7_75t_L               48     44.790      234.550    asap7sc7p5t_INVBUF_LVT_SS_nldm_201020        0 
HB1xp67_ASAP7_75t_SL             137    127.837     4280.259    asap7sc7p5t_INVBUF_SLVT_SS_nldm_201020       0 
HB1xp67_ASAP7_75t_SRAM            27     25.194        3.974    asap7sc7p5t_INVBUF_SRAM_SS_nldm_201020       0 
INVx11_ASAP7_75t_SL                7     21.228     2446.912    asap7sc7p5t_INVBUF_SLVT_SS_nldm_201020       0 
INVx1_ASAP7_75t_L                121     84.681      572.678    asap7sc7p5t_INVBUF_LVT_SS_nldm_201020        0 
INVx1_ASAP7_75t_SL              1506   1053.959    46115.415    asap7sc7p5t_INVBUF_SLVT_SS_nldm_201020       0 
INVx2_ASAP7_75t_L                  2      1.866       22.692    asap7sc7p5t_INVBUF_LVT_SS_nldm_201020        0 
INVx2_ASAP7_75t_SL                85     79.315     4932.137    asap7sc7p5t_INVBUF_SLVT_SS_nldm_201020       0 
INVx3_ASAP7_75t_SL                21     24.494     1882.539    asap7sc7p5t_INVBUF_SLVT_SS_nldm_201020       0 
INVx4_ASAP7_75t_SL                 9     12.597     1047.434    asap7sc7p5t_INVBUF_SLVT_SS_nldm_201020       0 
INVx5_ASAP7_75t_SL                 8     13.064     1139.796    asap7sc7p5t_INVBUF_SLVT_SS_nldm_201020       0 
INVx6_ASAP7_75t_SL                 7     13.064     1255.006    asap7sc7p5t_INVBUF_SLVT_SS_nldm_201020       0 
INVx8_ASAP7_75t_SL                 7     16.330     1367.247    asap7sc7p5t_INVBUF_SLVT_SS_nldm_201020       0 
INVxp33_ASAP7_75t_SL               1      0.700       11.581    asap7sc7p5t_INVBUF_SLVT_SS_nldm_201020       0 
INVxp33_ASAP7_75t_SRAM            41     28.693        1.750    asap7sc7p5t_INVBUF_SRAM_SS_nldm_201020       0 
INVxp67_ASAP7_75t_SL            1410    986.774    28843.260    asap7sc7p5t_INVBUF_SLVT_SS_nldm_201020       0 
MAJIxp5_ASAP7_75t_SL             978   1597.035    49066.728    asap7sc7p5t_SIMPLE_SLVT_SS_nldm_201020       0 
MAJx2_ASAP7_75t_SL               584   1226.120    67352.806    asap7sc7p5t_SIMPLE_SLVT_SS_nldm_201020       0 
NAND2x1_ASAP7_75t_L                2      2.799       15.217    asap7sc7p5t_SIMPLE_LVT_SS_nldm_201020        0 
NAND2x1_ASAP7_75t_SL              13     18.196      537.743    asap7sc7p5t_SIMPLE_SLVT_SS_nldm_201020       0 
NAND2x1p5_ASAP7_75t_SL            16     29.860      830.390    asap7sc7p5t_SIMPLE_SLVT_SS_nldm_201020       0 
NAND2x2_ASAP7_75t_SL               1      2.333       70.913    asap7sc7p5t_SIMPLE_SLVT_SS_nldm_201020       0 
NAND2xp33_ASAP7_75t_SL            23     21.462      369.056    asap7sc7p5t_SIMPLE_SLVT_SS_nldm_201020       0 
NAND2xp5_ASAP7_75t_L              89     83.048      357.918    asap7sc7p5t_SIMPLE_LVT_SS_nldm_201020        0 
NAND2xp5_ASAP7_75t_SL           1322   1233.585    33562.253    asap7sc7p5t_SIMPLE_SLVT_SS_nldm_201020       0 
NAND3x1_ASAP7_75t_SL               5     12.830      191.486    asap7sc7p5t_SIMPLE_SLVT_SS_nldm_201020       0 
NAND3xp33_ASAP7_75t_SL            42     48.989      972.960    asap7sc7p5t_SIMPLE_SLVT_SS_nldm_201020       0 
NAND4xp25_ASAP7_75t_SL            14     19.596      466.451    asap7sc7p5t_SIMPLE_SLVT_SS_nldm_201020       0 
NAND4xp75_ASAP7_75t_SL            15     48.989      909.699    asap7sc7p5t_SIMPLE_SLVT_SS_nldm_201020       0 
NAND5xp2_ASAP7_75t_SL              3      4.899       18.769    asap7sc7p5t_SIMPLE_SLVT_SS_nldm_201020       0 
NOR2x1_ASAP7_75t_L                26     36.392      235.871    asap7sc7p5t_SIMPLE_LVT_SS_nldm_201020        0 
NOR2x1_ASAP7_75t_SL               87    121.772     4811.458    asap7sc7p5t_SIMPLE_SLVT_SS_nldm_201020       0 
NOR2x1p5_ASAP7_75t_L               2      3.732       26.929    asap7sc7p5t_SIMPLE_LVT_SS_nldm_201020        0 
NOR2x1p5_ASAP7_75t_R               1      1.866        1.992    asap7sc7p5t_SIMPLE_RVT_SS_nldm_201020        0 
NOR2x1p5_ASAP7_75t_SL             10     18.662      593.709    asap7sc7p5t_SIMPLE_SLVT_SS_nldm_201020       0 
NOR2xp33_ASAP7_75t_L             111    103.576      324.242    asap7sc7p5t_SIMPLE_LVT_SS_nldm_201020        0 
NOR2xp33_ASAP7_75t_SL           1218   1136.540    22572.299    asap7sc7p5t_SIMPLE_SLVT_SS_nldm_201020       0 
NOR2xp67_ASAP7_75t_L               2      2.799       10.988    asap7sc7p5t_SIMPLE_LVT_SS_nldm_201020        0 
NOR2xp67_ASAP7_75t_SL              5      6.998      193.040    asap7sc7p5t_SIMPLE_SLVT_SS_nldm_201020       0 
NOR3x1_ASAP7_75t_SL                4     10.264      298.633    asap7sc7p5t_SIMPLE_SLVT_SS_nldm_201020       0 
NOR3x2_ASAP7_75t_SL                1      4.666       56.817    asap7sc7p5t_SIMPLE_SLVT_SS_nldm_201020       0 
NOR3xp33_ASAP7_75t_L               1      1.166        3.597    asap7sc7p5t_SIMPLE_LVT_SS_nldm_201020        0 
NOR3xp33_ASAP7_75t_SL             94    109.642     2732.927    asap7sc7p5t_SIMPLE_SLVT_SS_nldm_201020       0 
NOR4xp25_ASAP7_75t_SL              8     11.197      182.934    asap7sc7p5t_SIMPLE_SLVT_SS_nldm_201020       0 
NOR4xp75_ASAP7_75t_SL              8     26.127      571.078    asap7sc7p5t_SIMPLE_SLVT_SS_nldm_201020       0 
NOR5xp2_ASAP7_75t_SL              57     93.079     2085.034    asap7sc7p5t_SIMPLE_SLVT_SS_nldm_201020       0 
O2A1O1Ixp33_ASAP7_75t_SL          57     79.782     2213.154    asap7sc7p5t_OA_SLVT_SS_nldm_201020           0 
O2A1O1Ixp5_ASAP7_75t_SL            4      7.465      199.787    asap7sc7p5t_OA_SLVT_SS_nldm_201020           0 
OA211x2_ASAP7_75t_SL               2      3.732      192.247    asap7sc7p5t_OA_SLVT_SS_nldm_201020           0 
OA21x2_ASAP7_75t_SL              112    182.892    12558.755    asap7sc7p5t_OA_SLVT_SS_nldm_201020           0 
OA222x2_ASAP7_75t_SL              81    226.748    10075.978    asap7sc7p5t_OA_SLVT_SS_nldm_201020           0 
OA22x2_ASAP7_75t_SL              119    277.603    12642.045    asap7sc7p5t_OA_SLVT_SS_nldm_201020           0 
OA331x1_ASAP7_75t_SL               2      4.666      214.125    asap7sc7p5t_OA_SLVT_SS_nldm_201020           0 
OAI211xp5_ASAP7_75t_L              2      2.799       13.359    asap7sc7p5t_OA_LVT_SS_nldm_201020            0 
OAI211xp5_ASAP7_75t_SL           111    155.364     4706.305    asap7sc7p5t_OA_SLVT_SS_nldm_201020           0 
OAI21xp33_ASAP7_75t_SL             5      5.832      149.863    asap7sc7p5t_OA_SLVT_SS_nldm_201020           0 
OAI21xp5_ASAP7_75t_L               3      3.499       23.023    asap7sc7p5t_OA_LVT_SS_nldm_201020            0 
OAI21xp5_ASAP7_75t_SL           1363   1589.803    66484.900    asap7sc7p5t_OA_SLVT_SS_nldm_201020           0 
OAI222xp33_ASAP7_75t_SL           42     97.978     2789.734    asap7sc7p5t_OA_SLVT_SS_nldm_201020           0 
OAI22x1_ASAP7_75t_SL              47    109.642     5122.416    asap7sc7p5t_OA_SLVT_SS_nldm_201020           0 
OAI22xp33_ASAP7_75t_SL             3      4.199      105.821    asap7sc7p5t_OA_SLVT_SS_nldm_201020           0 
OAI22xp5_ASAP7_75t_L              39     54.588      324.865    asap7sc7p5t_OA_LVT_SS_nldm_201020            0 
OAI22xp5_ASAP7_75t_SL            794   1111.346    40531.177    asap7sc7p5t_OA_SLVT_SS_nldm_201020           0 
OAI311xp33_ASAP7_75t_SL           10     16.330      398.219    asap7sc7p5t_OA_SLVT_SS_nldm_201020           0 
OAI321xp33_ASAP7_75t_SL           26     48.522     1217.175    asap7sc7p5t_OA_SLVT_SS_nldm_201020           0 
OR2x2_ASAP7_75t_L                  5      6.998       73.294    asap7sc7p5t_SIMPLE_LVT_SS_nldm_201020        0 
OR2x2_ASAP7_75t_SL               253    354.119    21003.417    asap7sc7p5t_SIMPLE_SLVT_SS_nldm_201020       0 
OR2x2_ASAP7_75t_SRAM               2      2.799        0.743    asap7sc7p5t_SIMPLE_SRAM_SS_nldm_201020       0 
OR3x1_ASAP7_75t_L                  1      1.400       10.606    asap7sc7p5t_SIMPLE_LVT_SS_nldm_201020        0 
OR3x1_ASAP7_75t_SL                39     54.588     2311.596    asap7sc7p5t_SIMPLE_SLVT_SS_nldm_201020       0 
OR3x2_ASAP7_75t_SL                 1      1.633       79.854    asap7sc7p5t_SIMPLE_SLVT_SS_nldm_201020       0 
OR4x1_ASAP7_75t_SL                34     55.521     2112.055    asap7sc7p5t_SIMPLE_SLVT_SS_nldm_201020       0 
OR5x1_ASAP7_75t_SL                24     44.790      963.804    asap7sc7p5t_SIMPLE_SLVT_SS_nldm_201020       0 
TIEHIx1_ASAP7_75t_SL              42     29.393        0.083    asap7sc7p5t_SIMPLE_SLVT_SS_nldm_201020       0 
TIELOx1_ASAP7_75t_SL            1209    846.107        3.561    asap7sc7p5t_SIMPLE_SLVT_SS_nldm_201020       0 
XNOR2x2_ASAP7_75t_L                1      2.566       23.215    asap7sc7p5t_SIMPLE_LVT_SS_nldm_201020        0 
XNOR2x2_ASAP7_75t_SL              94    241.212    13151.952    asap7sc7p5t_SIMPLE_SLVT_SS_nldm_201020       0 
XNOR2xp5_ASAP7_75t_L              24     50.388      303.448    asap7sc7p5t_SIMPLE_LVT_SS_nldm_201020        0 
XNOR2xp5_ASAP7_75t_SL           2146   4505.570   172027.575    asap7sc7p5t_SIMPLE_SLVT_SS_nldm_201020       0 
XOR2x1_ASAP7_75t_SL                6     16.796      836.742    asap7sc7p5t_SIMPLE_SLVT_SS_nldm_201020       0 
XOR2xp5_ASAP7_75t_L                2      4.199       23.858    asap7sc7p5t_SIMPLE_LVT_SS_nldm_201020        0 
XOR2xp5_ASAP7_75t_SL            2237   4696.626   179114.894    asap7sc7p5t_SIMPLE_SLVT_SS_nldm_201020       0 
XOR2xp5_ASAP7_75t_SRAM             1      2.100        0.393    asap7sc7p5t_SIMPLE_SRAM_SS_nldm_201020       0 
---------------------------------------------------------------------------------------------------------------
total                          22305  37711.112  1390061.213                                           


                                                                         Leakage  Leakage 
                Library                Instances Instances %    Area   Power (nW) Power % 
------------------------------------------------------------------------------------------
asap7sc7p5t_AO_LVT_SS_nldm_201020             95         0.4   140.201    706.596     0.1 
asap7sc7p5t_AO_SLVT_SS_nldm_201020          3031        13.6  4897.247 149657.510    10.8 
asap7sc7p5t_INVBUF_LVT_SS_nldm_201020        183         0.8   151.865   1128.824     0.1 
asap7sc7p5t_INVBUF_SLVT_SS_nldm_201020      3356        15.0  3313.976 214587.654    15.4 
asap7sc7p5t_INVBUF_SRAM_SS_nldm_201020        68         0.3    53.888      5.725     0.0 
asap7sc7p5t_OA_LVT_SS_nldm_201020             44         0.2    60.886    361.247     0.0 
asap7sc7p5t_OA_SLVT_SS_nldm_201020          2778        12.5  3921.903 159601.700    11.5 
asap7sc7p5t_SEQ_SLVT_SS_nldm_201020         1179         5.3  7150.965 211648.922    15.2 
asap7sc7p5t_SIMPLE_LVT_SS_nldm_201020        284         1.3   329.858   1657.424     0.1 
asap7sc7p5t_SIMPLE_RVT_SS_nldm_201020          3         0.0     4.666      6.485     0.0 
asap7sc7p5t_SIMPLE_SLVT_SS_nldm_201020     11281        50.6 17680.758 650697.989    46.8 
asap7sc7p5t_SIMPLE_SRAM_SS_nldm_201020         3         0.0     4.899      1.136     0.0 

                                            Leakage   Leakage 
     Type      Instances    Area   Area %  Power (nW) Power % 
--------------------------------------------------------------
sequential          1179  7150.965   19.0  211648.922    15.2 
inverter            3226  2343.298    6.2   90099.819     6.5 
buffer               381  1176.431    3.1  125622.384     9.0 
logic              17519 27040.418   71.7  962690.088    69.3 
physical_cells         0     0.000    0.0       0.000     0.0 
--------------------------------------------------------------
total              22305 37711.112  100.0 1390061.213   100.0 

