

Working Directory = /home/msmekhem/research/repositories/fpga-mxfp/aitb_asic/asic/fixed8_mxfp_aitb_comp_04_03_12_01_obj-dir/syn-rundir
QoS Summary for fixed8_mxfp_aitb_comp_wrapper
================================================================================
Metric                          final          
================================================================================
Slack (ps):                         3
  R2R (ps):                         3
  I2R (ps):                  no_value
  R2O (ps):                  no_value
  I2O (ps):                  no_value
  CG  (ps):                  no_value
TNS (ps):                           0
  R2R (ps):                         0
  I2R (ps):                  no_value
  R2O (ps):                  no_value
  I2O (ps):                  no_value
  CG  (ps):                  no_value
Failing Paths:                      0
Cell Area:                     37,711
Total Cell Area:               37,711
Leaf Instances:                22,305
Total Instances:               22,305
Utilization (%):                 0.00
Tot. Net Length (um):        no_value
Avg. Net Length (um):        no_value
Route Overflow H (%):        no_value
Route Overflow V (%):        no_value
MBCI(%) (bits/gate) :            0.00
Norm Cong Hotspot Area:
  Max Cong:                  no_value
  Tot Cong:                  no_value
================================================================================
CPU  Runtime (h:m:s):        00:07:24
Real Runtime (h:m:s):        00:05:20
CPU  Elapsed (h:m:s):        00:07:27
Real Elapsed (h:m:s):        00:05:21
Memory (MB):                  2029.44
================================================================================
================================================================================
Flow Settings:
================================================================================
Total Runtime (h:m:s): 00:05:20
Total Memory (MB):     2029.44
Executable Version:    21.17-s066_1
================================================================================
Total Cell Area =  Cell Area + Physical Cell Area
Total Instances =  Leaf Instances + Physical Instances


