============================================================
  Generated by:           Genus(TM) Synthesis Solution 21.17-s066_1
  Generated on:           Apr 02 2026  11:30:13 pm
  Module:                 nofp8_mxfp_aitb_comp_top
  Library domain:         PVT_0P63V_100C.setup_cond
    Domain index:         0
    Technology libraries: asap7sc7p5t_SIMPLE_RVT_SS_nldm_201020 1.0
                          asap7sc7p5t_SIMPLE_LVT_SS_nldm_201020 1.0
                          asap7sc7p5t_SIMPLE_SLVT_SS_nldm_201020 1.0
                          asap7sc7p5t_SIMPLE_SRAM_SS_nldm_201020 1.0
                          asap7sc7p5t_AO_RVT_SS_nldm_201020 1.0
                          asap7sc7p5t_AO_LVT_SS_nldm_201020 1.0
                          asap7sc7p5t_AO_SLVT_SS_nldm_201020 1.0
                          asap7sc7p5t_AO_SRAM_SS_nldm_201020 1.0
                          asap7sc7p5t_OA_RVT_SS_nldm_201020 1.0
                          asap7sc7p5t_OA_LVT_SS_nldm_201020 1.0
                          asap7sc7p5t_OA_SLVT_SS_nldm_201020 1.0
                          asap7sc7p5t_OA_SRAM_SS_nldm_201020 1.0
                          asap7sc7p5t_SEQ_RVT_SS_nldm_201020 1.0
                          asap7sc7p5t_SEQ_LVT_SS_nldm_201020 1.0
                          asap7sc7p5t_SEQ_SLVT_SS_nldm_201020 1.0
                          asap7sc7p5t_SEQ_SRAM_SS_nldm_201020 1.0
                          asap7sc7p5t_INVBUF_RVT_SS_nldm_201020 1.0
                          asap7sc7p5t_INVBUF_LVT_SS_nldm_201020 1.0
                          asap7sc7p5t_INVBUF_SLVT_SS_nldm_201020 1.0
                          asap7sc7p5t_INVBUF_SRAM_SS_nldm_201020 1.0
  Operating conditions:   PVT_0P63V_100C 
  Interconnect mode:      global
  Area mode:              physical library
============================================================

                             Instance                                     Module         Cell Count  Cell Area  Net Area   Combinational    Buffer   Inverter     Flop    Latch   Clock-Gate   Memory   Macro   Total Area 
---------------------------------------------------------------------------------------------------------------------------------------------------------------------------------------------------------------------------
nofp8_mxfp_aitb_comp_top                                                                      20056  33607.716 15046.939       23425.978  1475.729   2197.964  6508.045   0.000        0.000    0.000   0.000    48654.655 
  u_nofp8_mxfp_comp_dot_fixed_col1_ADD_TC_CI_OP_2                 add_signed_carry_7202          43     51.555    17.648          48.756     0.000      2.799     0.000   0.000        0.000    0.000   0.000       69.203 
  u_nofp8_mxfp_comp_dot_fixed_col2_ADD_TC_CI_OP_Y_ADD_TC_CI_OP_71 add_signed_carry_6473         152    182.892    87.180         162.829     0.000     20.062     0.000   0.000        0.000    0.000   0.000      270.072 
