Command: report datapath -all > datapath.map.rpt
============================================================
  Generated by:           Genus(TM) Synthesis Solution 21.17-s066_1
  Generated on:           Apr 02 2026  11:28:31 pm
  Module:                 nofp8_mxfp_aitb_comp_top
  Library domain:         PVT_0P63V_100C.setup_cond
    Domain index:         0
    Technology libraries: asap7sc7p5t_SIMPLE_RVT_SS_nldm_201020 1.0
                          asap7sc7p5t_SIMPLE_LVT_SS_nldm_201020 1.0
                          asap7sc7p5t_SIMPLE_SLVT_SS_nldm_201020 1.0
                          asap7sc7p5t_SIMPLE_SRAM_SS_nldm_201020 1.0
                          asap7sc7p5t_AO_RVT_SS_nldm_201020 1.0
                          asap7sc7p5t_AO_LVT_SS_nldm_201020 1.0
                          asap7sc7p5t_AO_SLVT_SS_nldm_201020 1.0
                          asap7sc7p5t_AO_SRAM_SS_nldm_201020 1.0
                          asap7sc7p5t_OA_RVT_SS_nldm_201020 1.0
                          asap7sc7p5t_OA_LVT_SS_nldm_201020 1.0
                          asap7sc7p5t_OA_SLVT_SS_nldm_201020 1.0
                          asap7sc7p5t_OA_SRAM_SS_nldm_201020 1.0
                          asap7sc7p5t_SEQ_RVT_SS_nldm_201020 1.0
                          asap7sc7p5t_SEQ_LVT_SS_nldm_201020 1.0
                          asap7sc7p5t_SEQ_SLVT_SS_nldm_201020 1.0
                          asap7sc7p5t_SEQ_SRAM_SS_nldm_201020 1.0
                          asap7sc7p5t_INVBUF_RVT_SS_nldm_201020 1.0
                          asap7sc7p5t_INVBUF_LVT_SS_nldm_201020 1.0
                          asap7sc7p5t_INVBUF_SLVT_SS_nldm_201020 1.0
                          asap7sc7p5t_INVBUF_SRAM_SS_nldm_201020 1.0
  Operating conditions:   PVT_0P63V_100C 
  Interconnect mode:      global
  Area mode:              physical library
============================================================


Inferred components

                       Operator   Signedness   Inputs   Outputs CellArea 
=========================================================================
nofp8_mxfp_aitb_comp_top
 addinc_FP32_ALU_col1_fracAdder_add_113_18
  
  module:add_unsigned_carry_1719
   very_fast              +       unsigned   26x27x1    27        409.15 
  equation:
  assign Z = A+B+CI;
-------------------------------------------------------------------------
   add_113_18             +       unsigned   27x1       27               
   add_113_14             +       unsigned   27x27      27               
=========================================================================
nofp8_mxfp_aitb_comp_top
 addinc_FP32_ALU_col2_fracAdder_add_113_18
  
  module:add_unsigned_carry_1719_1701
   very_fast              +       unsigned   26x27x1    27        409.15 
  equation:
  assign Z = A+B+CI;
-------------------------------------------------------------------------
   FP32_ALU_col2_fracAdder_add_113_18
                          +       unsigned   27x1       27               
   FP32_ALU_col2_fracAdder_add_113_14
                          +       unsigned   26x27      27               
=========================================================================
nofp8_mxfp_aitb_comp_top
 u_fix2fp32_col1_WALLACE_CSA_DUMMY_OP_groupi
  
  module:WALLACE_CSA_DUMMY_OP_group_47937
   very_fast        csa_and_adder            5x8x8x8    10        264.10 
  equation:
  assign out_0 = ((($signed({1'b0,in_2}) + $signed({1'b0,in_3})) + $signed(in_1)) - $signed({1'b0,in_0}));
-------------------------------------------------------------------------
=========================================================================
nofp8_mxfp_aitb_comp_top
 u_fix2fp32_col2_WALLACE_CSA_DUMMY_OP_groupi
  
  module:WALLACE_CSA_DUMMY_OP_group_47937_1
   very_fast        csa_and_adder            5x8x8x8    10        264.10 
  equation:
  assign out_0 = ((($signed({1'b0,in_2}) + $signed({1'b0,in_3})) + $signed(in_1)) - $signed({1'b0,in_0}));
-------------------------------------------------------------------------
=========================================================================
nofp8_mxfp_aitb_comp_top
 u_nofp8_mxfp_comp_dot_fixed_col1
  ADD_TC_CI_OP
   
   module:add_signed_carry_7241
    very_fast             +       signed     23x23x1    23        279.15 
=========================================================================
nofp8_mxfp_aitb_comp_top
 u_nofp8_mxfp_comp_dot_fixed_col1
  ADD_TC_CI_OP_2
   
   module:add_signed_carry_7202
    very_fast             +       signed     11x11x1    12         78.00 
=========================================================================
nofp8_mxfp_aitb_comp_top
 u_nofp8_mxfp_comp_dot_fixed_col1
  WALLACE_CSA_DUMMY_OP_groupi
   
   module:WALLACE_CSA_DUMMY_OP_group_12150
    very_fast       csa_and_adder            13x11x1x11 12        645.89 
                                             x9x9x9x9                    
   equation:
   assign out_0 = ((($signed(in_4) + $signed(in_5)) + ($signed(in_6) + $signed(in_7))) + (($signed({1'b0,in_2}) + ($signed(in_1) + $signed(in_3))) - $signed(in_0)));
-------------------------------------------------------------------------
=========================================================================
nofp8_mxfp_aitb_comp_top
 u_nofp8_mxfp_comp_dot_fixed_col1
  csa_tree_u_naive_reduction_add_39_40
   
   module:csa_tree_6284
                       wallace               19x19x19x1 23x23x1  2534.28 
                                             9x19x19x19                  
                                             x19x19x19x                  
                                             19x19                       
   equation:
   assign out_0 = ((((((((((($signed(in_10) + $signed(in_11)) + $signed(in_9)) + $signed(in_8)) + $signed(in_7)) + $signed(in_6)) + $signed(in_5)) + $signed(in_4)) + $signed(in_3)) + $signed(in_2)) + $signed(in_1)) + $signed(in_0)); assign out_1 = 23'b0; assign out_2 = 1'b0;
-------------------------------------------------------------------------
    add_39_40             +       signed     23x19      23               
    add_39_24             +       signed     23x19      23               
    add_39_9              +       signed     23x19      23               
    add_38_39             +       signed     23x19      23               
    add_38_24             +       signed     23x19      23               
    add_38_9              +       signed     23x19      23               
    add_37_39             +       signed     23x19      23               
    add_37_24             +       signed     22x19      23               
    add_37_9              +       signed     21x19      22               
    add_36_46             +       signed     20x19      21               
    add_36_31             +       signed     19x19      20               
=========================================================================
nofp8_mxfp_aitb_comp_top
 u_nofp8_mxfp_comp_dot_fixed_col1
  final_adder_u_naive_reduction_add_39_40
   
   module:add_signed_carry_7241_1774
    very_fast             +       signed     23x23x1    23        140.95 
=========================================================================
nofp8_mxfp_aitb_comp_top
 u_nofp8_mxfp_comp_dot_fixed_col1
  inst_mxfp6_mult[0].genblk1.u_mxfp_mult_comp_shift_mxfp6_u_mxfp_multiply_comp_mul_61_26
   
   module:mult_signed
    very_fast/non_booth
                          *       signed     8x8        16        758.78 
=========================================================================
nofp8_mxfp_aitb_comp_top
 u_nofp8_mxfp_comp_dot_fixed_col1
  inst_mxfp6_mult[1].genblk1.u_mxfp_mult_comp_shift_mxfp6_u_mxfp_multiply_comp_mul_61_26
   
   module:mult_signed_1863
    very_fast/non_booth
                          *       signed     8x8        16        758.78 
=========================================================================
nofp8_mxfp_aitb_comp_top
 u_nofp8_mxfp_comp_dot_fixed_col1
  inst_mxfp6_mult[2].genblk1.u_mxfp_mult_comp_shift_mxfp6_u_mxfp_multiply_comp_mul_61_26
   
   module:mult_signed
    very_fast/non_booth
                          *       signed     8x8        16        758.78 
=========================================================================
nofp8_mxfp_aitb_comp_top
 u_nofp8_mxfp_comp_dot_fixed_col1
  inst_mxfp6_mult[3].genblk1.u_mxfp_mult_comp_shift_mxfp6_u_mxfp_multiply_comp_mul_61_10
   
   module:mult_signed
    very_fast/non_booth
                          *       signed     8x8        16        758.78 
=========================================================================
nofp8_mxfp_aitb_comp_top
 u_nofp8_mxfp_comp_dot_fixed_col1
  inst_mxfp6_mult[4].genblk1.u_mxfp_mult_comp_shift_mxfp6_u_mxfp_multiply_comp_mul_61_16
   
   module:mult_signed_1863
    very_fast/non_booth
                          *       signed     8x8        16        758.78 
=========================================================================
nofp8_mxfp_aitb_comp_top
 u_nofp8_mxfp_comp_dot_fixed_col1
  inst_mxfp6_mult[5].genblk1.u_mxfp_mult_comp_shift_mxfp6_u_mxfp_multiply_comp_mul_61_22
   
   module:mult_signed
    very_fast/non_booth
                          *       signed     8x8        16        758.78 
=========================================================================
nofp8_mxfp_aitb_comp_top
 u_nofp8_mxfp_comp_dot_fixed_col1
  inst_mxfp6_mult[6].genblk1.u_mxfp_mult_comp_shift_mxfp6_u_mxfp_multiply_comp_mul_61_28
   
   module:mult_signed
    very_fast/non_booth
                          *       signed     8x8        16        758.78 
=========================================================================
nofp8_mxfp_aitb_comp_top
 u_nofp8_mxfp_comp_dot_fixed_col1
  inst_mxfp6_mult[7].genblk1.u_mxfp_mult_comp_shift_mxfp6_u_mxfp_multiply_comp_mul_61_35
   
   module:mult_signed
    very_fast/non_booth
                          *       signed     8x8        16        758.78 
=========================================================================
nofp8_mxfp_aitb_comp_top
 u_nofp8_mxfp_comp_dot_fixed_col1
  inst_mxfp6_mult[8].genblk1.u_mxfp_mult_comp_shift_mxfp6_u_mxfp_multiply_comp_mul_61_26
   
   module:mult_signed
    very_fast/non_booth
                          *       signed     8x8        16        758.78 
=========================================================================
nofp8_mxfp_aitb_comp_top
 u_nofp8_mxfp_comp_dot_fixed_col1
  inst_mxfp6_mult[9].genblk1.u_mxfp_mult_comp_shift_mxfp6_u_mxfp_multiply_comp_mul_61_26
   
   module:mult_signed
    very_fast/non_booth
                          *       signed     8x8        16        758.78 
=========================================================================
nofp8_mxfp_aitb_comp_top
 u_nofp8_mxfp_comp_dot_fixed_col2
  ADD_TC_CI_OP_Y_ADD_TC_CI_OP_71
   
   module:add_signed_carry_6473
    very_fast             +       signed     23x23x1    23        276.42 
   equation:
   assign Z = $signed(A)+$signed(B)+$signed({1'b0,CI});
-------------------------------------------------------------------------
    ADD_TC_CI_OP          +       signed     23x23x1    23               
    ADD_TC_CI_OP_71       +       signed     11x11x1    12               
=========================================================================
nofp8_mxfp_aitb_comp_top
 u_nofp8_mxfp_comp_dot_fixed_col2
  WALLACE_CSA_DUMMY_OP691
   
   module:csa_tree_7203
                       wallace               13x11x1x11 12x12x1   489.20 
                                             x9x9x9x9                    
   equation:
   assign out_0 = ((($signed(in_4) + $signed(in_5)) + ($signed(in_6) + $signed(in_7))) + (($signed({1'b0,in_2}) + ($signed(in_1) + $signed(in_3))) - $signed(in_0))); assign out_1 = 12'b0; assign out_2 = 1'b0;
-------------------------------------------------------------------------
=========================================================================
nofp8_mxfp_aitb_comp_top
 u_nofp8_mxfp_comp_dot_fixed_col2
  csa_tree_u_naive_reduction_add_39_692
   
   module:csa_tree_6284_1775
                       wallace               19x19x19x1 23x23x1  2535.65 
                                             9x19x19x19                  
                                             x19x19x19x                  
                                             19x19                       
   equation:
   assign out_0 = ((((((((((($signed(in_10) + $signed(in_11)) + $signed(in_9)) + $signed(in_8)) + $signed(in_7)) + $signed(in_6)) + $signed(in_5)) + $signed(in_4)) + $signed(in_3)) + $signed(in_2)) + $signed(in_1)) + $signed(in_0)); assign out_1 = 23'b0; assign out_2 = 1'b0;
-------------------------------------------------------------------------
    u_naive_reduction_add_39_40
                          +       signed     23x19      23               
    u_naive_reduction_add_39_24
                          +       signed     23x19      23               
    u_naive_reduction_add_39_9
                          +       signed     23x19      23               
    u_naive_reduction_add_38_39
                          +       signed     23x19      23               
    u_naive_reduction_add_38_24
                          +       signed     23x19      23               
    u_naive_reduction_add_38_9
                          +       signed     23x19      23               
    u_naive_reduction_add_37_39
                          +       signed     23x19      23               
    u_naive_reduction_add_37_24
                          +       signed     22x19      23               
    u_naive_reduction_add_37_9
                          +       signed     21x19      22               
    u_naive_reduction_add_36_46
                          +       signed     20x19      21               
    u_naive_reduction_add_36_31
                          +       signed     19x19      20               
=========================================================================
nofp8_mxfp_aitb_comp_top
 u_nofp8_mxfp_comp_dot_fixed_col2
  final_adder_u_naive_reduction_add_49_39_Y_final_adder_u_naive_reduction_add_39_40
   
   module:add_signed_carry_6473_1932
    very_fast             +       signed     23x23x1    23        157.37 
   equation:
   assign Z = $signed(A)+$signed(B)+$signed({1'b0,CI});
-------------------------------------------------------------------------
    final_adder_u_naive_reduction_add_49_39
                          +       signed     12x12x1    12               
    final_adder_u_naive_reduction_add_39_40
                          +       signed     23x23x1    23               
=========================================================================
nofp8_mxfp_aitb_comp_top
 u_nofp8_mxfp_comp_dot_fixed_col2
  inst_mxfp6_mult[0].genblk1.u_mxfp_mult_comp_shift_mxfp6_u_mxfp_multiply_comp_mul_61_26
   
   module:mult_signed_1850
    very_fast/non_booth
                          *       signed     8x8        16        754.67 
=========================================================================
nofp8_mxfp_aitb_comp_top
 u_nofp8_mxfp_comp_dot_fixed_col2
  inst_mxfp6_mult[1].genblk1.u_mxfp_mult_comp_shift_mxfp6_u_mxfp_multiply_comp_mul_61_682
   
   module:mult_signed_1854
    very_fast/non_booth
                          *       signed     8x8        16        754.67 
=========================================================================
nofp8_mxfp_aitb_comp_top
 u_nofp8_mxfp_comp_dot_fixed_col2
  inst_mxfp6_mult[2].genblk1.u_mxfp_mult_comp_shift_mxfp6_u_mxfp_multiply_comp_mul_61_725
   
   module:mult_signed_1854
    very_fast/non_booth
                          *       signed     8x8        16        754.67 
=========================================================================
nofp8_mxfp_aitb_comp_top
 u_nofp8_mxfp_comp_dot_fixed_col2
  inst_mxfp6_mult[3].genblk1.u_mxfp_mult_comp_shift_mxfp6_u_mxfp_multiply_comp_mul_61_10
   
   module:mult_signed_1850
    very_fast/non_booth
                          *       signed     8x8        16        754.67 
=========================================================================
nofp8_mxfp_aitb_comp_top
 u_nofp8_mxfp_comp_dot_fixed_col2
  inst_mxfp6_mult[4].genblk1.u_mxfp_mult_comp_shift_mxfp6_u_mxfp_multiply_comp_mul_61_676
   
   module:mult_signed_1854
    very_fast/non_booth
                          *       signed     8x8        16        754.67 
=========================================================================
nofp8_mxfp_aitb_comp_top
 u_nofp8_mxfp_comp_dot_fixed_col2
  inst_mxfp6_mult[5].genblk1.u_mxfp_mult_comp_shift_mxfp6_u_mxfp_multiply_comp_mul_61_719
   
   module:mult_signed_1854
    very_fast/non_booth
                          *       signed     8x8        16        754.67 
=========================================================================
nofp8_mxfp_aitb_comp_top
 u_nofp8_mxfp_comp_dot_fixed_col2
  inst_mxfp6_mult[6].genblk1.u_mxfp_mult_comp_shift_mxfp6_u_mxfp_multiply_comp_mul_61_707
   
   module:mult_signed_1854
    very_fast/non_booth
                          *       signed     8x8        16        754.67 
=========================================================================
nofp8_mxfp_aitb_comp_top
 u_nofp8_mxfp_comp_dot_fixed_col2
  inst_mxfp6_mult[7].genblk1.u_mxfp_mult_comp_shift_mxfp6_u_mxfp_multiply_comp_mul_61_713
   
   module:mult_signed_1854
    very_fast/non_booth
                          *       signed     8x8        16        754.67 
=========================================================================
nofp8_mxfp_aitb_comp_top
 u_nofp8_mxfp_comp_dot_fixed_col2
  inst_mxfp6_mult[8].genblk1.u_mxfp_mult_comp_shift_mxfp6_u_mxfp_multiply_comp_mul_61_26
   
   module:mult_signed_1850
    very_fast/non_booth
                          *       signed     8x8        16        754.67 
=========================================================================
nofp8_mxfp_aitb_comp_top
 u_nofp8_mxfp_comp_dot_fixed_col2
  inst_mxfp6_mult[9].genblk1.u_mxfp_mult_comp_shift_mxfp6_u_mxfp_multiply_comp_mul_61_26
   
   module:mult_signed_1850
    very_fast/non_booth
                          *       signed     8x8        16        754.67 
=========================================================================

      Type       CellArea Percentage 
-------------------------------------
datapath modules 23617.94      49.25 
external muxes       0.00       0.00 
others           24339.77      50.75 
-------------------------------------
total            47957.71     100.00 

