###############################################################
#  Generated by:      Cadence Innovus 21.17-s075_1
#  OS:                Linux x86_64(Host ID KingsLanding)
#  Generated on:      Fri Apr  3 00:24:53 2026
#  Design:            nofp8_mxfp_aitb_comp_top
#  Command:           report_timing > timing.rpt
###############################################################
Path 1: VIOLATED (-75.717 ps) Setup Check with Pin PIPE_OUT_col2_stage_reg_reg[0][6]/CLK->D
               View: PVT_0P63V_100C.setup_view
              Group: clk
         Startpoint: (R) acc_en
              Clock:
           Endpoint: (R) PIPE_OUT_col2_stage_reg_reg[0][6]/D
              Clock: (R) clk

                        Capture       Launch
         Clock Edge:+  2000.000        0.000
        Src Latency:+   -88.940        0.000
        Net Latency:+    90.500 (P)    0.000 (I)
            Arrival:=  2001.560        0.000

              Setup:-     7.277
        Uncertainty:-   100.000
        Cppr Adjust:+     0.000
      Required Time:=  1894.283
       Launch Clock:=     0.000
          Data Path:+  1970.000
              Slack:=   -75.717

#---------------------------------------------------------------------------------------------------------------------------------------------
# Timing Point                                             Flags  Arc     Edge  Cell                       Fanout    Trans    Delay    Arrival  
#                                                                                                                     (ps)     (ps)       (ps)  
#---------------------------------------------------------------------------------------------------------------------------------------------
  acc_en                                                   -      acc_en  R     (arrival)                       2    4.000    0.200      0.200  
  FE_OFC314_acc_en/Y                                       -      A->Y    F     INVx1_ASAP7_75t_SL              1    4.000    6.400      6.600  
  g47734/Y                                                 -      A->Y    F     AND2x6_ASAP7_75t_SL            52    9.400   65.100     71.700  
  FE_OCPC445_n_1861/Y                                      -      A->Y    F     BUFx2_ASAP7_75t_SL              5   86.800   36.100    107.800  
  g47501/Y                                                 -      A->Y    F     AND2x2_ASAP7_75t_SL             1   20.700   21.900    129.700  
  g47363/Y                                                 -      B->Y    R     AOI21xp5_ASAP7_75t_SL           6   10.700   65.600    195.300  
  g47021/Y                                                 -      B->Y    F     NAND2xp5_ASAP7_75t_L            3  142.700   40.700    236.000  
  g46830/Y                                                 -      A1->Y   R     OAI21xp5_ASAP7_75t_SL           1   63.400   24.200    260.200  
  g46652/Y                                                 -      A2->Y   F     AOI211x1_ASAP7_75t_SL           1   44.200   22.800    283.000  
  g46616__7410/Y                                           -      B->Y    F     OA21x2_ASAP7_75t_SL             2   36.200   22.200    305.200  
  g46572__4733/Y                                           -      B->Y    F     OA21x2_ASAP7_75t_SL            30   13.500   53.200    358.400  
  g46503__1881/Y                                           -      B2->Y   F     OA22x2_ASAP7_75t_SL             2   84.300   43.400    401.800  
  g46338__2883/Y                                           -      B->Y    R     NAND4xp75_ASAP7_75t_SL          1   21.700   13.200    415.000  
  g46312__8428/Y                                           -      A->Y    F     NOR2x1_ASAP7_75t_SL             4   34.100   28.800    443.800  
  g46304__6417/Y                                           -      B->Y    R     NAND2x1p5_ASAP7_75t_SL          4   45.400   27.500    471.300  
  g46300/Y                                                 -      A->Y    F     INVx2_ASAP7_75t_SL              3   41.000   14.200    485.500  
  g46287__7482/Y                                           -      B->Y    R     NAND2x1_ASAP7_75t_SL            3   23.100   17.300    502.800  
  g46211__6783/Y                                           -      B->Y    R     OR2x2_ASAP7_75t_SL              1   26.500   20.900    523.700  
  g46204__5477/Y                                           -      B->Y    R     AND2x4_ASAP7_75t_SL            21   12.200   38.400    562.100  
  g46186/Y                                                 -      A->Y    F     INVx6_ASAP7_75t_SL             23   55.200   20.300    582.400  
  g46114__6783/Y                                           -      A2->Y   R     AOI22xp5_ASAP7_75t_SL           1   38.500   20.300    602.700  
  g46055__6417/Y                                           -      B->Y    F     NAND2xp5_ASAP7_75t_L            2   50.300   24.200    626.900  
  g46041/Y                                                 -      A->Y    R     INVxp67_ASAP7_75t_SL            1   34.000   14.500    641.400  
  g45992__6783/Y                                           -      A2->Y   F     AOI22xp5_ASAP7_75t_SL           2   22.000   18.000    659.400  
  g45916__6260/Y                                           -      B2->Y   R     OAI22xp5_ASAP7_75t_SL           1   52.000   29.600    689.000  
  g45844__1666/Y                                           -      B->Y    F     XOR2xp5_ASAP7_75t_SL            2   49.000   20.100    709.100  
  addinc_FP32_ALU_col2_fracAdder_add_113_18_g1260/Y        -      B->Y    R     NOR2xp33_ASAP7_75t_SL           4   46.900   42.000    751.100  
  addinc_FP32_ALU_col2_fracAdder_add_113_18_g1207/Y        -      A->Y    F     NOR2xp33_ASAP7_75t_SL           2   82.100   33.500    784.600  
  addinc_FP32_ALU_col2_fracAdder_add_113_18_g1113/Y        -      A1->Y   R     AOI21xp5_ASAP7_75t_SL           4   52.500   38.400    823.000  
  addinc_FP32_ALU_col2_fracAdder_add_113_18_g1104/Y        -      A->Y    F     INVx1_ASAP7_75t_SL              2   71.600   13.600    836.600  
  addinc_FP32_ALU_col2_fracAdder_add_113_18_g1089/Y        -      A2->Y   R     AOI21xp5_ASAP7_75t_SL           3   28.100   27.100    863.700  
  addinc_FP32_ALU_col2_fracAdder_add_113_18_g1082/Y        -      A->Y    F     INVxp67_ASAP7_75t_SL            1   52.000   10.400    874.100  
  addinc_FP32_ALU_col2_fracAdder_add_113_18_g1044/Y        -      B->Y    R     AOI21xp5_ASAP7_75t_SL           1   20.600   19.900    894.000  
  addinc_FP32_ALU_col2_fracAdder_add_113_18_g1035/Y        -      A->Y    R     XOR2xp5_ASAP7_75t_SL            4   33.100   46.900    940.900  
  g30907__7098/Y                                           -      B->Y    F     NOR2xp33_ASAP7_75t_L            1   76.400   38.700    979.600  
  g30894__6260/Y                                           -      B->Y    F     AND5x2_ASAP7_75t_SL             4   48.800   38.400   1018.000  
  g30888__7410/Y                                           -      A2->Y   R     AOI21xp5_ASAP7_75t_SL           2   24.200   28.500   1046.500  
  g30877__7482/Y                                           -      C->Y    F     NAND4xp75_ASAP7_75t_SL          1   60.000   17.500   1064.000  
  g30876__5115/Y                                           -      B->Y    R     NOR2x1p5_ASAP7_75t_SL           5   36.500   23.800   1087.800  
  g30875/Y                                                 -      A->Y    F     INVx2_ASAP7_75t_SL              6   38.700   18.400   1106.200  
  g30864__8246/Y                                           -      A2->Y   R     OAI21xp5_ASAP7_75t_SL           1   28.200   20.600   1126.800  
  g30859__3680/Y                                           -      B->Y    F     AOI21x1_ASAP7_75t_SL            4   33.200   19.700   1146.500  
  FE_RC_20_0/Y                                             -      B->Y    R     NAND4xp75_ASAP7_75t_SL          5   48.200   25.100   1171.600  
  g30845__5477/Y                                           -      A2->Y   F     OAI21xp5_ASAP7_75t_SL           1   45.500   17.600   1189.200  
  g30841__1666/Y                                           -      B->Y    R     AOI21x1_ASAP7_75t_SL            4   31.200   22.800   1212.000  
  g30834__9315/Y                                           -      B->Y    R     AND2x2_ASAP7_75t_SL             5   37.100   30.400   1242.400  
  g30828__5115/Y                                           -      B->Y    F     NOR2x1_ASAP7_75t_SL             2   27.000   14.800   1257.200  
  g30823__5122/Y                                           -      A1->Y   R     O2A1O1Ixp33_ASAP7_75t_SL        1   34.600   20.400   1277.600  
  g30822__1705/Y                                           -      B2->Y   R     OA22x2_ASAP7_75t_SL             2   36.500   23.300   1300.900  
  g30818__1617/Y                                           -      B->Y    R     AND2x4_ASAP7_75t_SL             8   16.300   25.400   1326.300  
  g30817/Y                                                 -      A->Y    F     INVx4_ASAP7_75t_SL              5   26.300    8.400   1334.700  
  g30810__6260/Y                                           -      A2->Y   F     AO22x2_ASAP7_75t_SL             2   13.500   26.600   1361.300  
  FE_OFC262_n_3460/Y                                       -      A->Y    F     BUFx10_ASAP7_75t_SL            26   17.400   42.000   1403.300  
  FE_OFC263_n_3460/Y                                       -      A->Y    R     INVx8_ASAP7_75t_SL             26   34.400   19.700   1423.000  
  g30721__6131/Y                                           -      B2->Y   R     OA22x2_ASAP7_75t_SL             2   37.200   22.900   1445.900  
  g30640__6131/Y                                           -      A1->Y   F     OAI22xp5_ASAP7_75t_SL           2   14.700   19.500   1465.400  
  FE_RC_18_0/Y                                             -      B->Y    R     NAND2x1_ASAP7_75t_SL            3   52.200   26.000   1491.400  
  g30584__1617/Y                                           -      B->Y    F     NOR2x1_ASAP7_75t_SL             2   43.200   14.600   1506.000  
  inc_FP32_ALU_col2_roundingAdder_add_274_18_spec1_g566/Y  -      B->Y    F     AND2x2_ASAP7_75t_SL             3   37.700   26.200   1532.200  
  inc_FP32_ALU_col2_roundingAdder_add_274_18_spec1_g552/Y  -      B->Y    R     NAND2xp5_ASAP7_75t_SL           3   14.100   27.000   1559.200  
  inc_FP32_ALU_col2_roundingAdder_add_274_18_spec1_g549/Y  -      B->Y    F     NOR2x1_ASAP7_75t_SL             5   55.800   25.900   1585.100  
  inc_FP32_ALU_col2_roundingAdder_add_274_18_spec1_g527/Y  -      A->Y    F     AND5x1_ASAP7_75t_SL             3   37.800   30.100   1615.200  
  inc_FP32_ALU_col2_roundingAdder_add_274_18_spec1_g518/Y  -      B->Y    F     AND2x2_ASAP7_75t_SL             3   21.900   25.600   1640.800  
  inc_FP32_ALU_col2_roundingAdder_add_274_18_spec1_g506/Y  -      B->Y    R     NAND2x1p5_ASAP7_75t_SL          3   17.100   16.500   1657.300  
  inc_FP32_ALU_col2_roundingAdder_add_274_18_spec1_g495/Y  -      B->Y    F     NOR2x1p5_ASAP7_75t_SL           2   27.400   12.900   1670.200  
  inc_FP32_ALU_col2_roundingAdder_add_274_18_spec1_g487/Y  -      B->Y    R     NAND2x1p5_ASAP7_75t_SL          3   25.600   18.600   1688.800  
  inc_FP32_ALU_col2_roundingAdder_add_274_18_spec1_g481/Y  -      B->Y    F     NOR2x1p5_ASAP7_75t_SL           2   41.100   15.600   1704.400  
  inc_FP32_ALU_col2_roundingAdder_add_274_18_spec1_g478/Y  -      B->Y    R     NAND2x1p5_ASAP7_75t_SL          2   25.400   13.900   1718.300  
  inc_FP32_ALU_col2_roundingAdder_add_274_18_spec1_g475/Y  -      B->Y    F     NOR2x1_ASAP7_75t_SL             2   31.400   14.800   1733.100  
  inc_FP32_ALU_col2_roundingAdder_add_274_18_spec1_g473/Y  -      B->Y    F     AND2x2_ASAP7_75t_SL             2   24.700   22.200   1755.300  
  inc_FP32_ALU_col2_roundingAdder_add_274_18_spec1_g470/Y  -      B->Y    R     NAND2xp5_ASAP7_75t_SL           1   13.000   14.700   1770.000  
  inc_FP32_ALU_col2_roundingAdder_add_274_18_spec1_g468/Y  -      B->Y    R     XOR2xp5_ASAP7_75t_SL            1   37.000   29.500   1799.500  
  FE_RC_21_0/Y                                             -      A1->Y   F     AOI21x1_ASAP7_75t_SL            2   38.500   16.200   1815.700  
  g29244/Y                                                 -      B->Y    F     OR2x2_ASAP7_75t_SL              1   32.700   25.800   1841.500  
  g29241/Y                                                 -      A->Y    R     NOR2x1_ASAP7_75t_L              1   13.800   14.700   1856.200  
  g29234/Y                                                 -      A1->Y   F     AOI21x1_ASAP7_75t_SL            3   29.200   14.200   1870.400  
  g29225/Y                                                 -      B->Y    F     AND2x2_ASAP7_75t_SL            17   32.000   40.900   1911.300  
  g29198/Y                                                 -      B->Y    R     NAND2x1p5_ASAP7_75t_SL          2   49.300   18.000   1929.300  
  g29188/Y                                                 -      A->Y    F     INVx1_ASAP7_75t_L               2   26.400   14.600   1943.900  
  g29131/Y                                                 -      B1->Y   R     AOI221xp5_ASAP7_75t_SL          1   18.200   26.100   1970.000  
  PIPE_OUT_col2_stage_reg_reg[0][6]/D                      -      D       R     ASYNC_DFFHx1_ASAP7_75t_SL       1   72.800    0.000   1970.000  
#---------------------------------------------------------------------------------------------------------------------------------------------

