###############################################################
#  Generated by:      Cadence Innovus 21.17-s075_1
#  OS:                Linux x86_64(Host ID KingsLanding)
#  Generated on:      Fri Apr  3 15:08:56 2026
#  Design:            noe5m2_fixed8_mxfp_aitb_comp_wrapper
#  Command:           report_timing > timing.rpt
###############################################################
Path 1: VIOLATED (-515.951 ps) Setup Check with Pin u_noe5m2_fixed8_mxfp_aitb_comp_top_PIPE_OUT_col2_stage_reg_reg[0][9]/CLK->D
               View: PVT_0P63V_100C.setup_view
              Group: clk
         Startpoint: (R) acc_en
              Clock:
           Endpoint: (R) u_noe5m2_fixed8_mxfp_aitb_comp_top_PIPE_OUT_col2_stage_reg_reg[0][9]/D
              Clock: (R) clk

                        Capture       Launch
         Clock Edge:+  1000.000        0.000
        Src Latency:+  -250.797        0.000
        Net Latency:+   253.800 (P)    0.000 (I)
            Arrival:=  1003.003        0.000

              Setup:-     7.554
        Uncertainty:-   100.000
        Cppr Adjust:+     0.000
      Required Time:=   895.449
       Launch Clock:=     0.000
          Data Path:+  1411.400
              Slack:=  -515.951

#-------------------------------------------------------------------------------------------------------------------------------------------------------------------------
# Timing Point                                                                          Flags  Arc     Edge  Cell                       Fanout   Trans    Delay    Arrival  
#                                                                                                                                                 (ps)     (ps)       (ps)  
#-------------------------------------------------------------------------------------------------------------------------------------------------------------------------
  acc_en                                                                                -      acc_en  R     (arrival)                       3   4.100    9.000      9.000  
  u_noe5m2_fixed8_mxfp_aitb_comp_top_g56727/Y                                           -      A->Y    F     INVx3_ASAP7_75t_SL              2  23.700    7.900     16.900  
  u_noe5m2_fixed8_mxfp_aitb_comp_top_g56654_dup/Y                                       -      A->Y    F     AND2x4_ASAP7_75t_SL             1  12.500   28.700     45.600  
  FE_OFC1015_u_noe5m2_fixed8_mxfp_aitb_comp_top_n_45833/Y                               -      A->Y    R     INVx6_ASAP7_75t_SL              2  28.300   15.100     60.700  
  FE_OFC1487_u_noe5m2_fixed8_mxfp_aitb_comp_top_n_45833_dup/Y                           -      A->Y    F     INVx6_ASAP7_75t_SL              4  26.100   11.100     71.800  
  FE_OCPC2556_FE_OFN45869_u_noe5m2_fixed8_mxfp_aitb_comp_top_n_45833/Y                  -      A->Y    F     BUFx6f_ASAP7_75t_SL             2  21.800   19.800     91.600  
  FE_RC_2410_0/Y                                                                        -      A->Y    R     INVx4_ASAP7_75t_SL              1  11.200    6.900     98.500  
  FE_RC_2408_0/Y                                                                        -      A->Y    F     NOR2x1p5_ASAP7_75t_SL           1   8.600    8.800    107.300  
  FE_RC_2407_0/Y                                                                        -      B->Y    R     AOI21x1_ASAP7_75t_SL            4  12.300   26.300    133.600  
  u_noe5m2_fixed8_mxfp_aitb_comp_top_g55606__1881/Y                                     -      B->Y    F     NOR2x1p5_ASAP7_75t_SL           2  53.500   15.600    149.200  
  FE_RC_2490_0/Y                                                                        -      B->Y    R     AOI211x1_ASAP7_75t_SL           2  32.600   20.300    169.500  
  FE_RC_2436_0/Y                                                                        -      B->Y    F     NAND2xp5_ASAP7_75t_SL           1  38.900   13.000    182.500  
  FE_RC_2435_0/Y                                                                        -      A1->Y   R     OAI21xp5_ASAP7_75t_SL           3  23.000   33.700    216.200  
  u_noe5m2_fixed8_mxfp_aitb_comp_top_g55320__6161/Y                                     -      A2->Y   R     AO221x2_ASAP7_75t_SL            5  64.800   46.600    262.800  
  FE_RC_2351_0/Y                                                                        -      A->Y    R     BUFx6f_ASAP7_75t_SL             6  40.200   22.500    285.300  
  FE_RC_1817_0/Y                                                                        -      A2->Y   F     AOI22x1_ASAP7_75t_SL            1  15.100   15.700    301.000  
  u_noe5m2_fixed8_mxfp_aitb_comp_top_g55034__6783/Y                                     -      B->Y    R     NAND2x2_ASAP7_75t_SL            2  36.700   23.900    324.900  
  FE_RC_1396_0/Y                                                                        -      A->Y    F     NOR3x2_ASAP7_75t_SL             5  33.500   23.600    348.500  
  FE_RC_1329_0_dup/Y                                                                    -      A1->Y   F     AO31x2_ASAP7_75t_SL             5  38.700   27.400    375.900  
  u_noe5m2_fixed8_mxfp_aitb_comp_top_g54903__7098_dup/Y                                 -      A->Y    F     OR2x2_ASAP7_75t_SL              3  24.900   34.600    410.500  
  FE_OCPC1921_u_noe5m2_fixed8_mxfp_aitb_comp_top_n_43500/Y                              -      A->Y    R     INVx3_ASAP7_75t_SL              2  28.700   11.400    421.900  
  FE_RC_1960_0/Y                                                                        -      A->Y    R     AND3x4_ASAP7_75t_SL             4  17.000   30.100    452.000  
  u_noe5m2_fixed8_mxfp_aitb_comp_top_g54654__1881/Y                                     -      A1->Y   F     AOI22x1_ASAP7_75t_SL            1  25.200   12.900    464.900  
  u_noe5m2_fixed8_mxfp_aitb_comp_top_g54615__8246/Y                                     -      B->Y    R     NAND2x1p5_ASAP7_75t_SL          3  59.000   27.700    492.600  
  FE_RC_1281_0_dup/Y                                                                    -      B2->Y   F     AOI22x1_ASAP7_75t_SL            1  40.300   13.700    506.300  
  u_noe5m2_fixed8_mxfp_aitb_comp_top_g54435__7098/Y                                     -      B->Y    R     NAND2xp5_ASAP7_75t_SL           1  25.000   14.300    520.600  
  FE_RC_877_0/Y                                                                         -      A->Y    F     INVx1_ASAP7_75t_SL              1  22.100   11.000    531.600  
  FE_RC_876_0/Y                                                                         -      A1->Y   R     OAI22x1_ASAP7_75t_SL            2  16.100   18.800    550.400  
  u_noe5m2_fixed8_mxfp_aitb_comp_top_addinc_FP32_ALU_col2_fracAdder_add_113_18_g1134/Y  -      B->Y    F     NOR2x1p5_ASAP7_75t_SL           3  46.900   23.000    573.400  
  u_noe5m2_fixed8_mxfp_aitb_comp_top_addinc_FP32_ALU_col2_fracAdder_add_113_18_g1104/Y  -      A->Y    R     INVx2_ASAP7_75t_SL              2  48.300   16.000    589.400  
  u_noe5m2_fixed8_mxfp_aitb_comp_top_addinc_FP32_ALU_col2_fracAdder_add_113_18_g1013/Y  -      B->Y    F     NAND2x1_ASAP7_75t_SL            1  25.300    7.100    596.500  
  FE_RC_2312_0/Y                                                                        -      A2->Y   R     OAI21xp5_ASAP7_75t_SL           1  13.500   18.900    615.400  
  FE_RC_2305_0/Y                                                                        -      A2->Y   F     AOI21x1_ASAP7_75t_SL            2  33.600   11.500    626.900  
  FE_RC_1479_0/Y                                                                        -      B->Y    F     OA21x2_ASAP7_75t_SL             1  31.400   27.000    653.900  
  FE_OFC2015_FE_RN_120/Y                                                                -      A->Y    R     INVx6_ASAP7_75t_SL             12  21.400   16.600    670.500  
  u_noe5m2_fixed8_mxfp_aitb_comp_top_addinc_FP32_ALU_col2_fracAdder_add_113_18_g855/Y   -      A2->Y   F     AOI21x1_ASAP7_75t_SL            1  29.800   11.600    682.100  
  FE_RC_1740_0/Y                                                                        -      B->Y    F     XOR2x1_ASAP7_75t_SL             2  21.700   29.400    711.500  
  FE_RC_904_0/Y                                                                         -      D->Y    R     NOR4xp75_ASAP7_75t_SL           2  29.200   29.400    740.900  
  FE_RC_896_0/Y                                                                         -      B->Y    R     AND3x4_ASAP7_75t_SL             5  53.700   33.300    774.200  
  u_noe5m2_fixed8_mxfp_aitb_comp_top_g49778/Y                                           -      A2->Y   F     AOI21x1_ASAP7_75t_SL            2  24.600   13.600    787.800  
  FE_RC_1263_0/Y                                                                        -      D->Y    R     NAND4xp75_ASAP7_75t_SL          3  44.200   21.800    809.600  
  u_noe5m2_fixed8_mxfp_aitb_comp_top_g49732_dup1/Y                                      -      A->Y    R     OR2x2_ASAP7_75t_SL              2  35.600   25.900    835.500  
  FE_OCPC1695_u_noe5m2_fixed8_mxfp_aitb_comp_top_n_38228/Y                              -      A->Y    F     INVx2_ASAP7_75t_SL              2  17.100    8.300    843.800  
  FE_RC_1291_0/Y                                                                        -      A1->Y   R     AOI21x1_ASAP7_75t_SL            1  12.000   14.200    858.000  
  FE_RC_2317_0/Y                                                                        -      A->Y    F     NAND4xp75_ASAP7_75t_SL          2  30.100   19.400    877.400  
  FE_OCPC2654_u_noe5m2_fixed8_mxfp_aitb_comp_top_n_38178/Y                              -      A->Y    R     INVx3_ASAP7_75t_SL              4  37.300   17.100    894.500  
  FE_OCPC2656_u_noe5m2_fixed8_mxfp_aitb_comp_top_n_38178/Y                              -      A->Y    F     INVx2_ASAP7_75t_SL              2  25.800   10.600    905.100  
  u_noe5m2_fixed8_mxfp_aitb_comp_top_g49666/Y                                           -      A1->Y   R     OAI21xp5_ASAP7_75t_SL           1  15.400   17.800    922.900  
  u_noe5m2_fixed8_mxfp_aitb_comp_top_g49648/Y                                           -      A2->Y   F     AOI21x1_ASAP7_75t_SL            2  32.600   14.900    937.800  
  u_noe5m2_fixed8_mxfp_aitb_comp_top_g49638/Y                                           -      B->Y    R     NAND2x1_ASAP7_75t_SL            1  29.100   15.800    953.600  
  FE_RC_735_0/Y                                                                         -      A2->Y   F     AOI21x1_ASAP7_75t_SL            4  26.400   17.800    971.400  
  FE_RC_939_0/Y                                                                         -      A->Y    F     AND2x4_ASAP7_75t_SL             2  34.200   29.000   1000.400  
  FE_RC_729_0/Y                                                                         -      A1->Y   R     OAI22x1_ASAP7_75t_SL            2  17.900   19.200   1019.600  
  FE_PSBC2709_u_noe5m2_fixed8_mxfp_aitb_comp_top_n_37971/Y                              -      A->Y    R     BUFx10_ASAP7_75t_SL            17  44.900   42.200   1061.800  
  u_noe5m2_fixed8_mxfp_aitb_comp_top_g49316/Y                                           -      A2->Y   R     OA22x2_ASAP7_75t_SL             2  34.800   28.900   1090.700  
  u_noe5m2_fixed8_mxfp_aitb_comp_top_g49168/Y                                           -      A1->Y   F     OAI22x1_ASAP7_75t_SL            3  22.300   21.600   1112.300  
  FE_RC_2363_0/Y                                                                        -      B2->Y   R     AOI22x1_ASAP7_75t_SL            1  34.900   16.600   1128.900  
  FE_RC_879_0/Y                                                                         -      A2->Y   R     OA22x2_ASAP7_75t_SL             2  28.200   26.700   1155.600  
  u_noe5m2_fixed8_mxfp_aitb_comp_top_g48817/Y                                           -      A->Y    F     NOR2x1p5_ASAP7_75t_SL           2  19.100   13.200   1168.800  
  u_noe5m2_fixed8_mxfp_aitb_comp_top_g48778_dup/Y                                       -      B->Y    F     AND2x4_ASAP7_75t_SL             1  18.700   19.400   1188.200  
  u_noe5m2_fixed8_mxfp_aitb_comp_top_g48719/Y                                           -      A->Y    R     NAND2x1p5_ASAP7_75t_SL          1  10.100   12.300   1200.500  
  u_noe5m2_fixed8_mxfp_aitb_comp_top_g48711/Y                                           -      B->Y    F     NOR2x1p5_ASAP7_75t_SL           3  20.900   17.700   1218.200  
  u_noe5m2_fixed8_mxfp_aitb_comp_top_g48658/Y                                           -      A->Y    R     NAND3x2_ASAP7_75t_SL            3  27.100   24.600   1242.800  
  FE_RC_74_0/Y                                                                          -      B->Y    F     NOR2x1p5_ASAP7_75t_SL           3  43.600   18.200   1261.000  
  u_noe5m2_fixed8_mxfp_aitb_comp_top_g48536/Y                                           -      B->Y    R     NAND2x1p5_ASAP7_75t_SL          1  26.800   12.300   1273.300  
  FE_RC_900_0/Y                                                                         -      B->Y    R     XNOR2xp5_ASAP7_75t_SL           2  21.800   25.200   1298.500  
  FE_RC_1265_0/Y                                                                        -      C->Y    F     NAND4xp75_ASAP7_75t_SL          1  53.500   16.400   1314.900  
  u_noe5m2_fixed8_mxfp_aitb_comp_top_g48481/Y                                           -      A2->Y   R     AOI21x1_ASAP7_75t_SL            2  32.900   25.800   1340.700  
  FE_RC_1856_0/Y                                                                        -      A->Y    R     BUFx6f_ASAP7_75t_SL             4  76.100   31.600   1372.300  
  FE_OCPC2463_u_noe5m2_fixed8_mxfp_aitb_comp_top_n_36490/Y                              -      A->Y    F     INVx8_ASAP7_75t_SL              3  27.600    9.400   1381.700  
  FE_OCPC2484_n/Y                                                                       -      A->Y    F     BUFx6f_ASAP7_75t_SL             1  19.400   19.900   1401.600  
  FE_RC_1350_0/Y                                                                        -      B->Y    R     NAND2x1p5_ASAP7_75t_SL          1  11.600    9.800   1411.400  
  u_noe5m2_fixed8_mxfp_aitb_comp_top_PIPE_OUT_col2_stage_reg_reg[0][9]/D                -      D       R     ASYNC_DFFHx1_ASAP7_75t_SL       1  23.100    0.000   1411.400  
#-------------------------------------------------------------------------------------------------------------------------------------------------------------------------

