

Working Directory = /home/msmekhem/research/repositories/fpga-mxfp/aitb_asic/asic/fixed_input_e4m3_mxfp_aitb_04_02_15_04_obj-dir/syn-rundir
QoS Summary for fixed_input_e4m3_mxfp_aitb_top
================================================================================
Metric                          final          
================================================================================
Slack (ps):                      -516
  R2R (ps):                      -516
  I2R (ps):                  no_value
  R2O (ps):                  no_value
  I2O (ps):                  no_value
  CG  (ps):                  no_value
TNS (ps):                     -37,672
  R2R (ps):                   -37,672
  I2R (ps):                  no_value
  R2O (ps):                  no_value
  I2O (ps):                  no_value
  CG  (ps):                  no_value
Failing Paths:                    161
Cell Area:                     38,819
Total Cell Area:               38,819
Leaf Instances:                22,265
Total Instances:               22,265
Utilization (%):                 0.00
Tot. Net Length (um):        no_value
Avg. Net Length (um):        no_value
Route Overflow H (%):        no_value
Route Overflow V (%):        no_value
MBCI(%) (bits/gate) :            0.00
Norm Cong Hotspot Area:
  Max Cong:                  no_value
  Tot Cong:                  no_value
================================================================================
CPU  Runtime (h:m:s):        00:11:02
Real Runtime (h:m:s):        00:07:31
CPU  Elapsed (h:m:s):        00:11:05
Real Elapsed (h:m:s):        00:07:33
Memory (MB):                  2083.75
================================================================================
================================================================================
Flow Settings:
================================================================================
Total Runtime (h:m:s): 00:07:31
Total Memory (MB):     2083.75
Executable Version:    21.17-s066_1
================================================================================
Total Cell Area =  Cell Area + Physical Cell Area
Total Instances =  Leaf Instances + Physical Instances


