============================================================
  Generated by:           Genus(TM) Synthesis Solution 21.17-s066_1
  Generated on:           Apr 02 2026  03:12:01 pm
  Module:                 fixed_input_e4m3_mxfp_aitb_top
  Library domain:         PVT_0P63V_100C.setup_cond
    Domain index:         0
    Technology libraries: asap7sc7p5t_SIMPLE_RVT_SS_nldm_201020 1.0
                          asap7sc7p5t_SIMPLE_LVT_SS_nldm_201020 1.0
                          asap7sc7p5t_SIMPLE_SLVT_SS_nldm_201020 1.0
                          asap7sc7p5t_SIMPLE_SRAM_SS_nldm_201020 1.0
                          asap7sc7p5t_AO_RVT_SS_nldm_201020 1.0
                          asap7sc7p5t_AO_LVT_SS_nldm_201020 1.0
                          asap7sc7p5t_AO_SLVT_SS_nldm_201020 1.0
                          asap7sc7p5t_AO_SRAM_SS_nldm_201020 1.0
                          asap7sc7p5t_OA_RVT_SS_nldm_201020 1.0
                          asap7sc7p5t_OA_LVT_SS_nldm_201020 1.0
                          asap7sc7p5t_OA_SLVT_SS_nldm_201020 1.0
                          asap7sc7p5t_OA_SRAM_SS_nldm_201020 1.0
                          asap7sc7p5t_SEQ_RVT_SS_nldm_201020 1.0
                          asap7sc7p5t_SEQ_LVT_SS_nldm_201020 1.0
                          asap7sc7p5t_SEQ_SLVT_SS_nldm_201020 1.0
                          asap7sc7p5t_SEQ_SRAM_SS_nldm_201020 1.0
                          asap7sc7p5t_INVBUF_RVT_SS_nldm_201020 1.0
                          asap7sc7p5t_INVBUF_LVT_SS_nldm_201020 1.0
                          asap7sc7p5t_INVBUF_SLVT_SS_nldm_201020 1.0
                          asap7sc7p5t_INVBUF_SRAM_SS_nldm_201020 1.0
  Operating conditions:   PVT_0P63V_100C 
  Interconnect mode:      global
  Area mode:              physical library
============================================================

                                                   Leakage                                             Library 
           Gate            Instances    Area     Power (nW)                   Library                   Domain 
---------------------------------------------------------------------------------------------------------------
A2O1A1Ixp33_ASAP7_75t_SL          12     16.796      477.623    asap7sc7p5t_AO_SLVT_SS_nldm_201020           0 
AND2x2_ASAP7_75t_L                19     26.594      287.172    asap7sc7p5t_SIMPLE_LVT_SS_nldm_201020        0 
AND2x2_ASAP7_75t_R                 1      1.400        2.244    asap7sc7p5t_SIMPLE_RVT_SS_nldm_201020        0 
AND2x2_ASAP7_75t_SL              654    915.391    61480.301    asap7sc7p5t_SIMPLE_SLVT_SS_nldm_201020       0 
AND2x2_ASAP7_75t_SRAM              1      1.400        0.502    asap7sc7p5t_SIMPLE_SRAM_SS_nldm_201020       0 
AND2x4_ASAP7_75t_L                 1      2.333       30.888    asap7sc7p5t_SIMPLE_LVT_SS_nldm_201020        0 
AND2x4_ASAP7_75t_SL               56    130.637    10543.055    asap7sc7p5t_SIMPLE_SLVT_SS_nldm_201020       0 
AND2x6_ASAP7_75t_SL                7     19.596     1844.943    asap7sc7p5t_SIMPLE_SLVT_SS_nldm_201020       0 
AND3x1_ASAP7_75t_L                 1      1.400       11.388    asap7sc7p5t_SIMPLE_LVT_SS_nldm_201020        0 
AND3x1_ASAP7_75t_SL               23     32.193     1887.333    asap7sc7p5t_SIMPLE_SLVT_SS_nldm_201020       0 
AND3x2_ASAP7_75t_SL                5      8.165      524.950    asap7sc7p5t_SIMPLE_SLVT_SS_nldm_201020       0 
AND3x4_ASAP7_75t_SL                7     22.861     1299.097    asap7sc7p5t_SIMPLE_SLVT_SS_nldm_201020       0 
AND4x2_ASAP7_75t_SL               10     18.662     1003.200    asap7sc7p5t_SIMPLE_SLVT_SS_nldm_201020       0 
AND5x1_ASAP7_75t_SL                2      3.732       90.439    asap7sc7p5t_SIMPLE_SLVT_SS_nldm_201020       0 
AO211x2_ASAP7_75t_SL              17     63.452     2135.731    asap7sc7p5t_AO_SLVT_SS_nldm_201020           0 
AO221x1_ASAP7_75t_SL               9     20.995      689.145    asap7sc7p5t_AO_SLVT_SS_nldm_201020           0 
AO221x2_ASAP7_75t_SL              10     25.661     1155.680    asap7sc7p5t_AO_SLVT_SS_nldm_201020           0 
AO222x2_ASAP7_75t_SL              22     61.586     2799.969    asap7sc7p5t_AO_SLVT_SS_nldm_201020           0 
AO22x1_ASAP7_75t_L                68    142.767      703.720    asap7sc7p5t_AO_LVT_SS_nldm_201020            0 
AO22x1_ASAP7_75t_SL              339    711.737    21706.381    asap7sc7p5t_AO_SLVT_SS_nldm_201020           0 
AO22x2_ASAP7_75t_SL               53    123.638     6099.620    asap7sc7p5t_AO_SLVT_SS_nldm_201020           0 
AO31x2_ASAP7_75t_SL                4     14.930      470.535    asap7sc7p5t_AO_SLVT_SS_nldm_201020           0 
AO32x1_ASAP7_75t_SL                3      5.599      203.565    asap7sc7p5t_AO_SLVT_SS_nldm_201020           0 
AO32x2_ASAP7_75t_SL                1      2.100       99.865    asap7sc7p5t_AO_SLVT_SS_nldm_201020           0 
AO331x1_ASAP7_75t_SL               1      2.333       97.407    asap7sc7p5t_AO_SLVT_SS_nldm_201020           0 
AOI211x1_ASAP7_75t_SL              4     11.197      258.139    asap7sc7p5t_AO_SLVT_SS_nldm_201020           0 
AOI21x1_ASAP7_75t_L                3      5.599       33.153    asap7sc7p5t_AO_LVT_SS_nldm_201020            0 
AOI21x1_ASAP7_75t_SL             176    328.458    12530.690    asap7sc7p5t_AO_SLVT_SS_nldm_201020           0 
AOI21xp33_ASAP7_75t_SL            55     64.152     1529.791    asap7sc7p5t_AO_SLVT_SS_nldm_201020           0 
AOI21xp5_ASAP7_75t_L             105    122.472      556.716    asap7sc7p5t_AO_LVT_SS_nldm_201020            0 
AOI21xp5_ASAP7_75t_SL            500    583.200    18041.440    asap7sc7p5t_AO_SLVT_SS_nldm_201020           0 
AOI221x1_ASAP7_75t_SL              7     22.861      418.125    asap7sc7p5t_AO_SLVT_SS_nldm_201020           0 
AOI221xp5_ASAP7_75t_SL           174    284.135     6988.788    asap7sc7p5t_AO_SLVT_SS_nldm_201020           0 
AOI222xp33_ASAP7_75t_SL           37     86.314     1619.690    asap7sc7p5t_AO_SLVT_SS_nldm_201020           0 
AOI22x1_ASAP7_75t_L                5     11.664       64.282    asap7sc7p5t_AO_LVT_SS_nldm_201020            0 
AOI22x1_ASAP7_75t_SL             124    289.267    10635.584    asap7sc7p5t_AO_SLVT_SS_nldm_201020           0 
AOI22xp33_ASAP7_75t_SL           358    501.085    11553.523    asap7sc7p5t_AO_SLVT_SS_nldm_201020           0 
AOI22xp5_ASAP7_75t_SL            850   1189.728    36445.748    asap7sc7p5t_AO_SLVT_SS_nldm_201020           0 
AOI31xp33_ASAP7_75t_L              1      1.400        4.366    asap7sc7p5t_AO_LVT_SS_nldm_201020            0 
AOI31xp33_ASAP7_75t_SL             2      2.799       58.351    asap7sc7p5t_AO_SLVT_SS_nldm_201020           0 
AOI31xp67_ASAP7_75t_SL             3      9.098      189.952    asap7sc7p5t_AO_SLVT_SS_nldm_201020           0 
AOI321xp33_ASAP7_75t_SL            2      3.732      114.938    asap7sc7p5t_AO_SLVT_SS_nldm_201020           0 
AOI322xp5_ASAP7_75t_SL             1      2.100       54.236    asap7sc7p5t_AO_SLVT_SS_nldm_201020           0 
ASYNC_DFFHx1_ASAP7_75t_SL       1147   6956.876   206073.210    asap7sc7p5t_SEQ_SLVT_SS_nldm_201020          0 
BUFx10_ASAP7_75t_L                 1      3.266       65.975    asap7sc7p5t_INVBUF_LVT_SS_nldm_201020        0 
BUFx10_ASAP7_75t_SL                1      3.266      419.754    asap7sc7p5t_INVBUF_SLVT_SS_nldm_201020       0 
BUFx12f_ASAP7_75t_SL               5     20.995     2413.901    asap7sc7p5t_INVBUF_SLVT_SS_nldm_201020       0 
BUFx24_ASAP7_75t_SL              128    895.795   112726.864    asap7sc7p5t_INVBUF_SLVT_SS_nldm_201020       0 
BUFx2_ASAP7_75t_L                 64     74.650      857.551    asap7sc7p5t_INVBUF_LVT_SS_nldm_201020        0 
BUFx2_ASAP7_75t_SL               124    144.634    10667.208    asap7sc7p5t_INVBUF_SLVT_SS_nldm_201020       0 
BUFx3_ASAP7_75t_L                 69     96.578     1385.193    asap7sc7p5t_INVBUF_LVT_SS_nldm_201020        0 
BUFx3_ASAP7_75t_SL                79    110.575     9986.182    asap7sc7p5t_INVBUF_SLVT_SS_nldm_201020       0 
BUFx4f_ASAP7_75t_L                17     31.726      449.932    asap7sc7p5t_INVBUF_LVT_SS_nldm_201020        0 
BUFx4f_ASAP7_75t_SL                8     14.930     1375.941    asap7sc7p5t_INVBUF_SLVT_SS_nldm_201020       0 
BUFx5_ASAP7_75t_SL                 8     14.930     1592.719    asap7sc7p5t_INVBUF_SLVT_SS_nldm_201020       0 
BUFx6f_ASAP7_75t_L                26     60.653     1048.565    asap7sc7p5t_INVBUF_LVT_SS_nldm_201020        0 
BUFx6f_ASAP7_75t_R                 1      2.333        5.841    asap7sc7p5t_INVBUF_RVT_SS_nldm_201020        0 
BUFx6f_ASAP7_75t_SL               37     86.314     9320.679    asap7sc7p5t_INVBUF_SLVT_SS_nldm_201020       0 
BUFx8_ASAP7_75t_SL                 8     22.395     2339.172    asap7sc7p5t_INVBUF_SLVT_SS_nldm_201020       0 
CKINVDCx16_ASAP7_75t_SL            1      6.998      394.167    asap7sc7p5t_INVBUF_SLVT_SS_nldm_201020       0 
HB1xp67_ASAP7_75t_L               55     51.322      269.963    asap7sc7p5t_INVBUF_LVT_SS_nldm_201020        0 
HB1xp67_ASAP7_75t_R                1      0.933        0.752    asap7sc7p5t_INVBUF_RVT_SS_nldm_201020        0 
HB1xp67_ASAP7_75t_SL             290    270.605     9123.095    asap7sc7p5t_INVBUF_SLVT_SS_nldm_201020       0 
HB1xp67_ASAP7_75t_SRAM            11     10.264        1.813    asap7sc7p5t_INVBUF_SRAM_SS_nldm_201020       0 
HB2xp67_ASAP7_75t_SL               2      2.333       49.132    asap7sc7p5t_INVBUF_SLVT_SS_nldm_201020       0 
INVx11_ASAP7_75t_SL                2      6.065      692.089    asap7sc7p5t_INVBUF_SLVT_SS_nldm_201020       0 
INVx1_ASAP7_75t_L                321    224.649     1537.212    asap7sc7p5t_INVBUF_LVT_SS_nldm_201020        0 
INVx1_ASAP7_75t_SL              1090    762.826    33439.179    asap7sc7p5t_INVBUF_SLVT_SS_nldm_201020       0 
INVx1_ASAP7_75t_SRAM               1      0.700        0.257    asap7sc7p5t_INVBUF_SRAM_SS_nldm_201020       0 
INVx2_ASAP7_75t_L                 10      9.331      107.175    asap7sc7p5t_INVBUF_LVT_SS_nldm_201020        0 
INVx2_ASAP7_75t_SL               240    223.949    14779.669    asap7sc7p5t_INVBUF_SLVT_SS_nldm_201020       0 
INVx2_ASAP7_75t_SRAM               1      0.933        0.207    asap7sc7p5t_INVBUF_SRAM_SS_nldm_201020       0 
INVx3_ASAP7_75t_R                  1      1.166        2.051    asap7sc7p5t_INVBUF_RVT_SS_nldm_201020        0 
INVx3_ASAP7_75t_SL                31     36.158     2793.243    asap7sc7p5t_INVBUF_SLVT_SS_nldm_201020       0 
INVx4_ASAP7_75t_SL                15     20.995     1780.203    asap7sc7p5t_INVBUF_SLVT_SS_nldm_201020       0 
INVx5_ASAP7_75t_R                  1      1.633        2.444    asap7sc7p5t_INVBUF_RVT_SS_nldm_201020        0 
INVx5_ASAP7_75t_SL                 9     14.697     1389.846    asap7sc7p5t_INVBUF_SLVT_SS_nldm_201020       0 
INVx6_ASAP7_75t_SL                14     26.127     2647.226    asap7sc7p5t_INVBUF_SLVT_SS_nldm_201020       0 
INVx8_ASAP7_75t_SL                 3      6.998      613.286    asap7sc7p5t_INVBUF_SLVT_SS_nldm_201020       0 
INVxp33_ASAP7_75t_SL               2      1.400       24.729    asap7sc7p5t_INVBUF_SLVT_SS_nldm_201020       0 
INVxp33_ASAP7_75t_SRAM             4      2.799        0.192    asap7sc7p5t_INVBUF_SRAM_SS_nldm_201020       0 
INVxp67_ASAP7_75t_SL            1260    881.798    25640.871    asap7sc7p5t_INVBUF_SLVT_SS_nldm_201020       0 
MAJIxp5_ASAP7_75t_L                2      3.266       14.867    asap7sc7p5t_SIMPLE_LVT_SS_nldm_201020        0 
MAJIxp5_ASAP7_75t_SL            1230   2008.541    61139.692    asap7sc7p5t_SIMPLE_SLVT_SS_nldm_201020       0 
MAJIxp5_ASAP7_75t_SRAM             2      3.266        0.496    asap7sc7p5t_SIMPLE_SRAM_SS_nldm_201020       0 
MAJx2_ASAP7_75t_SL               674   1415.076    75896.569    asap7sc7p5t_SIMPLE_SLVT_SS_nldm_201020       0 
NAND2x1_ASAP7_75t_L               10     13.997       76.974    asap7sc7p5t_SIMPLE_LVT_SS_nldm_201020        0 
NAND2x1_ASAP7_75t_SL              50     69.984     2040.086    asap7sc7p5t_SIMPLE_SLVT_SS_nldm_201020       0 
NAND2x1p5_ASAP7_75t_L              3      5.599       35.499    asap7sc7p5t_SIMPLE_LVT_SS_nldm_201020        0 
NAND2x1p5_ASAP7_75t_R              1      1.866        0.778    asap7sc7p5t_SIMPLE_RVT_SS_nldm_201020        0 
NAND2x1p5_ASAP7_75t_SL            61    113.841     3615.588    asap7sc7p5t_SIMPLE_SLVT_SS_nldm_201020       0 
NAND2x2_ASAP7_75t_SL               5     11.664      335.321    asap7sc7p5t_SIMPLE_SLVT_SS_nldm_201020       0 
NAND2xp33_ASAP7_75t_SL            39     36.392      503.165    asap7sc7p5t_SIMPLE_SLVT_SS_nldm_201020       0 
NAND2xp33_ASAP7_75t_SRAM           1      0.933        0.109    asap7sc7p5t_SIMPLE_SRAM_SS_nldm_201020       0 
NAND2xp5_ASAP7_75t_L              78     72.783      361.471    asap7sc7p5t_SIMPLE_LVT_SS_nldm_201020        0 
NAND2xp5_ASAP7_75t_SL           1473   1374.486    30658.145    asap7sc7p5t_SIMPLE_SLVT_SS_nldm_201020       0 
NAND2xp5_ASAP7_75t_SRAM            3      2.799        0.466    asap7sc7p5t_SIMPLE_SRAM_SS_nldm_201020       0 
NAND2xp67_ASAP7_75t_L              1      1.400        5.325    asap7sc7p5t_SIMPLE_LVT_SS_nldm_201020        0 
NAND2xp67_ASAP7_75t_SL             5      6.998      158.420    asap7sc7p5t_SIMPLE_SLVT_SS_nldm_201020       0 
NAND3x1_ASAP7_75t_SL               5     12.830      185.156    asap7sc7p5t_SIMPLE_SLVT_SS_nldm_201020       0 
NAND3xp33_ASAP7_75t_SL            58     67.651     1600.777    asap7sc7p5t_SIMPLE_SLVT_SS_nldm_201020       0 
NAND4xp25_ASAP7_75t_SL            18     25.194      577.014    asap7sc7p5t_SIMPLE_SLVT_SS_nldm_201020       0 
NAND4xp75_ASAP7_75t_SL            25     81.648     1280.028    asap7sc7p5t_SIMPLE_SLVT_SS_nldm_201020       0 
NAND5xp2_ASAP7_75t_SL              6      9.798       67.616    asap7sc7p5t_SIMPLE_SLVT_SS_nldm_201020       0 
NOR2x1_ASAP7_75t_L                45     62.986      408.300    asap7sc7p5t_SIMPLE_LVT_SS_nldm_201020        0 
NOR2x1_ASAP7_75t_SL              162    226.748     8284.124    asap7sc7p5t_SIMPLE_SLVT_SS_nldm_201020       0 
NOR2x1p5_ASAP7_75t_L               3      5.599       44.098    asap7sc7p5t_SIMPLE_LVT_SS_nldm_201020        0 
NOR2x1p5_ASAP7_75t_SL             59    110.108     4781.066    asap7sc7p5t_SIMPLE_SLVT_SS_nldm_201020       0 
NOR2x2_ASAP7_75t_SL                9     20.995      840.110    asap7sc7p5t_SIMPLE_SLVT_SS_nldm_201020       0 
NOR2xp33_ASAP7_75t_L             130    121.306      366.898    asap7sc7p5t_SIMPLE_LVT_SS_nldm_201020        0 
NOR2xp33_ASAP7_75t_SL            506    472.159     8972.503    asap7sc7p5t_SIMPLE_SLVT_SS_nldm_201020       0 
NOR2xp67_ASAP7_75t_L               8     11.197       47.778    asap7sc7p5t_SIMPLE_LVT_SS_nldm_201020        0 
NOR2xp67_ASAP7_75t_SL             11     15.396      373.274    asap7sc7p5t_SIMPLE_SLVT_SS_nldm_201020       0 
NOR3x1_ASAP7_75t_SL               10     25.661      681.496    asap7sc7p5t_SIMPLE_SLVT_SS_nldm_201020       0 
NOR3x2_ASAP7_75t_SL                3     13.997      279.894    asap7sc7p5t_SIMPLE_SLVT_SS_nldm_201020       0 
NOR3xp33_ASAP7_75t_SL             56     65.318     1447.826    asap7sc7p5t_SIMPLE_SLVT_SS_nldm_201020       0 
NOR4xp25_ASAP7_75t_SL             18     25.194      524.409    asap7sc7p5t_SIMPLE_SLVT_SS_nldm_201020       0 
NOR4xp75_ASAP7_75t_R               1      3.266        0.556    asap7sc7p5t_SIMPLE_RVT_SS_nldm_201020        0 
NOR4xp75_ASAP7_75t_SL             12     39.191      907.479    asap7sc7p5t_SIMPLE_SLVT_SS_nldm_201020       0 
NOR5xp2_ASAP7_75t_SL              12     19.596      251.671    asap7sc7p5t_SIMPLE_SLVT_SS_nldm_201020       0 
O2A1O1Ixp33_ASAP7_75t_SL          21     29.393      840.026    asap7sc7p5t_OA_SLVT_SS_nldm_201020           0 
O2A1O1Ixp5_ASAP7_75t_SL            4      7.465      166.921    asap7sc7p5t_OA_SLVT_SS_nldm_201020           0 
OA211x2_ASAP7_75t_SL               6     11.197      566.045    asap7sc7p5t_OA_SLVT_SS_nldm_201020           0 
OA21x2_ASAP7_75t_SL              139    226.981    15179.322    asap7sc7p5t_OA_SLVT_SS_nldm_201020           0 
OA21x2_ASAP7_75t_SRAM              1      1.633        0.535    asap7sc7p5t_OA_SRAM_SS_nldm_201020           0 
OA221x2_ASAP7_75t_SL               1      3.732      121.605    asap7sc7p5t_OA_SLVT_SS_nldm_201020           0 
OA222x2_ASAP7_75t_SL               9     25.194     1089.390    asap7sc7p5t_OA_SLVT_SS_nldm_201020           0 
OA22x2_ASAP7_75t_SL              116    270.605    12340.907    asap7sc7p5t_OA_SLVT_SS_nldm_201020           0 
OA33x2_ASAP7_75t_SL                2      4.666      209.786    asap7sc7p5t_OA_SLVT_SS_nldm_201020           0 
OAI211xp5_ASAP7_75t_SL            11     15.396      352.504    asap7sc7p5t_OA_SLVT_SS_nldm_201020           0 
OAI21xp33_ASAP7_75t_SL             8      9.331      281.022    asap7sc7p5t_OA_SLVT_SS_nldm_201020           0 
OAI21xp5_ASAP7_75t_L               1      1.166        8.309    asap7sc7p5t_OA_LVT_SS_nldm_201020            0 
OAI21xp5_ASAP7_75t_SL            597    696.341    31880.726    asap7sc7p5t_OA_SLVT_SS_nldm_201020           0 
OAI21xp5_ASAP7_75t_SRAM            3      3.499        0.682    asap7sc7p5t_OA_SRAM_SS_nldm_201020           0 
OAI222xp33_ASAP7_75t_SL            5     11.664      345.582    asap7sc7p5t_OA_SLVT_SS_nldm_201020           0 
OAI22x1_ASAP7_75t_L                1      2.333       16.676    asap7sc7p5t_OA_LVT_SS_nldm_201020            0 
OAI22x1_ASAP7_75t_SL             105    244.944    10888.504    asap7sc7p5t_OA_SLVT_SS_nldm_201020           0 
OAI22xp5_ASAP7_75t_L              55     76.982      452.083    asap7sc7p5t_OA_LVT_SS_nldm_201020            0 
OAI22xp5_ASAP7_75t_SL            606    848.206    31708.208    asap7sc7p5t_OA_SLVT_SS_nldm_201020           0 
OAI22xp5_ASAP7_75t_SRAM            1      1.400        0.278    asap7sc7p5t_OA_SRAM_SS_nldm_201020           0 
OAI311xp33_ASAP7_75t_SL            1      1.633       48.960    asap7sc7p5t_OA_SLVT_SS_nldm_201020           0 
OAI321xp33_ASAP7_75t_SL            3      5.599      164.166    asap7sc7p5t_OA_SLVT_SS_nldm_201020           0 
OR2x2_ASAP7_75t_L                  6      8.398       76.980    asap7sc7p5t_SIMPLE_LVT_SS_nldm_201020        0 
OR2x2_ASAP7_75t_SL               286    400.308    24269.465    asap7sc7p5t_SIMPLE_SLVT_SS_nldm_201020       0 
OR2x4_ASAP7_75t_SL                 4      7.465      599.556    asap7sc7p5t_SIMPLE_SLVT_SS_nldm_201020       0 
OR3x1_ASAP7_75t_SL                12     16.796      612.870    asap7sc7p5t_SIMPLE_SLVT_SS_nldm_201020       0 
OR3x2_ASAP7_75t_L                  1      1.633       11.919    asap7sc7p5t_SIMPLE_LVT_SS_nldm_201020        0 
OR3x4_ASAP7_75t_SL                 1      2.100      150.262    asap7sc7p5t_SIMPLE_SLVT_SS_nldm_201020       0 
OR4x1_ASAP7_75t_SL                16     26.127      959.751    asap7sc7p5t_SIMPLE_SLVT_SS_nldm_201020       0 
OR5x1_ASAP7_75t_SL                 5      9.331      195.211    asap7sc7p5t_SIMPLE_SLVT_SS_nldm_201020       0 
TIEHIx1_ASAP7_75t_SL              52     36.392        0.103    asap7sc7p5t_SIMPLE_SLVT_SS_nldm_201020       0 
TIELOx1_ASAP7_75t_SL            1176    823.012        3.463    asap7sc7p5t_SIMPLE_SLVT_SS_nldm_201020       0 
XNOR2x2_ASAP7_75t_R                2      5.132        6.690    asap7sc7p5t_SIMPLE_RVT_SS_nldm_201020        0 
XNOR2x2_ASAP7_75t_SL              81    207.852    11665.435    asap7sc7p5t_SIMPLE_SLVT_SS_nldm_201020       0 
XNOR2x2_ASAP7_75t_SRAM             2      5.132        1.378    asap7sc7p5t_SIMPLE_SRAM_SS_nldm_201020       0 
XNOR2xp5_ASAP7_75t_L              23     48.289      274.996    asap7sc7p5t_SIMPLE_LVT_SS_nldm_201020        0 
XNOR2xp5_ASAP7_75t_SL           2869   6023.523   229807.498    asap7sc7p5t_SIMPLE_SLVT_SS_nldm_201020       0 
XNOR2xp5_ASAP7_75t_SRAM            2      4.199        0.873    asap7sc7p5t_SIMPLE_SRAM_SS_nldm_201020       0 
XOR2x1_ASAP7_75t_L                 2      5.599       41.250    asap7sc7p5t_SIMPLE_LVT_SS_nldm_201020        0 
XOR2x1_ASAP7_75t_SL               62    173.560     8370.674    asap7sc7p5t_SIMPLE_SLVT_SS_nldm_201020       0 
XOR2xp5_ASAP7_75t_SL            2345   4923.374   187926.628    asap7sc7p5t_SIMPLE_SLVT_SS_nldm_201020       0 
XOR2xp5_ASAP7_75t_SRAM             6     12.597        2.308    asap7sc7p5t_SIMPLE_SRAM_SS_nldm_201020       0 
---------------------------------------------------------------------------------------------------------------
total                          22265  38818.725  1451164.345                                           


                                                                         Leakage  Leakage 
                Library                Instances Instances %    Area   Power (nW) Power % 
------------------------------------------------------------------------------------------
asap7sc7p5t_AO_LVT_SS_nldm_201020            182         0.8   283.902   1362.238     0.1 
asap7sc7p5t_AO_SLVT_SS_nldm_201020          2764        12.4  4426.955 136374.519     9.4 
asap7sc7p5t_INVBUF_LVT_SS_nldm_201020        563         2.5   552.174   5721.565     0.4 
asap7sc7p5t_INVBUF_RVT_SS_nldm_201020          4         0.0     6.065     11.088     0.0 
asap7sc7p5t_INVBUF_SLVT_SS_nldm_201020      3357        15.1  3574.783 244209.157    16.8 
asap7sc7p5t_INVBUF_SRAM_SS_nldm_201020        17         0.1    14.697      2.469     0.0 
asap7sc7p5t_OA_LVT_SS_nldm_201020             57         0.3    80.482    477.067     0.0 
asap7sc7p5t_OA_SLVT_SS_nldm_201020          1634         7.3  2412.348 106183.673     7.3 
asap7sc7p5t_OA_SRAM_SS_nldm_201020             5         0.0     6.532      1.495     0.0 
asap7sc7p5t_SEQ_SLVT_SS_nldm_201020         1147         5.2  6956.876 206073.210    14.2 
asap7sc7p5t_SIMPLE_LVT_SS_nldm_201020        333         1.5   392.377   2095.802     0.1 
asap7sc7p5t_SIMPLE_RVT_SS_nldm_201020          5         0.0    11.664     10.268     0.0 
asap7sc7p5t_SIMPLE_SLVT_SS_nldm_201020     12180        54.7 20069.545 748635.663    51.6 
asap7sc7p5t_SIMPLE_SRAM_SS_nldm_201020        17         0.1    30.326      6.132     0.0 

                                            Leakage   Leakage 
     Type      Instances    Area   Area %  Power (nW) Power % 
--------------------------------------------------------------
sequential          1147  6956.876   17.9  206073.210    14.2 
inverter            3006  2229.224    5.7   85844.048     5.9 
buffer               935  1918.495    4.9  164100.231    11.3 
logic              17177 27714.131   71.4  995146.857    68.6 
physical_cells         0     0.000    0.0       0.000     0.0 
--------------------------------------------------------------
total              22265 38818.725  100.0 1451164.345   100.0 

