###############################################################
#  Generated by:      Cadence Innovus 21.17-s075_1
#  OS:                Linux x86_64(Host ID KingsLanding)
#  Generated on:      Thu Apr  2 21:19:28 2026
#  Design:            fixed_input_e4m3_mxfp_aitb_top
#  Command:           report_timing > timing.rpt
###############################################################
Path 1: VIOLATED (-68.887 ps) Setup Check with Pin PIPE_3_dot_col2_stage_reg_reg[0][38]/CLK->D
               View: PVT_0P63V_100C.setup_view
              Group: clk
         Startpoint: (R) i_mxfp_mode[0]
              Clock:
           Endpoint: (F) PIPE_3_dot_col2_stage_reg_reg[0][38]/D
              Clock: (R) clk

                        Capture       Launch
         Clock Edge:+  2000.000        0.000
        Src Latency:+   -92.176        0.000
        Net Latency:+    87.000 (P)    0.000 (I)
            Arrival:=  1994.824        0.000

              Setup:-     9.211
        Uncertainty:-   100.000
        Cppr Adjust:+     0.000
      Required Time:=  1885.613
       Launch Clock:=     0.000
          Data Path:+  1954.499
              Slack:=   -68.887

#------------------------------------------------------------------------------------------------------------------------------------------------------------------------------------------
# Timing Point                                                                                 Flags  Arc             Edge  Cell                       Fanout    Trans     Delay    Arrival  
#                                                                                                                                                                 (ps)      (ps)       (ps)  
#------------------------------------------------------------------------------------------------------------------------------------------------------------------------------------------
  i_mxfp_mode[0]                                                                               -      i_mxfp_mode[0]  R     (arrival)                       5    4.100     8.400      8.400  
  FE_DBTC35_i_mxfp_mode_0/Y                                                                    -      A->Y            F     INVx1_ASAP7_75t_SL              6   21.700    20.000     28.400  
  u_fixed_input_e4m3_mxfp_dot_col2_g8902/Y                                                     -      A->Y            F     OR3x1_ASAP7_75t_SL             25   31.400    98.300    126.700  
  FE_OFC262_u_fixed_input_e4m3_mxfp_dot_col2_n_2294/Y                                          -      A->Y            F     BUFx2_ASAP7_75t_SL             66  158.300   106.800    233.500  
  FE_DBTC0_u_fixed_input_e4m3_mxfp_dot_col2_n_2294/Y                                           -      A->Y            R     INVx1_ASAP7_75t_SL             29  177.800   125.700    359.200  
  FE_OFC269_FE_DBTN0_u_fixed_input_e4m3_mxfp_dot_col2_n_2294/Y                                 -      A->Y            R     BUFx2_ASAP7_75t_SL             68  234.600   124.400    483.600  
  u_fixed_input_e4m3_mxfp_dot_col2_g9001/Y                                                     -      A1->Y           R     AO22x1_ASAP7_75t_SL            10  243.400    89.200    572.800  
  FE_DBTC1_u_fixed_input_e4m3_mxfp_dot_col2_n_699/Y                                            -      A->Y            F     INVxp33_ASAP7_75t_SRAM          2  149.200    89.900    662.700  
  u_fixed_input_e4m3_mxfp_dot_col2_genblk1.u_mxfp_multiply_dual_e2m3_mul_58_22_g1296/Y         -      B->Y            R     NOR2xp33_ASAP7_75t_SL           7   71.800    73.200    735.900  
  u_fixed_input_e4m3_mxfp_dot_col2_genblk1.u_mxfp_multiply_dual_e2m3_mul_58_22_g1265/Y         -      A2->Y           F     AOI22xp5_ASAP7_75t_SL           2  138.200    26.900    762.800  
  u_fixed_input_e4m3_mxfp_dot_col2_genblk1.u_mxfp_multiply_dual_e2m3_mul_58_22_g1261/Y         -      B->Y            R     NOR2xp33_ASAP7_75t_SL           3   60.500    44.500    807.300  
  u_fixed_input_e4m3_mxfp_dot_col2_genblk1.u_mxfp_multiply_dual_e2m3_mul_58_22_g1260/Y         -      A->Y            F     INVx1_ASAP7_75t_SL              1   79.000     9.900    817.200  
  u_fixed_input_e4m3_mxfp_dot_col2_genblk1.u_mxfp_multiply_dual_e2m3_mul_58_22_g1242/Y         -      A->Y            R     MAJIxp5_ASAP7_75t_SL            2   25.400    28.000    845.200  
  u_fixed_input_e4m3_mxfp_dot_col2_genblk1.u_mxfp_multiply_dual_e2m3_mul_58_22_g1225/Y         -      A->Y            F     MAJIxp5_ASAP7_75t_SL            2   62.300    29.100    874.300  
  u_fixed_input_e4m3_mxfp_dot_col2_genblk1.u_mxfp_multiply_dual_e2m3_mul_58_22_g1213/Y         -      C->Y            F     MAJx2_ASAP7_75t_SL              2   55.300    33.700    908.000  
  u_fixed_input_e4m3_mxfp_dot_col2_genblk1.u_mxfp_multiply_dual_e2m3_mul_58_22_g1205/Y         -      A->Y            F     MAJx2_ASAP7_75t_SL              2   18.500    27.800    935.800  
  u_fixed_input_e4m3_mxfp_dot_col2_genblk1.u_mxfp_multiply_dual_e2m3_mul_58_22_g1199/Y         -      A->Y            R     MAJIxp5_ASAP7_75t_SL            2   17.900    27.200    963.000  
  u_fixed_input_e4m3_mxfp_dot_col2_genblk1.u_mxfp_multiply_dual_e2m3_mul_58_22_g1197/Y         -      A->Y            R     MAJx2_ASAP7_75t_SL              2   57.400    30.100    993.100  
  u_fixed_input_e4m3_mxfp_dot_col2_genblk1.u_mxfp_multiply_dual_e2m3_mul_58_22_g1194/Y         -      B->Y            F     XNOR2xp5_ASAP7_75t_SL           9   18.500    61.900   1055.000  
  u_fixed_input_e4m3_mxfp_dot_col2_g17792/Y                                                    -      A->Y            R     NAND2xp5_ASAP7_75t_SL           2  136.200    37.800   1092.800  
  u_fixed_input_e4m3_mxfp_dot_col2_g17622/Y                                                    -      B->Y            F     OAI21xp5_ASAP7_75t_SL           2   61.500    17.900   1110.700  
  u_fixed_input_e4m3_mxfp_dot_col2_g17555/Y                                                    -      B1->Y           R     AOI22xp5_ASAP7_75t_SL           2   70.700    35.400   1146.100  
  u_fixed_input_e4m3_mxfp_dot_col2_g17394/Y                                                    -      A2->Y           R     OA22x2_ASAP7_75t_SL             2   77.600    29.700   1175.800  
  u_fixed_input_e4m3_mxfp_dot_col2_g17269/Y                                                    -      B->Y            F     NOR2xp33_ASAP7_75t_SL           2   23.300    32.300   1208.100  
  u_fixed_input_e4m3_mxfp_dot_col2_csa_tree_add_154_19_I6_g10473/Y                             -      A->Y            F     XNOR2xp5_ASAP7_75t_SL           2   65.200    38.300   1246.400  
  u_fixed_input_e4m3_mxfp_dot_col2_csa_tree_add_154_19_I6_g10334/Y                             -      A->Y            F     XOR2xp5_ASAP7_75t_SL            1   45.200    23.700   1270.100  
  u_fixed_input_e4m3_mxfp_dot_col2_csa_tree_add_154_19_I6_g10299/Y                             -      B->Y            F     XNOR2xp5_ASAP7_75t_SL           2   38.000    32.900   1303.000  
  u_fixed_input_e4m3_mxfp_dot_col2_csa_tree_add_154_19_I6_g10250/Y                             -      B->Y            F     XOR2xp5_ASAP7_75t_SL            1   48.300    25.600   1328.600  
  u_fixed_input_e4m3_mxfp_dot_col2_csa_tree_add_154_19_I6_g10206/Y                             -      B->Y            F     XNOR2xp5_ASAP7_75t_SL           1   40.900    26.200   1354.800  
  g47941/Y                                                                                     -      B2->Y           F     AO22x1_ASAP7_75t_SL             2   31.800    29.100   1383.900  
  u_fixed_input_e4m3_mxfp_dot_col2_final_adder_add_160_28_Y_final_adder_add_154_19_I6_g3160/Y  -      B->Y            R     NOR2xp33_ASAP7_75t_SL           2   25.000    22.600   1406.500  
  u_fixed_input_e4m3_mxfp_dot_col2_final_adder_add_160_28_Y_final_adder_add_154_19_I6_g3005/Y  -      A2->Y           R     OA21x2_ASAP7_75t_SL             2   39.300    25.300   1431.800  
  u_fixed_input_e4m3_mxfp_dot_col2_final_adder_add_160_28_Y_final_adder_add_154_19_I6_g3003/Y  -      A2->Y           R     OA21x2_ASAP7_75t_SL             2   16.000    22.500   1454.300  
  u_fixed_input_e4m3_mxfp_dot_col2_final_adder_add_160_28_Y_final_adder_add_154_19_I6_g3001/Y  -      A2->Y           F     OAI21xp5_ASAP7_75t_SL           2   17.900    18.200   1472.500  
  u_fixed_input_e4m3_mxfp_dot_col2_final_adder_add_160_28_Y_final_adder_add_154_19_I6_g2999/Y  -      A1->Y           R     AOI21xp5_ASAP7_75t_SL           2   40.000    23.600   1496.099  
  u_fixed_input_e4m3_mxfp_dot_col2_final_adder_add_160_28_Y_final_adder_add_154_19_I6_g2997/Y  -      A2->Y           R     OA21x2_ASAP7_75t_SL             2   41.700    26.000   1522.099  
  u_fixed_input_e4m3_mxfp_dot_col2_final_adder_add_160_28_Y_final_adder_add_154_19_I6_g2995/Y  -      A2->Y           F     OAI21xp5_ASAP7_75t_SL           2   16.900    18.600   1540.699  
  u_fixed_input_e4m3_mxfp_dot_col2_final_adder_add_160_28_Y_final_adder_add_154_19_I6_g2993/Y  -      A->Y            F     MAJx2_ASAP7_75t_SL              4   38.600    41.800   1582.500  
  u_fixed_input_e4m3_mxfp_dot_col2_final_adder_add_160_28_Y_final_adder_add_154_19_I6_g2989/Y  -      A1->Y           R     AOI21xp5_ASAP7_75t_SL           2   33.000    26.000   1608.500  
  u_fixed_input_e4m3_mxfp_dot_col2_final_adder_add_160_28_Y_final_adder_add_154_19_I6_g2988/Y  -      A->Y            F     INVx1_ASAP7_75t_SL              1   51.000     8.200   1616.699  
  u_fixed_input_e4m3_mxfp_dot_col2_final_adder_add_160_28_Y_final_adder_add_154_19_I6_g2984/Y  -      B->Y            R     NAND2xp5_ASAP7_75t_SL           2   17.900    16.000   1632.699  
  u_fixed_input_e4m3_mxfp_dot_col2_final_adder_add_160_28_Y_final_adder_add_154_19_I6_g2979/Y  -      B->Y            F     NOR2xp33_ASAP7_75t_SL           2   25.100    23.000   1655.699  
  u_fixed_input_e4m3_mxfp_dot_col2_final_adder_add_160_28_Y_final_adder_add_154_19_I6_g2975/Y  -      B->Y            F     AND2x2_ASAP7_75t_SL             2   45.000    26.400   1682.099  
  u_fixed_input_e4m3_mxfp_dot_col2_final_adder_add_160_28_Y_final_adder_add_154_19_I6_g2969/Y  -      A->Y            R     NAND3xp33_ASAP7_75t_SL          1   13.100    12.100   1694.199  
  u_fixed_input_e4m3_mxfp_dot_col2_final_adder_add_160_28_Y_final_adder_add_154_19_I6_g2963/Y  -      A->Y            F     NAND3xp33_ASAP7_75t_SL          2   33.200    24.800   1718.999  
  u_fixed_input_e4m3_mxfp_dot_col2_final_adder_add_160_28_Y_final_adder_add_154_19_I6_g2954/Y  -      A1->Y           R     AOI21xp5_ASAP7_75t_SL           3   43.900    32.200   1751.199  
  u_fixed_input_e4m3_mxfp_dot_col2_final_adder_add_160_28_Y_final_adder_add_154_19_I6_g2950/Y  -      A2->Y           F     OAI21xp5_ASAP7_75t_SL           2   58.700    23.400   1774.599  
  u_fixed_input_e4m3_mxfp_dot_col2_final_adder_add_160_28_Y_final_adder_add_154_19_I6_g2949/Y  -      A->Y            R     INVx1_ASAP7_75t_L               1   40.200    16.000   1790.599  
  u_fixed_input_e4m3_mxfp_dot_col2_final_adder_add_160_28_Y_final_adder_add_154_19_I6_g2944/Y  -      A2->Y           F     OAI21xp5_ASAP7_75t_SL           2   21.700    18.700   1809.299  
  u_fixed_input_e4m3_mxfp_dot_col2_final_adder_add_160_28_Y_final_adder_add_154_19_I6_g2941/Y  -      A2->Y           R     AOI21xp5_ASAP7_75t_L            2   37.400    29.800   1839.099  
  u_fixed_input_e4m3_mxfp_dot_col2_final_adder_add_160_28_Y_final_adder_add_154_19_I6_g2938/Y  -      A2->Y           F     OAI21xp5_ASAP7_75t_SL           2   48.200    20.400   1859.499  
  u_fixed_input_e4m3_mxfp_dot_col2_final_adder_add_160_28_Y_final_adder_add_154_19_I6_g2935/Y  -      A2->Y           R     AOI21xp5_ASAP7_75t_L            2   34.400    30.300   1889.799  
  u_fixed_input_e4m3_mxfp_dot_col2_final_adder_add_160_28_Y_final_adder_add_154_19_I6_g2/Y     -      B->Y            R     XOR2xp5_ASAP7_75t_SL            1   49.900    24.500   1914.299  
  u_fixed_input_e4m3_mxfp_dot_col2_g8648/Y                                                     -      A->Y            F     INVx1_ASAP7_75t_SL              1   27.100     8.800   1923.099  
  u_fixed_input_e4m3_mxfp_dot_col2_g8636/Y                                                     -      A2->Y           R     OAI21xp5_ASAP7_75t_SL           1   14.200    21.300   1944.399  
  g24556/Y                                                                                     -      A->Y            F     INVx1_ASAP7_75t_SL              1   98.300    10.100   1954.499  
  PIPE_3_dot_col2_stage_reg_reg[0][38]/D                                                       -      D               F     ASYNC_DFFHx1_ASAP7_75t_SL       1   29.300     0.000   1954.499  
#------------------------------------------------------------------------------------------------------------------------------------------------------------------------------------------

