###############################################################
#  Generated by:      Cadence Innovus 21.17-s075_1
#  OS:                Linux x86_64(Host ID KingsLanding)
#  Generated on:      Fri Apr  3 11:50:55 2026
#  Design:            fixed8_mxfp_aitb_comp_wrapper
#  Command:           report_timing > timing.rpt
###############################################################
Path 1: VIOLATED (-479.114 ps) Setup Check with Pin u_fixed8_mxfp_aitb_comp_top_PIPE_OUT_col2_stage_reg_reg[0][11]/CLK->D
               View: PVT_0P63V_100C.setup_view
              Group: clk
         Startpoint: (R) acc_en
              Clock:
           Endpoint: (F) u_fixed8_mxfp_aitb_comp_top_PIPE_OUT_col2_stage_reg_reg[0][11]/D
              Clock: (R) clk

                        Capture       Launch
         Clock Edge:+  1000.000        0.000
        Src Latency:+  -251.256        0.000
        Net Latency:+   236.700 (P)    0.000 (I)
            Arrival:=   985.444        0.000

              Setup:-     5.558
        Uncertainty:-   100.000
        Cppr Adjust:+     0.000
      Required Time:=   879.886
       Launch Clock:=     0.000
          Data Path:+  1359.000
              Slack:=  -479.114

#----------------------------------------------------------------------------------------------------------------------------------------------------------------------
# Timing Point                                                                       Flags  Arc     Edge  Cell                       Fanout   Trans    Delay    Arrival  
#                                                                                                                                              (ps)     (ps)       (ps)  
#----------------------------------------------------------------------------------------------------------------------------------------------------------------------
  acc_en                                                                             -      acc_en  R     (arrival)                       2   4.100    6.500      6.500  
  u_fixed8_mxfp_aitb_comp_top_g46275/Y                                               -      A->Y    F     INVx3_ASAP7_75t_SL              3  17.000    9.400     15.900  
  u_fixed8_mxfp_aitb_comp_top_g46110_dup/Y                                           -      A->Y    F     AND2x6_ASAP7_75t_SL             3  13.300   36.400     52.300  
  FE_OCPC3205_FE_RN_373/Y                                                            -      A->Y    F     BUFx12f_ASAP7_75t_SL           11  37.200   34.300     86.600  
  u_fixed8_mxfp_aitb_comp_top_g45887/Y                                               -      A2->Y   R     AOI22x1_ASAP7_75t_SL            3  30.700   31.100    117.700  
  u_fixed8_mxfp_aitb_comp_top_g45055/Y                                               -      B->Y    F     NAND2x1_ASAP7_75t_SL            1  56.400    7.200    124.900  
  u_fixed8_mxfp_aitb_comp_top_g44991/Y                                               -      A->Y    R     MAJIxp5_ASAP7_75t_SL            1  20.100   20.800    145.700  
  FE_RC_1293_0/Y                                                                     -      B->Y    F     AOI31xp67_ASAP7_75t_SL          1  36.300   19.100    164.800  
  FE_RC_1552_0/Y                                                                     -      B->Y    R     OAI21xp5_ASAP7_75t_SL           1  29.000   16.000    180.800  
  FE_RC_763_0/Y                                                                      -      B->Y    F     AOI21x1_ASAP7_75t_SL            3  32.900   18.500    199.300  
  u_fixed8_mxfp_aitb_comp_top_g44900/Y                                               -      A1->Y   F     OA21x2_ASAP7_75t_SL             2  31.900   30.100    229.400  
  FE_RC_1602_0/Y                                                                     -      A->Y    F     BUFx12f_ASAP7_75t_SL           15  21.800   24.000    253.400  
  u_fixed8_mxfp_aitb_comp_top_g44769/Y                                               -      B->Y    R     NAND2x1p5_ASAP7_75t_SL          3  20.000   16.200    269.600  
  FE_RC_297_0_dup/Y                                                                  -      B->Y    R     OA21x2_ASAP7_75t_SL             1  26.800   23.200    292.800  
  FE_RC_1771_0/Y                                                                     -      B->Y    F     NAND4xp75_ASAP7_75t_SL          5  17.800   23.900    316.700  
  u_fixed8_mxfp_aitb_comp_top_g44484_dup1/Y                                          -      A->Y    F     OR2x2_ASAP7_75t_SL              1  45.100   28.900    345.600  
  u_fixed8_mxfp_aitb_comp_top_g44426/Y                                               -      B->Y    R     NOR2x2_ASAP7_75t_SL             2  18.500   13.400    359.000  
  u_fixed8_mxfp_aitb_comp_top_g44423_dup/Y                                           -      A->Y    F     INVx2_ASAP7_75t_SL              1  22.000    5.900    364.900  
  u_fixed8_mxfp_aitb_comp_top_g44390/Y                                               -      A->Y    F     AND3x2_ASAP7_75t_SL             3   9.600   21.300    386.200  
  FE_RC_182_0/Y                                                                      -      A->Y    F     AND2x4_ASAP7_75t_SL             8  18.600   27.900    414.100  
  FE_OCPC2474_u_fixed8_mxfp_aitb_comp_top_n_35180/Y                                  -      A->Y    R     INVx2_ASAP7_75t_SL              1  22.100    7.700    421.800  
  FE_RC_573_0/Y                                                                      -      A2->Y   F     OAI21xp5_ASAP7_75t_SL           1  11.600   13.200    435.000  
  FE_RC_1001_0/Y                                                                     -      A1->Y   R     AOI22x1_ASAP7_75t_SL            2  28.500   28.800    463.800  
  FE_RC_1514_0/Y                                                                     -      A2->Y   F     OAI22x1_ASAP7_75t_SL            2  56.700   22.200    486.000  
  FE_RC_380_0/Y                                                                      -      A1->Y   R     AOI22x1_ASAP7_75t_SL            5  37.200   29.700    515.700  
  FE_RC_672_0/Y                                                                      -      B->Y    F     NAND2xp5_ASAP7_75t_SL           2  50.700   19.200    534.900  
  FE_RC_2133_0/Y                                                                     -      B->Y    R     OAI21xp5_ASAP7_75t_SL           4  34.100   24.300    559.200  
  u_fixed8_mxfp_aitb_comp_top_addinc_FP32_ALU_col2_fracAdder_add_113_18_g1204/Y      -      A->Y    R     OR2x2_ASAP7_75t_SL              3  62.100   31.800    591.000  
  u_fixed8_mxfp_aitb_comp_top_addinc_FP32_ALU_col2_fracAdder_add_113_18_g1186_dup/Y  -      A->Y    F     INVx2_ASAP7_75t_SL              1  22.300    9.600    600.600  
  u_fixed8_mxfp_aitb_comp_top_addinc_FP32_ALU_col2_fracAdder_add_113_18_g1156/Y      -      B->Y    R     NAND2x2_ASAP7_75t_SL            2  14.300   13.900    614.500  
  FE_RC_1615_0/Y                                                                     -      A2->Y   F     OAI21xp5_ASAP7_75t_SL           1  25.200   16.200    630.700  
  FE_RC_1412_0/Y                                                                     -      B->Y    R     AOI21x1_ASAP7_75t_SL            2  26.100   22.800    653.500  
  FE_RC_318_0/Y                                                                      -      A2->Y   F     OAI22x1_ASAP7_75t_SL            2  37.900   21.000    674.500  
  u_fixed8_mxfp_aitb_comp_top_g42005/Y                                               -      A->Y    R     INVx3_ASAP7_75t_SL              3  32.800   15.600    690.100  
  FE_RC_1090_0/Y                                                                     -      A->Y    F     NAND4xp75_ASAP7_75t_SL          1  23.200   15.800    705.900  
  FE_RC_1778_0/Y                                                                     -      A->Y    R     NOR4xp75_ASAP7_75t_SL           1  31.200   21.600    727.500  
  FE_RC_1603_0/Y                                                                     -      A->Y    R     AND3x4_ASAP7_75t_SL             5  44.100   33.100    760.600  
  FE_RC_172_0/Y                                                                      -      A1->Y   F     AOI21x1_ASAP7_75t_SL            2  23.300   15.200    775.800  
  FE_RC_1053_0/Y                                                                     -      B->Y    R     NAND4xp75_ASAP7_75t_SL          2  42.900   17.100    792.900  
  u_fixed8_mxfp_aitb_comp_top_g41045/Y                                               -      B->Y    R     OR2x2_ASAP7_75t_SL              3  28.800   27.900    820.800  
  FE_RC_168_0_dup/Y                                                                  -      A1->Y   R     OA21x2_ASAP7_75t_SL             1  24.600   24.200    845.000  
  FE_RC_778_0/Y                                                                      -      B->Y    F     NAND4xp75_ASAP7_75t_SL          1  16.300   18.800    863.800  
  FE_OFC344_u_fixed8_mxfp_aitb_comp_top_n_33604/Y                                    -      A->Y    R     INVx4_ASAP7_75t_SL              5  34.900   15.100    878.900  
  FE_RC_749_0/Y                                                                      -      A1->Y   F     AOI21x1_ASAP7_75t_SL            1  23.000   13.800    892.700  
  u_fixed8_mxfp_aitb_comp_top_g40977/Y                                               -      B->Y    R     NAND2x1p5_ASAP7_75t_SL          2  29.400   15.900    908.600  
  u_fixed8_mxfp_aitb_comp_top_g40959/Y                                               -      A1->Y   R     AO31x2_ASAP7_75t_SL             1  25.600   23.100    931.700  
  FE_RC_53_0/Y                                                                       -      B->Y    F     AOI21x1_ASAP7_75t_SL            1  17.400   12.100    943.800  
  u_fixed8_mxfp_aitb_comp_top_g40949/Y                                               -      A->Y    R     NOR2x1p5_ASAP7_75t_SL           6  28.000   23.700    967.500  
  FE_RC_159_0/Y                                                                      -      C->Y    F     NAND3xp33_ASAP7_75t_SL          2  46.300   20.700    988.200  
  u_fixed8_mxfp_aitb_comp_top_g40895_dup/Y                                           -      B->Y    F     OA21x2_ASAP7_75t_SL             3  42.900   34.100   1022.300  
  FE_OCPC3338_FE_RN_84/Y                                                             -      A->Y    R     INVx4_ASAP7_75t_SL              5  29.200   15.900   1038.200  
  FE_RC_243_0/Y                                                                      -      A2->Y   F     AOI22x1_ASAP7_75t_SL            2  24.700   19.200   1057.400  
  u_fixed8_mxfp_aitb_comp_top_g40441/Y                                               -      A1->Y   R     OAI22x1_ASAP7_75t_SL            3  47.600   29.900   1087.300  
  FE_OFC1054_u_fixed8_mxfp_aitb_comp_top_n_32793/Y                                   -      A->Y    F     INVx2_ASAP7_75t_SL              1  56.300    8.600   1095.900  
  FE_RC_2107_0/Y                                                                     -      B2->Y   R     OAI22x1_ASAP7_75t_SL            2  19.300   25.400   1121.300  
  FE_RC_773_0/Y                                                                      -      A1->Y   F     AOI21x1_ASAP7_75t_SL            2  45.700   20.000   1141.300  
  u_fixed8_mxfp_aitb_comp_top_g40121/Y                                               -      B->Y    R     NOR2x1p5_ASAP7_75t_SL           3  33.900   16.100   1157.400  
  FE_RC_1724_0/Y                                                                     -      A->Y    R     AND3x1_ASAP7_75t_SL             1  26.900   28.100   1185.500  
  u_fixed8_mxfp_aitb_comp_top_g40019/Y                                               -      A->Y    F     NAND2x1p5_ASAP7_75t_SL          1  23.400    9.800   1195.300  
  u_fixed8_mxfp_aitb_comp_top_g40010/Y                                               -      A->Y    R     NOR2x2_ASAP7_75t_SL             5  20.900   23.200   1218.500  
  FE_RC_1675_0/Y                                                                     -      A->Y    F     NAND3x2_ASAP7_75t_SL            2  42.800   10.600   1229.100  
  FE_RC_1361_0/Y                                                                     -      B->Y    R     NOR2x1p5_ASAP7_75t_SL           3  23.300   16.800   1245.900  
  u_fixed8_mxfp_aitb_comp_top_g39838/Y                                               -      A->Y    F     INVx2_ASAP7_75t_SL              1  27.600    7.500   1253.400  
  FE_RC_1326_0/Y                                                                     -      A1->Y   R     AOI22x1_ASAP7_75t_SL            5  12.500   22.900   1276.300  
  FE_RC_889_0/Y                                                                      -      A1->Y   F     OAI21xp5_ASAP7_75t_SL           1  44.500   20.400   1296.700  
  FE_RC_888_0_dup/Y                                                                  -      A->Y    F     AND2x4_ASAP7_75t_SL             4  44.300   38.100   1334.800  
  FE_OCPC3156_u_fixed8_mxfp_aitb_comp_top_n_31863/Y                                  -      A->Y    R     INVx6_ASAP7_75t_SL              4  34.200   16.200   1351.000  
  u_fixed8_mxfp_aitb_comp_top_g39705/Y                                               -      B->Y    F     NAND2x1p5_ASAP7_75t_SL          1  27.100    8.000   1359.000  
  u_fixed8_mxfp_aitb_comp_top_PIPE_OUT_col2_stage_reg_reg[0][11]/D                   -      D       F     ASYNC_DFFHx1_ASAP7_75t_SL       1  14.500    0.000   1359.000  
#----------------------------------------------------------------------------------------------------------------------------------------------------------------------

