

Working Directory = /home/msmekhem/research/repositories/fpga-mxfp/aitb_asic/asic/naive_mxfp_aitb_comp_04_03_00_00_obj-dir/syn-rundir
QoS Summary for naive_mxfp_aitb_comp_top
================================================================================
Metric                          final          
================================================================================
Slack (ps):                         2
  R2R (ps):                         2
  I2R (ps):                  no_value
  R2O (ps):                  no_value
  I2O (ps):                  no_value
  CG  (ps):                  no_value
TNS (ps):                           0
  R2R (ps):                         0
  I2R (ps):                  no_value
  R2O (ps):                  no_value
  I2O (ps):                  no_value
  CG  (ps):                  no_value
Failing Paths:                      0
Cell Area:                     39,336
Total Cell Area:               39,336
Leaf Instances:                23,250
Total Instances:               23,250
Utilization (%):                 0.00
Tot. Net Length (um):        no_value
Avg. Net Length (um):        no_value
Route Overflow H (%):        no_value
Route Overflow V (%):        no_value
MBCI(%) (bits/gate) :            0.00
Norm Cong Hotspot Area:
  Max Cong:                  no_value
  Tot Cong:                  no_value
================================================================================
CPU  Runtime (h:m:s):        00:08:32
Real Runtime (h:m:s):        00:05:43
CPU  Elapsed (h:m:s):        00:08:35
Real Elapsed (h:m:s):        00:05:44
Memory (MB):                  1984.61
================================================================================
================================================================================
Flow Settings:
================================================================================
Total Runtime (h:m:s): 00:05:43
Total Memory (MB):     1984.61
Executable Version:    21.17-s066_1
================================================================================
Total Cell Area =  Cell Area + Physical Cell Area
Total Instances =  Leaf Instances + Physical Instances


