Command: report datapath -all > datapath.map.rpt
============================================================
  Generated by:           Genus(TM) Synthesis Solution 21.17-s066_1
  Generated on:           Apr 03 2026  12:02:57 am
  Module:                 nofp8_mxfp_aitb_comp_top
  Library domain:         PVT_0P63V_100C.setup_cond
    Domain index:         0
    Technology libraries: asap7sc7p5t_SIMPLE_RVT_SS_nldm_201020 1.0
                          asap7sc7p5t_SIMPLE_LVT_SS_nldm_201020 1.0
                          asap7sc7p5t_SIMPLE_SLVT_SS_nldm_201020 1.0
                          asap7sc7p5t_SIMPLE_SRAM_SS_nldm_201020 1.0
                          asap7sc7p5t_AO_RVT_SS_nldm_201020 1.0
                          asap7sc7p5t_AO_LVT_SS_nldm_201020 1.0
                          asap7sc7p5t_AO_SLVT_SS_nldm_201020 1.0
                          asap7sc7p5t_AO_SRAM_SS_nldm_201020 1.0
                          asap7sc7p5t_OA_RVT_SS_nldm_201020 1.0
                          asap7sc7p5t_OA_LVT_SS_nldm_201020 1.0
                          asap7sc7p5t_OA_SLVT_SS_nldm_201020 1.0
                          asap7sc7p5t_OA_SRAM_SS_nldm_201020 1.0
                          asap7sc7p5t_SEQ_RVT_SS_nldm_201020 1.0
                          asap7sc7p5t_SEQ_LVT_SS_nldm_201020 1.0
                          asap7sc7p5t_SEQ_SLVT_SS_nldm_201020 1.0
                          asap7sc7p5t_SEQ_SRAM_SS_nldm_201020 1.0
                          asap7sc7p5t_INVBUF_RVT_SS_nldm_201020 1.0
                          asap7sc7p5t_INVBUF_LVT_SS_nldm_201020 1.0
                          asap7sc7p5t_INVBUF_SLVT_SS_nldm_201020 1.0
                          asap7sc7p5t_INVBUF_SRAM_SS_nldm_201020 1.0
  Operating conditions:   PVT_0P63V_100C 
  Interconnect mode:      global
  Area mode:              physical library
============================================================


Inferred components

                       Operator   Signedness   Inputs   Outputs CellArea 
=========================================================================
nofp8_mxfp_aitb_comp_top
 addinc_FP32_ALU_col1_fracAdder_add_113_18
  
  module:add_unsigned_carry_2000
   very_fast              +       unsigned   26x27x1    27        405.05 
  equation:
  assign Z = A+B+CI;
-------------------------------------------------------------------------
   add_113_18             +       unsigned   27x1       27               
   add_113_14             +       unsigned   27x27      27               
=========================================================================
nofp8_mxfp_aitb_comp_top
 addinc_FP32_ALU_col2_fracAdder_add_113_18
  
  module:add_unsigned_carry_2000
   very_fast              +       unsigned   26x27x1    27        405.05 
  equation:
  assign Z = A+B+CI;
-------------------------------------------------------------------------
   FP32_ALU_col2_fracAdder_add_113_18
                          +       unsigned   27x1       27               
   FP32_ALU_col2_fracAdder_add_113_14
                          +       unsigned   26x27      27               
=========================================================================
nofp8_mxfp_aitb_comp_top
 inc_FP32_ALU_col1_roundingAdder_add_274_18_spec1
  
  module:increment_unsigned_3571_3633
   very_fast          increment   unsigned   31x1       31        209.37 
=========================================================================
nofp8_mxfp_aitb_comp_top
 inc_FP32_ALU_col2_roundingAdder_add_274_18_spec1
  
  module:increment_unsigned_3571_3633
   very_fast          increment   unsigned   31x1       31        209.37 
=========================================================================
nofp8_mxfp_aitb_comp_top
 u_fix2fp32_col1_csa_tree_SUB_TC_OP_groupi
  
  module:csa_tree_SUB_TC_OP_group_25883
   very_fast        csa_and_adder            6x8x9x9    10        266.84 
  equation:
  assign out_0 = ((((($signed(in_2) + $signed(in_3)) + 1'sb0) + 1'sb0) + $signed(in_1)) - $signed(in_0));
-------------------------------------------------------------------------
   SUB_TC_OP              -       signed     10x6       10               
   ADD_TC_OP_3            +       signed     10x8       10               
   ADD_TC_OP_2            +       signed     10x1       10               
   ADD_TC_OP_1            +       signed     10x1       10               
   ADD_TC_OP              +       signed     9x9        10               
=========================================================================
nofp8_mxfp_aitb_comp_top
 u_fix2fp32_col2_csa_tree_SUB_TC_OP_groupi
  
  module:csa_tree_SUB_TC_OP_group_25883
   very_fast        csa_and_adder            6x8x9x9    10        266.84 
  equation:
  assign out_0 = ((((($signed(in_2) + $signed(in_3)) + 1'sb0) + 1'sb0) + $signed(in_1)) - $signed(in_0));
-------------------------------------------------------------------------
   SUB_TC_OP              -       signed     10x6       10               
   ADD_TC_OP_3            +       signed     10x8       10               
   ADD_TC_OP_2            +       signed     10x1       10               
   ADD_TC_OP_1            +       signed     10x1       10               
   ADD_TC_OP              +       signed     9x9        10               
=========================================================================
nofp8_mxfp_aitb_comp_top
 u_nofp8_mxfp_comp_dot_fixed_col1
  csa_tree_u_naive_reduction_add_39_40_groupi
   
   module:csa_tree_u_naive_reduction_add_39_40_group_8597
    very_fast       csa_and_adder            19x19x19x1 23       2803.86 
                                             9x19x19x19                  
                                             x19x19x19x                  
                                             19x19                       
   equation:
   assign out_0 = ((((((((((($signed(in_10) + $signed(in_11)) + $signed(in_9)) + $signed(in_8)) + $signed(in_7)) + $signed(in_6)) + $signed(in_5)) + $signed(in_4)) + $signed(in_3)) + $signed(in_2)) + $signed(in_1)) + $signed(in_0));
-------------------------------------------------------------------------
    add_39_40             +       signed     23x19      23               
    add_39_24             +       signed     23x19      23               
    add_39_9              +       signed     23x19      23               
    add_38_39             +       signed     23x19      23               
    add_38_24             +       signed     23x19      23               
    add_38_9              +       signed     23x19      23               
    add_37_39             +       signed     23x19      23               
    add_37_24             +       signed     22x19      23               
    add_37_9              +       signed     21x19      22               
    add_36_46             +       signed     20x19      21               
    add_36_31             +       signed     19x19      20               
=========================================================================
nofp8_mxfp_aitb_comp_top
 u_nofp8_mxfp_comp_dot_fixed_col1
  csa_tree_u_naive_reduction_add_49_39_groupi
   
   module:csa_tree_u_naive_reduction_add_49_39_group_93
    very_fast       csa_and_adder            11x9x9x9x9 12        473.47 
   equation:
   assign out_0 = ((($signed(in_1) + $signed(in_2)) + ($signed(in_3) + $signed(in_4))) + $signed(in_0));
-------------------------------------------------------------------------
    add_49_39             +       signed     11x11      12               
    add_29_28_I2_I1       +       signed     10x10      11               
    add_29_28_I1_I1       +       signed     9x9        10               
    add_29_28_I1_I2       +       signed     9x9        10               
=========================================================================
nofp8_mxfp_aitb_comp_top
 u_nofp8_mxfp_comp_dot_fixed_col1
  inst_mxfp6_mult[0].genblk1.u_mxfp_mult_comp_shift_mxfp6_u_mxfp_multiply_comp_mul_61_26
   
   module:mult_signed
    very_fast/non_booth
                          *       signed     8x8        16        754.67 
=========================================================================
nofp8_mxfp_aitb_comp_top
 u_nofp8_mxfp_comp_dot_fixed_col1
  inst_mxfp6_mult[1].genblk1.u_mxfp_mult_comp_shift_mxfp6_u_mxfp_multiply_comp_mul_61_26
   
   module:mult_signed_1858
    very_fast/non_booth
                          *       signed     8x8        16        754.67 
=========================================================================
nofp8_mxfp_aitb_comp_top
 u_nofp8_mxfp_comp_dot_fixed_col1
  inst_mxfp6_mult[2].genblk1.u_mxfp_mult_comp_shift_mxfp6_u_mxfp_multiply_comp_mul_61_26
   
   module:mult_signed
    very_fast/non_booth
                          *       signed     8x8        16        754.67 
=========================================================================
nofp8_mxfp_aitb_comp_top
 u_nofp8_mxfp_comp_dot_fixed_col1
  inst_mxfp6_mult[3].genblk1.u_mxfp_mult_comp_shift_mxfp6_u_mxfp_multiply_comp_mul_61_26
   
   module:mult_signed
    very_fast/non_booth
                          *       signed     8x8        16        754.67 
=========================================================================
nofp8_mxfp_aitb_comp_top
 u_nofp8_mxfp_comp_dot_fixed_col1
  inst_mxfp6_mult[4].genblk1.u_mxfp_mult_comp_shift_mxfp6_u_mxfp_multiply_comp_mul_61_26
   
   module:mult_signed_1858
    very_fast/non_booth
                          *       signed     8x8        16        754.67 
=========================================================================
nofp8_mxfp_aitb_comp_top
 u_nofp8_mxfp_comp_dot_fixed_col1
  inst_mxfp6_mult[5].genblk1.u_mxfp_mult_comp_shift_mxfp6_u_mxfp_multiply_comp_mul_61_26
   
   module:mult_signed
    very_fast/non_booth
                          *       signed     8x8        16        754.67 
=========================================================================
nofp8_mxfp_aitb_comp_top
 u_nofp8_mxfp_comp_dot_fixed_col1
  inst_mxfp6_mult[6].genblk1.u_mxfp_mult_comp_shift_mxfp6_u_mxfp_multiply_comp_mul_61_26
   
   module:mult_signed
    very_fast/non_booth
                          *       signed     8x8        16        754.67 
=========================================================================
nofp8_mxfp_aitb_comp_top
 u_nofp8_mxfp_comp_dot_fixed_col1
  inst_mxfp6_mult[7].genblk1.u_mxfp_mult_comp_shift_mxfp6_u_mxfp_multiply_comp_mul_61_26
   
   module:mult_signed
    very_fast/non_booth
                          *       signed     8x8        16        754.67 
=========================================================================
nofp8_mxfp_aitb_comp_top
 u_nofp8_mxfp_comp_dot_fixed_col1
  inst_mxfp6_mult[8].genblk1.u_mxfp_mult_comp_shift_mxfp6_u_mxfp_multiply_comp_mul_61_26
   
   module:mult_signed
    very_fast/non_booth
                          *       signed     8x8        16        754.67 
=========================================================================
nofp8_mxfp_aitb_comp_top
 u_nofp8_mxfp_comp_dot_fixed_col1
  inst_mxfp6_mult[9].genblk1.u_mxfp_mult_comp_shift_mxfp6_u_mxfp_multiply_comp_mul_61_26
   
   module:mult_signed
    very_fast/non_booth
                          *       signed     8x8        16        754.67 
=========================================================================
nofp8_mxfp_aitb_comp_top
 u_nofp8_mxfp_comp_dot_fixed_col2
  csa_tree_u_naive_reduction_add_39_40_groupi
   
   module:csa_tree_u_naive_reduction_add_39_40_group_8597
    very_fast       csa_and_adder            19x19x19x1 23       2803.86 
                                             9x19x19x19                  
                                             x19x19x19x                  
                                             19x19                       
   equation:
   assign out_0 = ((((((((((($signed(in_10) + $signed(in_11)) + $signed(in_9)) + $signed(in_8)) + $signed(in_7)) + $signed(in_6)) + $signed(in_5)) + $signed(in_4)) + $signed(in_3)) + $signed(in_2)) + $signed(in_1)) + $signed(in_0));
-------------------------------------------------------------------------
    u_naive_reduction_add_39_40
                          +       signed     23x19      23               
    u_naive_reduction_add_39_24
                          +       signed     23x19      23               
    u_naive_reduction_add_39_9
                          +       signed     23x19      23               
    u_naive_reduction_add_38_39
                          +       signed     23x19      23               
    u_naive_reduction_add_38_24
                          +       signed     23x19      23               
    u_naive_reduction_add_38_9
                          +       signed     23x19      23               
    u_naive_reduction_add_37_39
                          +       signed     23x19      23               
    u_naive_reduction_add_37_24
                          +       signed     22x19      23               
    u_naive_reduction_add_37_9
                          +       signed     21x19      22               
    u_naive_reduction_add_36_46
                          +       signed     20x19      21               
    u_naive_reduction_add_36_31
                          +       signed     19x19      20               
=========================================================================
nofp8_mxfp_aitb_comp_top
 u_nofp8_mxfp_comp_dot_fixed_col2
  csa_tree_u_naive_reduction_add_49_39_groupi
   
   module:csa_tree_u_naive_reduction_add_49_39_group_93
    very_fast       csa_and_adder            11x9x9x9x9 12        473.47 
   equation:
   assign out_0 = ((($signed(in_1) + $signed(in_2)) + ($signed(in_3) + $signed(in_4))) + $signed(in_0));
-------------------------------------------------------------------------
    u_naive_reduction_add_49_39
                          +       signed     11x11      12               
    u_naive_reduction_u_fp4_reduction_add_29_28_I2_I1
                          +       signed     10x10      11               
    u_naive_reduction_u_fp4_reduction_add_29_28_I1_I1
                          +       signed     9x9        10               
    u_naive_reduction_u_fp4_reduction_add_29_28_I1_I2
                          +       signed     9x9        10               
=========================================================================
nofp8_mxfp_aitb_comp_top
 u_nofp8_mxfp_comp_dot_fixed_col2
  inst_mxfp6_mult[0].genblk1.u_mxfp_mult_comp_shift_mxfp6_u_mxfp_multiply_comp_mul_61_26
   
   module:mult_signed
    very_fast/non_booth
                          *       signed     8x8        16        754.67 
=========================================================================
nofp8_mxfp_aitb_comp_top
 u_nofp8_mxfp_comp_dot_fixed_col2
  inst_mxfp6_mult[1].genblk1.u_mxfp_mult_comp_shift_mxfp6_u_mxfp_multiply_comp_mul_61_26
   
   module:mult_signed_1858
    very_fast/non_booth
                          *       signed     8x8        16        754.67 
=========================================================================
nofp8_mxfp_aitb_comp_top
 u_nofp8_mxfp_comp_dot_fixed_col2
  inst_mxfp6_mult[2].genblk1.u_mxfp_mult_comp_shift_mxfp6_u_mxfp_multiply_comp_mul_61_26
   
   module:mult_signed
    very_fast/non_booth
                          *       signed     8x8        16        754.67 
=========================================================================
nofp8_mxfp_aitb_comp_top
 u_nofp8_mxfp_comp_dot_fixed_col2
  inst_mxfp6_mult[3].genblk1.u_mxfp_mult_comp_shift_mxfp6_u_mxfp_multiply_comp_mul_61_26
   
   module:mult_signed
    very_fast/non_booth
                          *       signed     8x8        16        754.67 
=========================================================================
nofp8_mxfp_aitb_comp_top
 u_nofp8_mxfp_comp_dot_fixed_col2
  inst_mxfp6_mult[4].genblk1.u_mxfp_mult_comp_shift_mxfp6_u_mxfp_multiply_comp_mul_61_26
   
   module:mult_signed_1858
    very_fast/non_booth
                          *       signed     8x8        16        754.67 
=========================================================================
nofp8_mxfp_aitb_comp_top
 u_nofp8_mxfp_comp_dot_fixed_col2
  inst_mxfp6_mult[5].genblk1.u_mxfp_mult_comp_shift_mxfp6_u_mxfp_multiply_comp_mul_61_26
   
   module:mult_signed
    very_fast/non_booth
                          *       signed     8x8        16        754.67 
=========================================================================
nofp8_mxfp_aitb_comp_top
 u_nofp8_mxfp_comp_dot_fixed_col2
  inst_mxfp6_mult[6].genblk1.u_mxfp_mult_comp_shift_mxfp6_u_mxfp_multiply_comp_mul_61_26
   
   module:mult_signed
    very_fast/non_booth
                          *       signed     8x8        16        754.67 
=========================================================================
nofp8_mxfp_aitb_comp_top
 u_nofp8_mxfp_comp_dot_fixed_col2
  inst_mxfp6_mult[7].genblk1.u_mxfp_mult_comp_shift_mxfp6_u_mxfp_multiply_comp_mul_61_26
   
   module:mult_signed
    very_fast/non_booth
                          *       signed     8x8        16        754.67 
=========================================================================
nofp8_mxfp_aitb_comp_top
 u_nofp8_mxfp_comp_dot_fixed_col2
  inst_mxfp6_mult[8].genblk1.u_mxfp_mult_comp_shift_mxfp6_u_mxfp_multiply_comp_mul_61_26
   
   module:mult_signed
    very_fast/non_booth
                          *       signed     8x8        16        754.67 
=========================================================================
nofp8_mxfp_aitb_comp_top
 u_nofp8_mxfp_comp_dot_fixed_col2
  inst_mxfp6_mult[9].genblk1.u_mxfp_mult_comp_shift_mxfp6_u_mxfp_multiply_comp_mul_61_26
   
   module:mult_signed
    very_fast/non_booth
                          *       signed     8x8        16        754.67 
=========================================================================

      Type       CellArea Percentage 
-------------------------------------
datapath modules 23410.63      50.36 
external muxes       0.00       0.00 
others           23073.31      49.64 
-------------------------------------
total            46483.94     100.00 

