###############################################################
#  Generated by:      Cadence Innovus 21.17-s075_1
#  OS:                Linux x86_64(Host ID KingsLanding)
#  Generated on:      Fri Apr  3 11:52:49 2026
#  Design:            e5m2_4_mxfp_aitb_comp_top
#  Command:           report_timing > timing.rpt
###############################################################
Path 1: VIOLATED (-530.213 ps) Setup Check with Pin PIPE_OUT_col2_stage_reg_reg[0][0]/CLK->D
               View: PVT_0P63V_100C.setup_view
              Group: clk
         Startpoint: (R) acc_en
              Clock:
           Endpoint: (F) PIPE_OUT_col2_stage_reg_reg[0][0]/D
              Clock: (R) clk

                        Capture       Launch
         Clock Edge:+  1000.000        0.000
        Src Latency:+  -267.581        0.000
        Net Latency:+   270.400 (P)    0.000 (I)
            Arrival:=  1002.819        0.000

              Setup:-    12.331
        Uncertainty:-   100.000
        Cppr Adjust:+     0.000
      Required Time:=   890.488
       Launch Clock:=     0.000
          Data Path:+  1420.701
              Slack:=  -530.213

#-------------------------------------------------------------------------------------------------------------------------------------
# Timing Point                                      Flags  Arc     Edge  Cell                       Fanout   Trans    Delay    Arrival  
#                                                                                                             (ps)     (ps)       (ps)  
#-------------------------------------------------------------------------------------------------------------------------------------
  acc_en                                            -      acc_en  R     (arrival)                       2   4.100    6.600      6.600  
  g45987/Y                                          -      A->Y    F     INVx5_ASAP7_75t_SL              3  17.800    8.600     15.200  
  g45895_dup1/Y                                     -      A->Y    F     AND2x6_ASAP7_75t_SL             1  11.200   35.900     51.100  
  FE_OCPC3661_FE_RN_372/Y                           -      A->Y    R     INVx11_ASAP7_75t_SL             4  42.000   27.800     78.900  
  FE_OCPC3665_FE_RN_372/Y                           -      A->Y    F     INVx8_ASAP7_75t_SL              7  35.800   12.900     91.800  
  FE_RC_2312_0/Y                                    -      A->Y    F     AND2x4_ASAP7_75t_SL             1  22.200   20.800    112.600  
  FE_RC_2311_0/Y                                    -      B->Y    R     AOI21x1_ASAP7_75t_SL            3  10.400   18.800    131.400  
  FE_OCPC3756_n_3060/Y                              -      A->Y    R     BUFx3_ASAP7_75t_SL              2  39.500   20.800    152.200  
  g44921/Y                                          -      A2->Y   F     AOI22x1_ASAP7_75t_SL            1  12.600    9.700    161.900  
  FE_RC_319_0/Y                                     -      B2->Y   F     OA22x2_ASAP7_75t_SL             1  28.700   31.300    193.200  
  FE_RC_2340_0/Y                                    -      A1->Y   R     OAI21xp5_ASAP7_75t_SL           1  17.100   15.900    209.100  
  FE_RC_2202_0/Y                                    -      A2->Y   F     OAI211xp5_ASAP7_75t_SL          1  29.500   22.700    231.800  
  FE_RC_312_0/Y                                     -      A->Y    F     AND2x6_ASAP7_75t_SL             9  41.600   41.400    273.200  
  FE_OFC319_n_3638/Y                                -      A->Y    R     INVx11_ASAP7_75t_SL            15  36.900   23.200    296.400  
  FE_RC_1777_0/Y                                    -      B->Y    F     NOR2x1p5_ASAP7_75t_SL           1  30.300   11.400    307.800  
  FE_RC_2240_0/Y                                    -      B->Y    R     AOI21x1_ASAP7_75t_SL            2  19.100   19.500    327.300  
  FE_RC_2395_0/Y                                    -      A->Y    F     NAND4xp75_ASAP7_75t_SL          1  32.400   18.400    345.700  
  g44185/Y                                          -      B->Y    R     NOR2x2_ASAP7_75t_SL             5  35.900   28.400    374.100  
  g44154/Y                                          -      B->Y    R     AND2x4_ASAP7_75t_SL             3  49.900   27.100    401.200  
  FE_RC_1291_0/Y                                    -      B->Y    F     NAND2x2_ASAP7_75t_SL            2  19.800   10.900    412.100  
  FE_RC_1522_0/Y                                    -      A1->Y   R     AOI21x1_ASAP7_75t_SL            1  16.800   18.300    430.400  
  FE_OCPC2783_FE_RN_84/Y                            -      A->Y    F     INVx3_ASAP7_75t_SL              2  33.600   11.000    441.400  
  g43907/Y                                          -      B->Y    R     NAND2x1p5_ASAP7_75t_SL          2  17.800   13.300    454.700  
  FE_RC_370_0/Y                                     -      B->Y    F     OAI21xp5_ASAP7_75t_SL           1  35.000   16.400    471.100  
  g43800/Y                                          -      A2->Y   R     AOI21x1_ASAP7_75t_SL            2  28.700   16.600    487.700  
  FE_RC_1303_0/Y                                    -      B2->Y   F     OAI22x1_ASAP7_75t_SL            2  28.700   15.500    503.200  
  g43619/Y                                          -      A2->Y   F     AO22x2_ASAP7_75t_SL             2  31.400   29.000    532.200  
  FE_RC_1614_0/Y                                    -      B1->Y   R     AOI22x1_ASAP7_75t_SL            1  17.600   19.000    551.200  
  FE_RC_895_0/Y                                     -      B->Y    R     XOR2x1_ASAP7_75t_SL             3  36.400   34.700    585.900  
  addinc_FP32_ALU_col2_fracAdder_add_113_18_g980/Y  -      B->Y    F     NOR2x1p5_ASAP7_75t_SL           3  58.300   17.900    603.800  
  addinc_FP32_ALU_col2_fracAdder_add_113_18_g943/Y  -      A->Y    R     INVx2_ASAP7_75t_SL              1  54.200   13.000    616.800  
  FE_RC_1470_0/Y                                    -      A1->Y   F     AOI21x1_ASAP7_75t_SL            1  21.700   10.600    627.400  
  addinc_FP32_ALU_col2_fracAdder_add_113_18_g816/Y  -      B->Y    R     OAI21xp5_ASAP7_75t_SL           1  16.900   15.900    643.300  
  addinc_FP32_ALU_col2_fracAdder_add_113_18_g808/Y  -      B->Y    F     AOI21x1_ASAP7_75t_SL            3  40.200   22.500    665.800  
  addinc_FP32_ALU_col2_fracAdder_add_113_18_g796/Y  -      B->Y    R     NOR2x1p5_ASAP7_75t_SL           4  40.900   19.000    684.800  
  addinc_FP32_ALU_col2_fracAdder_add_113_18_g783/Y  -      B->Y    R     OR2x2_ASAP7_75t_SL              4  32.300   31.300    716.100  
  FE_RC_621_0/Y                                     -      A1->Y   F     AOI21x1_ASAP7_75t_SL            1  28.500   13.400    729.500  
  addinc_FP32_ALU_col2_fracAdder_add_113_18_g747/Y  -      B->Y    F     XNOR2xp5_ASAP7_75t_SL           1  21.700   26.700    756.200  
  FE_OFC1044_n_5450/Y                               -      A->Y    R     INVx2_ASAP7_75t_SL              2  35.800   13.700    769.900  
  g47211/Y                                          -      A->Y    F     NAND2x1p5_ASAP7_75t_SL          1  21.000    9.200    779.100  
  g46832/Y                                          -      B->Y    R     NOR2x1p5_ASAP7_75t_SL           2  16.500   14.200    793.300  
  FE_RC_72_0/Y                                      -      A->Y    R     AND3x4_ASAP7_75t_SL             6  22.900   34.900    828.200  
  FE_OCPC2453_n_1585/Y                              -      A->Y    F     INVx3_ASAP7_75t_SL              1  32.900    6.200    834.400  
  FE_RC_1324_0/Y                                    -      A2->Y   R     OAI22x1_ASAP7_75t_SL            2  12.300   17.700    852.100  
  FE_RC_1302_0/Y                                    -      A->Y    F     NAND4xp75_ASAP7_75t_SL          3  42.500   27.300    879.400  
  FE_RC_1468_0/Y                                    -      B->Y    R     NOR2x2_ASAP7_75t_SL             3  51.200   20.900    900.300  
  g46731/Y                                          -      B->Y    F     NAND2x1p5_ASAP7_75t_SL          3  36.300   16.200    916.500  
  FE_RC_1189_0_dup/Y                                -      D->Y    R     NAND4xp75_ASAP7_75t_SL          1  32.200   21.400    937.900  
  FE_DBTC46_n_1682/Y                                -      A->Y    F     INVx4_ASAP7_75t_SL              9  33.900   15.900    953.800  
  g45843/Y                                          -      A2->Y   R     AOI21x1_ASAP7_75t_SL            2  23.800   18.400    972.200  
  fopt123462/Y                                      -      A->Y    F     INVx3_ASAP7_75t_SL              3  38.900   10.900    983.100  
  g45820/Y                                          -      A1->Y   F     AO31x2_ASAP7_75t_SL             2  18.600   19.800   1002.900  
  g45816_dup/Y                                      -      B->Y    R     NOR2x1p5_ASAP7_75t_SL           4  14.800   22.300   1025.200  
  FE_RC_1682_0/Y                                    -      B->Y    F     NAND2x2_ASAP7_75t_SL            9  41.300   23.900   1049.100  
  FE_RC_1434_0/Y                                    -      B2->Y   R     OAI22x1_ASAP7_75t_SL            1  39.800   31.800   1080.900  
  FE_OCPC2535_n_1751/Y                              -      A->Y    F     INVx6_ASAP7_75t_SL             16  59.600   20.000   1100.900  
  FE_RC_1685_0/Y                                    -      B1->Y   F     AO22x2_ASAP7_75t_SL             3  39.700   35.000   1135.900  
  g46568/Y                                          -      A->Y    R     INVx2_ASAP7_75t_SL              1  19.500    8.300   1144.200  
  FE_RC_1873_0/Y                                    -      B2->Y   F     OAI22x1_ASAP7_75t_SL            2  12.400   13.100   1157.300  
  FE_RC_574_0/Y                                     -      B1->Y   F     AO221x1_ASAP7_75t_SL            2  29.600   37.900   1195.200  
  FE_RC_2384_0/Y                                    -      D->Y    R     NAND4xp75_ASAP7_75t_SL          1  28.300   19.300   1214.500  
  FE_RC_451_0/Y                                     -      B->Y    F     NOR2x1p5_ASAP7_75t_SL           3  30.300   17.400   1231.900  
  g46256/Y                                          -      B->Y    R     NAND2x2_ASAP7_75t_SL            4  25.500   24.100   1256.000  
  FE_RC_1737_0/Y                                    -      A->Y    F     NOR2x1p5_ASAP7_75t_SL           1  39.200   13.900   1269.900  
  g44768/Y                                          -      B->Y    F     AND2x4_ASAP7_75t_SL             3  21.500   22.700   1292.600  
  FE_RC_2381_0/Y                                    -      B->Y    F     AND2x4_ASAP7_75t_SL             2  13.300   18.400   1311.000  
  FE_RC_131_0/Y                                     -      B->Y    F     XOR2x1_ASAP7_75t_SL             2  11.200   25.300   1336.301  
  FE_RC_2226_0/Y                                    -      B->Y    R     NAND4xp75_ASAP7_75t_SL          2  32.400   17.800   1354.100  
  g44588_dup/Y                                      -      A2->Y   F     AOI21x1_ASAP7_75t_SL            1  33.800   17.800   1371.901  
  FE_OFC325_n_2540/Y                                -      A->Y    R     INVx6_ASAP7_75t_SL             23  60.800   28.900   1400.801  
  g46115/Y                                          -      B->Y    F     OAI21xp5_ASAP7_75t_SL           1  64.800   19.900   1420.701  
  PIPE_OUT_col2_stage_reg_reg[0][0]/D               -      D       F     ASYNC_DFFHx1_ASAP7_75t_SL       1  37.700    0.000   1420.701  
#-------------------------------------------------------------------------------------------------------------------------------------

