###############################################################
#  Generated by:      Cadence Innovus 21.17-s075_1
#  OS:                Linux x86_64(Host ID KingsLanding)
#  Generated on:      Thu Apr  2 21:15:20 2026
#  Design:            aitb_top
#  Command:           report_timing > timing.rpt
###############################################################
Path 1: VIOLATED (-71.221 ps) Setup Check with Pin PIPE_OUT_col1_stage_reg_reg[0][0]/CLK->D
               View: PVT_0P63V_100C.setup_view
              Group: clk
         Startpoint: (F) zero_en
              Clock:
           Endpoint: (R) PIPE_OUT_col1_stage_reg_reg[0][0]/D
              Clock: (R) clk

                        Capture       Launch
         Clock Edge:+  2000.000        0.000
        Src Latency:+   -84.557        0.000
        Net Latency:+    87.100 (P)    0.000 (I)
            Arrival:=  2002.543        0.000

              Setup:-     5.764
        Uncertainty:-   100.000
        Cppr Adjust:+     0.000
      Required Time:=  1896.779
       Launch Clock:=     0.000
          Data Path:+  1968.000
              Slack:=   -71.221

#---------------------------------------------------------------------------------------------------------------------------------------------
# Timing Point                                             Flags  Arc      Edge  Cell                       Fanout   Trans    Delay    Arrival  
#                                                                                                                     (ps)     (ps)       (ps)  
#---------------------------------------------------------------------------------------------------------------------------------------------
  zero_en                                                  -      zero_en  F     (arrival)                       1   4.000    0.200      0.200  
  g32521/Y                                                 -      A->Y     R     INVx1_ASAP7_75t_SL              2   4.000   13.500     13.700  
  g32435/Y                                                 -      B->Y     R     AND2x6_ASAP7_75t_SL            50  25.300   81.300     95.000  
  FE_OFC302_n_955/Y                                        -      A->Y     R     BUFx3_ASAP7_75t_SL             16  92.000   44.600    139.600  
  g32269/Y                                                 -      B1->Y    R     AO22x1_ASAP7_75t_SL             3  54.000   43.600    183.200  
  g31923/Y                                                 -      A->Y     R     AND2x2_ASAP7_75t_SL             4  56.700   24.500    207.700  
  g31860/Y                                                 -      B->Y     F     NOR2xp33_ASAP7_75t_SL           2  20.700   30.100    237.800  
  g31690/Y                                                 -      B->Y     R     NAND3x1_ASAP7_75t_SL            2  51.800   32.500    270.300  
  g31623/Y                                                 -      B->Y     F     NOR2xp33_ASAP7_75t_SL           1  46.900   21.300    291.600  
  g31595/Y                                                 -      B->Y     F     OA21x2_ASAP7_75t_SL             2  38.100   23.900    315.500  
  g31586/Y                                                 -      B->Y     F     OR2x4_ASAP7_75t_SL             20  15.500   47.600    363.100  
  g31488/Y                                                 -      B2->Y    F     OA22x2_ASAP7_75t_SL             5  50.500   41.900    405.000  
  g31433/Y                                                 -      A->Y     R     INVx2_ASAP7_75t_SL              4  26.300   14.200    419.200  
  g31275__6131/Y                                           -      B->Y     F     NOR4xp25_ASAP7_75t_SL           1  21.200   13.100    432.300  
  g31259__6260/Y                                           -      A->Y     R     NAND2xp5_ASAP7_75t_SL           1  26.000   17.800    450.100  
  FE_OFC256_n_1737/Y                                       -      A->Y     F     INVx1_ASAP7_75t_SL              3  26.300   17.100    467.200  
  FE_OFC258_n_1737/Y                                       -      A->Y     R     INVx1_ASAP7_75t_SL              1  25.400   16.100    483.300  
  g31242__6161/Y                                           -      A->Y     F     NAND4xp75_ASAP7_75t_SL          2  24.200   15.100    498.400  
  g31217__6783/Y                                           -      B->Y     R     NAND2xp5_ASAP7_75t_SL           1  38.400   16.500    514.900  
  g31211__2398/Y                                           -      B->Y     R     OR2x2_ASAP7_75t_SL              5  24.200   35.900    550.800  
  g31179/Y                                                 -      A->Y     F     INVx3_ASAP7_75t_SL             11  44.400   19.000    569.800  
  g31155__3680/Y                                           -      A->Y     F     AND2x2_ASAP7_75t_SL            13  28.900   37.500    607.300  
  g31105__2346/Y                                           -      B2->Y    F     AO22x1_ASAP7_75t_SL             2  35.600   32.400    639.700  
  g31010__1705/Y                                           -      B1->Y    R     AOI22xp5_ASAP7_75t_SL           2  22.300   25.300    665.000  
  g30928__6417/Y                                           -      A1->Y    F     OAI22xp5_ASAP7_75t_L            2  51.300   28.600    693.600  
  g30852__8246/Y                                           -      B1->Y    R     AOI22xp5_ASAP7_75t_SL           1  40.600   25.200    718.800  
  g30816__2802/Y                                           -      B->Y     R     XNOR2xp5_ASAP7_75t_SL           2  54.300   23.800    742.600  
  addinc_FP32_ALU_col1_fracAdder_add_113_18_g963/Y         -      B->Y     F     NOR2xp33_ASAP7_75t_SL           3  67.400   43.700    786.300  
  addinc_FP32_ALU_col1_fracAdder_add_113_18_g846/Y         -      B->Y     R     NOR2x1_ASAP7_75t_SL             2  69.900   19.100    805.400  
  addinc_FP32_ALU_col1_fracAdder_add_113_18_g808/Y         -      B->Y     F     NAND2xp5_ASAP7_75t_SL           1  36.200   11.900    817.300  
  addinc_FP32_ALU_col1_fracAdder_add_113_18_g769/Y         -      A1->Y    R     OAI21xp5_ASAP7_75t_SL           5  21.000   37.200    854.500  
  addinc_FP32_ALU_col1_fracAdder_add_113_18_g750/Y         -      B->Y     R     AND2x2_ASAP7_75t_SL             3  74.800   28.900    883.400  
  addinc_FP32_ALU_col1_fracAdder_add_113_18_g736/Y         -      A2->Y    F     AOI21x1_ASAP7_75t_SL            1  20.700   11.900    895.300  
  addinc_FP32_ALU_col1_fracAdder_add_113_18_g735/Y         -      A->Y     R     INVx3_ASAP7_75t_SL             11  24.900   21.200    916.500  
  addinc_FP32_ALU_col1_fracAdder_add_113_18_g724/Y         -      A1->Y    F     AOI21xp5_ASAP7_75t_SL           1  33.900   17.200    933.700  
  addinc_FP32_ALU_col1_fracAdder_add_113_18_g710/Y         -      B->Y     F     XNOR2xp5_ASAP7_75t_SL           4  28.500   37.600    971.300  
  g21116__8428/Y                                           -      B->Y     R     NOR2xp33_ASAP7_75t_SL           1  55.400   22.200    993.500  
  g21100__4733/Y                                           -      A->Y     R     AND3x1_ASAP7_75t_SL             1  38.800   27.500   1021.000  
  g21092__5122/Y                                           -      A->Y     R     AND3x4_ASAP7_75t_SL            10  18.300   31.100   1052.100  
  g21071__7410/Y                                           -      A1->Y    F     AOI21xp5_ASAP7_75t_SL           4  27.400   28.100   1080.200  
  g21062__4733/Y                                           -      A->Y     R     NAND4xp25_ASAP7_75t_SL          1  54.900   18.600   1098.800  
  g21053__1881/Y                                           -      A->Y     R     OR2x2_ASAP7_75t_SL              7  32.300   34.900   1133.700  
  FE_OFC246_n_2225/Y                                       -      A->Y     F     INVx2_ASAP7_75t_SL              4  34.000   13.300   1147.000  
  g21041__5122/Y                                           -      B->Y     F     AND2x2_ASAP7_75t_SL             3  20.700   25.200   1172.200  
  g21020__2346/Y                                           -      A2->Y    R     AOI21x1_ASAP7_75t_SL            4  17.100   21.500   1193.700  
  g21007__4733/Y                                           -      A->Y     F     NAND4xp75_ASAP7_75t_SL          7  46.300   33.000   1226.700  
  g20987__6260/Y                                           -      A2->Y    R     OAI21xp5_ASAP7_75t_SL           1  62.500   23.900   1250.600  
  g20982__7410/Y                                           -      B->Y     F     AOI21xp5_ASAP7_75t_SL           2  39.100   21.300   1271.900  
  g20979/Y                                                 -      A->Y     R     INVx1_ASAP7_75t_SL              1  46.300   12.400   1284.300  
  g20966__1881/Y                                           -      A2->Y    R     OA21x2_ASAP7_75t_SL             3  20.200   23.800   1308.100  
  g20956__3680/Y                                           -      B->Y     F     NAND2xp5_ASAP7_75t_SL           1  19.400    9.500   1317.600  
  g20953__8428/Y                                           -      A1->Y    R     OAI21xp5_ASAP7_75t_SL           2  16.300   26.100   1343.700  
  g20950__5107/Y                                           -      A2->Y    F     AOI21x1_ASAP7_75t_SL            1  51.000   12.100   1355.800  
  g20945__6417/Y                                           -      B->Y     R     NOR3x1_ASAP7_75t_SL             4  27.900   25.100   1380.900  
  FE_OFC247_n_2319/Y                                       -      A->Y     F     INVx2_ASAP7_75t_SL              5  46.100   14.200   1395.100  
  g20901__5107/Y                                           -      B->Y     R     NAND2xp5_ASAP7_75t_SL           1  24.100   17.800   1412.900  
  g20895__2346/Y                                           -      B->Y     R     AND2x6_ASAP7_75t_SL            24  26.200   34.800   1447.700  
  g20879/Y                                                 -      A->Y     F     INVx8_ASAP7_75t_SL             24  43.300   22.000   1469.700  
  g20743__9945/Y                                           -      B1->Y    R     AOI22xp5_ASAP7_75t_SL           2  29.400   24.600   1494.300  
  g20622__7410/Y                                           -      A1->Y    F     OAI22xp5_ASAP7_75t_SL           4  45.500   31.500   1525.800  
  FE_OFC286_n_2565/Y                                       -      A->Y     R     INVx1_ASAP7_75t_SL              3  61.800   22.500   1548.300  
  FE_OFC287_n_2565/Y                                       -      A->Y     F     INVx1_ASAP7_75t_SL              3  35.800   15.100   1563.400  
  inc_FP32_ALU_col1_roundingAdder_add_274_18_spec1_g562/Y  -      A->Y     R     NAND2xp5_ASAP7_75t_SL           3  23.600   24.800   1588.200  
  inc_FP32_ALU_col1_roundingAdder_add_274_18_spec1_g552/Y  -      B->Y     F     NOR2x1_ASAP7_75t_SL             3  41.700   22.100   1610.300  
  inc_FP32_ALU_col1_roundingAdder_add_274_18_spec1_g547/Y  -      B->Y     F     AND2x4_ASAP7_75t_SL             5  31.500   25.000   1635.300  
  inc_FP32_ALU_col1_roundingAdder_add_274_18_spec1_g531/Y  -      A->Y     F     AND5x1_ASAP7_75t_SL             3  14.700   26.700   1662.000  
  inc_FP32_ALU_col1_roundingAdder_add_274_18_spec1_g521/Y  -      B->Y     R     NAND2x1_ASAP7_75t_SL            5  24.400   33.700   1695.700  
  FE_RC_3_0/Y                                              -      A->Y     F     NOR3x2_ASAP7_75t_SL             4  61.000   23.600   1719.300  
  FE_RC_0_0/Y                                              -      B->Y     R     NAND2x2_ASAP7_75t_SL            3  35.600   19.800   1739.100  
  inc_FP32_ALU_col1_roundingAdder_add_274_18_spec1_g475/Y  -      B->Y     F     NOR2x1_ASAP7_75t_SL             2  27.200   12.400   1751.500  
  inc_FP32_ALU_col1_roundingAdder_add_274_18_spec1_g472/Y  -      B->Y     F     AND2x2_ASAP7_75t_SL             3  23.700   23.500   1775.000  
  inc_FP32_ALU_col1_roundingAdder_add_274_18_spec1_g467/Y  -      B->Y     R     XOR2xp5_ASAP7_75t_SL            1  14.600   12.200   1787.200  
  g17015/Y                                                 -      A1->Y    F     AOI22xp5_ASAP7_75t_SL           2  28.400   13.900   1801.100  
  g17002/Y                                                 -      C->Y     R     NOR4xp25_ASAP7_75t_SL           1  32.000   30.600   1831.700  
  FE_RC_2_0/Y                                              -      A1->Y    F     AOI21xp5_ASAP7_75t_SL           3  58.000   27.100   1858.800  
  g16984/Y                                                 -      B->Y     F     AND2x2_ASAP7_75t_SL            19  46.200   51.500   1910.300  
  FE_OFC254_n_571/Y                                        -      A->Y     R     INVx2_ASAP7_75t_SL              5  58.300   21.900   1932.200  
  g16939/Y                                                 -      A2->Y    F     OAI21xp5_ASAP7_75t_SL           1  34.300   13.800   1946.000  
  g16879/Y                                                 -      B->Y     R     AOI21xp5_ASAP7_75t_SL           1  46.100   22.000   1968.000  
  PIPE_OUT_col1_stage_reg_reg[0][0]/D                      -      D        R     ASYNC_DFFHx1_ASAP7_75t_SL       1  35.300    0.000   1968.000  
#---------------------------------------------------------------------------------------------------------------------------------------------

