

Working Directory = /home/msmekhem/research/repositories/fpga-mxfp/aitb_asic/asic/nofp8_mxfp_aitb_comp_04_03_00_12_obj-dir/syn-rundir
QoS Summary for nofp8_mxfp_aitb_comp_top
================================================================================
Metric                          final          
================================================================================
Slack (ps):                        42
  R2R (ps):                        42
  I2R (ps):                  no_value
  R2O (ps):                  no_value
  I2O (ps):                  no_value
  CG  (ps):                  no_value
TNS (ps):                           0
  R2R (ps):                         0
  I2R (ps):                  no_value
  R2O (ps):                  no_value
  I2O (ps):                  no_value
  CG  (ps):                  no_value
Failing Paths:                      0
Cell Area:                     29,276
Total Cell Area:               29,276
Leaf Instances:                16,519
Total Instances:               16,519
Utilization (%):                 0.00
Tot. Net Length (um):        no_value
Avg. Net Length (um):        no_value
Route Overflow H (%):        no_value
Route Overflow V (%):        no_value
MBCI(%) (bits/gate) :            0.00
Norm Cong Hotspot Area:
  Max Cong:                  no_value
  Tot Cong:                  no_value
================================================================================
CPU  Runtime (h:m:s):        00:06:01
Real Runtime (h:m:s):        00:04:12
CPU  Elapsed (h:m:s):        00:06:04
Real Elapsed (h:m:s):        00:04:13
Memory (MB):                  1855.73
================================================================================
================================================================================
Flow Settings:
================================================================================
Total Runtime (h:m:s): 00:04:12
Total Memory (MB):     1855.73
Executable Version:    21.17-s066_1
================================================================================
Total Cell Area =  Cell Area + Physical Cell Area
Total Instances =  Leaf Instances + Physical Instances


