============================================================
  Generated by:           Genus(TM) Synthesis Solution 21.17-s066_1
  Generated on:           Apr 03 2026  11:32:35 am
  Module:                 packed_mxfp_aitb_comp_wrapper
  Library domain:         PVT_0P63V_100C.setup_cond
    Domain index:         0
    Technology libraries: asap7sc7p5t_SIMPLE_RVT_SS_nldm_201020 1.0
                          asap7sc7p5t_SIMPLE_LVT_SS_nldm_201020 1.0
                          asap7sc7p5t_SIMPLE_SLVT_SS_nldm_201020 1.0
                          asap7sc7p5t_SIMPLE_SRAM_SS_nldm_201020 1.0
                          asap7sc7p5t_AO_RVT_SS_nldm_201020 1.0
                          asap7sc7p5t_AO_LVT_SS_nldm_201020 1.0
                          asap7sc7p5t_AO_SLVT_SS_nldm_201020 1.0
                          asap7sc7p5t_AO_SRAM_SS_nldm_201020 1.0
                          asap7sc7p5t_OA_RVT_SS_nldm_201020 1.0
                          asap7sc7p5t_OA_LVT_SS_nldm_201020 1.0
                          asap7sc7p5t_OA_SLVT_SS_nldm_201020 1.0
                          asap7sc7p5t_OA_SRAM_SS_nldm_201020 1.0
                          asap7sc7p5t_SEQ_RVT_SS_nldm_201020 1.0
                          asap7sc7p5t_SEQ_LVT_SS_nldm_201020 1.0
                          asap7sc7p5t_SEQ_SLVT_SS_nldm_201020 1.0
                          asap7sc7p5t_SEQ_SRAM_SS_nldm_201020 1.0
                          asap7sc7p5t_INVBUF_RVT_SS_nldm_201020 1.0
                          asap7sc7p5t_INVBUF_LVT_SS_nldm_201020 1.0
                          asap7sc7p5t_INVBUF_SLVT_SS_nldm_201020 1.0
                          asap7sc7p5t_INVBUF_SRAM_SS_nldm_201020 1.0
  Operating conditions:   PVT_0P63V_100C 
  Interconnect mode:      global
  Area mode:              physical library
============================================================

                                                   Leakage                                             Library 
           Gate            Instances    Area     Power (nW)                   Library                   Domain 
---------------------------------------------------------------------------------------------------------------
A2O1A1Ixp33_ASAP7_75t_SL          32     44.790     1416.303    asap7sc7p5t_AO_SLVT_SS_nldm_201020           0 
AND2x2_ASAP7_75t_L                50     69.984      746.751    asap7sc7p5t_SIMPLE_LVT_SS_nldm_201020        0 
AND2x2_ASAP7_75t_R                 4      5.599        9.034    asap7sc7p5t_SIMPLE_RVT_SS_nldm_201020        0 
AND2x2_ASAP7_75t_SL             1327   1857.375   124367.550    asap7sc7p5t_SIMPLE_SLVT_SS_nldm_201020       0 
AND2x4_ASAP7_75t_L                 1      2.333       31.660    asap7sc7p5t_SIMPLE_LVT_SS_nldm_201020        0 
AND2x4_ASAP7_75t_SL              165    384.912    31267.196    asap7sc7p5t_SIMPLE_SLVT_SS_nldm_201020       0 
AND2x6_ASAP7_75t_SL               13     36.392     3311.866    asap7sc7p5t_SIMPLE_SLVT_SS_nldm_201020       0 
AND3x1_ASAP7_75t_L                11     15.396      123.332    asap7sc7p5t_SIMPLE_LVT_SS_nldm_201020        0 
AND3x1_ASAP7_75t_SL               34     47.589     2619.175    asap7sc7p5t_SIMPLE_SLVT_SS_nldm_201020       0 
AND3x2_ASAP7_75t_SL               14     22.861     1487.574    asap7sc7p5t_SIMPLE_SLVT_SS_nldm_201020       0 
AND3x4_ASAP7_75t_SL                5     16.330      892.331    asap7sc7p5t_SIMPLE_SLVT_SS_nldm_201020       0 
AND4x2_ASAP7_75t_SL               15     27.994     1510.621    asap7sc7p5t_SIMPLE_SLVT_SS_nldm_201020       0 
AND5x1_ASAP7_75t_SL               12     22.395      954.891    asap7sc7p5t_SIMPLE_SLVT_SS_nldm_201020       0 
AND5x2_ASAP7_75t_SL                1      4.666      118.679    asap7sc7p5t_SIMPLE_SLVT_SS_nldm_201020       0 
AO211x2_ASAP7_75t_SL              32    119.439     3890.120    asap7sc7p5t_AO_SLVT_SS_nldm_201020           0 
AO221x1_ASAP7_75t_L                4      9.331       44.607    asap7sc7p5t_AO_LVT_SS_nldm_201020            0 
AO221x1_ASAP7_75t_SL              60    139.968     4355.296    asap7sc7p5t_AO_SLVT_SS_nldm_201020           0 
AO221x2_ASAP7_75t_SL              13     33.359     1371.179    asap7sc7p5t_AO_SLVT_SS_nldm_201020           0 
AO222x2_ASAP7_75t_SL              26     72.783     3252.896    asap7sc7p5t_AO_SLVT_SS_nldm_201020           0 
AO22x1_ASAP7_75t_L                49    102.876      472.628    asap7sc7p5t_AO_LVT_SS_nldm_201020            0 
AO22x1_ASAP7_75t_SL              271    568.970    16945.356    asap7sc7p5t_AO_SLVT_SS_nldm_201020           0 
AO22x2_ASAP7_75t_SL               62    144.634     7068.530    asap7sc7p5t_AO_SLVT_SS_nldm_201020           0 
AO31x2_ASAP7_75t_SL               26     97.044     3905.249    asap7sc7p5t_AO_SLVT_SS_nldm_201020           0 
AO32x1_ASAP7_75t_SL                8     14.930      498.696    asap7sc7p5t_AO_SLVT_SS_nldm_201020           0 
AO32x2_ASAP7_75t_SL                3      6.299      308.162    asap7sc7p5t_AO_SLVT_SS_nldm_201020           0 
AO331x1_ASAP7_75t_SL               2      4.666      224.336    asap7sc7p5t_AO_SLVT_SS_nldm_201020           0 
AO33x2_ASAP7_75t_SL                1      2.333       97.057    asap7sc7p5t_AO_SLVT_SS_nldm_201020           0 
AOI211x1_ASAP7_75t_SL             26     72.783     1866.349    asap7sc7p5t_AO_SLVT_SS_nldm_201020           0 
AOI21x1_ASAP7_75t_L                2      3.732       16.780    asap7sc7p5t_AO_LVT_SS_nldm_201020            0 
AOI21x1_ASAP7_75t_SL             461    860.337    35867.628    asap7sc7p5t_AO_SLVT_SS_nldm_201020           0 
AOI21xp33_ASAP7_75t_SL            30     34.992      895.702    asap7sc7p5t_AO_SLVT_SS_nldm_201020           0 
AOI21xp5_ASAP7_75t_L             302    352.253     1785.107    asap7sc7p5t_AO_LVT_SS_nldm_201020            0 
AOI21xp5_ASAP7_75t_SL            637    742.997    24705.617    asap7sc7p5t_AO_SLVT_SS_nldm_201020           0 
AOI221x1_ASAP7_75t_L               2      6.532       15.065    asap7sc7p5t_AO_LVT_SS_nldm_201020            0 
AOI221x1_ASAP7_75t_SL              4     13.064      223.696    asap7sc7p5t_AO_SLVT_SS_nldm_201020           0 
AOI221xp5_ASAP7_75t_SL           136    222.083     5370.441    asap7sc7p5t_AO_SLVT_SS_nldm_201020           0 
AOI222xp33_ASAP7_75t_SL           94    219.283     4218.375    asap7sc7p5t_AO_SLVT_SS_nldm_201020           0 
AOI22x1_ASAP7_75t_L                2      4.666       29.031    asap7sc7p5t_AO_LVT_SS_nldm_201020            0 
AOI22x1_ASAP7_75t_SL             157    366.250    13577.984    asap7sc7p5t_AO_SLVT_SS_nldm_201020           0 
AOI22xp33_ASAP7_75t_SL           376    526.280    11962.807    asap7sc7p5t_AO_SLVT_SS_nldm_201020           0 
AOI22xp5_ASAP7_75t_L               4      5.599       17.705    asap7sc7p5t_AO_LVT_SS_nldm_201020            0 
AOI22xp5_ASAP7_75t_SL            686    960.180    30426.248    asap7sc7p5t_AO_SLVT_SS_nldm_201020           0 
AOI31xp33_ASAP7_75t_SL            11     15.396      301.003    asap7sc7p5t_AO_SLVT_SS_nldm_201020           0 
AOI31xp67_ASAP7_75t_SL             2      6.065      135.707    asap7sc7p5t_AO_SLVT_SS_nldm_201020           0 
AOI321xp33_ASAP7_75t_SL            2      3.732       99.070    asap7sc7p5t_AO_SLVT_SS_nldm_201020           0 
AOI322xp5_ASAP7_75t_SL             2      4.199       92.088    asap7sc7p5t_AO_SLVT_SS_nldm_201020           0 
ASYNC_DFFHx1_ASAP7_75t_SL       1219   7393.576   218950.075    asap7sc7p5t_SEQ_SLVT_SS_nldm_201020          0 
BUFx12f_ASAP7_75t_L                1      4.199       77.350    asap7sc7p5t_INVBUF_LVT_SS_nldm_201020        0 
BUFx12f_ASAP7_75t_SL               3     12.597     1615.204    asap7sc7p5t_INVBUF_SLVT_SS_nldm_201020       0 
BUFx16f_ASAP7_75t_SL               1      5.132      526.299    asap7sc7p5t_INVBUF_SLVT_SS_nldm_201020       0 
BUFx24_ASAP7_75t_SL               96    671.846    84596.990    asap7sc7p5t_INVBUF_SLVT_SS_nldm_201020       0 
BUFx2_ASAP7_75t_L                 54     62.986      715.912    asap7sc7p5t_INVBUF_LVT_SS_nldm_201020        0 
BUFx2_ASAP7_75t_SL               100    116.640     8480.774    asap7sc7p5t_INVBUF_SLVT_SS_nldm_201020       0 
BUFx3_ASAP7_75t_L                  3      4.199       58.556    asap7sc7p5t_INVBUF_LVT_SS_nldm_201020        0 
BUFx3_ASAP7_75t_SL               138    193.156    17129.931    asap7sc7p5t_INVBUF_SLVT_SS_nldm_201020       0 
BUFx4_ASAP7_75t_SRAM               1      1.633        0.695    asap7sc7p5t_INVBUF_SRAM_SS_nldm_201020       0 
BUFx4f_ASAP7_75t_L                13     24.261      358.363    asap7sc7p5t_INVBUF_LVT_SS_nldm_201020        0 
BUFx5_ASAP7_75t_SL                 3      5.599      594.554    asap7sc7p5t_INVBUF_SLVT_SS_nldm_201020       0 
BUFx6f_ASAP7_75t_R                 1      2.333        6.592    asap7sc7p5t_INVBUF_RVT_SS_nldm_201020        0 
BUFx6f_ASAP7_75t_SL               35     81.648     8733.824    asap7sc7p5t_INVBUF_SLVT_SS_nldm_201020       0 
BUFx8_ASAP7_75t_SL                 1      2.799      251.014    asap7sc7p5t_INVBUF_SLVT_SS_nldm_201020       0 
CKINVDCx20_ASAP7_75t_SL            1      8.865      517.649    asap7sc7p5t_INVBUF_SLVT_SS_nldm_201020       0 
HAxp5_ASAP7_75t_L                 12     25.194      155.153    asap7sc7p5t_SIMPLE_LVT_SS_nldm_201020        0 
HAxp5_ASAP7_75t_SL                 6     12.597      485.235    asap7sc7p5t_SIMPLE_SLVT_SS_nldm_201020       0 
HB1xp67_ASAP7_75t_L              168    156.764      828.946    asap7sc7p5t_INVBUF_LVT_SS_nldm_201020        0 
HB1xp67_ASAP7_75t_R                2      1.866        1.427    asap7sc7p5t_INVBUF_RVT_SS_nldm_201020        0 
HB1xp67_ASAP7_75t_SL             324    302.331    10118.948    asap7sc7p5t_INVBUF_SLVT_SS_nldm_201020       0 
INVx11_ASAP7_75t_SL                4     12.131     1352.605    asap7sc7p5t_INVBUF_SLVT_SS_nldm_201020       0 
INVx1_ASAP7_75t_L                656    459.095     3148.393    asap7sc7p5t_INVBUF_LVT_SS_nldm_201020        0 
INVx1_ASAP7_75t_SL              1548   1083.352    47624.636    asap7sc7p5t_INVBUF_SLVT_SS_nldm_201020       0 
INVx2_ASAP7_75t_L                  4      3.732       45.558    asap7sc7p5t_INVBUF_LVT_SS_nldm_201020        0 
INVx2_ASAP7_75t_SL               489    456.296    29887.437    asap7sc7p5t_INVBUF_SLVT_SS_nldm_201020       0 
INVx3_ASAP7_75t_SL                57     66.485     5227.282    asap7sc7p5t_INVBUF_SLVT_SS_nldm_201020       0 
INVx4_ASAP7_75t_SL                40     55.987     4865.341    asap7sc7p5t_INVBUF_SLVT_SS_nldm_201020       0 
INVx5_ASAP7_75t_SL                 7     11.431     1132.026    asap7sc7p5t_INVBUF_SLVT_SS_nldm_201020       0 
INVx6_ASAP7_75t_SL                 3      5.599      478.222    asap7sc7p5t_INVBUF_SLVT_SS_nldm_201020       0 
INVx8_ASAP7_75t_SL                 9     20.995     1997.434    asap7sc7p5t_INVBUF_SLVT_SS_nldm_201020       0 
INVxp33_ASAP7_75t_L                1      0.700        1.486    asap7sc7p5t_INVBUF_LVT_SS_nldm_201020        0 
INVxp33_ASAP7_75t_SL               3      2.100       33.601    asap7sc7p5t_INVBUF_SLVT_SS_nldm_201020       0 
INVxp33_ASAP7_75t_SRAM             3      2.100        0.148    asap7sc7p5t_INVBUF_SRAM_SS_nldm_201020       0 
INVxp67_ASAP7_75t_SL            2284   1598.435    46403.136    asap7sc7p5t_INVBUF_SLVT_SS_nldm_201020       0 
INVxp67_ASAP7_75t_SRAM             2      1.400        0.209    asap7sc7p5t_INVBUF_SRAM_SS_nldm_201020       0 
MAJIxp5_ASAP7_75t_SL             839   1370.053    42152.038    asap7sc7p5t_SIMPLE_SLVT_SS_nldm_201020       0 
MAJx2_ASAP7_75t_SL               708   1486.460    80022.563    asap7sc7p5t_SIMPLE_SLVT_SS_nldm_201020       0 
NAND2x1_ASAP7_75t_L               55     76.982      415.718    asap7sc7p5t_SIMPLE_LVT_SS_nldm_201020        0 
NAND2x1_ASAP7_75t_SL             123    172.161     5178.484    asap7sc7p5t_SIMPLE_SLVT_SS_nldm_201020       0 
NAND2x1p5_ASAP7_75t_SL           107    199.688     7220.235    asap7sc7p5t_SIMPLE_SLVT_SS_nldm_201020       0 
NAND2x2_ASAP7_75t_SL               7     16.330      679.147    asap7sc7p5t_SIMPLE_SLVT_SS_nldm_201020       0 
NAND2xp33_ASAP7_75t_SL            41     38.258      680.348    asap7sc7p5t_SIMPLE_SLVT_SS_nldm_201020       0 
NAND2xp33_ASAP7_75t_SRAM           2      1.866        0.036    asap7sc7p5t_SIMPLE_SRAM_SS_nldm_201020       0 
NAND2xp5_ASAP7_75t_L             388    362.051     1392.568    asap7sc7p5t_SIMPLE_LVT_SS_nldm_201020        0 
NAND2xp5_ASAP7_75t_SL           2139   1995.944    51065.327    asap7sc7p5t_SIMPLE_SLVT_SS_nldm_201020       0 
NAND2xp67_ASAP7_75t_SL             6      8.398      191.313    asap7sc7p5t_SIMPLE_SLVT_SS_nldm_201020       0 
NAND3x1_ASAP7_75t_SL              11     28.227      485.914    asap7sc7p5t_SIMPLE_SLVT_SS_nldm_201020       0 
NAND3x2_ASAP7_75t_SL               5     23.328      317.500    asap7sc7p5t_SIMPLE_SLVT_SS_nldm_201020       0 
NAND3xp33_ASAP7_75t_SL            60     69.984     1539.046    asap7sc7p5t_SIMPLE_SLVT_SS_nldm_201020       0 
NAND4xp25_ASAP7_75t_SL            17     23.795      435.576    asap7sc7p5t_SIMPLE_SLVT_SS_nldm_201020       0 
NAND4xp75_ASAP7_75t_L              1      3.266        7.687    asap7sc7p5t_SIMPLE_LVT_SS_nldm_201020        0 
NAND4xp75_ASAP7_75t_SL            39    127.371     2419.133    asap7sc7p5t_SIMPLE_SLVT_SS_nldm_201020       0 
NAND5xp2_ASAP7_75t_SL              7     11.431      163.131    asap7sc7p5t_SIMPLE_SLVT_SS_nldm_201020       0 
NOR2x1_ASAP7_75t_L               120    167.962     1063.552    asap7sc7p5t_SIMPLE_LVT_SS_nldm_201020        0 
NOR2x1_ASAP7_75t_SL              415    580.867    22864.668    asap7sc7p5t_SIMPLE_SLVT_SS_nldm_201020       0 
NOR2x1p5_ASAP7_75t_L               9     16.796      119.822    asap7sc7p5t_SIMPLE_LVT_SS_nldm_201020        0 
NOR2x1p5_ASAP7_75t_SL            108    201.554     9264.592    asap7sc7p5t_SIMPLE_SLVT_SS_nldm_201020       0 
NOR2x2_ASAP7_75t_L                 2      4.666       29.951    asap7sc7p5t_SIMPLE_LVT_SS_nldm_201020        0 
NOR2x2_ASAP7_75t_SL               11     25.661     1102.111    asap7sc7p5t_SIMPLE_SLVT_SS_nldm_201020       0 
NOR2xp33_ASAP7_75t_L             304    283.668      876.132    asap7sc7p5t_SIMPLE_LVT_SS_nldm_201020        0 
NOR2xp33_ASAP7_75t_SL            974    908.859    18027.783    asap7sc7p5t_SIMPLE_SLVT_SS_nldm_201020       0 
NOR2xp67_ASAP7_75t_L               2      2.799       13.943    asap7sc7p5t_SIMPLE_LVT_SS_nldm_201020        0 
NOR2xp67_ASAP7_75t_SL             25     34.992      909.255    asap7sc7p5t_SIMPLE_SLVT_SS_nldm_201020       0 
NOR3x1_ASAP7_75t_SL               14     35.925      824.641    asap7sc7p5t_SIMPLE_SLVT_SS_nldm_201020       0 
NOR3xp33_ASAP7_75t_L               4      4.666       23.437    asap7sc7p5t_SIMPLE_LVT_SS_nldm_201020        0 
NOR3xp33_ASAP7_75t_SL            133    155.131     4197.618    asap7sc7p5t_SIMPLE_SLVT_SS_nldm_201020       0 
NOR4xp25_ASAP7_75t_SL             22     30.793      689.887    asap7sc7p5t_SIMPLE_SLVT_SS_nldm_201020       0 
NOR4xp75_ASAP7_75t_SL             17     55.521     1176.203    asap7sc7p5t_SIMPLE_SLVT_SS_nldm_201020       0 
NOR5xp2_ASAP7_75t_SL              16     26.127      431.014    asap7sc7p5t_SIMPLE_SLVT_SS_nldm_201020       0 
O2A1O1Ixp33_ASAP7_75t_SL          62     86.780     2641.129    asap7sc7p5t_OA_SLVT_SS_nldm_201020           0 
O2A1O1Ixp5_ASAP7_75t_SL            8     14.930      444.573    asap7sc7p5t_OA_SLVT_SS_nldm_201020           0 
OA211x2_ASAP7_75t_SL               6     11.197      569.925    asap7sc7p5t_OA_SLVT_SS_nldm_201020           0 
OA21x2_ASAP7_75t_SL              307    501.319    33876.178    asap7sc7p5t_OA_SLVT_SS_nldm_201020           0 
OA221x2_ASAP7_75t_SL               3     11.197      409.894    asap7sc7p5t_OA_SLVT_SS_nldm_201020           0 
OA222x2_ASAP7_75t_SL              94    263.140    11716.368    asap7sc7p5t_OA_SLVT_SS_nldm_201020           0 
OA22x2_ASAP7_75t_SL              101    235.613    10916.624    asap7sc7p5t_OA_SLVT_SS_nldm_201020           0 
OAI211xp5_ASAP7_75t_SL            41     57.387     2092.248    asap7sc7p5t_OA_SLVT_SS_nldm_201020           0 
OAI21xp33_ASAP7_75t_SL             2      2.333       70.575    asap7sc7p5t_OA_SLVT_SS_nldm_201020           0 
OAI21xp5_ASAP7_75t_L              11     12.830       95.946    asap7sc7p5t_OA_LVT_SS_nldm_201020            0 
OAI21xp5_ASAP7_75t_SL           1156   1348.358    60964.980    asap7sc7p5t_OA_SLVT_SS_nldm_201020           0 
OAI222xp33_ASAP7_75t_SL           31     72.317     2142.056    asap7sc7p5t_OA_SLVT_SS_nldm_201020           0 
OAI22x1_ASAP7_75t_L                2      4.666       33.956    asap7sc7p5t_OA_LVT_SS_nldm_201020            0 
OAI22x1_ASAP7_75t_SL             158    368.582    16783.776    asap7sc7p5t_OA_SLVT_SS_nldm_201020           0 
OAI22xp33_ASAP7_75t_SL             2      2.799       70.677    asap7sc7p5t_OA_SLVT_SS_nldm_201020           0 
OAI22xp33_ASAP7_75t_SRAM           2      2.799        0.387    asap7sc7p5t_OA_SRAM_SS_nldm_201020           0 
OAI22xp5_ASAP7_75t_L             108    151.165      865.729    asap7sc7p5t_OA_LVT_SS_nldm_201020            0 
OAI22xp5_ASAP7_75t_SL            488    683.044    25261.416    asap7sc7p5t_OA_SLVT_SS_nldm_201020           0 
OAI311xp33_ASAP7_75t_SL            8     13.064      452.918    asap7sc7p5t_OA_SLVT_SS_nldm_201020           0 
OAI321xp33_ASAP7_75t_SL            6     11.197      354.033    asap7sc7p5t_OA_SLVT_SS_nldm_201020           0 
OR2x2_ASAP7_75t_L                  1      1.400       12.179    asap7sc7p5t_SIMPLE_LVT_SS_nldm_201020        0 
OR2x2_ASAP7_75t_SL               490    685.843    42459.691    asap7sc7p5t_SIMPLE_SLVT_SS_nldm_201020       0 
OR2x2_ASAP7_75t_SRAM               3      4.199        1.145    asap7sc7p5t_SIMPLE_SRAM_SS_nldm_201020       0 
OR3x1_ASAP7_75t_SL                22     30.793     1457.879    asap7sc7p5t_SIMPLE_SLVT_SS_nldm_201020       0 
OR4x1_ASAP7_75t_SL                19     31.026     1257.657    asap7sc7p5t_SIMPLE_SLVT_SS_nldm_201020       0 
OR5x1_ASAP7_75t_SL                 5      9.331      204.672    asap7sc7p5t_SIMPLE_SLVT_SS_nldm_201020       0 
TIEHIx1_ASAP7_75t_SL              30     20.995        0.060    asap7sc7p5t_SIMPLE_SLVT_SS_nldm_201020       0 
TIELOx1_ASAP7_75t_SL            1265    885.298        3.725    asap7sc7p5t_SIMPLE_SLVT_SS_nldm_201020       0 
XNOR2x2_ASAP7_75t_SL             168    431.101    24087.037    asap7sc7p5t_SIMPLE_SLVT_SS_nldm_201020       0 
XNOR2xp5_ASAP7_75t_L              48    100.777      621.346    asap7sc7p5t_SIMPLE_LVT_SS_nldm_201020        0 
XNOR2xp5_ASAP7_75t_SL           1937   4066.770   155493.104    asap7sc7p5t_SIMPLE_SLVT_SS_nldm_201020       0 
XNOR2xp5_ASAP7_75t_SRAM            2      4.199        0.793    asap7sc7p5t_SIMPLE_SRAM_SS_nldm_201020       0 
XOR2x1_ASAP7_75t_L                 1      2.799       19.636    asap7sc7p5t_SIMPLE_LVT_SS_nldm_201020        0 
XOR2x1_ASAP7_75t_SL              291    814.614    39324.792    asap7sc7p5t_SIMPLE_SLVT_SS_nldm_201020       0 
XOR2xp5_ASAP7_75t_SL            1932   4056.273   154326.235    asap7sc7p5t_SIMPLE_SLVT_SS_nldm_201020       0 
XOR2xp5_ASAP7_75t_SRAM             1      2.100        0.377    asap7sc7p5t_SIMPLE_SRAM_SS_nldm_201020       0 
---------------------------------------------------------------------------------------------------------------
total                          28011  44719.543  1684312.572                                           


                                                                         Leakage  Leakage 
                Library                Instances Instances %    Area   Power (nW) Power % 
------------------------------------------------------------------------------------------
asap7sc7p5t_AO_LVT_SS_nldm_201020            365         1.3   484.989   2380.922     0.1 
asap7sc7p5t_AO_SLVT_SS_nldm_201020          3160        11.3  5296.856 173075.897    10.3 
asap7sc7p5t_INVBUF_LVT_SS_nldm_201020        900         3.2   715.936   5234.563     0.3 
asap7sc7p5t_INVBUF_RVT_SS_nldm_201020          3         0.0     4.199      8.019     0.0 
asap7sc7p5t_INVBUF_SLVT_SS_nldm_201020      5146        18.4  4713.422 271566.908    16.1 
asap7sc7p5t_INVBUF_SRAM_SS_nldm_201020         6         0.0     5.132      1.053     0.0 
asap7sc7p5t_OA_LVT_SS_nldm_201020            121         0.4   168.661    995.630     0.1 
asap7sc7p5t_OA_SLVT_SS_nldm_201020          2473         8.8  3683.258 168767.370    10.0 
asap7sc7p5t_OA_SRAM_SS_nldm_201020             2         0.0     2.799      0.387     0.0 
asap7sc7p5t_SEQ_SLVT_SS_nldm_201020         1219         4.4  7393.576 218950.075    13.0 
asap7sc7p5t_SIMPLE_LVT_SS_nldm_201020       1009         3.6  1140.739   5652.867     0.3 
asap7sc7p5t_SIMPLE_RVT_SS_nldm_201020          4         0.0     5.599      9.034     0.0 
asap7sc7p5t_SIMPLE_SLVT_SS_nldm_201020     13595        48.5 21092.011 837667.497    49.7 
asap7sc7p5t_SIMPLE_SRAM_SS_nldm_201020         8         0.0    12.364      2.351     0.0 

                                            Leakage   Leakage 
     Type      Instances    Area   Area %  Power (nW) Power % 
--------------------------------------------------------------
sequential          1219  7393.576   16.5  218950.075    13.0 
inverter            5111  3788.700    8.5  142715.163     8.5 
buffer               944  1649.989    3.7  134095.380     8.0 
logic              20737 31887.276   71.3 1188551.955    70.6 
physical_cells         0     0.000    0.0       0.000     0.0 
--------------------------------------------------------------
total              28011 44719.543  100.0 1684312.572   100.0 

