

Working Directory = /home/msmekhem/research/repositories/fpga-mxfp/aitb_asic/asic/packed_mxfp_aitb_comp_04_03_11_25_obj-dir/syn-rundir
QoS Summary for packed_mxfp_aitb_comp_wrapper
================================================================================
Metric                          final          
================================================================================
Slack (ps):                      -524
  R2R (ps):                      -524
  I2R (ps):                  no_value
  R2O (ps):                  no_value
  I2O (ps):                  no_value
  CG  (ps):                  no_value
TNS (ps):                     -78,723
  R2R (ps):                   -78,723
  I2R (ps):                  no_value
  R2O (ps):                  no_value
  I2O (ps):                  no_value
  CG  (ps):                  no_value
Failing Paths:                    266
Cell Area:                     44,720
Total Cell Area:               44,720
Leaf Instances:                28,011
Total Instances:               28,011
Utilization (%):                 0.00
Tot. Net Length (um):        no_value
Avg. Net Length (um):        no_value
Route Overflow H (%):        no_value
Route Overflow V (%):        no_value
MBCI(%) (bits/gate) :            0.00
Norm Cong Hotspot Area:
  Max Cong:                  no_value
  Tot Cong:                  no_value
================================================================================
CPU  Runtime (h:m:s):        00:09:25
Real Runtime (h:m:s):        00:06:28
CPU  Elapsed (h:m:s):        00:09:28
Real Elapsed (h:m:s):        00:06:29
Memory (MB):                  2099.89
================================================================================
================================================================================
Flow Settings:
================================================================================
Total Runtime (h:m:s): 00:06:28
Total Memory (MB):     2099.89
Executable Version:    21.17-s066_1
================================================================================
Total Cell Area =  Cell Area + Physical Cell Area
Total Instances =  Leaf Instances + Physical Instances


