============================================================
  Generated by:           Genus(TM) Synthesis Solution 21.17-s066_1
  Generated on:           Apr 03 2026  11:32:33 am
  Module:                 packed_mxfp_aitb_comp_wrapper
  Library domain:         PVT_0P63V_100C.setup_cond
    Domain index:         0
    Technology libraries: asap7sc7p5t_SIMPLE_RVT_SS_nldm_201020 1.0
                          asap7sc7p5t_SIMPLE_LVT_SS_nldm_201020 1.0
                          asap7sc7p5t_SIMPLE_SLVT_SS_nldm_201020 1.0
                          asap7sc7p5t_SIMPLE_SRAM_SS_nldm_201020 1.0
                          asap7sc7p5t_AO_RVT_SS_nldm_201020 1.0
                          asap7sc7p5t_AO_LVT_SS_nldm_201020 1.0
                          asap7sc7p5t_AO_SLVT_SS_nldm_201020 1.0
                          asap7sc7p5t_AO_SRAM_SS_nldm_201020 1.0
                          asap7sc7p5t_OA_RVT_SS_nldm_201020 1.0
                          asap7sc7p5t_OA_LVT_SS_nldm_201020 1.0
                          asap7sc7p5t_OA_SLVT_SS_nldm_201020 1.0
                          asap7sc7p5t_OA_SRAM_SS_nldm_201020 1.0
                          asap7sc7p5t_SEQ_RVT_SS_nldm_201020 1.0
                          asap7sc7p5t_SEQ_LVT_SS_nldm_201020 1.0
                          asap7sc7p5t_SEQ_SLVT_SS_nldm_201020 1.0
                          asap7sc7p5t_SEQ_SRAM_SS_nldm_201020 1.0
                          asap7sc7p5t_INVBUF_RVT_SS_nldm_201020 1.0
                          asap7sc7p5t_INVBUF_LVT_SS_nldm_201020 1.0
                          asap7sc7p5t_INVBUF_SLVT_SS_nldm_201020 1.0
                          asap7sc7p5t_INVBUF_SRAM_SS_nldm_201020 1.0
  Operating conditions:   PVT_0P63V_100C 
  Interconnect mode:      global
  Area mode:              physical library
============================================================

Timing
--------

      Analysis view       Clock Period 
---------------------------------------
PVT_0P63V_100C.setup_view clk   1000.0 


         Analysis           Cost   Critical            Violating 
           View            Group  Path Slack    TNS      Paths   
-----------------------------------------------------------------
PVT_0P63V_100C.setup_view     clk     -524.1 -78723.2        266 
                          default   No paths      0.0          0 
-----------------------------------------------------------------
Total                                        -78723.2        266 
                                                                 

Instance Count
--------------
Leaf Instance Count             28011 
Physical Instance count             0 
Sequential Instance Count        1219 
Combinational Instance Count    26792 
Hierarchical Instance Count         1 

Area
----
Cell Area                          44719.543
Physical Cell Area                 0.000
Total Cell Area (Cell+Physical)    44719.543
Net Area                           21139.868
Total Area (Cell+Physical+Net)     65859.411

Runtime                            103.48119999999999 seconds
Elapsed Runtime                    394 seconds
Genus peak memory usage            2099.89 
Innovus peak memory usage          no_value 
Hostname                           KingsLanding
