Command: report datapath -all > datapath.map.rpt
============================================================
  Generated by:           Genus(TM) Synthesis Solution 21.17-s066_1
  Generated on:           Apr 03 2026  02:52:07 pm
  Module:                 noe5m2_fixed8_mxfp_aitb_comp_wrapper
  Library domain:         PVT_0P63V_100C.setup_cond
    Domain index:         0
    Technology libraries: asap7sc7p5t_SIMPLE_RVT_SS_nldm_201020 1.0
                          asap7sc7p5t_SIMPLE_LVT_SS_nldm_201020 1.0
                          asap7sc7p5t_SIMPLE_SLVT_SS_nldm_201020 1.0
                          asap7sc7p5t_SIMPLE_SRAM_SS_nldm_201020 1.0
                          asap7sc7p5t_AO_RVT_SS_nldm_201020 1.0
                          asap7sc7p5t_AO_LVT_SS_nldm_201020 1.0
                          asap7sc7p5t_AO_SLVT_SS_nldm_201020 1.0
                          asap7sc7p5t_AO_SRAM_SS_nldm_201020 1.0
                          asap7sc7p5t_OA_RVT_SS_nldm_201020 1.0
                          asap7sc7p5t_OA_LVT_SS_nldm_201020 1.0
                          asap7sc7p5t_OA_SLVT_SS_nldm_201020 1.0
                          asap7sc7p5t_OA_SRAM_SS_nldm_201020 1.0
                          asap7sc7p5t_SEQ_RVT_SS_nldm_201020 1.0
                          asap7sc7p5t_SEQ_LVT_SS_nldm_201020 1.0
                          asap7sc7p5t_SEQ_SLVT_SS_nldm_201020 1.0
                          asap7sc7p5t_SEQ_SRAM_SS_nldm_201020 1.0
                          asap7sc7p5t_INVBUF_RVT_SS_nldm_201020 1.0
                          asap7sc7p5t_INVBUF_LVT_SS_nldm_201020 1.0
                          asap7sc7p5t_INVBUF_SLVT_SS_nldm_201020 1.0
                          asap7sc7p5t_INVBUF_SRAM_SS_nldm_201020 1.0
  Operating conditions:   PVT_0P63V_100C 
  Interconnect mode:      global
  Area mode:              physical library
============================================================


Inferred components

                      Operator   Signedness   Inputs   Outputs CellArea 
========================================================================
noe5m2_fixed8_mxfp_aitb_comp_wrapper
 u_noe5m2_fixed8_mxfp_aitb_comp_top
  addinc_FP32_ALU_col1_fracAdder_add_113_18
   
   module:add_unsigned_carry_1765
    very_fast            +       unsigned   26x27x1    27        409.15 
   equation:
   assign Z = A+B+CI;
------------------------------------------------------------------------
    add_113_18           +       unsigned   27x1       27               
    add_113_14           +       unsigned   27x27      27               
========================================================================
noe5m2_fixed8_mxfp_aitb_comp_wrapper
 u_noe5m2_fixed8_mxfp_aitb_comp_top
  addinc_FP32_ALU_col2_fracAdder_add_113_18
   
   module:add_unsigned_carry_1765
    very_fast            +       unsigned   26x27x1    27        409.15 
   equation:
   assign Z = A+B+CI;
------------------------------------------------------------------------
    FP32_ALU_col2_fracAdder_add_113_18
                         +       unsigned   27x1       27               
    FP32_ALU_col2_fracAdder_add_113_14
                         +       unsigned   26x27      27               
========================================================================
noe5m2_fixed8_mxfp_aitb_comp_wrapper
 u_noe5m2_fixed8_mxfp_aitb_comp_top
  u_fix2fp32_col1_ADD_TC_OP
   
   module:add_signed_70368
    very_fast            +       signed     39x41      39        283.26 
========================================================================
noe5m2_fixed8_mxfp_aitb_comp_wrapper
 u_noe5m2_fixed8_mxfp_aitb_comp_top
  u_fix2fp32_col1_csa_tree_SUB_TC_OP_groupi
   
   module:csa_tree_SUB_TC_OP_group_70398
    very_fast      csa_and_adder            7x7x9x9    10        256.58 
   equation:
   assign out_0 = (((((($signed(in_2) + $signed(in_3)) + 1'sb0) + 2'sb01) + $signed(in_1)) + 8'sb10000000) - $signed(in_0));
------------------------------------------------------------------------
    SUB_TC_OP            -       signed     10x7       10               
    ADD_TC_OP_4          +       signed     10x8       10               
    ADD_TC_OP_3          +       signed     10x7       10               
    ADD_TC_OP_2          +       signed     10x2       10               
    ADD_TC_OP_1          +       signed     10x1       10               
    ADD_TC_OP            +       signed     9x9        10               
========================================================================
noe5m2_fixed8_mxfp_aitb_comp_wrapper
 u_noe5m2_fixed8_mxfp_aitb_comp_top
  u_fix2fp32_col2_ADD_TC_OP
   
   module:add_signed_70368
    very_fast            +       signed     39x41      39        283.26 
========================================================================
noe5m2_fixed8_mxfp_aitb_comp_wrapper
 u_noe5m2_fixed8_mxfp_aitb_comp_top
  u_fix2fp32_col2_csa_tree_SUB_TC_OP_groupi
   
   module:csa_tree_SUB_TC_OP_group_70398
    very_fast      csa_and_adder            7x7x9x9    10        256.58 
   equation:
   assign out_0 = (((((($signed(in_2) + $signed(in_3)) + 1'sb0) + 2'sb01) + $signed(in_1)) + 8'sb10000000) - $signed(in_0));
------------------------------------------------------------------------
    SUB_TC_OP            -       signed     10x7       10               
    ADD_TC_OP_4          +       signed     10x8       10               
    ADD_TC_OP_3          +       signed     10x7       10               
    ADD_TC_OP_2          +       signed     10x2       10               
    ADD_TC_OP_1          +       signed     10x1       10               
    ADD_TC_OP            +       signed     9x9        10               
========================================================================
noe5m2_fixed8_mxfp_aitb_comp_wrapper
 u_noe5m2_fixed8_mxfp_aitb_comp_top
  u_noe5m2_mxfp_comp_dot_fixed_col1
   csa_tree_add_184_43_groupi
    
    module:csa_tree_add_184_43_group_17422
     very_fast     csa_and_adder            9x37x19x9x 40       5444.87 
                                            37x19x9x9x                  
                                            37x19x19x3                  
                                            7x37x37x37                  
                                            x37                         
    equation:
    assign out_0 = ((((((((($signed(in_14) + $signed(in_15)) + $signed(in_13)) + $signed(in_12)) + $signed(in_11)) + $signed(in_8)) + $signed(in_4)) + $signed(in_1)) + ((($signed(in_9) + $signed(in_10)) + $signed(in_5)) + $signed(in_2))) + ((($signed(in_6) + $signed(in_7)) + $signed(in_3)) + $signed(in_0)));
------------------------------------------------------------------------
     add_184_43          +       signed     40x11      40               
     add_184_33          +       signed     40x21      40               
     add_180_11_I4       +       signed     11x9       11               
     add_172_11_I8       +       signed     40x37      40               
     add_176_11_I4       +       signed     21x19      21               
     add_180_11_I3       +       signed     10x9       11               
     add_172_11_I7       +       signed     40x37      40               
     add_176_11_I3       +       signed     20x19      21               
     add_180_11_I2       +       signed     9x9        10               
     add_172_11_I6       +       signed     40x37      40               
     add_176_11_I2       +       signed     19x19      20               
     add_172_11_I5       +       signed     40x37      40               
     add_172_11_I4       +       signed     39x37      40               
     add_172_11_I3       +       signed     38x37      39               
     add_172_11_I2       +       signed     37x37      38               
========================================================================
noe5m2_fixed8_mxfp_aitb_comp_wrapper
 u_noe5m2_fixed8_mxfp_aitb_comp_top
  u_noe5m2_mxfp_comp_dot_fixed_col1
   inst_mxfp8_mult[0].u_mxfp_mult_comp_shift_mxfp8_u_mxfp_multiply_comp_mul_61_36
    
    module:mult_signed
     very_fast/non_booth
                         *       signed     8x8        16        756.04 
========================================================================
noe5m2_fixed8_mxfp_aitb_comp_wrapper
 u_noe5m2_fixed8_mxfp_aitb_comp_top
  u_noe5m2_mxfp_comp_dot_fixed_col1
   inst_mxfp8_mult[1].u_mxfp_mult_comp_shift_mxfp8_u_mxfp_multiply_comp_mul_61_52
    
    module:mult_signed
     very_fast/non_booth
                         *       signed     8x8        16        756.04 
========================================================================
noe5m2_fixed8_mxfp_aitb_comp_wrapper
 u_noe5m2_fixed8_mxfp_aitb_comp_top
  u_noe5m2_mxfp_comp_dot_fixed_col1
   inst_mxfp8_mult[2].u_mxfp_mult_comp_shift_mxfp8_u_mxfp_multiply_comp_mul_61_60
    
    module:mult_signed
     very_fast/non_booth
                         *       signed     8x8        16        756.04 
========================================================================
noe5m2_fixed8_mxfp_aitb_comp_wrapper
 u_noe5m2_fixed8_mxfp_aitb_comp_top
  u_noe5m2_mxfp_comp_dot_fixed_col1
   inst_mxfp8_mult[3].u_mxfp_mult_comp_shift_mxfp8_u_mxfp_multiply_comp_mul_61_19
    
    module:mult_signed
     very_fast/non_booth
                         *       signed     8x8        16        756.04 
========================================================================
noe5m2_fixed8_mxfp_aitb_comp_wrapper
 u_noe5m2_fixed8_mxfp_aitb_comp_top
  u_noe5m2_mxfp_comp_dot_fixed_col1
   inst_mxfp8_mult[4].u_mxfp_mult_comp_shift_mxfp8_u_mxfp_multiply_comp_mul_61_27
    
    module:mult_signed
     very_fast/non_booth
                         *       signed     8x8        16        756.04 
========================================================================
noe5m2_fixed8_mxfp_aitb_comp_wrapper
 u_noe5m2_fixed8_mxfp_aitb_comp_top
  u_noe5m2_mxfp_comp_dot_fixed_col1
   inst_mxfp8_mult[5].u_mxfp_mult_comp_shift_mxfp8_u_mxfp_multiply_comp_mul_61_44
    
    module:mult_signed
     very_fast/non_booth
                         *       signed     8x8        16        756.04 
========================================================================
noe5m2_fixed8_mxfp_aitb_comp_wrapper
 u_noe5m2_fixed8_mxfp_aitb_comp_top
  u_noe5m2_mxfp_comp_dot_fixed_col1
   inst_mxfp8_mult[6].u_mxfp_mult_comp_shift_mxfp8_u_mxfp_multiply_comp_mul_61_11
    
    module:mult_signed
     very_fast/non_booth
                         *       signed     8x8        16        756.04 
========================================================================
noe5m2_fixed8_mxfp_aitb_comp_wrapper
 u_noe5m2_fixed8_mxfp_aitb_comp_top
  u_noe5m2_mxfp_comp_dot_fixed_col1
   inst_mxfp8_mult[7].u_mxfp_mult_comp_shift_mxfp8_u_mxfp_multiply_comp_mul_61_3
    
    module:mult_signed
     very_fast/non_booth
                         *       signed     8x8        16        756.04 
========================================================================
noe5m2_fixed8_mxfp_aitb_comp_wrapper
 u_noe5m2_fixed8_mxfp_aitb_comp_top
  u_noe5m2_mxfp_comp_dot_fixed_col2
   csa_tree_add_184_43_groupi
    
    module:csa_tree_add_184_43_group_17422
     very_fast     csa_and_adder            9x37x19x9x 40       5444.87 
                                            37x19x9x9x                  
                                            37x19x19x3                  
                                            7x37x37x37                  
                                            x37                         
    equation:
    assign out_0 = ((((((((($signed(in_14) + $signed(in_15)) + $signed(in_13)) + $signed(in_12)) + $signed(in_11)) + $signed(in_8)) + $signed(in_4)) + $signed(in_1)) + ((($signed(in_9) + $signed(in_10)) + $signed(in_5)) + $signed(in_2))) + ((($signed(in_6) + $signed(in_7)) + $signed(in_3)) + $signed(in_0)));
------------------------------------------------------------------------
     add_184_43          +       signed     40x11      40               
     add_184_33          +       signed     40x21      40               
     add_180_11_I4       +       signed     11x9       11               
     add_172_11_I8       +       signed     40x37      40               
     add_176_11_I4       +       signed     21x19      21               
     add_180_11_I3       +       signed     10x9       11               
     add_172_11_I7       +       signed     40x37      40               
     add_176_11_I3       +       signed     20x19      21               
     add_180_11_I2       +       signed     9x9        10               
     add_172_11_I6       +       signed     40x37      40               
     add_176_11_I2       +       signed     19x19      20               
     add_172_11_I5       +       signed     40x37      40               
     add_172_11_I4       +       signed     39x37      40               
     add_172_11_I3       +       signed     38x37      39               
     add_172_11_I2       +       signed     37x37      38               
========================================================================
noe5m2_fixed8_mxfp_aitb_comp_wrapper
 u_noe5m2_fixed8_mxfp_aitb_comp_top
  u_noe5m2_mxfp_comp_dot_fixed_col2
   inst_mxfp8_mult[0].u_mxfp_mult_comp_shift_mxfp8_u_mxfp_multiply_comp_mul_61_36
    
    module:mult_signed
     very_fast/non_booth
                         *       signed     8x8        16        756.04 
========================================================================
noe5m2_fixed8_mxfp_aitb_comp_wrapper
 u_noe5m2_fixed8_mxfp_aitb_comp_top
  u_noe5m2_mxfp_comp_dot_fixed_col2
   inst_mxfp8_mult[1].u_mxfp_mult_comp_shift_mxfp8_u_mxfp_multiply_comp_mul_61_52
    
    module:mult_signed
     very_fast/non_booth
                         *       signed     8x8        16        756.04 
========================================================================
noe5m2_fixed8_mxfp_aitb_comp_wrapper
 u_noe5m2_fixed8_mxfp_aitb_comp_top
  u_noe5m2_mxfp_comp_dot_fixed_col2
   inst_mxfp8_mult[2].u_mxfp_mult_comp_shift_mxfp8_u_mxfp_multiply_comp_mul_61_60
    
    module:mult_signed
     very_fast/non_booth
                         *       signed     8x8        16        756.04 
========================================================================
noe5m2_fixed8_mxfp_aitb_comp_wrapper
 u_noe5m2_fixed8_mxfp_aitb_comp_top
  u_noe5m2_mxfp_comp_dot_fixed_col2
   inst_mxfp8_mult[3].u_mxfp_mult_comp_shift_mxfp8_u_mxfp_multiply_comp_mul_61_19
    
    module:mult_signed
     very_fast/non_booth
                         *       signed     8x8        16        756.04 
========================================================================
noe5m2_fixed8_mxfp_aitb_comp_wrapper
 u_noe5m2_fixed8_mxfp_aitb_comp_top
  u_noe5m2_mxfp_comp_dot_fixed_col2
   inst_mxfp8_mult[4].u_mxfp_mult_comp_shift_mxfp8_u_mxfp_multiply_comp_mul_61_27
    
    module:mult_signed
     very_fast/non_booth
                         *       signed     8x8        16        756.04 
========================================================================
noe5m2_fixed8_mxfp_aitb_comp_wrapper
 u_noe5m2_fixed8_mxfp_aitb_comp_top
  u_noe5m2_mxfp_comp_dot_fixed_col2
   inst_mxfp8_mult[5].u_mxfp_mult_comp_shift_mxfp8_u_mxfp_multiply_comp_mul_61_44
    
    module:mult_signed
     very_fast/non_booth
                         *       signed     8x8        16        756.04 
========================================================================
noe5m2_fixed8_mxfp_aitb_comp_wrapper
 u_noe5m2_fixed8_mxfp_aitb_comp_top
  u_noe5m2_mxfp_comp_dot_fixed_col2
   inst_mxfp8_mult[6].u_mxfp_mult_comp_shift_mxfp8_u_mxfp_multiply_comp_mul_61_11
    
    module:mult_signed
     very_fast/non_booth
                         *       signed     8x8        16        756.04 
========================================================================
noe5m2_fixed8_mxfp_aitb_comp_wrapper
 u_noe5m2_fixed8_mxfp_aitb_comp_top
  u_noe5m2_mxfp_comp_dot_fixed_col2
   inst_mxfp8_mult[7].u_mxfp_mult_comp_shift_mxfp8_u_mxfp_multiply_comp_mul_61_3
    
    module:mult_signed
     very_fast/non_booth
                         *       signed     8x8        16        756.04 
========================================================================

      Type       CellArea Percentage 
-------------------------------------
datapath modules 24884.39      48.12 
external muxes       0.00       0.00 
others           26831.64      51.88 
-------------------------------------
total            51716.03     100.00 

