###############################################################
#  Generated by:      Cadence Innovus 21.17-s075_1
#  OS:                Linux x86_64(Host ID KingsLanding)
#  Generated on:      Fri Apr  3 15:32:24 2026
#  Design:            noe5m2_fixed8_mxfp_aitb_comp_wrapper
#  Command:           report_timing > timing.rpt
###############################################################
Path 1: VIOLATED (-72.984 ps) Setup Check with Pin u_noe5m2_fixed8_mxfp_aitb_comp_top_PIPE_OUT_col1_stage_reg_reg[0][2]/CLK->D
               View: PVT_0P63V_100C.setup_view
              Group: clk
         Startpoint: (F) zero_en
              Clock:
           Endpoint: (R) u_noe5m2_fixed8_mxfp_aitb_comp_top_PIPE_OUT_col1_stage_reg_reg[0][2]/D
              Clock: (R) clk

                        Capture       Launch
         Clock Edge:+  2000.000        0.000
        Src Latency:+   -92.314        0.000
        Net Latency:+   100.500 (P)    0.000 (I)
            Arrival:=  2008.186        0.000

              Setup:-     5.871
        Uncertainty:-   100.000
        Cppr Adjust:+     0.000
      Required Time:=  1902.315
       Launch Clock:=     0.000
          Data Path:+  1975.299
              Slack:=   -72.984

#---------------------------------------------------------------------------------------------------------------------------------------------------------------------------------
# Timing Point                                                                                Flags  Arc      Edge  Cell                       Fanout    Trans    Delay    Arrival  
#                                                                                                                                                         (ps)     (ps)       (ps)  
#---------------------------------------------------------------------------------------------------------------------------------------------------------------------------------
  zero_en                                                                                     -      zero_en  F     (arrival)                       1    4.000    0.100      0.100  
  u_noe5m2_fixed8_mxfp_aitb_comp_top_g48012/Y                                                 -      A->Y     R     INVxp67_ASAP7_75t_SL            2    4.000   15.400     15.500  
  u_noe5m2_fixed8_mxfp_aitb_comp_top_g47936/Y                                                 -      B->Y     F     NAND2xp5_ASAP7_75t_SL           1   29.500   28.400     43.900  
  FE_OFC234_u_noe5m2_fixed8_mxfp_aitb_comp_top_n_39702/Y                                      -      A->Y     R     INVx4_ASAP7_75t_SL             39   47.200   58.400    102.300  
  u_noe5m2_fixed8_mxfp_aitb_comp_top_g47629/Y                                                 -      B2->Y    F     AOI22xp5_ASAP7_75t_SL           3  142.400   54.700    157.000  
  u_noe5m2_fixed8_mxfp_aitb_comp_top_g47215/Y                                                 -      B->Y     R     NOR2xp33_ASAP7_75t_SL           4  101.400   48.800    205.800  
  u_noe5m2_fixed8_mxfp_aitb_comp_top_g47113/Y                                                 -      A->Y     F     NOR2xp33_ASAP7_75t_SL           2   85.700   34.300    240.100  
  u_noe5m2_fixed8_mxfp_aitb_comp_top_g47020/Y                                                 -      A->Y     R     NAND2xp5_ASAP7_75t_SL           1   54.000   18.800    258.900  
  u_noe5m2_fixed8_mxfp_aitb_comp_top_g46986/Y                                                 -      C->Y     F     O2A1O1Ixp33_ASAP7_75t_SL        1   28.900   17.800    276.700  
  u_noe5m2_fixed8_mxfp_aitb_comp_top_g46925/Y                                                 -      B->Y     R     AOI211x1_ASAP7_75t_SL           2   40.000   23.600    300.300  
  u_noe5m2_fixed8_mxfp_aitb_comp_top_g46919/Y                                                 -      B->Y     F     OAI21xp5_ASAP7_75t_SL           1   43.800   16.100    316.400  
  FE_OFC229_u_noe5m2_fixed8_mxfp_aitb_comp_top_n_38394/Y                                      -      A->Y     F     BUFx10_ASAP7_75t_SL            66   34.400   41.700    358.100  
  u_noe5m2_fixed8_mxfp_aitb_comp_top_g46871/Y                                                 -      A1->Y    R     AOI22x1_ASAP7_75t_SL            7   52.600   40.800    398.900  
  u_noe5m2_fixed8_mxfp_aitb_comp_top_g46744/Y                                                 -      A->Y     F     NAND2xp5_ASAP7_75t_SL           1   69.800   18.800    417.700  
  u_noe5m2_fixed8_mxfp_aitb_comp_top_g46610/Y                                                 -      A->Y     R     NOR4xp75_ASAP7_75t_SL           1   39.500   26.200    443.900  
  u_noe5m2_fixed8_mxfp_aitb_comp_top_g46588/Y                                                 -      B->Y     F     NAND2x1p5_ASAP7_75t_SL          6   49.100   23.200    467.100  
  u_noe5m2_fixed8_mxfp_aitb_comp_top_g46576/Y                                                 -      B->Y     R     NAND2x1p5_ASAP7_75t_SL          5   41.000   26.100    493.200  
  u_noe5m2_fixed8_mxfp_aitb_comp_top_g46561__2802/Y                                           -      A2->Y    F     OAI21xp5_ASAP7_75t_SL           1   41.900   21.400    514.600  
  u_noe5m2_fixed8_mxfp_aitb_comp_top_g46548__6417/Y                                           -      A->Y     R     NAND2x1p5_ASAP7_75t_SL          8   35.100   35.200    549.800  
  FE_OFC240_u_noe5m2_fixed8_mxfp_aitb_comp_top_n_37815/Y                                      -      A->Y     F     INVx2_ASAP7_75t_SL              8   57.400   21.600    571.400  
  u_noe5m2_fixed8_mxfp_aitb_comp_top_g46482__8246/Y                                           -      A->Y     F     AND2x2_ASAP7_75t_SL             8   34.300   34.600    606.000  
  u_noe5m2_fixed8_mxfp_aitb_comp_top_g46478/Y                                                 -      A->Y     R     INVx1_ASAP7_75t_SL              7   24.700   28.700    634.700  
  u_noe5m2_fixed8_mxfp_aitb_comp_top_g46441__3680/Y                                           -      A1->Y    F     OAI22xp5_ASAP7_75t_SL           2   49.800   22.400    657.100  
  u_noe5m2_fixed8_mxfp_aitb_comp_top_g46361__7410/Y                                           -      B1->Y    R     AOI22xp5_ASAP7_75t_SL           2   46.900   30.200    687.300  
  u_noe5m2_fixed8_mxfp_aitb_comp_top_g46289__2346/Y                                           -      A1->Y    F     OAI22xp5_ASAP7_75t_SL           2   49.000   22.400    709.700  
  u_noe5m2_fixed8_mxfp_aitb_comp_top_g46204__6783/Y                                           -      A1->Y    R     AOI22xp5_ASAP7_75t_SL           1   50.900   25.600    735.300  
  u_noe5m2_fixed8_mxfp_aitb_comp_top_g46152__8246/Y                                           -      B->Y     R     XOR2xp5_ASAP7_75t_SL            2   55.700   28.200    763.500  
  u_noe5m2_fixed8_mxfp_aitb_comp_top_addinc_FP32_ALU_col1_fracAdder_add_113_18_g956/Y         -      B->Y     F     NOR2xp33_ASAP7_75t_SL           3   53.100   33.800    797.300  
  u_noe5m2_fixed8_mxfp_aitb_comp_top_addinc_FP32_ALU_col1_fracAdder_add_113_18_g831/Y         -      A1->Y    R     OAI21xp5_ASAP7_75t_SL           3   60.800   31.800    829.100  
  u_noe5m2_fixed8_mxfp_aitb_comp_top_addinc_FP32_ALU_col1_fracAdder_add_113_18_g785/Y         -      A1->Y    F     AOI21xp5_ASAP7_75t_SL           5   57.900   34.900    864.000  
  u_noe5m2_fixed8_mxfp_aitb_comp_top_addinc_FP32_ALU_col1_fracAdder_add_113_18_g760/Y         -      A2->Y    R     OAI21xp5_ASAP7_75t_SL           1   59.400   27.300    891.300  
  u_noe5m2_fixed8_mxfp_aitb_comp_top_addinc_FP32_ALU_col1_fracAdder_add_113_18_g739/Y         -      B->Y     F     AOI21x1_ASAP7_75t_SL            2   44.200   16.500    907.800  
  u_noe5m2_fixed8_mxfp_aitb_comp_top_addinc_FP32_ALU_col1_fracAdder_add_113_18_g738/Y         -      A->Y     R     INVx2_ASAP7_75t_SL             11   26.200   26.000    933.800  
  u_noe5m2_fixed8_mxfp_aitb_comp_top_addinc_FP32_ALU_col1_fracAdder_add_113_18_g723/Y         -      A2->Y    F     AOI21xp5_ASAP7_75t_L            1   42.900   23.300    957.100  
  u_noe5m2_fixed8_mxfp_aitb_comp_top_addinc_FP32_ALU_col1_fracAdder_add_113_18_g715/Y         -      B->Y     F     XOR2x1_ASAP7_75t_SL             4   45.000   36.500    993.600  
  u_noe5m2_fixed8_mxfp_aitb_comp_top_g29583__1617/Y                                           -      B->Y     R     NOR4xp25_ASAP7_75t_SL           1   40.400   34.600   1028.200  
  u_noe5m2_fixed8_mxfp_aitb_comp_top_g29576__6260/Y                                           -      B->Y     R     AND3x4_ASAP7_75t_SL             9   67.300   35.500   1063.700  
  u_noe5m2_fixed8_mxfp_aitb_comp_top_g29574__5107/Y                                           -      A2->Y    F     AOI21x1_ASAP7_75t_SL            3   28.600   13.500   1077.200  
  u_noe5m2_fixed8_mxfp_aitb_comp_top_g29560__9315/Y                                           -      D->Y     R     NAND4xp25_ASAP7_75t_SL          1   48.600   22.300   1099.500  
  u_noe5m2_fixed8_mxfp_aitb_comp_top_g29558__4733/Y                                           -      A->Y     R     OR2x2_ASAP7_75t_SL              5   35.900   32.400   1131.900  
  u_noe5m2_fixed8_mxfp_aitb_comp_top_g29557/Y                                                 -      A->Y     F     INVx2_ASAP7_75t_SL              6   29.000   16.200   1148.100  
  u_noe5m2_fixed8_mxfp_aitb_comp_top_g29549__5122/Y                                           -      A1->Y    R     AOI21xp5_ASAP7_75t_SL           1   23.500   13.700   1161.800  
  u_noe5m2_fixed8_mxfp_aitb_comp_top_g29542__1617/Y                                           -      A->Y     R     AND2x2_ASAP7_75t_SL             2   37.800   20.300   1182.100  
  u_noe5m2_fixed8_mxfp_aitb_comp_top_g29541__3680/Y                                           -      B->Y     F     NAND2xp5_ASAP7_75t_SL           1   14.000   10.600   1192.700  
  u_noe5m2_fixed8_mxfp_aitb_comp_top_g29539__5526/Y                                           -      A->Y     F     OR3x2_ASAP7_75t_SL              6   18.200   41.700   1234.400  
  FE_DBTC3_u_noe5m2_fixed8_mxfp_aitb_comp_top_n_26771/Y                                       -      A->Y     R     INVx2_ASAP7_75t_SL              3   31.800   11.600   1246.000  
  u_noe5m2_fixed8_mxfp_aitb_comp_top_g29532__5107/Y                                           -      A2->Y    F     AOI21xp5_ASAP7_75t_SL           1   17.900    9.500   1255.500  
  u_noe5m2_fixed8_mxfp_aitb_comp_top_g29530/Y                                                 -      A->Y     R     INVx1_ASAP7_75t_SL              1   27.000   14.100   1269.600  
  u_noe5m2_fixed8_mxfp_aitb_comp_top_g29523__2883/Y                                           -      B->Y     F     AOI21x1_ASAP7_75t_SL            4   21.000   15.900   1285.500  
  u_noe5m2_fixed8_mxfp_aitb_comp_top_g29521__9945/Y                                           -      B->Y     F     AND2x2_ASAP7_75t_SL             5   37.500   30.400   1315.900  
  u_noe5m2_fixed8_mxfp_aitb_comp_top_g29509__1881/Y                                           -      A1->Y    R     AOI21xp5_ASAP7_75t_SL           1   20.400   12.400   1328.300  
  u_noe5m2_fixed8_mxfp_aitb_comp_top_g29506__8246/Y                                           -      B->Y     F     OAI21xp5_ASAP7_75t_SL           2   32.000   15.700   1344.000  
  u_noe5m2_fixed8_mxfp_aitb_comp_top_g29505__5122/Y                                           -      B->Y     R     NAND2xp5_ASAP7_75t_SL           1   27.500   16.600   1360.600  
  u_noe5m2_fixed8_mxfp_aitb_comp_top_g29503__2802/Y                                           -      A1->Y    F     AOI211x1_ASAP7_75t_SL           2   26.600   21.000   1381.600  
  u_noe5m2_fixed8_mxfp_aitb_comp_top_g29501__1617/Y                                           -      B->Y     F     AND2x4_ASAP7_75t_SL             8   42.300   30.300   1411.900  
  u_noe5m2_fixed8_mxfp_aitb_comp_top_g29500/Y                                                 -      A->Y     R     INVx2_ASAP7_75t_SL              3   17.900   10.100   1422.000  
  u_noe5m2_fixed8_mxfp_aitb_comp_top_g29495__8428/Y                                           -      B->Y     F     NAND2xp5_ASAP7_75t_SL           1   14.700   11.700   1433.700  
  u_noe5m2_fixed8_mxfp_aitb_comp_top_g29487__1666/Y                                           -      B->Y     F     AND2x6_ASAP7_75t_SL            26   18.600   47.800   1481.500  
  u_noe5m2_fixed8_mxfp_aitb_comp_top_g29480/Y                                                 -      A->Y     R     INVx8_ASAP7_75t_SL             25   44.000   17.200   1498.700  
  u_noe5m2_fixed8_mxfp_aitb_comp_top_g29430__3680/Y                                           -      A2->Y    R     OA22x2_ASAP7_75t_SL             2   38.900   25.500   1524.200  
  u_noe5m2_fixed8_mxfp_aitb_comp_top_g29361__6161/Y                                           -      A1->Y    F     OAI22xp5_ASAP7_75t_L            2   14.700   19.600   1543.800  
  u_noe5m2_fixed8_mxfp_aitb_comp_top_g29326__5477/Y                                           -      B1->Y    R     AOI22xp5_ASAP7_75t_SL           2   37.600   32.900   1576.700  
  u_noe5m2_fixed8_mxfp_aitb_comp_top_g29274__6161/Y                                           -      A2->Y    F     OAI211xp5_ASAP7_75t_SL          4   56.300   43.800   1620.500  
  u_noe5m2_fixed8_mxfp_aitb_comp_top_inc_FP32_ALU_col1_roundingAdder_add_274_18_spec1_g475/Y  -      A->Y     F     AND2x2_ASAP7_75t_SL             2   83.200   35.400   1655.900  
  u_noe5m2_fixed8_mxfp_aitb_comp_top_inc_FP32_ALU_col1_roundingAdder_add_274_18_spec1_g464/Y  -      B->Y     F     AND2x2_ASAP7_75t_SL             2   16.100   20.000   1675.900  
  u_noe5m2_fixed8_mxfp_aitb_comp_top_inc_FP32_ALU_col1_roundingAdder_add_274_18_spec1_g455/Y  -      B->Y     F     AND2x2_ASAP7_75t_SL             3   12.300   22.700   1698.600  
  u_noe5m2_fixed8_mxfp_aitb_comp_top_inc_FP32_ALU_col1_roundingAdder_add_274_18_spec1_g448/Y  -      B->Y     R     NAND2x1_ASAP7_75t_SL            4   18.600   21.600   1720.200  
  u_noe5m2_fixed8_mxfp_aitb_comp_top_inc_FP32_ALU_col1_roundingAdder_add_274_18_spec1_g447/Y  -      A->Y     F     INVx2_ASAP7_75t_SL              3   42.900    9.700   1729.900  
  u_noe5m2_fixed8_mxfp_aitb_comp_top_inc_FP32_ALU_col1_roundingAdder_add_274_18_spec1_g431/Y  -      B->Y     F     AND2x2_ASAP7_75t_SL             1   18.100   19.100   1749.000  
  u_noe5m2_fixed8_mxfp_aitb_comp_top_inc_FP32_ALU_col1_roundingAdder_add_274_18_spec1_g404/Y  -      A->Y     R     NAND2xp5_ASAP7_75t_L            1   12.200   16.600   1765.600  
  u_noe5m2_fixed8_mxfp_aitb_comp_top_inc_FP32_ALU_col1_roundingAdder_add_274_18_spec1_g388/Y  -      B->Y     R     XNOR2xp5_ASAP7_75t_SL           1   25.400   18.300   1783.900  
  u_noe5m2_fixed8_mxfp_aitb_comp_top_g28824/Y                                                 -      A2->Y    F     AOI21xp5_ASAP7_75t_L            2   33.700   19.700   1803.600  
  u_noe5m2_fixed8_mxfp_aitb_comp_top_g28812/Y                                                 -      A->Y     R     NOR2xp33_ASAP7_75t_L            1   40.000   22.700   1826.300  
  u_noe5m2_fixed8_mxfp_aitb_comp_top_g28807/Y                                                 -      B->Y     F     NAND3xp33_ASAP7_75t_SL          1   36.100   15.300   1841.600  
  u_noe5m2_fixed8_mxfp_aitb_comp_top_g28798/Y                                                 -      A2->Y    F     OA21x2_ASAP7_75t_SL             5   28.500   33.200   1874.800  
  u_noe5m2_fixed8_mxfp_aitb_comp_top_g28792/Y                                                 -      B->Y     F     AND2x4_ASAP7_75t_SL            17   23.300   30.200   1905.000  
  u_noe5m2_fixed8_mxfp_aitb_comp_top_g28766/Y                                                 -      B->Y     R     NAND2x1_ASAP7_75t_L             2   30.300   23.200   1928.199  
  u_noe5m2_fixed8_mxfp_aitb_comp_top_g28738/Y                                                 -      B->Y     F     NOR2x1_ASAP7_75t_L              5   33.000   29.300   1957.500  
  u_noe5m2_fixed8_mxfp_aitb_comp_top_g28692/Y                                                 -      A1->Y    R     AOI21xp5_ASAP7_75t_SL           1   43.300   17.800   1975.299  
  u_noe5m2_fixed8_mxfp_aitb_comp_top_PIPE_OUT_col1_stage_reg_reg[0][2]/D                      -      D        R     ASYNC_DFFHx1_ASAP7_75t_SL       1   34.900    0.000   1975.299  
#---------------------------------------------------------------------------------------------------------------------------------------------------------------------------------

