###############################################################
#  Generated by:      Cadence Innovus 21.17-s075_1
#  OS:                Linux x86_64(Host ID KingsLanding)
#  Generated on:      Fri Apr  3 00:26:18 2026
#  Design:            fixed_input_e4m3_8_mxfp_aitb_wrapper
#  Command:           report_timing > timing.rpt
###############################################################
Path 1: VIOLATED (-54.161 ps) Setup Check with Pin aitb_PIPE_OUT_col2_stage_reg_reg[0][8]/CLK->D
               View: PVT_0P63V_100C.setup_view
              Group: clk
         Startpoint: (R) acc_en
              Clock:
           Endpoint: (R) aitb_PIPE_OUT_col2_stage_reg_reg[0][8]/D
              Clock: (R) clk

                        Capture       Launch
         Clock Edge:+  2000.000        0.000
        Src Latency:+   -95.206        0.000
        Net Latency:+   103.600 (P)    0.000 (I)
            Arrival:=  2008.394        0.000

              Setup:-     7.956
        Uncertainty:-   100.000
        Cppr Adjust:+     0.000
      Required Time:=  1900.438
       Launch Clock:=     0.000
          Data Path:+  1954.599
              Slack:=   -54.161

#--------------------------------------------------------------------------------------------------------------------------------------------------
# Timing Point                                                  Flags  Arc     Edge  Cell                       Fanout    Trans    Delay    Arrival  
#                                                                                                                          (ps)     (ps)       (ps)  
#--------------------------------------------------------------------------------------------------------------------------------------------------
  acc_en                                                        -      acc_en  R     (arrival)                       2    4.000    0.300      0.300  
  aitb_g47319/Y                                                 -      A->Y    F     INVxp67_ASAP7_75t_SL            1    4.000    9.700     10.000  
  aitb_g47158/Y                                                 -      A->Y    F     AND2x6_ASAP7_75t_SL            40   15.800   52.200     62.200  
  FE_OCPC498_aitb_n_37945/Y                                     -      A->Y    F     BUFx6f_ASAP7_75t_SL            19   45.400   33.100     95.300  
  aitb_g46946/Y                                                 -      A->Y    F     AND2x2_ASAP7_75t_SL             1   29.600   23.800    119.100  
  aitb_g46893/Y                                                 -      B->Y    R     AOI21xp5_ASAP7_75t_SL           5   11.100   62.000    181.100  
  aitb_g46298/Y                                                 -      A1->Y   F     AOI21xp5_ASAP7_75t_SL           1  136.900   18.200    199.300  
  aitb_g46122/Y                                                 -      A2->Y   R     OAI321xp33_ASAP7_75t_SL         1   50.100   31.400    230.700  
  aitb_g46061/Y                                                 -      A3->Y   F     AOI321xp33_ASAP7_75t_SL         1   57.800   19.700    250.400  
  aitb_g46037/Y                                                 -      A->Y    F     AND2x2_ASAP7_75t_SL             2   43.900   30.600    281.000  
  aitb_g46020/Y                                                 -      A2->Y   R     OAI21xp5_ASAP7_75t_SL           1   16.500   19.500    300.500  
  FE_OFC339_aitb_n_36565/Y                                      -      A->Y    R     BUFx10_ASAP7_75t_SL            38   43.000   37.400    337.900  
  aitb_g45962/Y                                                 -      A1->Y   F     OAI22xp5_ASAP7_75t_L            2   40.800   24.300    362.200  
  aitb_g45871/Y                                                 -      A->Y    R     NOR4xp25_ASAP7_75t_SL           1   37.100   37.500    399.700  
  aitb_g45861/Y                                                 -      B->Y    F     NAND2x1_ASAP7_75t_SL            3   74.300   19.000    418.700  
  aitb_g45848/Y                                                 -      B->Y    F     OR2x2_ASAP7_75t_SL              6   38.400   34.100    452.800  
  FE_DBTC13_aitb_n_36201/Y                                      -      A->Y    R     INVx1_ASAP7_75t_SL              2   22.900   13.100    465.900  
  aitb_g45781/Y                                                 -      B->Y    F     NAND2xp5_ASAP7_75t_SL           3   19.400   20.800    486.700  
  aitb_g45634/Y                                                 -      B->Y    F     OR2x2_ASAP7_75t_SL              1   35.600   26.800    513.500  
  aitb_g45617/Y                                                 -      B->Y    F     AND2x4_ASAP7_75t_SL            21   14.700   30.400    543.900  
  aitb_g45611/Y                                                 -      A->Y    R     INVx4_ASAP7_75t_SL             23   38.600   31.900    575.800  
  aitb_g45551__8246/Y                                           -      A1->Y   R     AO221x1_ASAP7_75t_SL            2   51.900   40.200    616.000  
  aitb_g45542/Y                                                 -      A->Y    F     INVx1_ASAP7_75t_L               1   29.300   10.500    626.500  
  aitb_g45487__1666/Y                                           -      A1->Y   R     AOI22xp5_ASAP7_75t_SL           2   13.500   19.200    645.700  
  aitb_g45444__7482/Y                                           -      B->Y    F     NOR2xp33_ASAP7_75t_L            1   49.200   26.400    672.100  
  aitb_g45357__6783/Y                                           -      B->Y    R     AOI21xp5_ASAP7_75t_SL           1   47.900   25.600    697.700  
  aitb_g45296__6131/Y                                           -      B->Y    F     XOR2xp5_ASAP7_75t_SL            2   49.500   18.800    716.500  
  aitb_addinc_FP32_ALU_col2_fracAdder_add_113_18_g1198/Y        -      B->Y    R     NOR2xp33_ASAP7_75t_SL           2   43.400   31.600    748.100  
  aitb_addinc_FP32_ALU_col2_fracAdder_add_113_18_g1112/Y        -      A1->Y   F     OAI21xp5_ASAP7_75t_SL           3   62.700   30.800    778.900  
  aitb_addinc_FP32_ALU_col2_fracAdder_add_113_18_g1071/Y        -      A2->Y   R     AOI21xp5_ASAP7_75t_SL           5   52.500   42.700    821.600  
  aitb_addinc_FP32_ALU_col2_fracAdder_add_113_18_g1050/Y        -      A1->Y   F     OAI21xp5_ASAP7_75t_SL           3   80.600   31.000    852.600  
  aitb_addinc_FP32_ALU_col2_fracAdder_add_113_18_g1003/Y        -      B->Y    R     AOI21xp5_ASAP7_75t_SL           1   55.000   25.400    878.000  
  aitb_addinc_FP32_ALU_col2_fracAdder_add_113_18_g992/Y         -      B->Y    F     XOR2xp5_ASAP7_75t_SL            3   41.300   30.000    908.000  
  aitb_g27960__8246/Y                                           -      D->Y    R     NOR4xp25_ASAP7_75t_SL           1   49.300   36.600    944.600  
  aitb_g27955__6783/Y                                           -      A->Y    R     AND3x4_ASAP7_75t_SL            10   73.300   39.400    984.000  
  aitb_g27954/Y                                                 -      A->Y    F     INVx3_ASAP7_75t_SL              3   31.600   10.100    994.100  
  aitb_g27949__5107/Y                                           -      A2->Y   F     OA21x2_ASAP7_75t_SL             4   16.200   29.800   1023.900  
  aitb_g27945__1666/Y                                           -      A->Y    R     NAND4xp75_ASAP7_75t_SL          1   22.000   12.400   1036.300  
  aitb_g27943__2883/Y                                           -      B->Y    F     NOR2x1p5_ASAP7_75t_SL           4   33.500   18.400   1054.700  
  aitb_g27942/Y                                                 -      A->Y    R     INVx3_ASAP7_75t_SL              7   32.500   17.800   1072.500  
  aitb_g27935__1881/Y                                           -      A2->Y   F     OAI21xp5_ASAP7_75t_SL           1   27.200   15.600   1088.100  
  aitb_g27933__7098/Y                                           -      B->Y    R     AOI21x1_ASAP7_75t_SL            4   26.300   26.100   1114.200  
  aitb_g27927__2802/Y                                           -      A->Y    F     NAND4xp75_ASAP7_75t_SL          5   49.100   26.200   1140.400  
  aitb_g27923__5526/Y                                           -      A2->Y   R     OAI21xp5_ASAP7_75t_SL           1   49.800   27.600   1168.000  
  aitb_g27919__2398/Y                                           -      B->Y    F     AOI21x1_ASAP7_75t_SL            4   44.200   17.800   1185.800  
  aitb_g27915__7410/Y                                           -      B->Y    F     AND2x2_ASAP7_75t_SL             5   43.900   31.700   1217.500  
  aitb_g27906__6161/Y                                           -      A1->Y   R     AOI21xp5_ASAP7_75t_SL           1   20.800   14.800   1232.300  
  aitb_g27903__5115/Y                                           -      B->Y    F     OAI21xp5_ASAP7_75t_SL           2   31.400   19.200   1251.500  
  aitb_g27901__6131/Y                                           -      A2->Y   R     AOI21x1_ASAP7_75t_SL            2   34.000   18.200   1269.700  
  aitb_g27898__8246/Y                                           -      B->Y    F     NOR2x1_ASAP7_75t_SL             1   37.600   14.400   1284.100  
  aitb_g27897__5122/Y                                           -      A->Y    R     NAND2x1_ASAP7_75t_SL            5   20.400   27.700   1311.800  
  FE_OFC302_aitb_n_24039/Y                                      -      A->Y    F     INVx2_ASAP7_75t_SL              8   47.700   18.200   1330.000  
  aitb_g27890__3680/Y                                           -      B->Y    R     NAND2xp5_ASAP7_75t_SL           1   29.500   18.400   1348.400  
  aitb_g27877__6417/Y                                           -      A->Y    R     AND2x6_ASAP7_75t_SL            28   27.200   32.600   1381.000  
  FE_OFC294_aitb_n_24025/Y                                      -      A->Y    F     INVx3_ASAP7_75t_SL              7   45.900   15.000   1396.000  
  aitb_g27855__5477/Y                                           -      B1->Y   R     AOI22xp5_ASAP7_75t_SL           2   24.500   25.900   1421.900  
  aitb_g27804__7410/Y                                           -      B2->Y   F     OAI22xp5_ASAP7_75t_SL           2   51.500   17.800   1439.700  
  aitb_g27794/Y                                                 -      A->Y    R     INVx1_ASAP7_75t_L               1   45.100   21.100   1460.800  
  aitb_g27751__7482/Y                                           -      B2->Y   F     OAI22x1_ASAP7_75t_SL            5   28.600   20.300   1481.099  
  aitb_inc_FP32_ALU_col2_roundingAdder_add_274_18_spec1_g575/Y  -      B->Y    R     NAND2xp5_ASAP7_75t_SL           3   49.000   31.000   1512.099  
  aitb_inc_FP32_ALU_col2_roundingAdder_add_274_18_spec1_g562/Y  -      B->Y    F     NOR2x1_ASAP7_75t_SL             2   52.100   18.000   1530.099  
  aitb_inc_FP32_ALU_col2_roundingAdder_add_274_18_spec1_g559/Y  -      B->Y    R     NAND2x1_ASAP7_75t_SL            4   27.300   25.500   1555.599  
  aitb_inc_FP32_ALU_col2_roundingAdder_add_274_18_spec1_g555/Y  -      B->Y    F     NOR2x1p5_ASAP7_75t_SL           3   51.800   16.100   1571.699  
  aitb_inc_FP32_ALU_col2_roundingAdder_add_274_18_spec1_g548/Y  -      B->Y    R     NAND2x1_ASAP7_75t_SL            2   25.300   18.900   1590.599  
  aitb_inc_FP32_ALU_col2_roundingAdder_add_274_18_spec1_g537/Y  -      B->Y    F     NOR2x1_ASAP7_75t_SL             2   28.500   16.800   1607.400  
  aitb_inc_FP32_ALU_col2_roundingAdder_add_274_18_spec1_g524/Y  -      B->Y    R     NAND2x1_ASAP7_75t_SL            2   24.500   20.000   1627.400  
  aitb_inc_FP32_ALU_col2_roundingAdder_add_274_18_spec1_g509/Y  -      B->Y    F     NOR2x1_ASAP7_75t_SL             4   30.800   20.300   1647.700  
  aitb_inc_FP32_ALU_col2_roundingAdder_add_274_18_spec1_g489/Y  -      A->Y    F     AND3x2_ASAP7_75t_SL             3   31.300   22.900   1670.599  
  aitb_inc_FP32_ALU_col2_roundingAdder_add_274_18_spec1_g483/Y  -      B->Y    R     NAND2x1_ASAP7_75t_SL            2   15.400   14.400   1685.000  
  aitb_inc_FP32_ALU_col2_roundingAdder_add_274_18_spec1_g480/Y  -      B->Y    F     NOR2x1_ASAP7_75t_SL             3   35.700   16.100   1701.099  
  aitb_inc_FP32_ALU_col2_roundingAdder_add_274_18_spec1_g475/Y  -      B->Y    F     AND2x2_ASAP7_75t_SL             2   22.500   24.200   1725.299  
  aitb_inc_FP32_ALU_col2_roundingAdder_add_274_18_spec1_g473/Y  -      B->Y    R     NAND2x1p5_ASAP7_75t_SL          3   16.400   15.400   1740.699  
  aitb_inc_FP32_ALU_col2_roundingAdder_add_274_18_spec1_g471/Y  -      B->Y    F     NOR2x1_ASAP7_75t_SL             1   35.800   13.800   1754.499  
  aitb_inc_FP32_ALU_col2_roundingAdder_add_274_18_spec1_g469/Y  -      B->Y    R     XOR2xp5_ASAP7_75t_SL            1   20.300   14.400   1768.899  
  aitb_g26591/Y                                                 -      A1->Y   F     AOI22xp5_ASAP7_75t_SL           2   30.400   22.900   1791.799  
  aitb_g26568/Y                                                 -      A->Y    R     NOR4xp75_ASAP7_75t_SL           1   64.600   28.700   1820.499  
  aitb_g26555/Y                                                 -      A1->Y   F     AOI21x1_ASAP7_75t_SL            2   50.700   18.300   1838.799  
  aitb_g26549/Y                                                 -      A->Y    R     INVx2_ASAP7_75t_SL              9   36.100   23.200   1861.999  
  aitb_g26538/Y                                                 -      B->Y    F     NOR2x2_ASAP7_75t_SL            12   36.400   30.000   1891.999  
  FE_OCPC503_aitb_n_23128/Y                                     -      A->Y    F     BUFx2_ASAP7_75t_SL              6   67.000   36.000   1927.999  
  aitb_g26452/Y                                                 -      B1->Y   R     AOI221xp5_ASAP7_75t_SL          1   22.900   26.600   1954.599  
  aitb_PIPE_OUT_col2_stage_reg_reg[0][8]/D                      -      D       R     ASYNC_DFFHx1_ASAP7_75t_SL       1   75.000    0.000   1954.599  
#--------------------------------------------------------------------------------------------------------------------------------------------------

