###############################################################
#  Generated by:      Cadence Innovus 21.17-s075_1
#  OS:                Linux x86_64(Host ID KingsLanding)
#  Generated on:      Thu Apr  2 19:54:03 2026
#  Design:            mxfp_to_fixed_mxfp_aitb_top
#  Command:           report_timing > timing.rpt
###############################################################
Path 1: VIOLATED (-519.898 ps) Setup Check with Pin PIPE_OUT_col1_stage_reg_reg[0][27]/CLK->D
               View: PVT_0P63V_100C.setup_view
              Group: clk
         Startpoint: (R) zero_en
              Clock:
           Endpoint: (R) PIPE_OUT_col1_stage_reg_reg[0][27]/D
              Clock: (R) clk

                        Capture       Launch
         Clock Edge:+  1000.000        0.000
        Src Latency:+  -257.782        0.000
        Net Latency:+   234.800 (P)    0.000 (I)
            Arrival:=   977.018        0.000

              Setup:-     7.316
        Uncertainty:-   100.000
        Cppr Adjust:+     0.000
      Required Time:=   869.702
       Launch Clock:=     0.000
          Data Path:+  1389.600
              Slack:=  -519.898

#---------------------------------------------------------------------------------------------------------------------------------------------------
# Timing Point                                                   Flags  Arc      Edge  Cell                       Fanout   Trans    Delay    Arrival  
#                                                                                                                           (ps)     (ps)       (ps)  
#---------------------------------------------------------------------------------------------------------------------------------------------------
  zero_en                                                        -      zero_en  R     (arrival)                       1   4.000    1.900      1.900  
  g70735/Y                                                       -      A->Y     F     CKINVDCx16_ASAP7_75t_SL         3   6.000    9.200     11.100  
  g70645/Y                                                       -      B->Y     F     AND2x6_ASAP7_75t_SL             6  18.400   42.100     53.200  
  FE_OFC1519_n_3804/Y                                            -      A->Y     F     BUFx12f_ASAP7_75t_SL           13  37.300   30.600     83.800  
  FE_RC_114_0/Y                                                  -      A->Y     F     AND2x4_ASAP7_75t_SL             2  24.700   24.500    108.300  
  FE_RC_1532_0/Y                                                 -      A->Y     R     NOR2x1p5_ASAP7_75t_SL           1  13.900   11.800    120.100  
  FE_RC_1620_0/Y                                                 -      A2->Y    F     OAI22x1_ASAP7_75t_SL            1  17.600   15.100    135.200  
  g69697__6131/Y                                                 -      B->Y     R     NOR2x2_ASAP7_75t_SL             3  37.300   22.200    157.400  
  FE_RC_1409_0/Y                                                 -      A->Y     F     NAND4xp75_ASAP7_75t_SL          1  37.400   17.700    175.100  
  g69597__1881/Y                                                 -      B->Y     R     NOR2x1_ASAP7_75t_SL             1  34.100   11.400    186.500  
  FE_RC_19_0/Y                                                   -      B->Y     F     OAI21xp5_ASAP7_75t_SL           1  20.300   13.600    200.100  
  g69548__3680/Y                                                 -      B->Y     F     AND2x6_ASAP7_75t_SL            18  25.400   40.300    240.400  
  FE_OCPC1678_n_4379/Y                                           -      A->Y     R     INVx13_ASAP7_75t_SL             8  47.800   13.300    253.700  
  FE_RC_1309_0/Y                                                 -      B2->Y    F     AOI221x1_ASAP7_75t_SL           1  23.600   21.700    275.400  
  g69244__4733/Y                                                 -      B->Y     R     NAND2x1p5_ASAP7_75t_SL          2  51.600   28.100    303.500  
  FE_OCPC1339_n_4519/Y                                           -      A->Y     F     INVx1_ASAP7_75t_SL              2  41.900   18.200    321.700  
  FE_RC_887_0/Y                                                  -      A->Y     F     AND2x4_ASAP7_75t_SL             3  28.400   25.900    347.600  
  g69103__8428/Y                                                 -      A->Y     F     AND2x6_ASAP7_75t_SL            10  14.100   30.500    378.100  
  g68966__4319/Y                                                 -      B->Y     R     NOR2x2_ASAP7_75t_SL             1  25.300   11.000    389.100  
  FE_RC_484_0/Y                                                  -      B->Y     F     AOI21x1_ASAP7_75t_SL            2  18.300   13.200    402.300  
  g68810__3680/Y                                                 -      A1->Y    R     OAI22x1_ASAP7_75t_SL            2  32.300   21.100    423.400  
  g68789/Y                                                       -      A->Y     F     INVx2_ASAP7_75t_SL              2  39.600   11.100    434.500  
  FE_RC_234_0_dup/Y                                              -      A1->Y    R     OAI22x1_ASAP7_75t_SL            1  19.100   15.700    450.200  
  FE_RC_710_0/Y                                                  -      A1->Y    F     AOI21x1_ASAP7_75t_SL            2  29.400   16.000    466.200  
  g68631/Y                                                       -      A->Y     R     INVx2_ASAP7_75t_SL              1  26.100    9.400    475.600  
  g68603__7482/Y                                                 -      B1->Y    F     AOI22x1_ASAP7_75t_SL            2  14.300   15.200    490.800  
  g68548__4733/Y                                                 -      B->Y     F     XNOR2xp5_ASAP7_75t_SL           2  33.200   30.700    521.500  
  addinc_FP32_ALU_col1_fracAdder_add_113_18_g1082/Y              -      B->Y     F     OR2x2_ASAP7_75t_SL              2  41.800   27.500    549.000  
  FE_RC_1508_0/Y                                                 -      B->Y     R     OAI21xp5_ASAP7_75t_SL           1  14.700   15.100    564.100  
  FE_RC_502_0/Y                                                  -      A->Y     F     NOR2x1p5_ASAP7_75t_SL           1  50.600   15.500    579.600  
  FE_RC_354_0/Y                                                  -      A1->Y    R     AOI21x1_ASAP7_75t_SL            3  25.400   24.200    603.800  
  FE_OCPC1140_addinc_FP32_ALU_col1_fracAdder_add_113_18_n_707/Y  -      A->Y     R     BUFx6f_ASAP7_75t_SL             8  47.100   23.700    627.500  
  FE_RC_1356_0/Y                                                 -      A2->Y    F     OAI21xp5_ASAP7_75t_SL           1  15.600   13.600    641.100  
  addinc_FP32_ALU_col1_fracAdder_add_113_18_g874/Y               -      B->Y     F     XOR2xp5_ASAP7_75t_SL            2  24.000   24.600    665.700  
  g70786/Y                                                       -      B->Y     R     NOR3xp33_ASAP7_75t_SL           1  36.400   33.400    699.100  
  FE_RC_352_0/Y                                                  -      D->Y     F     NAND4xp75_ASAP7_75t_SL          1  62.600   18.600    717.700  
  FE_RC_1124_0/Y                                                 -      A->Y     R     INVx3_ASAP7_75t_SL              1  38.600   14.300    732.000  
  FE_RC_1110_0/Y                                                 -      A->Y     F     NAND3x2_ASAP7_75t_SL            4  21.700   16.400    748.400  
  FE_OCPC1144_n_2486/Y                                           -      A->Y     R     INVx6_ASAP7_75t_SL              7  35.200   15.600    764.000  
  FE_RC_296_0/Y                                                  -      A2->Y    F     AOI21x1_ASAP7_75t_SL            3  25.200   19.800    783.800  
  FE_RC_402_0_dup/Y                                              -      A->Y     R     NAND4xp75_ASAP7_75t_SL          1  63.400   19.000    802.800  
  g68209/Y                                                       -      A->Y     F     NOR2x2_ASAP7_75t_SL             4  31.600   20.300    823.100  
  FE_RC_1929_0/Y                                                 -      A1->Y    R     AOI21x1_ASAP7_75t_SL            1  29.200   16.800    839.900  
  FE_RC_1906_0/Y                                                 -      A->Y     F     NAND4xp75_ASAP7_75t_SL          2  37.500   25.900    865.800  
  FE_OCPC1271_n_2572/Y                                           -      A->Y     R     INVx4_ASAP7_75t_SL              7  48.200   20.400    886.200  
  g71150/Y                                                       -      A2->Y    F     AOI21x1_ASAP7_75t_SL            2  31.200   14.500    900.700  
  g68146_dup/Y                                                   -      A->Y     F     AND2x4_ASAP7_75t_SL             1  29.800   24.300    925.000  
  g68125/Y                                                       -      A->Y     R     NOR2x2_ASAP7_75t_SL             1  11.900   10.900    935.900  
  g68121/Y                                                       -      B->Y     F     NAND2x2_ASAP7_75t_SL            2  19.200   12.200    948.100  
  g68021/Y                                                       -      A->Y     R     NAND3x2_ASAP7_75t_SL            3  20.700   21.900    970.000  
  fopt71226/Y                                                    -      A->Y     F     INVx3_ASAP7_75t_SL              2  40.500    9.000    979.000  
  g67929/Y                                                       -      A1->Y    R     OAI22x1_ASAP7_75t_SL            1  16.800   19.800    998.800  
  FE_OCPC1696_n_2679/Y                                           -      A->Y     R     BUFx12f_ASAP7_75t_SL           10  42.500   28.900   1027.700  
  FE_OCPC1705_n_2679/Y                                           -      A->Y     R     BUFx12f_ASAP7_75t_SL            6  23.000   19.400   1047.100  
  FE_RC_1572_0/Y                                                 -      A2->Y    F     OAI22x1_ASAP7_75t_SL            1  12.300   11.500   1058.600  
  FE_RC_1573_0/Y                                                 -      A->Y     R     INVx2_ASAP7_75t_SL              2  27.600   16.200   1074.800  
  FE_RC_1678_0/Y                                                 -      A2->Y    F     OAI22x1_ASAP7_75t_SL            2  23.700   18.900   1093.700  
  FE_RC_1734_0/Y                                                 -      A2->Y    R     AOI22x1_ASAP7_75t_SL            3  31.400   26.300   1120.000  
  FE_RC_1707_0/Y                                                 -      A2->Y    R     OA22x2_ASAP7_75t_SL             2  43.800   29.500   1149.500  
  g67278/Y                                                       -      A->Y     F     NOR2x1p5_ASAP7_75t_SL           1  21.300   11.600   1161.100  
  FE_RC_1741_0/Y                                                 -      B->Y     R     NAND4xp75_ASAP7_75t_SL          1  16.700   14.600   1175.700  
  g67180/Y                                                       -      A->Y     F     NOR2x1p5_ASAP7_75t_SL           2  36.200   18.800   1194.500  
  g67149/Y                                                       -      A->Y     R     NAND2x1p5_ASAP7_75t_SL          2  26.600   23.800   1218.300  
  g67116_dup/Y                                                   -      B->Y     F     NOR2x1p5_ASAP7_75t_SL           1  36.800   11.600   1229.900  
  FE_RC_1341_0/Y                                                 -      A->Y     F     XOR2xp5_ASAP7_75t_SL            2  19.900   20.500   1250.400  
  FE_RC_37_0/Y                                                   -      C->Y     R     NAND3xp33_ASAP7_75t_SL          1  36.500   20.000   1270.400  
  FE_RC_36_0/Y                                                   -      B->Y     F     NOR2xp67_ASAP7_75t_SL           1  30.600   13.600   1284.000  
  g66962/Y                                                       -      B->Y     R     NAND3xp33_ASAP7_75t_SL          1  22.400   15.900   1299.900  
  g66960/Y                                                       -      A1->Y    F     OAI21xp5_ASAP7_75t_SL           1  26.300   16.700   1316.600  
  g66959/Y                                                       -      B->Y     F     AND2x6_ASAP7_75t_SL             3  30.000   30.300   1346.900  
  FE_RC_1564_0/Y                                                 -      A->Y     R     INVx11_ASAP7_75t_SL            16  29.300   16.300   1363.200  
  g66948/Y                                                       -      B->Y     R     AND3x1_ASAP7_75t_SL             1  33.800   26.400   1389.600  
  PIPE_OUT_col1_stage_reg_reg[0][27]/D                           -      D        R     ASYNC_DFFHx1_ASAP7_75t_SL       1  19.900    0.000   1389.600  
#---------------------------------------------------------------------------------------------------------------------------------------------------

