Info: Generated by version: 25.3 build 109
Info: Starting: Create simulation model
Info: qsys-generate /home/aelsousy/ece722_proj/ip/ai_tensor_slice.ip --simulation=VERILOG --allow-mixed-language-simulation --simulator=MODELSIM --output-directory=/home/aelsousy/ece722_proj/ip/ai_tensor_slice --family="Agilex 5" --part=A5EC065BB32AE4S
Info: ai_tensor_slice: "Transforming system: ai_tensor_slice"
Info: ai_tensor_slice: "Naming system components in system: ai_tensor_slice"
Info: ai_tensor_slice: "Processing generation queue"
Info: ai_tensor_slice: "Generating: ai_tensor_slice"
Info: ai_tensor_slice: "Generating: ai_tensor_slice_agilex_native_tensor_dsp_100_jv5neqi"
Info: agilex_native_tensor_dsp_0: generating top-level entity ai_tensor_slice_agilex_native_tensor_dsp_100_jv5neqi
Info: ai_tensor_slice: Done "ai_tensor_slice" with 2 modules, 2 files
Info: Generating the following file(s) for MODELSIM simulator in /home/aelsousy/ece722_proj/ip/ai_tensor_slice/sim/ directory:
Info: 	common/modelsim_files.tcl
Info: For information on how to simulate your IP, see the explanatory comments in the simulator-specific subdirectories under /home/aelsousy/ece722_proj/ip/ai_tensor_slice/sim/.
Info: Regenerate these scripts whenever you make any change to any Quartus-generated IP in your project.
Info: Starting: Create a System Verilog top-level wrapper when generating Verilog synthesis or simulation generation targets.
Info: Finished: Create a System Verilog top-level wrapper when generating Verilog synthesis or simulation generation targets.
Info: Finished: Create simulation model
Info: Starting: Create simulation script
Info: sim-script-gen --system-file=/home/aelsousy/ece722_proj/ip/ai_tensor_slice.ip --simulator=MODELSIM --output-directory=/home/aelsousy/ece722_proj/ip/ai_tensor_slice/sim/ --use-relative-paths=true
Info: Generating the following file(s) for MODELSIM simulator in /home/aelsousy/ece722_proj/ip/ai_tensor_slice/sim/ directory:
Info: 	mentor/msim_setup.tcl
Info: 	mentor/run_msim_setup.tcl
Info: For information on how to simulate your IP, see the explanatory comments in the simulator-specific subdirectories under /home/aelsousy/ece722_proj/ip/ai_tensor_slice/sim/.
Info: Regenerate these scripts whenever you make any change to any Quartus-generated IP in your project.
Info: Finished: Create simulation script
Info: 
Info: Starting: Create HDL design files for synthesis
Info: qsys-generate /home/aelsousy/ece722_proj/ip/ai_tensor_slice.ip --synthesis=VERILOG --output-directory=/home/aelsousy/ece722_proj/ip/ai_tensor_slice --family="Agilex 5" --part=A5EC065BB32AE4S
Info: ai_tensor_slice: "Transforming system: ai_tensor_slice"
Info: ai_tensor_slice: "Naming system components in system: ai_tensor_slice"
Info: ai_tensor_slice: "Processing generation queue"
Info: ai_tensor_slice: "Generating: ai_tensor_slice"
Info: ai_tensor_slice: "Generating: ai_tensor_slice_agilex_native_tensor_dsp_100_jv5neqi"
Info: agilex_native_tensor_dsp_0: generating top-level entity ai_tensor_slice_agilex_native_tensor_dsp_100_jv5neqi
Info: ai_tensor_slice: Done "ai_tensor_slice" with 2 modules, 2 files
Info: Starting: Create a System Verilog top-level wrapper when generating Verilog synthesis or simulation generation targets.
Info: Finished: Create a System Verilog top-level wrapper when generating Verilog synthesis or simulation generation targets.
Info: Finished: Create HDL design files for synthesis
Info: Starting: Generate IP Core Documentation
Info: No documentation filesets were found for components in ai_tensor_slice. No files generated.
Info: Finished: Generate IP Core Documentation
