

Working Directory = /home/msmekhem/research/repositories/fpga-mxfp/aitb_asic/asic/noe5m2_mxfp_aitb_comp_04_03_13_12_obj-dir/syn-rundir
QoS Summary for noe5m2_mxfp_aitb_comp_top
================================================================================
Metric                          final          
================================================================================
Slack (ps):                      -515
  R2R (ps):                      -515
  I2R (ps):                  no_value
  R2O (ps):                  no_value
  I2O (ps):                  no_value
  CG  (ps):                  no_value
TNS (ps):                     -41,177
  R2R (ps):                   -41,177
  I2R (ps):                  no_value
  R2O (ps):                  no_value
  I2O (ps):                  no_value
  CG  (ps):                  no_value
Failing Paths:                    184
Cell Area:                     38,523
Total Cell Area:               38,523
Leaf Instances:                23,362
Total Instances:               23,362
Utilization (%):                 0.00
Tot. Net Length (um):        no_value
Avg. Net Length (um):        no_value
Route Overflow H (%):        no_value
Route Overflow V (%):        no_value
MBCI(%) (bits/gate) :            0.00
Norm Cong Hotspot Area:
  Max Cong:                  no_value
  Tot Cong:                  no_value
================================================================================
CPU  Runtime (h:m:s):        00:06:32
Real Runtime (h:m:s):        00:04:50
CPU  Elapsed (h:m:s):        00:06:34
Real Elapsed (h:m:s):        00:04:51
Memory (MB):                  1870.75
================================================================================
================================================================================
Flow Settings:
================================================================================
Total Runtime (h:m:s): 00:04:50
Total Memory (MB):     1870.75
Executable Version:    21.17-s066_1
================================================================================
Total Cell Area =  Cell Area + Physical Cell Area
Total Instances =  Leaf Instances + Physical Instances


