

Working Directory = /home/msmekhem/research/repositories/fpga-mxfp/aitb_asic/asic/fixed_input_e4m3_mxfp_aitb_04_02_20_35_obj-dir/syn-rundir
QoS Summary for fixed_input_e4m3_mxfp_aitb_top
================================================================================
Metric                          final          
================================================================================
Slack (ps):                        18
  R2R (ps):                        18
  I2R (ps):                  no_value
  R2O (ps):                  no_value
  I2O (ps):                  no_value
  CG  (ps):                  no_value
TNS (ps):                           0
  R2R (ps):                         0
  I2R (ps):                  no_value
  R2O (ps):                  no_value
  I2O (ps):                  no_value
  CG  (ps):                  no_value
Failing Paths:                      0
Cell Area:                     34,433
Total Cell Area:               34,433
Leaf Instances:                19,367
Total Instances:               19,367
Utilization (%):                 0.00
Tot. Net Length (um):        no_value
Avg. Net Length (um):        no_value
Route Overflow H (%):        no_value
Route Overflow V (%):        no_value
MBCI(%) (bits/gate) :            0.00
Norm Cong Hotspot Area:
  Max Cong:                  no_value
  Tot Cong:                  no_value
================================================================================
CPU  Runtime (h:m:s):        00:05:45
Real Runtime (h:m:s):        00:04:33
CPU  Elapsed (h:m:s):        00:05:48
Real Elapsed (h:m:s):        00:04:34
Memory (MB):                  2011.43
================================================================================
================================================================================
Flow Settings:
================================================================================
Total Runtime (h:m:s): 00:04:33
Total Memory (MB):     2011.43
Executable Version:    21.17-s066_1
================================================================================
Total Cell Area =  Cell Area + Physical Cell Area
Total Instances =  Leaf Instances + Physical Instances


