Command: report datapath -all > datapath.map.rpt
============================================================
  Generated by:           Genus(TM) Synthesis Solution 21.17-s066_1
  Generated on:           Apr 02 2026  03:08:59 pm
  Module:                 fixed_input_e4m3_mxfp_aitb_top
  Library domain:         PVT_0P63V_100C.setup_cond
    Domain index:         0
    Technology libraries: asap7sc7p5t_SIMPLE_RVT_SS_nldm_201020 1.0
                          asap7sc7p5t_SIMPLE_LVT_SS_nldm_201020 1.0
                          asap7sc7p5t_SIMPLE_SLVT_SS_nldm_201020 1.0
                          asap7sc7p5t_SIMPLE_SRAM_SS_nldm_201020 1.0
                          asap7sc7p5t_AO_RVT_SS_nldm_201020 1.0
                          asap7sc7p5t_AO_LVT_SS_nldm_201020 1.0
                          asap7sc7p5t_AO_SLVT_SS_nldm_201020 1.0
                          asap7sc7p5t_AO_SRAM_SS_nldm_201020 1.0
                          asap7sc7p5t_OA_RVT_SS_nldm_201020 1.0
                          asap7sc7p5t_OA_LVT_SS_nldm_201020 1.0
                          asap7sc7p5t_OA_SLVT_SS_nldm_201020 1.0
                          asap7sc7p5t_OA_SRAM_SS_nldm_201020 1.0
                          asap7sc7p5t_SEQ_RVT_SS_nldm_201020 1.0
                          asap7sc7p5t_SEQ_LVT_SS_nldm_201020 1.0
                          asap7sc7p5t_SEQ_SLVT_SS_nldm_201020 1.0
                          asap7sc7p5t_SEQ_SRAM_SS_nldm_201020 1.0
                          asap7sc7p5t_INVBUF_RVT_SS_nldm_201020 1.0
                          asap7sc7p5t_INVBUF_LVT_SS_nldm_201020 1.0
                          asap7sc7p5t_INVBUF_SLVT_SS_nldm_201020 1.0
                          asap7sc7p5t_INVBUF_SRAM_SS_nldm_201020 1.0
  Operating conditions:   PVT_0P63V_100C 
  Interconnect mode:      global
  Area mode:              physical library
============================================================


Inferred components

                   Operator   Signedness   Inputs   Outputs CellArea 
=====================================================================
fixed_input_e4m3_mxfp_aitb_top
 addinc_FP32_ALU_col1_fracAdder_add_113_18
  
  module:add_unsigned_carry_1699
   very_fast          +       unsigned   26x27x1    27        409.15 
  equation:
  assign Z = A+B+CI;
---------------------------------------------------------------------
   add_113_18         +       unsigned   27x1       27               
   add_113_14         +       unsigned   27x27      27               
=====================================================================
fixed_input_e4m3_mxfp_aitb_top
 addinc_FP32_ALU_col2_fracAdder_add_113_18
  
  module:add_unsigned_carry_1699_971
   very_fast          +       unsigned   26x27x1    27        409.15 
  equation:
  assign Z = A+B+CI;
---------------------------------------------------------------------
   FP32_ALU_col2_fracAdder_add_113_18
                      +       unsigned   27x1       27               
   FP32_ALU_col2_fracAdder_add_113_14
                      +       unsigned   26x27      27               
=====================================================================
fixed_input_e4m3_mxfp_aitb_top
 u_fix2fp32_col1_ADD_TC_OP
  
  module:add_signed_34055
   very_fast          +       signed     39x41      39        283.26 
=====================================================================
fixed_input_e4m3_mxfp_aitb_top
 u_fix2fp32_col1_csa_tree_SUB_TC_OP_groupi
  
  module:csa_tree_SUB_TC_OP_group_34085
   very_fast    csa_and_adder            7x7x9x9    10        253.15 
  equation:
  assign out_0 = (((((($signed(in_2) + $signed(in_3)) + 1'sb0) + 2'sb01) + $signed(in_1)) + 8'sb10000000) - $signed(in_0));
---------------------------------------------------------------------
   SUB_TC_OP          -       signed     10x7       10               
   ADD_TC_OP_4        +       signed     10x8       10               
   ADD_TC_OP_3        +       signed     10x7       10               
   ADD_TC_OP_2        +       signed     10x2       10               
   ADD_TC_OP_1        +       signed     10x1       10               
   ADD_TC_OP          +       signed     9x9        10               
=====================================================================
fixed_input_e4m3_mxfp_aitb_top
 u_fix2fp32_col2_ADD_TC_OP
  
  module:add_signed_34055_876
   very_fast          +       signed     39x41      39        266.84 
=====================================================================
fixed_input_e4m3_mxfp_aitb_top
 u_fix2fp32_col2_csa_tree_SUB_TC_OP_groupi
  
  module:csa_tree_SUB_TC_OP_group_34085_1
   very_fast    csa_and_adder            7x7x9x9    10        251.79 
  equation:
  assign out_0 = (((((($signed(in_2) + $signed(in_3)) + 1'sb0) + 2'sb01) + $signed(in_1)) + 8'sb10000000) - $signed(in_0));
---------------------------------------------------------------------
   SUB_TC_OP          -       signed     10x7       10               
   ADD_TC_OP_4        +       signed     10x8       10               
   ADD_TC_OP_3        +       signed     10x7       10               
   ADD_TC_OP_2        +       signed     10x2       10               
   ADD_TC_OP_1        +       signed     10x1       10               
   ADD_TC_OP          +       signed     9x9        10               
=====================================================================
fixed_input_e4m3_mxfp_aitb_top
 u_fixed_input_e4m3_mxfp_dot_col1_MULT_TC_OP
  
  module:mult_signed_668
   very_fast/non_booth
                      *       signed     5x5        10        244.26 
=====================================================================
fixed_input_e4m3_mxfp_aitb_top
 u_fixed_input_e4m3_mxfp_dot_col1_MULT_TC_OP_24
  
  module:mult_signed_668
   very_fast/non_booth
                      *       signed     5x5        10        244.26 
=====================================================================
fixed_input_e4m3_mxfp_aitb_top
 u_fixed_input_e4m3_mxfp_dot_col1_MULT_TC_OP_25
  
  module:mult_signed_668
   very_fast/non_booth
                      *       signed     5x5        10        244.26 
=====================================================================
fixed_input_e4m3_mxfp_aitb_top
 u_fixed_input_e4m3_mxfp_dot_col1_MULT_TC_OP_26
  
  module:mult_signed_668
   very_fast/non_booth
                      *       signed     5x5        10        244.26 
=====================================================================
fixed_input_e4m3_mxfp_aitb_top
 u_fixed_input_e4m3_mxfp_dot_col1_MULT_TC_OP_27
  
  module:mult_signed_668
   very_fast/non_booth
                      *       signed     5x5        10        244.26 
=====================================================================
fixed_input_e4m3_mxfp_aitb_top
 u_fixed_input_e4m3_mxfp_dot_col1_MULT_TC_OP_28
  
  module:mult_signed
   very_fast/booth/booth_encoded_port: B
                      *       signed     7x7        14        397.52 
=====================================================================
fixed_input_e4m3_mxfp_aitb_top
 u_fixed_input_e4m3_mxfp_dot_col1_csa_tree_ADD_TC_OP_4_groupi
  
  module:csa_tree_ADD_TC_OP_4_group_83
   very_fast    csa_and_adder            37x37x37x3 40       2538.39 
                                         7x37x37                     
  equation:
  assign out_0 = ((((($signed(in_4) + $signed(in_5)) + $signed(in_3)) + $signed(in_2)) + $signed(in_1)) + $signed(in_0));
---------------------------------------------------------------------
   ADD_TC_OP_4        +       signed     40x37      40               
   ADD_TC_OP_3        +       signed     40x37      40               
   ADD_TC_OP_2        +       signed     40x37      40               
   ADD_TC_OP_1        +       signed     40x37      40               
   ADD_TC_OP100       +       signed     37x37      40               
=====================================================================
fixed_input_e4m3_mxfp_aitb_top
 u_fixed_input_e4m3_mxfp_dot_col1_csa_tree_ADD_TC_OP_92_groupi
  
  module:csa_tree_ADD_TC_OP_92_group_81
   very_fast    csa_and_adder            7x7x5x5x5x 23      14708.96 
                                         5x10x10x8x                  
                                         8x8x8x5x5x                  
                                         10x10x5x5x                  
                                         5x5x10x10x                  
                                         10x10x10x1                  
                                         0x10x10x10                  
                                         x10x10x10                   
  equation:
  assign out_0 = ((((((((((($signed(in_28) * $signed(in_29)) + ($signed(in_30) * $signed(in_31))) + ($signed(in_26) * $signed(in_27))) + ($signed(in_24) * $signed(in_25))) + ($signed(in_22) * $signed(in_23))) + ($signed(in_20) * $signed(in_21))) + ($signed(in_14) * $signed(in_15))) + ($signed(in_6) * $signed(in_7))) + (($signed(in_8) * $signed(in_9)) + ($signed(in_10) * $signed(in_11)))) + ($signed(in_0) * $signed(in_1))) + ((((($signed(in_16) * $signed(in_17)) + ($signed(in_18) * $signed(in_19))) + ($signed(in_12) * $signed(in_13))) + ($signed(in_4) * $signed(in_5))) + ($signed(in_2) * $signed(in_3))));
  ppgen_0  in_0 * in_1  booth/booth_encoded_port: in_1
  ppgen_1  in_2 * in_3  nonbooth
  ppgen_2  in_4 * in_5  nonbooth
  ppgen_3  in_6 * in_7  booth/booth_encoded_port: in_7
  ppgen_4  in_8 * in_9  nonbooth
  ppgen_5  in_10 * in_11  nonbooth
  ppgen_6  in_12 * in_13  nonbooth
  ppgen_7  in_14 * in_15  booth/booth_encoded_port: in_15
  ppgen_8  in_16 * in_17  nonbooth
  ppgen_9  in_18 * in_19  nonbooth
  ppgen_10  in_20 * in_21  booth/booth_encoded_port: in_21
  ppgen_11  in_22 * in_23  booth/booth_encoded_port: in_23
  ppgen_12  in_24 * in_25  booth/booth_encoded_port: in_25
  ppgen_13  in_26 * in_27  booth/booth_encoded_port: in_27
  ppgen_14  in_28 * in_29  booth/booth_encoded_port: in_29
  ppgen_15  in_30 * in_31  booth/booth_encoded_port: in_31

---------------------------------------------------------------------
   ADD_TC_OP_92       +       signed     23x23      23               
   ADD_TC_OP_82       +       signed     23x23      23               
   ADD_TC_OP_91       +       signed     23x23      23               
   ADD_TC_OP_80       +       signed     23x23      23               
   MULT_TC_OP_81
    booth/booth_encoded_port: B
                      *       signed     7x7        23               
   ADD_TC_OP_89       +       signed     23x23      23               
   MULT_TC_OP_90
    non_booth         *       signed     5x5        23               
   ADD_TC_OP_76       +       signed     23x23      23               
   ADD_TC_OP_79       +       signed     23x23      23               
   ADD_TC_OP_87       +       signed     23x23      23               
   MULT_TC_OP_88
    non_booth         *       signed     5x5        23               
   ADD_TC_OP_74       +       signed     23x23      23               
   MULT_TC_OP_75
    booth/booth_encoded_port: B
                      *       signed     10x10      23               
   MULT_TC_OP_77
    non_booth         *       signed     8x8        23               
   MULT_TC_OP_78
    non_booth         *       signed     8x8        23               
   ADD_TC_OP_85       +       signed     23x23      23               
   MULT_TC_OP_86
    non_booth         *       signed     5x5        23               
   ADD_TC_OP_72       +       signed     23x23      23               
   MULT_TC_OP_73
    booth/booth_encoded_port: B
                      *       signed     10x10      23               
   MULT_TC_OP_83
    non_booth         *       signed     5x5        23               
   MULT_TC_OP_84
    non_booth         *       signed     5x5        23               
   ADD_TC_OP_70       +       signed     23x23      23               
   MULT_TC_OP_71
    booth/booth_encoded_port: B
                      *       signed     10x10      23               
   ADD_TC_OP_68       +       signed     23x23      23               
   MULT_TC_OP_69
    booth/booth_encoded_port: B
                      *       signed     10x10      23               
   ADD_TC_OP_66       +       signed     23x23      23               
   MULT_TC_OP_67
    booth/booth_encoded_port: B
                      *       signed     10x10      23               
   ADD_TC_OP_64       +       signed     23x23      23               
   MULT_TC_OP_65
    booth/booth_encoded_port: B
                      *       signed     10x10      23               
   MULT_TC_OP_62
    booth/booth_encoded_port: B
                      *       signed     10x10      23               
   MULT_TC_OP_63
    booth/booth_encoded_port: B
                      *       signed     10x10      23               
=====================================================================
fixed_input_e4m3_mxfp_aitb_top
 u_fixed_input_e4m3_mxfp_dot_col2_MULT_TC_OP741
  
  module:mult_signed_668
   very_fast/non_booth
                      *       signed     5x5        10        244.26 
=====================================================================
fixed_input_e4m3_mxfp_aitb_top
 u_fixed_input_e4m3_mxfp_dot_col2_MULT_TC_OP_725
  
  module:mult_signed
   very_fast/booth/booth_encoded_port: B
                      *       signed     7x7        14        397.52 
=====================================================================
fixed_input_e4m3_mxfp_aitb_top
 u_fixed_input_e4m3_mxfp_dot_col2_MULT_TC_OP_729
  
  module:mult_signed_668
   very_fast/non_booth
                      *       signed     5x5        10        244.26 
=====================================================================
fixed_input_e4m3_mxfp_aitb_top
 u_fixed_input_e4m3_mxfp_dot_col2_MULT_TC_OP_733
  
  module:mult_signed_668
   very_fast/non_booth
                      *       signed     5x5        10        244.26 
=====================================================================
fixed_input_e4m3_mxfp_aitb_top
 u_fixed_input_e4m3_mxfp_dot_col2_MULT_TC_OP_737
  
  module:mult_signed_668
   very_fast/non_booth
                      *       signed     5x5        10        244.26 
=====================================================================
fixed_input_e4m3_mxfp_aitb_top
 u_fixed_input_e4m3_mxfp_dot_col2_MULT_TC_OP_745
  
  module:mult_signed_668
   very_fast/non_booth
                      *       signed     5x5        10        244.26 
=====================================================================
fixed_input_e4m3_mxfp_aitb_top
 u_fixed_input_e4m3_mxfp_dot_col2_csa_tree_ADD_TC_OP_723
  
  module:csa_tree_5949
                   wallace               37x37x37x3 40x40x1  1981.45 
                                         7x37x37                     
  equation:
  assign out_0 = ((((($signed(in_4) + $signed(in_5)) + $signed(in_3)) + $signed(in_2)) + $signed(in_1)) + $signed(in_0)); assign out_1 = 40'b0; assign out_2 = 1'b0;
---------------------------------------------------------------------
   ADD_TC_OP_4        +       signed     40x37      40               
   ADD_TC_OP_3        +       signed     40x37      40               
   ADD_TC_OP_2        +       signed     40x37      40               
   ADD_TC_OP_1        +       signed     40x37      40               
   ADD_TC_OP100       +       signed     37x37      40               
=====================================================================
fixed_input_e4m3_mxfp_aitb_top
 u_fixed_input_e4m3_mxfp_dot_col2_csa_tree_ADD_TC_OP_749
  
  module:csa_tree_6099
                   wallace               7x7x5x5x5x 23x23x1 14391.49 
                                         5x10x10x8x                  
                                         8x8x8x5x5x                  
                                         10x10x5x5x                  
                                         5x5x10x10x                  
                                         10x10x10x1                  
                                         0x10x10x10                  
                                         x10x10x10                   
  equation:
  assign out_0 = ((((((((((($signed(in_28) * $signed(in_29)) + ($signed(in_30) * $signed(in_31))) + ($signed(in_26) * $signed(in_27))) + ($signed(in_24) * $signed(in_25))) + ($signed(in_22) * $signed(in_23))) + ($signed(in_20) * $signed(in_21))) + ($signed(in_14) * $signed(in_15))) + ($signed(in_6) * $signed(in_7))) + (($signed(in_8) * $signed(in_9)) + ($signed(in_10) * $signed(in_11)))) + ($signed(in_0) * $signed(in_1))) + ((((($signed(in_16) * $signed(in_17)) + ($signed(in_18) * $signed(in_19))) + ($signed(in_12) * $signed(in_13))) + ($signed(in_4) * $signed(in_5))) + ($signed(in_2) * $signed(in_3)))); assign out_1 = 23'b0; assign out_2 = 1'b0;
  ppgen_0  in_0 * in_1  booth/booth_encoded_port: in_1
  ppgen_1  in_2 * in_3  nonbooth
  ppgen_2  in_4 * in_5  nonbooth
  ppgen_3  in_6 * in_7  booth/booth_encoded_port: in_7
  ppgen_4  in_8 * in_9  nonbooth
  ppgen_5  in_10 * in_11  nonbooth
  ppgen_6  in_12 * in_13  nonbooth
  ppgen_7  in_14 * in_15  booth/booth_encoded_port: in_15
  ppgen_8  in_16 * in_17  nonbooth
  ppgen_9  in_18 * in_19  nonbooth
  ppgen_10  in_20 * in_21  booth/booth_encoded_port: in_21
  ppgen_11  in_22 * in_23  booth/booth_encoded_port: in_23
  ppgen_12  in_24 * in_25  booth/booth_encoded_port: in_25
  ppgen_13  in_26 * in_27  booth/booth_encoded_port: in_27
  ppgen_14  in_28 * in_29  booth/booth_encoded_port: in_29
  ppgen_15  in_30 * in_31  booth/booth_encoded_port: in_31

---------------------------------------------------------------------
   ADD_TC_OP_92       +       signed     23x23      23               
   ADD_TC_OP_82       +       signed     23x23      23               
   ADD_TC_OP_91       +       signed     23x23      23               
   ADD_TC_OP_80       +       signed     23x23      23               
   MULT_TC_OP_81
    booth/booth_encoded_port: B
                      *       signed     7x7        23               
   ADD_TC_OP_89       +       signed     23x23      23               
   MULT_TC_OP_90
    non_booth         *       signed     5x5        23               
   ADD_TC_OP_76       +       signed     23x23      23               
   ADD_TC_OP_79       +       signed     23x23      23               
   ADD_TC_OP_87       +       signed     23x23      23               
   MULT_TC_OP_88
    non_booth         *       signed     5x5        23               
   ADD_TC_OP_74       +       signed     23x23      23               
   MULT_TC_OP_75
    booth/booth_encoded_port: B
                      *       signed     10x10      23               
   MULT_TC_OP_77
    non_booth         *       signed     8x8        23               
   MULT_TC_OP_78
    non_booth         *       signed     8x8        23               
   ADD_TC_OP_85       +       signed     23x23      23               
   MULT_TC_OP_86
    non_booth         *       signed     5x5        23               
   ADD_TC_OP_72       +       signed     23x23      23               
   MULT_TC_OP_73
    booth/booth_encoded_port: B
                      *       signed     10x10      23               
   MULT_TC_OP_83
    non_booth         *       signed     5x5        23               
   MULT_TC_OP_84
    non_booth         *       signed     5x5        23               
   ADD_TC_OP_70       +       signed     23x23      23               
   MULT_TC_OP_71
    booth/booth_encoded_port: B
                      *       signed     10x10      23               
   ADD_TC_OP_68       +       signed     23x23      23               
   MULT_TC_OP_69
    booth/booth_encoded_port: B
                      *       signed     10x10      23               
   ADD_TC_OP_66       +       signed     23x23      23               
   MULT_TC_OP_67
    booth/booth_encoded_port: B
                      *       signed     10x10      23               
   ADD_TC_OP_64       +       signed     23x23      23               
   MULT_TC_OP_65
    booth/booth_encoded_port: B
                      *       signed     10x10      23               
   MULT_TC_OP_62
    booth/booth_encoded_port: B
                      *       signed     10x10      23               
   MULT_TC_OP_63
    booth/booth_encoded_port: B
                      *       signed     10x10      23               
=====================================================================
fixed_input_e4m3_mxfp_aitb_top
 u_fixed_input_e4m3_mxfp_dot_col2_final_adder_ADD_TC_OP_4_Y_final_adder_ADD_TC_OP_92
  
  module:add_signed_carry_6097
   very_fast          +       signed     40x40x1    40        670.52 
  equation:
  assign Z = $signed(A)+$signed(B)+$signed({1'b0,CI});
---------------------------------------------------------------------
   final_adder_ADD_TC_OP_4
                      +       signed     40x40x1    40               
   final_adder_ADD_TC_OP_92
                      +       signed     23x23x1    23               
=====================================================================

      Type       CellArea Percentage 
-------------------------------------
datapath modules 39401.77      65.17 
external muxes       0.00       0.00 
others           21059.72      34.83 
-------------------------------------
total            60461.49     100.00 

