###############################################################
#  Generated by:      Cadence Innovus 21.17-s075_1
#  OS:                Linux x86_64(Host ID KingsLanding)
#  Generated on:      Thu Apr  2 21:19:22 2026
#  Design:            fixed_input_e4m3_5_mxfp_aitb_wrapper
#  Command:           report_timing > timing.rpt
###############################################################
Path 1: VIOLATED (-60.551 ps) Setup Check with Pin aitb_PIPE_OUT_col2_stage_reg_reg[0][0]/CLK->D
               View: PVT_0P63V_100C.setup_view
              Group: clk
         Startpoint: (F) zero_en
              Clock:
           Endpoint: (R) aitb_PIPE_OUT_col2_stage_reg_reg[0][0]/D
              Clock: (R) clk

                        Capture       Launch
         Clock Edge:+  2000.000        0.000
        Src Latency:+   -90.900        0.000
        Net Latency:+    93.600 (P)    0.000 (I)
            Arrival:=  2002.700        0.000

              Setup:-     5.151
        Uncertainty:-   100.000
        Cppr Adjust:+     0.000
      Required Time:=  1897.549
       Launch Clock:=     0.000
          Data Path:+  1958.099
              Slack:=   -60.551

#--------------------------------------------------------------------------------------------------------------------------------------------------
# Timing Point                                                  Flags  Arc      Edge  Cell                       Fanout   Trans    Delay    Arrival  
#                                                                                                                          (ps)     (ps)       (ps)  
#--------------------------------------------------------------------------------------------------------------------------------------------------
  zero_en                                                       -      zero_en  F     (arrival)                       1   4.000    0.200      0.200  
  FE_OFC396_zero_en/Y                                           -      A->Y     R     INVx2_ASAP7_75t_SL              2   4.000    8.300      8.500  
  aitb_g47069/Y                                                 -      B->Y     R     AND2x6_ASAP7_75t_SL            39  13.300   67.600     76.100  
  FE_OFC388_aitb_n_38006/Y                                      -      A->Y     R     BUFx2_ASAP7_75t_SL              7  72.500   37.100    113.200  
  aitb_g46797/Y                                                 -      A1->Y    F     AOI21xp5_ASAP7_75t_SL           4  37.100   44.500    157.700  
  aitb_g46239/Y                                                 -      A1->Y    R     OAI22xp5_ASAP7_75t_SL           1  80.200   20.800    178.500  
  aitb_g46134/Y                                                 -      B->Y     F     NOR3xp33_ASAP7_75t_SL           1  42.300   14.300    192.800  
  aitb_g46096/Y                                                 -      C->Y     R     AOI321xp33_ASAP7_75t_SL         1  25.500   26.200    219.000  
  aitb_g45977/Y                                                 -      B1->Y    R     OA331x1_ASAP7_75t_SL            1  56.700   32.400    251.400  
  aitb_g45950/Y                                                 -      A1->Y    F     OAI21xp5_ASAP7_75t_SL           2  23.100   19.400    270.800  
  aitb_g45934/Y                                                 -      A->Y     R     NAND2xp5_ASAP7_75t_SL           1  37.900   19.800    290.600  
  aitb_g45931/Y                                                 -      B->Y     R     AND2x6_ASAP7_75t_SL            71  29.700   71.700    362.300  
  aitb_g45871/Y                                                 -      A2->Y    F     OAI22x1_ASAP7_75t_SL            5  90.400   30.500    392.800  
  aitb_g45793/Y                                                 -      B->Y     F     OR2x2_ASAP7_75t_SL              2  59.800   31.400    424.200  
  aitb_g45766/Y                                                 -      A->Y     R     NOR4xp25_ASAP7_75t_SL           1  16.300   27.800    452.000  
  aitb_g45684/Y                                                 -      B->Y     R     OR2x2_ASAP7_75t_SL              6  59.000   35.300    487.300  
  aitb_g45573/Y                                                 -      A2->Y    F     OAI21xp5_ASAP7_75t_SL           1  31.700   18.300    505.600  
  aitb_g45538/Y                                                 -      B->Y     F     AND2x4_ASAP7_75t_SL            12  35.500   35.500    541.100  
  aitb_g45532/Y                                                 -      A->Y     R     INVx5_ASAP7_75t_SL             11  33.000   17.200    558.300  
  aitb_g45505__6161/Y                                           -      B2->Y    F     OAI22xp5_ASAP7_75t_L            2  27.000   20.800    579.100  
  aitb_g45446__8428/Y                                           -      B1->Y    R     AOI22xp5_ASAP7_75t_SL           2  46.300   28.700    607.800  
  aitb_g45354__4733/Y                                           -      A1->Y    F     OAI22xp5_ASAP7_75t_SL           2  46.300   21.500    629.300  
  aitb_g45288__5115/Y                                           -      A1->Y    R     AOI22xp5_ASAP7_75t_SL           2  40.200   26.100    655.400  
  aitb_g45205__5107/Y                                           -      A1->Y    F     OAI22xp5_ASAP7_75t_SL           1  55.400   19.600    675.000  
  aitb_g45166__9945/Y                                           -      A->Y     F     XOR2xp5_ASAP7_75t_SL            2  44.300   24.600    699.600  
  aitb_addinc_FP32_ALU_col2_fracAdder_add_113_18_g1008/Y        -      B->Y     R     NOR2xp33_ASAP7_75t_SL           3  51.300   34.200    733.800  
  aitb_addinc_FP32_ALU_col2_fracAdder_add_113_18_g847/Y         -      B->Y     F     NOR2xp33_ASAP7_75t_SL           1  62.000   20.300    754.100  
  aitb_addinc_FP32_ALU_col2_fracAdder_add_113_18_g819/Y         -      A2->Y    R     AOI21xp5_ASAP7_75t_SL           2  31.800   22.800    776.900  
  aitb_addinc_FP32_ALU_col2_fracAdder_add_113_18_g801/Y         -      A1->Y    F     OAI21xp5_ASAP7_75t_SL           4  41.000   33.000    809.900  
  aitb_addinc_FP32_ALU_col2_fracAdder_add_113_18_g791/Y         -      B->Y     R     NAND2xp5_ASAP7_75t_SL           2  55.800   27.600    837.500  
  aitb_addinc_FP32_ALU_col2_fracAdder_add_113_18_g777/Y         -      A2->Y    R     OA21x2_ASAP7_75t_SL             6  41.300   35.200    872.700  
  aitb_addinc_FP32_ALU_col2_fracAdder_add_113_18_g776/Y         -      A->Y     F     INVx2_ASAP7_75t_SL              6  32.100   15.600    888.300  
  aitb_addinc_FP32_ALU_col2_fracAdder_add_113_18_g767/Y         -      A2->Y    R     AOI21xp5_ASAP7_75t_SL           1  23.000   18.500    906.800  
  aitb_addinc_FP32_ALU_col2_fracAdder_add_113_18_g752/Y         -      B->Y     R     XOR2xp5_ASAP7_75t_SL            3  37.600   46.800    953.600  
  aitb_g28541__7410/Y                                           -      D->Y     F     NOR4xp75_ASAP7_75t_SL           1  77.900   15.000    968.600  
  aitb_g29005__4733/Y                                           -      A->Y     F     AND3x4_ASAP7_75t_SL            10  35.600   37.100   1005.700  
  aitb_g29002__5115/Y                                           -      A2->Y    R     AOI21x1_ASAP7_75t_SL            2  26.900   14.900   1020.600  
  aitb_g28986__5526/Y                                           -      A->Y     R     AND4x2_ASAP7_75t_SL             1  35.300   35.100   1055.700  
  aitb_g28985__8428/Y                                           -      B->Y     R     AND2x4_ASAP7_75t_SL             8  19.100   24.700   1080.400  
  aitb_g28981__5107/Y                                           -      A2->Y    F     AOI21xp5_ASAP7_75t_SL           1  23.500    9.900   1090.300  
  aitb_g28978/Y                                                 -      A->Y     R     INVx1_ASAP7_75t_SL              2  33.200   19.300   1109.600  
  aitb_g28969__9945/Y                                           -      B->Y     F     NOR3x1_ASAP7_75t_SL             1  29.200   18.400   1128.000  
  aitb_g28490__6161/Y                                           -      A->Y     F     AND3x4_ASAP7_75t_SL             4  26.900   28.700   1156.700  
  aitb_g28967/Y                                                 -      A->Y     R     INVx3_ASAP7_75t_SL              5  17.900   12.700   1169.400  
  aitb_g28964__5115/Y                                           -      A2->Y    F     OAI21xp5_ASAP7_75t_SL           1  17.700   10.300   1179.700  
  aitb_g28959__5122/Y                                           -      B->Y     R     AOI21xp5_ASAP7_75t_SL           2  25.300   22.900   1202.600  
  aitb_g28957/Y                                                 -      A->Y     F     INVx1_ASAP7_75t_SL              1  45.600    8.400   1211.000  
  aitb_g28950__6783/Y                                           -      A2->Y    F     OA21x2_ASAP7_75t_SL             2  17.100   24.800   1235.800  
  aitb_g28944__5107/Y                                           -      B->Y     R     NAND2xp5_ASAP7_75t_SL           1  15.000   10.700   1246.500  
  aitb_g28942__5477/Y                                           -      A1->Y    F     OAI21xp5_ASAP7_75t_SL           2  22.800   22.900   1269.400  
  aitb_g28460__7410/Y                                           -      A2->Y    R     AOI21x1_ASAP7_75t_SL            1  39.700   17.100   1286.500  
  aitb_g28941__1666/Y                                           -      B->Y     F     NOR3x1_ASAP7_75t_SL             2  30.000   19.000   1305.500  
  aitb_g28937__2883/Y                                           -      B->Y     F     AND2x4_ASAP7_75t_SL             9  26.600   26.800   1332.300  
  aitb_g28930__5115/Y                                           -      B->Y     R     NAND2xp5_ASAP7_75t_SL           1  18.200   13.200   1345.500  
  aitb_g28926__8246/Y                                           -      B->Y     R     OA21x2_ASAP7_75t_SL            20  27.600   52.600   1398.100  
  FE_OFC292_aitb_n_25202/Y                                      -      A->Y     F     INVx1_ASAP7_75t_SL              8  77.400   35.600   1433.700  
  aitb_g28811__6260/Y                                           -      A1->Y    R     OAI22xp5_ASAP7_75t_SL           2  55.800   27.500   1461.200  
  aitb_g28773__6260/Y                                           -      A2->Y    F     AOI21xp5_ASAP7_75t_SL           1  51.100   13.100   1474.300  
  FE_OFC398_aitb_n_25016/Y                                      -      A->Y     R     INVx1_ASAP7_75t_SL              5  39.400   27.200   1501.500  
  aitb_inc_FP32_ALU_col2_roundingAdder_add_274_18_spec1_g563/Y  -      B->Y     R     AND2x2_ASAP7_75t_SL             3  42.400   27.200   1528.700  
  aitb_inc_FP32_ALU_col2_roundingAdder_add_274_18_spec1_g558/Y  -      B->Y     F     NAND2x1p5_ASAP7_75t_SL          3  21.200   13.500   1542.200  
  aitb_inc_FP32_ALU_col2_roundingAdder_add_274_18_spec1_g554/Y  -      B->Y     R     NOR2x1_ASAP7_75t_SL             2  22.900   17.400   1559.599  
  aitb_inc_FP32_ALU_col2_roundingAdder_add_274_18_spec1_g550/Y  -      B->Y     F     NAND2x1p5_ASAP7_75t_SL          3  36.100   14.800   1574.399  
  aitb_inc_FP32_ALU_col2_roundingAdder_add_274_18_spec1_g540/Y  -      A->Y     R     NOR4xp75_ASAP7_75t_SL           5  25.800   35.300   1609.699  
  aitb_inc_FP32_ALU_col2_roundingAdder_add_274_18_spec1_g520/Y  -      A->Y     F     NAND3x1_ASAP7_75t_SL            2  74.900   15.800   1625.499  
  aitb_inc_FP32_ALU_col2_roundingAdder_add_274_18_spec1_g506/Y  -      B->Y     R     NOR2x1_ASAP7_75t_SL             2  37.700   16.700   1642.199  
  aitb_inc_FP32_ALU_col2_roundingAdder_add_274_18_spec1_g488/Y  -      A->Y     R     AND3x2_ASAP7_75t_SL             2  28.900   32.100   1674.299  
  aitb_inc_FP32_ALU_col2_roundingAdder_add_274_18_spec1_g483/Y  -      B->Y     F     NAND2x1p5_ASAP7_75t_SL          2  23.000    9.600   1683.899  
  aitb_inc_FP32_ALU_col2_roundingAdder_add_274_18_spec1_g480/Y  -      B->Y     R     NOR2x1_ASAP7_75t_SL             3  25.500   14.700   1698.599  
  aitb_inc_FP32_ALU_col2_roundingAdder_add_274_18_spec1_g475/Y  -      B->Y     R     AND2x2_ASAP7_75t_SL             2  24.600   23.600   1722.199  
  aitb_inc_FP32_ALU_col2_roundingAdder_add_274_18_spec1_g473/Y  -      A->Y     F     NAND2x1p5_ASAP7_75t_SL          3  19.000   11.400   1733.599  
  aitb_inc_FP32_ALU_col2_roundingAdder_add_274_18_spec1_g471/Y  -      B->Y     R     NOR2x1_ASAP7_75t_SL             1  20.400   12.500   1746.099  
  aitb_inc_FP32_ALU_col2_roundingAdder_add_274_18_spec1_g469/Y  -      B->Y     R     XOR2xp5_ASAP7_75t_SL            1  20.400   21.900   1767.999  
  aitb_g27640/Y                                                 -      A2->Y    R     AO22x1_ASAP7_75t_SL             2  29.700   26.400   1794.399  
  aitb_g27616/Y                                                 -      B->Y     F     NAND4xp25_ASAP7_75t_SL          1  19.800   18.900   1813.299  
  aitb_g27610/Y                                                 -      A2->Y    R     OAI21xp5_ASAP7_75t_SL           1  40.300   23.500   1836.799  
  FE_OFC310_aitb_n_24215/Y                                      -      A->Y     F     INVx2_ASAP7_75t_SL              7  38.400   18.000   1854.799  
  aitb_g27599/Y                                                 -      B->Y     F     AND2x4_ASAP7_75t_SL            17  26.800   34.000   1888.799  
  aitb_g27574/Y                                                 -      B->Y     R     NAND2x1p5_ASAP7_75t_SL          2  35.400   17.700   1906.499  
  aitb_g27547/Y                                                 -      B->Y     F     NOR2x1_ASAP7_75t_L              5  51.200   30.900   1937.399  
  aitb_g27497/Y                                                 -      A1->Y    R     AOI21xp5_ASAP7_75t_SL           1  40.000   20.700   1958.099  
  aitb_PIPE_OUT_col2_stage_reg_reg[0][0]/D                      -      D        R     ASYNC_DFFHx1_ASAP7_75t_SL       1  39.300    0.000   1958.099  
#--------------------------------------------------------------------------------------------------------------------------------------------------

