============================================================
  Generated by:           Genus(TM) Synthesis Solution 21.17-s066_1
  Generated on:           Apr 02 2026  03:07:29 pm
  Module:                 aitb_top
  Library domain:         PVT_0P63V_100C.setup_cond
    Domain index:         0
    Technology libraries: asap7sc7p5t_SIMPLE_RVT_SS_nldm_201020 1.0
                          asap7sc7p5t_SIMPLE_LVT_SS_nldm_201020 1.0
                          asap7sc7p5t_SIMPLE_SLVT_SS_nldm_201020 1.0
                          asap7sc7p5t_SIMPLE_SRAM_SS_nldm_201020 1.0
                          asap7sc7p5t_AO_RVT_SS_nldm_201020 1.0
                          asap7sc7p5t_AO_LVT_SS_nldm_201020 1.0
                          asap7sc7p5t_AO_SLVT_SS_nldm_201020 1.0
                          asap7sc7p5t_AO_SRAM_SS_nldm_201020 1.0
                          asap7sc7p5t_OA_RVT_SS_nldm_201020 1.0
                          asap7sc7p5t_OA_LVT_SS_nldm_201020 1.0
                          asap7sc7p5t_OA_SLVT_SS_nldm_201020 1.0
                          asap7sc7p5t_OA_SRAM_SS_nldm_201020 1.0
                          asap7sc7p5t_SEQ_RVT_SS_nldm_201020 1.0
                          asap7sc7p5t_SEQ_LVT_SS_nldm_201020 1.0
                          asap7sc7p5t_SEQ_SLVT_SS_nldm_201020 1.0
                          asap7sc7p5t_SEQ_SRAM_SS_nldm_201020 1.0
                          asap7sc7p5t_INVBUF_RVT_SS_nldm_201020 1.0
                          asap7sc7p5t_INVBUF_LVT_SS_nldm_201020 1.0
                          asap7sc7p5t_INVBUF_SLVT_SS_nldm_201020 1.0
                          asap7sc7p5t_INVBUF_SRAM_SS_nldm_201020 1.0
  Operating conditions:   PVT_0P63V_100C 
  Interconnect mode:      global
  Area mode:              physical library
============================================================

Timing
--------

      Analysis view       Clock Period 
---------------------------------------
PVT_0P63V_100C.setup_view clk   1000.0 


         Analysis           Cost   Critical            Violating 
           View            Group  Path Slack    TNS      Paths   
-----------------------------------------------------------------
PVT_0P63V_100C.setup_view     clk     -507.3 -31585.6         75 
                          default   No paths      0.0          0 
-----------------------------------------------------------------
Total                                        -31585.6         75 
                                                                 

Instance Count
--------------
Leaf Instance Count             11421 
Physical Instance count             0 
Sequential Instance Count         949 
Combinational Instance Count    10472 
Hierarchical Instance Count         0 

Area
----
Cell Area                          21513.315
Physical Cell Area                 0.000
Total Cell Area (Cell+Physical)    21513.315
Net Area                           8340.064
Total Area (Cell+Physical+Net)     29853.379

Runtime                            0.0 seconds
Elapsed Runtime                    186 seconds
Genus peak memory usage            1791.84 
Innovus peak memory usage          no_value 
Hostname                           KingsLanding
