

Working Directory = /home/msmekhem/research/repositories/fpga-mxfp/aitb_asic/asic/base_04_02_15_04_obj-dir/syn-rundir
QoS Summary for aitb_top
================================================================================
Metric                          final          
================================================================================
Slack (ps):                      -507
  R2R (ps):                      -507
  I2R (ps):                  no_value
  R2O (ps):                  no_value
  I2O (ps):                  no_value
  CG  (ps):                  no_value
TNS (ps):                     -31,586
  R2R (ps):                   -31,586
  I2R (ps):                  no_value
  R2O (ps):                  no_value
  I2O (ps):                  no_value
  CG  (ps):                  no_value
Failing Paths:                     75
Cell Area:                     21,513
Total Cell Area:               21,513
Leaf Instances:                11,421
Total Instances:               11,421
Utilization (%):                 0.00
Tot. Net Length (um):        no_value
Avg. Net Length (um):        no_value
Route Overflow H (%):        no_value
Route Overflow V (%):        no_value
MBCI(%) (bits/gate) :            0.00
Norm Cong Hotspot Area:
  Max Cong:                  no_value
  Tot Cong:                  no_value
================================================================================
CPU  Runtime (h:m:s):        00:04:19
Real Runtime (h:m:s):        00:03:01
CPU  Elapsed (h:m:s):        00:04:22
Real Elapsed (h:m:s):        00:03:03
Memory (MB):                  1791.84
================================================================================
================================================================================
Flow Settings:
================================================================================
Total Runtime (h:m:s): 00:03:01
Total Memory (MB):     1791.84
Executable Version:    21.17-s066_1
================================================================================
Total Cell Area =  Cell Area + Physical Cell Area
Total Instances =  Leaf Instances + Physical Instances


