============================================================
  Generated by:           Genus(TM) Synthesis Solution 21.17-s066_1
  Generated on:           Apr 02 2026  03:07:30 pm
  Module:                 aitb_top
  Library domain:         PVT_0P63V_100C.setup_cond
    Domain index:         0
    Technology libraries: asap7sc7p5t_SIMPLE_RVT_SS_nldm_201020 1.0
                          asap7sc7p5t_SIMPLE_LVT_SS_nldm_201020 1.0
                          asap7sc7p5t_SIMPLE_SLVT_SS_nldm_201020 1.0
                          asap7sc7p5t_SIMPLE_SRAM_SS_nldm_201020 1.0
                          asap7sc7p5t_AO_RVT_SS_nldm_201020 1.0
                          asap7sc7p5t_AO_LVT_SS_nldm_201020 1.0
                          asap7sc7p5t_AO_SLVT_SS_nldm_201020 1.0
                          asap7sc7p5t_AO_SRAM_SS_nldm_201020 1.0
                          asap7sc7p5t_OA_RVT_SS_nldm_201020 1.0
                          asap7sc7p5t_OA_LVT_SS_nldm_201020 1.0
                          asap7sc7p5t_OA_SLVT_SS_nldm_201020 1.0
                          asap7sc7p5t_OA_SRAM_SS_nldm_201020 1.0
                          asap7sc7p5t_SEQ_RVT_SS_nldm_201020 1.0
                          asap7sc7p5t_SEQ_LVT_SS_nldm_201020 1.0
                          asap7sc7p5t_SEQ_SLVT_SS_nldm_201020 1.0
                          asap7sc7p5t_SEQ_SRAM_SS_nldm_201020 1.0
                          asap7sc7p5t_INVBUF_RVT_SS_nldm_201020 1.0
                          asap7sc7p5t_INVBUF_LVT_SS_nldm_201020 1.0
                          asap7sc7p5t_INVBUF_SLVT_SS_nldm_201020 1.0
                          asap7sc7p5t_INVBUF_SRAM_SS_nldm_201020 1.0
  Operating conditions:   PVT_0P63V_100C 
  Interconnect mode:      global
  Area mode:              physical library
============================================================

                                                  Leakage                                             Library 
           Gate            Instances    Area     Power (nW)                  Library                   Domain 
--------------------------------------------------------------------------------------------------------------
A2O1A1Ixp33_ASAP7_75t_SL          14     19.596     533.095    asap7sc7p5t_AO_SLVT_SS_nldm_201020           0 
AND2x2_ASAP7_75t_L                 8     11.197     119.469    asap7sc7p5t_SIMPLE_LVT_SS_nldm_201020        0 
AND2x2_ASAP7_75t_SL              143    200.154   13657.943    asap7sc7p5t_SIMPLE_SLVT_SS_nldm_201020       0 
AND2x4_ASAP7_75t_SL               45    104.976    8547.089    asap7sc7p5t_SIMPLE_SLVT_SS_nldm_201020       0 
AND2x6_ASAP7_75t_SL                6     16.796    1570.850    asap7sc7p5t_SIMPLE_SLVT_SS_nldm_201020       0 
AND3x1_ASAP7_75t_L                 1      1.400      11.538    asap7sc7p5t_SIMPLE_LVT_SS_nldm_201020        0 
AND3x1_ASAP7_75t_SL               10     13.997     842.878    asap7sc7p5t_SIMPLE_SLVT_SS_nldm_201020       0 
AND3x2_ASAP7_75t_SL                1      1.633     101.659    asap7sc7p5t_SIMPLE_SLVT_SS_nldm_201020       0 
AND3x4_ASAP7_75t_SL                2      6.532     362.195    asap7sc7p5t_SIMPLE_SLVT_SS_nldm_201020       0 
AND4x2_ASAP7_75t_SL                7     13.064     659.838    asap7sc7p5t_SIMPLE_SLVT_SS_nldm_201020       0 
AND5x1_ASAP7_75t_SL                4      7.465     225.220    asap7sc7p5t_SIMPLE_SLVT_SS_nldm_201020       0 
AND5x2_ASAP7_75t_SL                1      4.666      86.937    asap7sc7p5t_SIMPLE_SLVT_SS_nldm_201020       0 
AO211x2_ASAP7_75t_SL               3     11.197     362.302    asap7sc7p5t_AO_SLVT_SS_nldm_201020           0 
AO221x1_ASAP7_75t_SL               4      9.331     273.827    asap7sc7p5t_AO_SLVT_SS_nldm_201020           0 
AO22x1_ASAP7_75t_L                 5     10.498      48.751    asap7sc7p5t_AO_LVT_SS_nldm_201020            0 
AO22x1_ASAP7_75t_SL              118    247.743    7631.289    asap7sc7p5t_AO_SLVT_SS_nldm_201020           0 
AO22x2_ASAP7_75t_SL               33     76.982    3761.115    asap7sc7p5t_AO_SLVT_SS_nldm_201020           0 
AO31x2_ASAP7_75t_SL                2      7.465     236.942    asap7sc7p5t_AO_SLVT_SS_nldm_201020           0 
AO32x2_ASAP7_75t_SL                2      4.199     199.149    asap7sc7p5t_AO_SLVT_SS_nldm_201020           0 
AOI211x1_ASAP7_75t_SL              4     11.197     225.649    asap7sc7p5t_AO_SLVT_SS_nldm_201020           0 
AOI21x1_ASAP7_75t_L                5      9.331      61.727    asap7sc7p5t_AO_LVT_SS_nldm_201020            0 
AOI21x1_ASAP7_75t_SL              68    126.904    4881.771    asap7sc7p5t_AO_SLVT_SS_nldm_201020           0 
AOI21xp33_ASAP7_75t_SL            13     15.163     377.935    asap7sc7p5t_AO_SLVT_SS_nldm_201020           0 
AOI21xp33_ASAP7_75t_SRAM           2      2.333       0.262    asap7sc7p5t_AO_SRAM_SS_nldm_201020           0 
AOI21xp5_ASAP7_75t_L              35     40.824     184.273    asap7sc7p5t_AO_LVT_SS_nldm_201020            0 
AOI21xp5_ASAP7_75t_SL            217    253.109    8008.686    asap7sc7p5t_AO_SLVT_SS_nldm_201020           0 
AOI221x1_ASAP7_75t_R               1      3.266       1.316    asap7sc7p5t_AO_RVT_SS_nldm_201020            0 
AOI221xp5_ASAP7_75t_SL             2      3.266      64.923    asap7sc7p5t_AO_SLVT_SS_nldm_201020           0 
AOI22x1_ASAP7_75t_L                3      6.998      38.958    asap7sc7p5t_AO_LVT_SS_nldm_201020            0 
AOI22x1_ASAP7_75t_SL             121    282.269   10005.019    asap7sc7p5t_AO_SLVT_SS_nldm_201020           0 
AOI22xp33_ASAP7_75t_SL           355    496.886   11474.218    asap7sc7p5t_AO_SLVT_SS_nldm_201020           0 
AOI22xp5_ASAP7_75t_SL            585    818.813   26891.963    asap7sc7p5t_AO_SLVT_SS_nldm_201020           0 
AOI22xp5_ASAP7_75t_SRAM            2      2.799       0.516    asap7sc7p5t_AO_SRAM_SS_nldm_201020           0 
AOI31xp33_ASAP7_75t_SL             9     12.597     288.082    asap7sc7p5t_AO_SLVT_SS_nldm_201020           0 
AOI31xp67_ASAP7_75t_SL             1      3.033      36.912    asap7sc7p5t_AO_SLVT_SS_nldm_201020           0 
AOI321xp33_ASAP7_75t_SL            1      1.866      34.592    asap7sc7p5t_AO_SLVT_SS_nldm_201020           0 
ASYNC_DFFHx1_ASAP7_75t_SL        949   5755.951  170275.641    asap7sc7p5t_SEQ_SLVT_SS_nldm_201020          0 
BUFx10_ASAP7_75t_SL                1      3.266     317.286    asap7sc7p5t_INVBUF_SLVT_SS_nldm_201020       0 
BUFx12f_ASAP7_75t_L                1      4.199      77.350    asap7sc7p5t_INVBUF_LVT_SS_nldm_201020        0 
BUFx12f_ASAP7_75t_SL               6     25.194    2848.222    asap7sc7p5t_INVBUF_SLVT_SS_nldm_201020       0 
BUFx24_ASAP7_75t_SL              128    895.795  113497.134    asap7sc7p5t_INVBUF_SLVT_SS_nldm_201020       0 
BUFx2_ASAP7_75t_L                  6      6.998      72.859    asap7sc7p5t_INVBUF_LVT_SS_nldm_201020        0 
BUFx2_ASAP7_75t_SL                25     29.160    2073.419    asap7sc7p5t_INVBUF_SLVT_SS_nldm_201020       0 
BUFx3_ASAP7_75t_L                  2      2.799      37.081    asap7sc7p5t_INVBUF_LVT_SS_nldm_201020        0 
BUFx3_ASAP7_75t_SL                49     68.584    6074.200    asap7sc7p5t_INVBUF_SLVT_SS_nldm_201020       0 
BUFx4f_ASAP7_75t_L                 2      3.732      51.566    asap7sc7p5t_INVBUF_LVT_SS_nldm_201020        0 
BUFx5_ASAP7_75t_SL                 3      5.599     527.375    asap7sc7p5t_INVBUF_SLVT_SS_nldm_201020       0 
BUFx6f_ASAP7_75t_L                 2      4.666      81.870    asap7sc7p5t_INVBUF_LVT_SS_nldm_201020        0 
BUFx6f_ASAP7_75t_SL               27     62.986    6995.000    asap7sc7p5t_INVBUF_SLVT_SS_nldm_201020       0 
BUFx8_ASAP7_75t_SL                 1      2.799     330.949    asap7sc7p5t_INVBUF_SLVT_SS_nldm_201020       0 
HB1xp67_ASAP7_75t_L               38     35.459     184.396    asap7sc7p5t_INVBUF_LVT_SS_nldm_201020        0 
HB1xp67_ASAP7_75t_R                1      0.933       0.703    asap7sc7p5t_INVBUF_RVT_SS_nldm_201020        0 
HB1xp67_ASAP7_75t_SL             189    176.360    5849.656    asap7sc7p5t_INVBUF_SLVT_SS_nldm_201020       0 
HB1xp67_ASAP7_75t_SRAM            20     18.662       3.091    asap7sc7p5t_INVBUF_SRAM_SS_nldm_201020       0 
INVx1_ASAP7_75t_L                105     73.483     503.303    asap7sc7p5t_INVBUF_LVT_SS_nldm_201020        0 
INVx1_ASAP7_75t_R                  1      0.700       0.704    asap7sc7p5t_INVBUF_RVT_SS_nldm_201020        0 
INVx1_ASAP7_75t_SL               724    506.684   22269.498    asap7sc7p5t_INVBUF_SLVT_SS_nldm_201020       0 
INVx2_ASAP7_75t_L                  4      3.732      37.336    asap7sc7p5t_INVBUF_LVT_SS_nldm_201020        0 
INVx2_ASAP7_75t_R                  1      0.933       1.773    asap7sc7p5t_INVBUF_RVT_SS_nldm_201020        0 
INVx2_ASAP7_75t_SL               133    124.105    8285.349    asap7sc7p5t_INVBUF_SLVT_SS_nldm_201020       0 
INVx3_ASAP7_75t_SL                24     27.994    2092.179    asap7sc7p5t_INVBUF_SLVT_SS_nldm_201020       0 
INVx4_ASAP7_75t_L                  2      2.799      39.534    asap7sc7p5t_INVBUF_LVT_SS_nldm_201020        0 
INVx4_ASAP7_75t_SL                26     36.392    2998.463    asap7sc7p5t_INVBUF_SLVT_SS_nldm_201020       0 
INVx5_ASAP7_75t_SL                 5      8.165     748.603    asap7sc7p5t_INVBUF_SLVT_SS_nldm_201020       0 
INVx6_ASAP7_75t_SL                 3      5.599     562.068    asap7sc7p5t_INVBUF_SLVT_SS_nldm_201020       0 
INVx8_ASAP7_75t_SL                 4      9.331     855.362    asap7sc7p5t_INVBUF_SLVT_SS_nldm_201020       0 
INVxp33_ASAP7_75t_L                3      2.100       4.592    asap7sc7p5t_INVBUF_LVT_SS_nldm_201020        0 
INVxp33_ASAP7_75t_R                3      2.100       0.703    asap7sc7p5t_INVBUF_RVT_SS_nldm_201020        0 
INVxp33_ASAP7_75t_SL               3      2.100      33.672    asap7sc7p5t_INVBUF_SLVT_SS_nldm_201020       0 
INVxp33_ASAP7_75t_SRAM            14      9.798       0.645    asap7sc7p5t_INVBUF_SRAM_SS_nldm_201020       0 
INVxp67_ASAP7_75t_R                1      0.700       0.617    asap7sc7p5t_INVBUF_RVT_SS_nldm_201020        0 
INVxp67_ASAP7_75t_SL             669    468.193   13732.362    asap7sc7p5t_INVBUF_SLVT_SS_nldm_201020       0 
INVxp67_ASAP7_75t_SRAM             2      1.400       0.157    asap7sc7p5t_INVBUF_SRAM_SS_nldm_201020       0 
MAJIxp5_ASAP7_75t_L                4      6.532      32.828    asap7sc7p5t_SIMPLE_LVT_SS_nldm_201020        0 
MAJIxp5_ASAP7_75t_SL             568    927.521   30376.631    asap7sc7p5t_SIMPLE_SLVT_SS_nldm_201020       0 
MAJx2_ASAP7_75t_SL               230    482.890   26675.537    asap7sc7p5t_SIMPLE_SLVT_SS_nldm_201020       0 
NAND2x1_ASAP7_75t_L                4      5.599      30.173    asap7sc7p5t_SIMPLE_LVT_SS_nldm_201020        0 
NAND2x1_ASAP7_75t_SL              21     29.393     888.513    asap7sc7p5t_SIMPLE_SLVT_SS_nldm_201020       0 
NAND2x1p5_ASAP7_75t_L              2      3.732      14.712    asap7sc7p5t_SIMPLE_LVT_SS_nldm_201020        0 
NAND2x1p5_ASAP7_75t_SL            46     85.847    2658.916    asap7sc7p5t_SIMPLE_SLVT_SS_nldm_201020       0 
NAND2x2_ASAP7_75t_SL               4      9.331     323.692    asap7sc7p5t_SIMPLE_SLVT_SS_nldm_201020       0 
NAND2xp33_ASAP7_75t_SL            10      9.331     169.624    asap7sc7p5t_SIMPLE_SLVT_SS_nldm_201020       0 
NAND2xp33_ASAP7_75t_SRAM           2      1.866       0.064    asap7sc7p5t_SIMPLE_SRAM_SS_nldm_201020       0 
NAND2xp5_ASAP7_75t_L              48     44.790     212.738    asap7sc7p5t_SIMPLE_LVT_SS_nldm_201020        0 
NAND2xp5_ASAP7_75t_SL            472    440.433   12875.136    asap7sc7p5t_SIMPLE_SLVT_SS_nldm_201020       0 
NAND2xp5_ASAP7_75t_SRAM            1      0.933       0.024    asap7sc7p5t_SIMPLE_SRAM_SS_nldm_201020       0 
NAND2xp67_ASAP7_75t_SL             2      2.799      40.163    asap7sc7p5t_SIMPLE_SLVT_SS_nldm_201020       0 
NAND3x1_ASAP7_75t_SL               6     15.396     204.331    asap7sc7p5t_SIMPLE_SLVT_SS_nldm_201020       0 
NAND3x2_ASAP7_75t_SL               1      4.666      48.615    asap7sc7p5t_SIMPLE_SLVT_SS_nldm_201020       0 
NAND3xp33_ASAP7_75t_SL            20     23.328     570.241    asap7sc7p5t_SIMPLE_SLVT_SS_nldm_201020       0 
NAND4xp25_ASAP7_75t_SL             6      8.398     195.202    asap7sc7p5t_SIMPLE_SLVT_SS_nldm_201020       0 
NAND4xp75_ASAP7_75t_SL            23     75.116    1750.479    asap7sc7p5t_SIMPLE_SLVT_SS_nldm_201020       0 
NAND5xp2_ASAP7_75t_SL              6      9.798     143.810    asap7sc7p5t_SIMPLE_SLVT_SS_nldm_201020       0 
NOR2x1_ASAP7_75t_L                15     20.995     133.034    asap7sc7p5t_SIMPLE_LVT_SS_nldm_201020        0 
NOR2x1_ASAP7_75t_SL               87    121.772    4747.023    asap7sc7p5t_SIMPLE_SLVT_SS_nldm_201020       0 
NOR2x1p5_ASAP7_75t_L               1      1.866       9.547    asap7sc7p5t_SIMPLE_LVT_SS_nldm_201020        0 
NOR2x1p5_ASAP7_75t_SL             65    121.306    5216.857    asap7sc7p5t_SIMPLE_SLVT_SS_nldm_201020       0 
NOR2x2_ASAP7_75t_L                 1      2.333      18.170    asap7sc7p5t_SIMPLE_LVT_SS_nldm_201020        0 
NOR2x2_ASAP7_75t_SL                4      9.331     348.939    asap7sc7p5t_SIMPLE_SLVT_SS_nldm_201020       0 
NOR2xp33_ASAP7_75t_L              57     53.188     169.988    asap7sc7p5t_SIMPLE_LVT_SS_nldm_201020        0 
NOR2xp33_ASAP7_75t_SL            157    146.500    2949.532    asap7sc7p5t_SIMPLE_SLVT_SS_nldm_201020       0 
NOR2xp67_ASAP7_75t_L               7      9.798      41.039    asap7sc7p5t_SIMPLE_LVT_SS_nldm_201020        0 
NOR2xp67_ASAP7_75t_SL              9     12.597     326.135    asap7sc7p5t_SIMPLE_SLVT_SS_nldm_201020       0 
NOR3x1_ASAP7_75t_SL                8     20.529     485.816    asap7sc7p5t_SIMPLE_SLVT_SS_nldm_201020       0 
NOR3x2_ASAP7_75t_SL                1      4.666     143.522    asap7sc7p5t_SIMPLE_SLVT_SS_nldm_201020       0 
NOR3xp33_ASAP7_75t_SL             34     39.658    1048.391    asap7sc7p5t_SIMPLE_SLVT_SS_nldm_201020       0 
NOR4xp25_ASAP7_75t_SL             12     16.796     479.632    asap7sc7p5t_SIMPLE_SLVT_SS_nldm_201020       0 
NOR4xp75_ASAP7_75t_SL              8     26.127     475.471    asap7sc7p5t_SIMPLE_SLVT_SS_nldm_201020       0 
NOR5xp2_ASAP7_75t_SL               5      8.165     183.602    asap7sc7p5t_SIMPLE_SLVT_SS_nldm_201020       0 
O2A1O1Ixp33_ASAP7_75t_SL          28     39.191    1250.200    asap7sc7p5t_OA_SLVT_SS_nldm_201020           0 
O2A1O1Ixp5_ASAP7_75t_SL            6     11.197     345.988    asap7sc7p5t_OA_SLVT_SS_nldm_201020           0 
OA21x2_ASAP7_75t_SL               46     75.116    5075.040    asap7sc7p5t_OA_SLVT_SS_nldm_201020           0 
OA221x2_ASAP7_75t_SL               2      7.465     243.078    asap7sc7p5t_OA_SLVT_SS_nldm_201020           0 
OA222x2_ASAP7_75t_SL               1      2.799     124.187    asap7sc7p5t_OA_SLVT_SS_nldm_201020           0 
OA22x2_ASAP7_75t_SL               55    128.304    5844.507    asap7sc7p5t_OA_SLVT_SS_nldm_201020           0 
OAI211xp5_ASAP7_75t_SL             6      8.398     210.647    asap7sc7p5t_OA_SLVT_SS_nldm_201020           0 
OAI21xp33_ASAP7_75t_SL             4      4.666     144.452    asap7sc7p5t_OA_SLVT_SS_nldm_201020           0 
OAI21xp33_ASAP7_75t_SRAM           1      1.166       0.117    asap7sc7p5t_OA_SRAM_SS_nldm_201020           0 
OAI21xp5_ASAP7_75t_L               2      2.333      15.095    asap7sc7p5t_OA_LVT_SS_nldm_201020            0 
OAI21xp5_ASAP7_75t_SL            246    286.934   12638.781    asap7sc7p5t_OA_SLVT_SS_nldm_201020           0 
OAI21xp5_ASAP7_75t_SRAM            1      1.166       0.191    asap7sc7p5t_OA_SRAM_SS_nldm_201020           0 
OAI222xp33_ASAP7_75t_SL            3      6.998     209.261    asap7sc7p5t_OA_SLVT_SS_nldm_201020           0 
OAI22x1_ASAP7_75t_L                3      6.998      52.181    asap7sc7p5t_OA_LVT_SS_nldm_201020            0 
OAI22x1_ASAP7_75t_SL              63    146.966    6596.117    asap7sc7p5t_OA_SLVT_SS_nldm_201020           0 
OAI22xp33_ASAP7_75t_SL             1      1.400      39.784    asap7sc7p5t_OA_SLVT_SS_nldm_201020           0 
OAI22xp33_ASAP7_75t_SRAM           3      4.199       0.550    asap7sc7p5t_OA_SRAM_SS_nldm_201020           0 
OAI22xp5_ASAP7_75t_L               7      9.798      55.183    asap7sc7p5t_OA_LVT_SS_nldm_201020            0 
OAI22xp5_ASAP7_75t_SL            335    468.893   17715.128    asap7sc7p5t_OA_SLVT_SS_nldm_201020           0 
OAI321xp33_ASAP7_75t_SL            3      5.599     165.373    asap7sc7p5t_OA_SLVT_SS_nldm_201020           0 
OR2x2_ASAP7_75t_L                  1      1.400      15.293    asap7sc7p5t_SIMPLE_LVT_SS_nldm_201020        0 
OR2x2_ASAP7_75t_SL               103    144.167    8814.977    asap7sc7p5t_SIMPLE_SLVT_SS_nldm_201020       0 
OR2x4_ASAP7_75t_SL                 3      5.599     459.303    asap7sc7p5t_SIMPLE_SLVT_SS_nldm_201020       0 
OR3x1_ASAP7_75t_SL                 7      9.798     522.603    asap7sc7p5t_SIMPLE_SLVT_SS_nldm_201020       0 
OR4x1_ASAP7_75t_SL                 4      6.532     238.079    asap7sc7p5t_SIMPLE_SLVT_SS_nldm_201020       0 
OR5x1_ASAP7_75t_SL                 6     11.197     245.031    asap7sc7p5t_SIMPLE_SLVT_SS_nldm_201020       0 
TIEHIx1_ASAP7_75t_SL              12      8.398       0.024    asap7sc7p5t_SIMPLE_SLVT_SS_nldm_201020       0 
TIELOx1_ASAP7_75t_SL             975    682.344       2.871    asap7sc7p5t_SIMPLE_SLVT_SS_nldm_201020       0 
XNOR2x2_ASAP7_75t_SL              27     69.284    3921.186    asap7sc7p5t_SIMPLE_SLVT_SS_nldm_201020       0 
XNOR2x2_ASAP7_75t_SRAM             6     15.396       4.169    asap7sc7p5t_SIMPLE_SRAM_SS_nldm_201020       0 
XNOR2xp5_ASAP7_75t_L              20     41.990     247.396    asap7sc7p5t_SIMPLE_LVT_SS_nldm_201020        0 
XNOR2xp5_ASAP7_75t_SL           1445   3033.806  117161.017    asap7sc7p5t_SIMPLE_SLVT_SS_nldm_201020       0 
XOR2x1_ASAP7_75t_L                 1      2.799      19.637    asap7sc7p5t_SIMPLE_LVT_SS_nldm_201020        0 
XOR2x1_ASAP7_75t_SL               42    117.573    5941.948    asap7sc7p5t_SIMPLE_SLVT_SS_nldm_201020       0 
XOR2xp5_ASAP7_75t_SL             991   2080.624   79977.458    asap7sc7p5t_SIMPLE_SLVT_SS_nldm_201020       0 
XOR2xp5_ASAP7_75t_SRAM             5     10.498       2.021    asap7sc7p5t_SIMPLE_SRAM_SS_nldm_201020       0 
--------------------------------------------------------------------------------------------------------------
total                          11421  21513.315  825560.605                                           


                                                                        Leakage  Leakage 
                Library                Instances Instances %   Area   Power (nW) Power % 
-----------------------------------------------------------------------------------------
asap7sc7p5t_AO_LVT_SS_nldm_201020             48         0.4   67.651    333.709     0.0 
asap7sc7p5t_AO_RVT_SS_nldm_201020              1         0.0    3.266      1.316     0.0 
asap7sc7p5t_AO_SLVT_SS_nldm_201020          1552        13.6 2401.618  75287.468     9.1 
asap7sc7p5t_AO_SRAM_SS_nldm_201020             4         0.0    5.132      0.778     0.0 
asap7sc7p5t_INVBUF_LVT_SS_nldm_201020        165         1.4  139.968   1089.887     0.1 
asap7sc7p5t_INVBUF_RVT_SS_nldm_201020          7         0.1    5.365      4.499     0.0 
asap7sc7p5t_INVBUF_SLVT_SS_nldm_201020      2020        17.7 2458.305 190090.798    23.0 
asap7sc7p5t_INVBUF_SRAM_SS_nldm_201020        36         0.3   29.860      3.893     0.0 
asap7sc7p5t_OA_LVT_SS_nldm_201020             12         0.1   19.129    122.460     0.0 
asap7sc7p5t_OA_SLVT_SS_nldm_201020           799         7.0 1193.927  50602.543     6.1 
asap7sc7p5t_OA_SRAM_SS_nldm_201020             5         0.0    6.532      0.858     0.0 
asap7sc7p5t_SEQ_SLVT_SS_nldm_201020          949         8.3 5755.951 170275.641    20.6 
asap7sc7p5t_SIMPLE_LVT_SS_nldm_201020        170         1.5  207.619   1075.562     0.1 
asap7sc7p5t_SIMPLE_SLVT_SS_nldm_201020      5639        49.4 9190.299 336664.914    40.8 
asap7sc7p5t_SIMPLE_SRAM_SS_nldm_201020        14         0.1   28.693      6.278     0.0 

                                            Leakage  Leakage 
     Type      Instances    Area   Area % Power (nW) Power % 
-------------------------------------------------------------
sequential           949  5755.951   26.8 170275.641    20.6 
inverter            1727  1286.306    6.0  52166.919     6.3 
buffer               501  1347.192    6.3 139022.158    16.8 
logic               8244 13123.866   61.0 464095.886    56.2 
physical_cells         0     0.000    0.0      0.000     0.0 
-------------------------------------------------------------
total              11421 21513.315  100.0 825560.605   100.0 

