

Working Directory = /home/msmekhem/research/repositories/fpga-mxfp/aitb_asic/asic/fixed8_mxfp_aitb_comp_04_03_11_25_obj-dir/syn-rundir
QoS Summary for fixed8_mxfp_aitb_comp_wrapper
================================================================================
Metric                          final          
================================================================================
Slack (ps):                      -500
  R2R (ps):                      -500
  I2R (ps):                  no_value
  R2O (ps):                  no_value
  I2O (ps):                  no_value
  CG  (ps):                  no_value
TNS (ps):                     -62,919
  R2R (ps):                   -62,919
  I2R (ps):                  no_value
  R2O (ps):                  no_value
  I2O (ps):                  no_value
  CG  (ps):                  no_value
Failing Paths:                    250
Cell Area:                     43,426
Total Cell Area:               43,426
Leaf Instances:                26,955
Total Instances:               26,955
Utilization (%):                 0.00
Tot. Net Length (um):        no_value
Avg. Net Length (um):        no_value
Route Overflow H (%):        no_value
Route Overflow V (%):        no_value
MBCI(%) (bits/gate) :            0.00
Norm Cong Hotspot Area:
  Max Cong:                  no_value
  Tot Cong:                  no_value
================================================================================
CPU  Runtime (h:m:s):        00:09:37
Real Runtime (h:m:s):        00:06:27
CPU  Elapsed (h:m:s):        00:09:40
Real Elapsed (h:m:s):        00:06:28
Memory (MB):                  1968.13
================================================================================
================================================================================
Flow Settings:
================================================================================
Total Runtime (h:m:s): 00:06:27
Total Memory (MB):     1968.13
Executable Version:    21.17-s066_1
================================================================================
Total Cell Area =  Cell Area + Physical Cell Area
Total Instances =  Leaf Instances + Physical Instances


