//
// Generated by ip_gen_sv_wrapper.tcl
//

acc_en is not part of a group. Using ai_tensor_slice_all_ports_acc_en_if.
cascade_data_in_col_1 is not part of a group. Using ai_tensor_slice_all_ports_cascade_data_in_col_1_if.
cascade_data_in_col_2 is not part of a group. Using ai_tensor_slice_all_ports_cascade_data_in_col_2_if.
cascade_data_out_col_1 is not part of a group. Using ai_tensor_slice_all_ports_cascade_data_out_col_1_if.
cascade_data_out_col_2 is not part of a group. Using ai_tensor_slice_all_ports_cascade_data_out_col_2_if.
clk is not part of a group. Using ai_tensor_slice_all_ports_clk_if.
clr0 is id0 of a potential group. Using ai_tensor_slice_all_ports_clr_if.
  Map key: ai_tensor_slice_all_ports_clr0
  Pattern: ^(clr)([0-9]+)()$
clr1 matches ai_tensor_slice_all_ports_clr_if.
  Map key: ai_tensor_slice_all_ports_clr1
  Base key: ai_tensor_slice_all_ports_clr0
  Pattern: ^(clr)([0-9]+)()$
data_in_1 is not part of a group. Using ai_tensor_slice_all_ports_data_in_1_if.
data_in_2 is not part of a group. Using ai_tensor_slice_all_ports_data_in_2_if.
data_in_3 is not part of a group. Using ai_tensor_slice_all_ports_data_in_3_if.
data_in_4 is not part of a group. Using ai_tensor_slice_all_ports_data_in_4_if.
data_in_5 is not part of a group. Using ai_tensor_slice_all_ports_data_in_5_if.
data_in_6 is not part of a group. Using ai_tensor_slice_all_ports_data_in_6_if.
data_in_7 is not part of a group. Using ai_tensor_slice_all_ports_data_in_7_if.
data_in_8 is not part of a group. Using ai_tensor_slice_all_ports_data_in_8_if.
data_in_9 is not part of a group. Using ai_tensor_slice_all_ports_data_in_9_if.
data_in_10 is not part of a group. Using ai_tensor_slice_all_ports_data_in_10_if.
ena is not part of a group. Using ai_tensor_slice_all_ports_ena_if.
fp32_col_1 is not part of a group. Using ai_tensor_slice_all_ports_fp32_col_1_if.
fp32_col_1_flag is not part of a group. Using ai_tensor_slice_all_ports_fp32_col_1_flag_if.
fp32_col_2 is not part of a group. Using ai_tensor_slice_all_ports_fp32_col_2_if.
fp32_col_2_flag is not part of a group. Using ai_tensor_slice_all_ports_fp32_col_2_flag_if.
load_bb_one is not part of a group. Using ai_tensor_slice_all_ports_load_bb_one_if.
load_bb_two is not part of a group. Using ai_tensor_slice_all_ports_load_bb_two_if.
load_buf_sel is not part of a group. Using ai_tensor_slice_all_ports_load_buf_sel_if.
shared_exponent_data is not part of a group. Using ai_tensor_slice_all_ports_shared_exponent_data_if.
zero_en is not part of a group. Using ai_tensor_slice_all_ports_zero_en_if.
ai_tensor_slice_all_ports: coalescing group clr0 clr1
ai_tensor_slice_all_ports: coalescing interfaces into vectors of 2 ports
