###############################################################
#  Generated by:      Cadence Innovus 21.17-s075_1
#  OS:                Linux x86_64(Host ID KingsLanding)
#  Generated on:      Fri Apr  3 12:29:17 2026
#  Design:            packed_mxfp_aitb_comp_wrapper
#  Command:           report_timing > timing.rpt
###############################################################
Path 1: VIOLATED (-69.215 ps) Setup Check with Pin u_packed_mxfp_aitb_comp_top_PIPE_OUT_col2_stage_reg_reg[0][8]/CLK->D
               View: PVT_0P63V_100C.setup_view
              Group: clk
         Startpoint: (R) acc_en
              Clock:
           Endpoint: (R) u_packed_mxfp_aitb_comp_top_PIPE_OUT_col2_stage_reg_reg[0][8]/D
              Clock: (R) clk

                        Capture       Launch
         Clock Edge:+  2000.000        0.000
        Src Latency:+  -101.724        0.000
        Net Latency:+   102.400 (P)    0.000 (I)
            Arrival:=  2000.676        0.000

              Setup:-    10.591
        Uncertainty:-   100.000
        Cppr Adjust:+     0.000
      Required Time:=  1890.085
       Launch Clock:=     0.000
          Data Path:+  1959.300
              Slack:=   -69.215

#-------------------------------------------------------------------------------------------------------------------------------------------------------------------------
# Timing Point                                                                         Flags  Arc     Edge  Cell                       Fanout    Trans    Delay    Arrival  
#                                                                                                                                                 (ps)     (ps)       (ps)  
#-------------------------------------------------------------------------------------------------------------------------------------------------------------------------
  acc_en                                                                               -      acc_en  R     (arrival)                       2    4.000    0.200      0.200  
  u_packed_mxfp_aitb_comp_top_g39728/Y                                                 -      A->Y    F     INVxp67_ASAP7_75t_SL            1    4.000    8.300      8.500  
  u_packed_mxfp_aitb_comp_top_g39620/Y                                                 -      A->Y    F     AND2x6_ASAP7_75t_SL            51   13.100   78.600     87.100  
  u_packed_mxfp_aitb_comp_top_g39163/Y                                                 -      A->Y    F     AND2x2_ASAP7_75t_SL             1  108.900   40.800    127.900  
  u_packed_mxfp_aitb_comp_top_g39119/Y                                                 -      B->Y    R     AOI21x1_ASAP7_75t_SL            4   18.700   40.500    168.400  
  u_packed_mxfp_aitb_comp_top_g38531/Y                                                 -      A2->Y   F     OAI22xp5_ASAP7_75t_SL           1   85.700   15.600    184.000  
  u_packed_mxfp_aitb_comp_top_g38469/Y                                                 -      B->Y    R     AOI21xp5_ASAP7_75t_SL           1   34.500   17.700    201.700  
  u_packed_mxfp_aitb_comp_top_g38458/Y                                                 -      C->Y    F     AOI221xp5_ASAP7_75t_SL          1   29.300   14.700    216.400  
  u_packed_mxfp_aitb_comp_top_g38448/Y                                                 -      A->Y    R     NOR3xp33_ASAP7_75t_SL           1   51.600   27.300    243.700  
  u_packed_mxfp_aitb_comp_top_g38433/Y                                                 -      A1->Y   F     OAI321xp33_ASAP7_75t_SL         1   46.400   14.900    258.600  
  u_packed_mxfp_aitb_comp_top_g38383/Y                                                 -      B->Y    R     NAND2xp5_ASAP7_75t_SL           2   57.500   30.400    289.000  
  u_packed_mxfp_aitb_comp_top_g38348/Y                                                 -      A1->Y   R     AO211x2_ASAP7_75t_SL           25   45.700   72.000    361.000  
  u_packed_mxfp_aitb_comp_top_g38195/Y                                                 -      A2->Y   F     OAI211xp5_ASAP7_75t_SL          2   94.000   45.000    406.000  
  u_packed_mxfp_aitb_comp_top_g38134/Y                                                 -      B->Y    R     NOR2x1_ASAP7_75t_SL             1   82.000   22.300    428.300  
  u_packed_mxfp_aitb_comp_top_g38105/Y                                                 -      B->Y    F     NAND2x1p5_ASAP7_75t_SL          6   42.300   23.000    451.300  
  u_packed_mxfp_aitb_comp_top_g38089/Y                                                 -      A->Y    R     NAND2x1p5_ASAP7_75t_SL          7   39.200   35.300    486.600  
  u_packed_mxfp_aitb_comp_top_g38087/Y                                                 -      A->Y    F     INVx2_ASAP7_75t_SL              2   56.300    8.100    494.700  
  u_packed_mxfp_aitb_comp_top_g37988/Y                                                 -      A2->Y   R     OAI211xp5_ASAP7_75t_SL          1   18.900   21.500    516.200  
  u_packed_mxfp_aitb_comp_top_g37939/Y                                                 -      B->Y    R     OR2x2_ASAP7_75t_SL              2   36.300   26.600    542.800  
  u_packed_mxfp_aitb_comp_top_g37920/Y                                                 -      A->Y    F     INVx3_ASAP7_75t_SL             15   19.800   18.500    561.300  
  u_packed_mxfp_aitb_comp_top_g37900/Y                                                 -      B->Y    F     AND2x2_ASAP7_75t_SL             1   30.200   22.100    583.400  
  u_packed_mxfp_aitb_comp_top_g37886/Y                                                 -      B->Y    R     AOI21xp5_ASAP7_75t_SL           2   11.300   18.600    602.000  
  u_packed_mxfp_aitb_comp_top_g37881/Y                                                 -      A->Y    F     INVxp67_ASAP7_75t_SL            1   48.500   11.700    613.700  
  u_packed_mxfp_aitb_comp_top_g37829/Y                                                 -      A1->Y   R     AOI22xp5_ASAP7_75t_SL           2   21.200   21.800    635.500  
  u_packed_mxfp_aitb_comp_top_g37763/Y                                                 -      A1->Y   F     OAI22xp5_ASAP7_75t_SL           2   54.100   22.600    658.100  
  u_packed_mxfp_aitb_comp_top_g37734/Y                                                 -      A1->Y   R     AOI22xp5_ASAP7_75t_SL           1   39.700   23.200    681.300  
  u_packed_mxfp_aitb_comp_top_g37706/Y                                                 -      B->Y    R     XOR2xp5_ASAP7_75t_SL            2   47.100   31.200    712.500  
  u_packed_mxfp_aitb_comp_top_addinc_FP32_ALU_col2_fracAdder_add_113_18_g944/Y         -      B->Y    F     NOR2xp33_ASAP7_75t_SL           3   58.200   38.200    750.700  
  u_packed_mxfp_aitb_comp_top_addinc_FP32_ALU_col2_fracAdder_add_113_18_g837/Y         -      B->Y    F     OR2x2_ASAP7_75t_SL              4   69.600   35.200    785.900  
  u_packed_mxfp_aitb_comp_top_addinc_FP32_ALU_col2_fracAdder_add_113_18_g792/Y         -      B->Y    R     NOR2xp33_ASAP7_75t_SL           2   19.700   23.000    808.900  
  u_packed_mxfp_aitb_comp_top_addinc_FP32_ALU_col2_fracAdder_add_113_18_g779/Y         -      A->Y    F     NAND2xp5_ASAP7_75t_SL           1   41.400    9.700    818.600  
  u_packed_mxfp_aitb_comp_top_addinc_FP32_ALU_col2_fracAdder_add_113_18_g734/Y         -      A1->Y   F     OA21x2_ASAP7_75t_SL             7   20.400   34.700    853.300  
  u_packed_mxfp_aitb_comp_top_addinc_FP32_ALU_col2_fracAdder_add_113_18_g727/Y         -      A->Y    R     INVx2_ASAP7_75t_SL              6   32.300   19.600    872.900  
  u_packed_mxfp_aitb_comp_top_addinc_FP32_ALU_col2_fracAdder_add_113_18_g715/Y         -      A2->Y   F     AOI21xp5_ASAP7_75t_L            1   29.200   21.900    894.800  
  u_packed_mxfp_aitb_comp_top_addinc_FP32_ALU_col2_fracAdder_add_113_18_g703/Y         -      B->Y    F     XOR2x1_ASAP7_75t_SL             4   36.800   37.900    932.700  
  u_packed_mxfp_aitb_comp_top_g22646/Y                                                 -      A->Y    R     NOR4xp75_ASAP7_75t_SL           1   47.100   23.800    956.500  
  u_packed_mxfp_aitb_comp_top_g22639/Y                                                 -      A->Y    R     AND3x4_ASAP7_75t_SL            12   46.100   39.800    996.300  
  u_packed_mxfp_aitb_comp_top_g22628/Y                                                 -      A2->Y   F     AOI21xp5_ASAP7_75t_SL           2   38.600   20.900   1017.200  
  u_packed_mxfp_aitb_comp_top_g22623/Y                                                 -      C->Y    R     NAND4xp75_ASAP7_75t_SL          1   50.200   20.500   1037.700  
  u_packed_mxfp_aitb_comp_top_g22621/Y                                                 -      A->Y    F     NOR2x1p5_ASAP7_75t_SL           5   33.000   21.800   1059.500  
  u_packed_mxfp_aitb_comp_top_g22620/Y                                                 -      A->Y    R     INVx3_ASAP7_75t_SL              6   32.200   16.000   1075.500  
  u_packed_mxfp_aitb_comp_top_g22613/Y                                                 -      A2->Y   F     OAI21xp5_ASAP7_75t_SL           1   23.900   15.100   1090.600  
  u_packed_mxfp_aitb_comp_top_g22608/Y                                                 -      B->Y    R     AOI21x1_ASAP7_75t_SL            3   30.900   21.000   1111.600  
  u_packed_mxfp_aitb_comp_top_g22601/Y                                                 -      B->Y    R     AND3x4_ASAP7_75t_SL             7   35.700   31.500   1143.100  
  u_packed_mxfp_aitb_comp_top_g22596/Y                                                 -      A2->Y   F     AOI21xp5_ASAP7_75t_SL           1   22.400    9.700   1152.800  
  u_packed_mxfp_aitb_comp_top_g22594/Y                                                 -      A->Y    R     INVx1_ASAP7_75t_L               1   19.300   14.300   1167.100  
  u_packed_mxfp_aitb_comp_top_g22585/Y                                                 -      B->Y    F     AOI21x1_ASAP7_75t_SL            4   19.300   14.700   1181.800  
  u_packed_mxfp_aitb_comp_top_g22583/Y                                                 -      B->Y    R     NAND2xp5_ASAP7_75t_SL           3   34.100   23.800   1205.600  
  u_packed_mxfp_aitb_comp_top_g22582/Y                                                 -      A->Y    F     INVx1_ASAP7_75t_SL              3   36.900   15.000   1220.600  
  u_packed_mxfp_aitb_comp_top_g22572/Y                                                 -      A1->Y   R     AOI21xp5_ASAP7_75t_SL           1   23.700   14.700   1235.300  
  u_packed_mxfp_aitb_comp_top_g22569/Y                                                 -      B->Y    F     OAI21xp5_ASAP7_75t_SL           2   29.100   21.700   1257.000  
  u_packed_mxfp_aitb_comp_top_g22567/Y                                                 -      A2->Y   R     AOI21x1_ASAP7_75t_SL            1   38.900   17.100   1274.100  
  u_packed_mxfp_aitb_comp_top_g22566/Y                                                 -      B->Y    F     NOR3x1_ASAP7_75t_SL             2   29.800   19.000   1293.100  
  u_packed_mxfp_aitb_comp_top_g22564/Y                                                 -      B->Y    F     AND2x4_ASAP7_75t_SL             3   53.700   28.000   1321.100  
  FE_OFC208_u_packed_mxfp_aitb_comp_top_n_25077/Y                                      -      A->Y    F     BUFx2_ASAP7_75t_SL              4   14.100   22.400   1343.500  
  u_packed_mxfp_aitb_comp_top_g22555/Y                                                 -      B->Y    R     NAND2xp5_ASAP7_75t_SL           1   15.400   15.200   1358.700  
  u_packed_mxfp_aitb_comp_top_g22553/Y                                                 -      A->Y    R     AND2x4_ASAP7_75t_SL            24   26.800   38.000   1396.700  
  u_packed_mxfp_aitb_comp_top_g22522/Y                                                 -      A->Y    F     INVx4_ASAP7_75t_SL             22   50.700   25.100   1421.800  
  u_packed_mxfp_aitb_comp_top_g22411/Y                                                 -      A2->Y   R     OAI22xp5_ASAP7_75t_L            2   41.900   34.300   1456.100  
  u_packed_mxfp_aitb_comp_top_g22396/Y                                                 -      A->Y    F     INVxp67_ASAP7_75t_SL            1   54.800   12.400   1468.500  
  u_packed_mxfp_aitb_comp_top_g22355/Y                                                 -      B2->Y   R     OAI22xp5_ASAP7_75t_SL           5   23.300   47.500   1516.000  
  u_packed_mxfp_aitb_comp_top_g22321/Y                                                 -      A2->Y   R     AO22x1_ASAP7_75t_SL             3   99.100   47.900   1563.900  
  u_packed_mxfp_aitb_comp_top_inc_FP32_ALU_col2_roundingAdder_add_274_18_spec1_g548/Y  -      B->Y    F     NAND4xp75_ASAP7_75t_SL          1   45.500   19.200   1583.100  
  u_packed_mxfp_aitb_comp_top_inc_FP32_ALU_col2_roundingAdder_add_274_18_spec1_g535/Y  -      A->Y    R     NOR2x1p5_ASAP7_75t_SL           4   42.500   18.200   1601.300  
  u_packed_mxfp_aitb_comp_top_inc_FP32_ALU_col2_roundingAdder_add_274_18_spec1_g527/Y  -      B->Y    R     AND2x4_ASAP7_75t_SL             2   32.700   21.400   1622.700  
  u_packed_mxfp_aitb_comp_top_inc_FP32_ALU_col2_roundingAdder_add_274_18_spec1_g519/Y  -      B->Y    F     NAND2x1p5_ASAP7_75t_SL          2   13.600    9.100   1631.800  
  u_packed_mxfp_aitb_comp_top_inc_FP32_ALU_col2_roundingAdder_add_274_18_spec1_g506/Y  -      B->Y    R     NOR2x1_ASAP7_75t_SL             3   15.000   22.900   1654.700  
  FE_RC_27_0/Y                                                                         -      B->Y    F     NAND2x1p5_ASAP7_75t_SL          2   41.300   11.200   1665.900  
  u_packed_mxfp_aitb_comp_top_inc_FP32_ALU_col2_roundingAdder_add_274_18_spec1_g479/Y  -      B->Y    R     NOR2x1_ASAP7_75t_SL             3   21.600   18.100   1684.000  
  u_packed_mxfp_aitb_comp_top_inc_FP32_ALU_col2_roundingAdder_add_274_18_spec1_g475/Y  -      B->Y    R     AND2x2_ASAP7_75t_SL             2   30.600   24.600   1708.600  
  u_packed_mxfp_aitb_comp_top_inc_FP32_ALU_col2_roundingAdder_add_274_18_spec1_g473/Y  -      B->Y    F     NAND2x1p5_ASAP7_75t_SL          3   19.800   11.900   1720.500  
  u_packed_mxfp_aitb_comp_top_inc_FP32_ALU_col2_roundingAdder_add_274_18_spec1_g471/Y  -      B->Y    R     NOR2x1_ASAP7_75t_SL             1   19.200   12.600   1733.100  
  u_packed_mxfp_aitb_comp_top_inc_FP32_ALU_col2_roundingAdder_add_274_18_spec1_g469/Y  -      B->Y    R     XOR2xp5_ASAP7_75t_SL            1   20.500   26.400   1759.500  
  u_packed_mxfp_aitb_comp_top_g22015/Y                                                 -      A1->Y   F     AOI22x1_ASAP7_75t_SL            2   41.700   16.700   1776.200  
  FE_RC_32_0/Y                                                                         -      B->Y    R     NOR4xp75_ASAP7_75t_SL           1   42.600   24.500   1800.700  
  FE_RC_47_0/Y                                                                         -      A1->Y   F     AOI21x1_ASAP7_75t_SL            3   48.200   18.700   1819.400  
  u_packed_mxfp_aitb_comp_top_g21976/Y                                                 -      B->Y    F     AND2x2_ASAP7_75t_SL             2   35.400   25.200   1844.600  
  FE_OFC196_u_packed_mxfp_aitb_comp_top_n_38284/Y                                      -      A->Y    F     BUFx3_ASAP7_75t_SL             16   13.700   30.300   1874.900  
  u_packed_mxfp_aitb_comp_top_g21886/Y                                                 -      B1->Y   R     AOI221xp5_ASAP7_75t_SL          1   31.500   84.400   1959.300  
  u_packed_mxfp_aitb_comp_top_PIPE_OUT_col2_stage_reg_reg[0][8]/D                      -      D       R     ASYNC_DFFHx1_ASAP7_75t_SL       1  188.400    0.000   1959.300  
#-------------------------------------------------------------------------------------------------------------------------------------------------------------------------

