Command: report datapath -all > datapath.map.rpt
============================================================
  Generated by:           Genus(TM) Synthesis Solution 21.17-s066_1
  Generated on:           Apr 02 2026  09:10:10 pm
  Module:                 fixed_input_e4m3_5_mxfp_aitb_wrapper
  Library domain:         PVT_0P63V_100C.setup_cond
    Domain index:         0
    Technology libraries: asap7sc7p5t_SIMPLE_RVT_SS_nldm_201020 1.0
                          asap7sc7p5t_SIMPLE_LVT_SS_nldm_201020 1.0
                          asap7sc7p5t_SIMPLE_SLVT_SS_nldm_201020 1.0
                          asap7sc7p5t_SIMPLE_SRAM_SS_nldm_201020 1.0
                          asap7sc7p5t_AO_RVT_SS_nldm_201020 1.0
                          asap7sc7p5t_AO_LVT_SS_nldm_201020 1.0
                          asap7sc7p5t_AO_SLVT_SS_nldm_201020 1.0
                          asap7sc7p5t_AO_SRAM_SS_nldm_201020 1.0
                          asap7sc7p5t_OA_RVT_SS_nldm_201020 1.0
                          asap7sc7p5t_OA_LVT_SS_nldm_201020 1.0
                          asap7sc7p5t_OA_SLVT_SS_nldm_201020 1.0
                          asap7sc7p5t_OA_SRAM_SS_nldm_201020 1.0
                          asap7sc7p5t_SEQ_RVT_SS_nldm_201020 1.0
                          asap7sc7p5t_SEQ_LVT_SS_nldm_201020 1.0
                          asap7sc7p5t_SEQ_SLVT_SS_nldm_201020 1.0
                          asap7sc7p5t_SEQ_SRAM_SS_nldm_201020 1.0
                          asap7sc7p5t_INVBUF_RVT_SS_nldm_201020 1.0
                          asap7sc7p5t_INVBUF_LVT_SS_nldm_201020 1.0
                          asap7sc7p5t_INVBUF_SLVT_SS_nldm_201020 1.0
                          asap7sc7p5t_INVBUF_SRAM_SS_nldm_201020 1.0
  Operating conditions:   PVT_0P63V_100C 
  Interconnect mode:      global
  Area mode:              physical library
============================================================


Inferred components

                      Operator   Signedness   Inputs   Outputs CellArea 
========================================================================
fixed_input_e4m3_5_mxfp_aitb_wrapper
 aitb
  addinc_FP32_ALU_col1_fracAdder_add_113_18
   
   module:add_unsigned_carry_1982
    very_fast            +       unsigned   26x27x1    27        405.05 
   equation:
   assign Z = A+B+CI;
------------------------------------------------------------------------
    add_113_18           +       unsigned   27x1       27               
    add_113_14           +       unsigned   27x27      27               
========================================================================
fixed_input_e4m3_5_mxfp_aitb_wrapper
 aitb
  addinc_FP32_ALU_col2_fracAdder_add_113_18
   
   module:add_unsigned_carry_1982
    very_fast            +       unsigned   26x27x1    27        405.05 
   equation:
   assign Z = A+B+CI;
------------------------------------------------------------------------
    FP32_ALU_col2_fracAdder_add_113_18
                         +       unsigned   27x1       27               
    FP32_ALU_col2_fracAdder_add_113_14
                         +       unsigned   26x27      27               
========================================================================
fixed_input_e4m3_5_mxfp_aitb_wrapper
 aitb
  inc_FP32_ALU_col1_roundingAdder_add_274_18_spec1
   
   module:increment_unsigned_3553_3615
    very_fast        increment   unsigned   31x1       31        209.37 
========================================================================
fixed_input_e4m3_5_mxfp_aitb_wrapper
 aitb
  inc_FP32_ALU_col2_roundingAdder_add_274_18_spec1
   
   module:increment_unsigned_3553_3615
    very_fast        increment   unsigned   31x1       31        209.37 
========================================================================
fixed_input_e4m3_5_mxfp_aitb_wrapper
 aitb
  u_fix2fp32_col1_ADD_TC_OP
   
   module:add_signed_32820
    very_fast            +       signed     39x41      39        246.31 
========================================================================
fixed_input_e4m3_5_mxfp_aitb_wrapper
 aitb
  u_fix2fp32_col1_csa_tree_SUB_TC_OP_groupi
   
   module:csa_tree_SUB_TC_OP_group_32839
    very_fast      csa_and_adder            7x7x9x9    10        252.47 
   equation:
   assign out_0 = (((((($signed(in_2) + $signed(in_3)) + 1'sb0) + 2'sb01) + $signed(in_1)) + 8'sb10000000) - $signed(in_0));
------------------------------------------------------------------------
    SUB_TC_OP            -       signed     10x7       10               
    ADD_TC_OP_4          +       signed     10x8       10               
    ADD_TC_OP_3          +       signed     10x7       10               
    ADD_TC_OP_2          +       signed     10x2       10               
    ADD_TC_OP_1          +       signed     10x1       10               
    ADD_TC_OP            +       signed     9x9        10               
========================================================================
fixed_input_e4m3_5_mxfp_aitb_wrapper
 aitb
  u_fix2fp32_col2_ADD_TC_OP
   
   module:add_signed_32820_840
    very_fast            +       signed     39x41      39        246.31 
========================================================================
fixed_input_e4m3_5_mxfp_aitb_wrapper
 aitb
  u_fix2fp32_col2_csa_tree_SUB_TC_OP_groupi
   
   module:csa_tree_SUB_TC_OP_group_32839_1
    very_fast      csa_and_adder            7x7x9x9    10        253.84 
   equation:
   assign out_0 = (((((($signed(in_2) + $signed(in_3)) + 1'sb0) + 2'sb01) + $signed(in_1)) + 8'sb10000000) - $signed(in_0));
------------------------------------------------------------------------
    SUB_TC_OP            -       signed     10x7       10               
    ADD_TC_OP_4          +       signed     10x8       10               
    ADD_TC_OP_3          +       signed     10x7       10               
    ADD_TC_OP_2          +       signed     10x2       10               
    ADD_TC_OP_1          +       signed     10x1       10               
    ADD_TC_OP            +       signed     9x9        10               
========================================================================
fixed_input_e4m3_5_mxfp_aitb_wrapper
 aitb
  u_fixed_input_e4m3_mxfp_dot_col1
   csa_tree_add_154_19_I5
    
    module:csa_tree_4606
                      wallace               37x37x37x3 40x40x1  1484.03 
                                            7x37                        
    equation:
    assign out_0 = (((($signed(in_3) + $signed(in_4)) + $signed(in_2)) + $signed(in_1)) + $signed(in_0)); assign out_1 = 40'b0; assign out_2 = 1'b0;
------------------------------------------------------------------------
     add_154_19_I5       +       signed     40x37      40               
     add_154_19_I4       +       signed     39x37      40               
     add_154_19_I3       +       signed     38x37      39               
     add_154_19_I2       +       signed     37x37      38               
========================================================================
fixed_input_e4m3_5_mxfp_aitb_wrapper
 aitb
  u_fixed_input_e4m3_mxfp_dot_col1
   csa_tree_add_160_28
    
    module:csa_tree_9136
                      wallace               7x7x10x10x 23x23x1 13181.82 
                                            8x8x8x8x10                  
                                            x10x10x10x                  
                                            10x10x10x1                  
                                            0x10x10x10                  
                                            x10x10x10x                  
                                            10x10x10x1                  
                                            0x10                        
    equation:
    assign out_0 = ((((((((((($signed(in_18) * $signed(in_19)) + ($signed(in_20) * $signed(in_21))) + ($signed(in_16) * $signed(in_17))) + ($signed(in_14) * $signed(in_15))) + ($signed(in_12) * $signed(in_13))) + ($signed(in_10) * $signed(in_11))) + ($signed(in_8) * $signed(in_9))) + ($signed(in_2) * $signed(in_3))) + (($signed(in_4) * $signed(in_5)) + ($signed(in_6) * $signed(in_7)))) + ($signed(in_0) * $signed(in_1))) + (((($signed(in_25) + $signed(in_26)) + $signed(in_24)) + $signed(in_23)) + $signed(in_22))); assign out_1 = 23'b0; assign out_2 = 1'b0;
  ppgen_0  in_0 * in_1  booth/booth_encoded_port: in_1
  ppgen_1  in_2 * in_3  booth/booth_encoded_port: in_3
  ppgen_2  in_4 * in_5  nonbooth
  ppgen_3  in_6 * in_7  nonbooth
  ppgen_4  in_8 * in_9  booth/booth_encoded_port: in_9
  ppgen_5  in_10 * in_11  booth/booth_encoded_port: in_11
  ppgen_6  in_12 * in_13  booth/booth_encoded_port: in_13
  ppgen_7  in_14 * in_15  booth/booth_encoded_port: in_15
  ppgen_8  in_16 * in_17  booth/booth_encoded_port: in_17
  ppgen_9  in_18 * in_19  booth/booth_encoded_port: in_19
  ppgen_10  in_20 * in_21  booth/booth_encoded_port: in_21

------------------------------------------------------------------------
     add_160_28          +       signed     23x13      23               
     add_160_10          +       signed     23x14      23               
     add_150_19_I5       +       signed     13x10      13               
     add_159_42          +       signed     23x17      23               
     mul_17_25_I1
      booth/booth_encoded_port: B
                         *       signed     7x7        14               
     add_150_19_I4       +       signed     12x10      13               
     add_17_11_I8        +       signed     23x20      23               
     add_17_11_I2        +       signed     16x16      17               
     add_150_19_I3       +       signed     11x10      12               
     add_17_11_I7        +       signed     23x20      23               
     mul_17_25_I8
      booth/booth_encoded_port: B
                         *       signed     10x10      20               
     mul_17_25_I1
      non_booth          *       signed     8x8        16               
     mul_17_25_I2
      non_booth          *       signed     8x8        16               
     add_150_19_I2       +       signed     10x10      11               
     add_17_11_I6        +       signed     23x20      23               
     mul_17_25_I7
      booth/booth_encoded_port: B
                         *       signed     10x10      20               
     add_17_11_I5        +       signed     23x20      23               
     mul_17_25_I6
      booth/booth_encoded_port: B
                         *       signed     10x10      20               
     add_17_11_I4        +       signed     22x20      23               
     mul_17_25_I5
      booth/booth_encoded_port: B
                         *       signed     10x10      20               
     add_17_11_I3        +       signed     21x20      22               
     mul_17_25_I4
      booth/booth_encoded_port: B
                         *       signed     10x10      20               
     add_17_11_I2        +       signed     20x20      21               
     mul_17_25_I3
      booth/booth_encoded_port: B
                         *       signed     10x10      20               
     mul_17_25_I1
      booth/booth_encoded_port: B
                         *       signed     10x10      20               
     mul_17_25_I2
      booth/booth_encoded_port: B
                         *       signed     10x10      20               
========================================================================
fixed_input_e4m3_5_mxfp_aitb_wrapper
 aitb
  u_fixed_input_e4m3_mxfp_dot_col1
   e2m1_mults[0].u_mxfp_multiply_dual_e2m1_mul_58_22
    
    module:mult_signed_477
     very_fast/non_booth
                         *       signed     5x5        10        247.00 
========================================================================
fixed_input_e4m3_5_mxfp_aitb_wrapper
 aitb
  u_fixed_input_e4m3_mxfp_dot_col1
   e2m1_mults[1].u_mxfp_multiply_dual_e2m1_mul_58_22
    
    module:mult_signed_477
     very_fast/non_booth
                         *       signed     5x5        10        247.00 
========================================================================
fixed_input_e4m3_5_mxfp_aitb_wrapper
 aitb
  u_fixed_input_e4m3_mxfp_dot_col1
   e2m1_mults[2].u_mxfp_multiply_dual_e2m1_mul_58_22
    
    module:mult_signed_477
     very_fast/non_booth
                         *       signed     5x5        10        247.00 
========================================================================
fixed_input_e4m3_5_mxfp_aitb_wrapper
 aitb
  u_fixed_input_e4m3_mxfp_dot_col1
   e2m1_mults[3].u_mxfp_multiply_dual_e2m1_mul_58_22
    
    module:mult_signed_477
     very_fast/non_booth
                         *       signed     5x5        10        247.00 
========================================================================
fixed_input_e4m3_5_mxfp_aitb_wrapper
 aitb
  u_fixed_input_e4m3_mxfp_dot_col1
   e2m1_mults[4].u_mxfp_multiply_dual_e2m1_mul_58_22
    
    module:mult_signed_477
     very_fast/non_booth
                         *       signed     5x5        10        247.00 
========================================================================
fixed_input_e4m3_5_mxfp_aitb_wrapper
 aitb
  u_fixed_input_e4m3_mxfp_dot_col1
   final_adder_add_160_28_Y_final_adder_add_154_19_I5
    
    module:add_signed_carry_4718
     very_fast           +       signed     40x40x1    40        526.83 
    equation:
    assign Z = $signed(A)+$signed(B)+$signed({1'b0,CI});
------------------------------------------------------------------------
     final_adder_add_160_28
                         +       signed     23x23x1    23               
     final_adder_add_154_19_I5
                         +       signed     40x40x1    40               
========================================================================
fixed_input_e4m3_5_mxfp_aitb_wrapper
 aitb
  u_fixed_input_e4m3_mxfp_dot_col2
   csa_tree_add_154_19_I5
    
    module:csa_tree_4606
                      wallace               37x37x37x3 40x40x1  1484.03 
                                            7x37                        
    equation:
    assign out_0 = (((($signed(in_3) + $signed(in_4)) + $signed(in_2)) + $signed(in_1)) + $signed(in_0)); assign out_1 = 40'b0; assign out_2 = 1'b0;
------------------------------------------------------------------------
     add_154_19_I5       +       signed     40x37      40               
     add_154_19_I4       +       signed     39x37      40               
     add_154_19_I3       +       signed     38x37      39               
     add_154_19_I2       +       signed     37x37      38               
========================================================================
fixed_input_e4m3_5_mxfp_aitb_wrapper
 aitb
  u_fixed_input_e4m3_mxfp_dot_col2
   csa_tree_add_160_28
    
    module:csa_tree_9136
                      wallace               7x7x10x10x 23x23x1 13181.82 
                                            8x8x8x8x10                  
                                            x10x10x10x                  
                                            10x10x10x1                  
                                            0x10x10x10                  
                                            x10x10x10x                  
                                            10x10x10x1                  
                                            0x10                        
    equation:
    assign out_0 = ((((((((((($signed(in_18) * $signed(in_19)) + ($signed(in_20) * $signed(in_21))) + ($signed(in_16) * $signed(in_17))) + ($signed(in_14) * $signed(in_15))) + ($signed(in_12) * $signed(in_13))) + ($signed(in_10) * $signed(in_11))) + ($signed(in_8) * $signed(in_9))) + ($signed(in_2) * $signed(in_3))) + (($signed(in_4) * $signed(in_5)) + ($signed(in_6) * $signed(in_7)))) + ($signed(in_0) * $signed(in_1))) + (((($signed(in_25) + $signed(in_26)) + $signed(in_24)) + $signed(in_23)) + $signed(in_22))); assign out_1 = 23'b0; assign out_2 = 1'b0;
  ppgen_0  in_0 * in_1  booth/booth_encoded_port: in_1
  ppgen_1  in_2 * in_3  booth/booth_encoded_port: in_3
  ppgen_2  in_4 * in_5  nonbooth
  ppgen_3  in_6 * in_7  nonbooth
  ppgen_4  in_8 * in_9  booth/booth_encoded_port: in_9
  ppgen_5  in_10 * in_11  booth/booth_encoded_port: in_11
  ppgen_6  in_12 * in_13  booth/booth_encoded_port: in_13
  ppgen_7  in_14 * in_15  booth/booth_encoded_port: in_15
  ppgen_8  in_16 * in_17  booth/booth_encoded_port: in_17
  ppgen_9  in_18 * in_19  booth/booth_encoded_port: in_19
  ppgen_10  in_20 * in_21  booth/booth_encoded_port: in_21

------------------------------------------------------------------------
     add_160_28          +       signed     23x13      23               
     add_160_10          +       signed     23x14      23               
     add_150_19_I5       +       signed     13x10      13               
     add_159_42          +       signed     23x17      23               
     genblk1.u_e2m3_dot_mul_17_25_I1
      booth/booth_encoded_port: B
                         *       signed     7x7        14               
     add_150_19_I4       +       signed     12x10      13               
     u_e3m2_dot_add_17_11_I8
                         +       signed     23x20      23               
     u_fixed_dot_add_17_11_I2
                         +       signed     16x16      17               
     add_150_19_I3       +       signed     11x10      12               
     u_e3m2_dot_add_17_11_I7
                         +       signed     23x20      23               
     u_e3m2_dot_mul_17_25_I8
      booth/booth_encoded_port: B
                         *       signed     10x10      20               
     u_fixed_dot_mul_17_25_I1
      non_booth          *       signed     8x8        16               
     u_fixed_dot_mul_17_25_I2
      non_booth          *       signed     8x8        16               
     add_150_19_I2       +       signed     10x10      11               
     u_e3m2_dot_add_17_11_I6
                         +       signed     23x20      23               
     u_e3m2_dot_mul_17_25_I7
      booth/booth_encoded_port: B
                         *       signed     10x10      20               
     u_e3m2_dot_add_17_11_I5
                         +       signed     23x20      23               
     u_e3m2_dot_mul_17_25_I6
      booth/booth_encoded_port: B
                         *       signed     10x10      20               
     u_e3m2_dot_add_17_11_I4
                         +       signed     22x20      23               
     u_e3m2_dot_mul_17_25_I5
      booth/booth_encoded_port: B
                         *       signed     10x10      20               
     u_e3m2_dot_add_17_11_I3
                         +       signed     21x20      22               
     u_e3m2_dot_mul_17_25_I4
      booth/booth_encoded_port: B
                         *       signed     10x10      20               
     u_e3m2_dot_add_17_11_I2
                         +       signed     20x20      21               
     u_e3m2_dot_mul_17_25_I3
      booth/booth_encoded_port: B
                         *       signed     10x10      20               
     u_e3m2_dot_mul_17_25_I1
      booth/booth_encoded_port: B
                         *       signed     10x10      20               
     u_e3m2_dot_mul_17_25_I2
      booth/booth_encoded_port: B
                         *       signed     10x10      20               
========================================================================
fixed_input_e4m3_5_mxfp_aitb_wrapper
 aitb
  u_fixed_input_e4m3_mxfp_dot_col2
   e2m1_mults[0].u_mxfp_multiply_dual_e2m1_mul_58_22
    
    module:mult_signed_477
     very_fast/non_booth
                         *       signed     5x5        10        247.00 
========================================================================
fixed_input_e4m3_5_mxfp_aitb_wrapper
 aitb
  u_fixed_input_e4m3_mxfp_dot_col2
   e2m1_mults[1].u_mxfp_multiply_dual_e2m1_mul_58_22
    
    module:mult_signed_477
     very_fast/non_booth
                         *       signed     5x5        10        247.00 
========================================================================
fixed_input_e4m3_5_mxfp_aitb_wrapper
 aitb
  u_fixed_input_e4m3_mxfp_dot_col2
   e2m1_mults[2].u_mxfp_multiply_dual_e2m1_mul_58_22
    
    module:mult_signed_477
     very_fast/non_booth
                         *       signed     5x5        10        247.00 
========================================================================
fixed_input_e4m3_5_mxfp_aitb_wrapper
 aitb
  u_fixed_input_e4m3_mxfp_dot_col2
   e2m1_mults[3].u_mxfp_multiply_dual_e2m1_mul_58_22
    
    module:mult_signed_477
     very_fast/non_booth
                         *       signed     5x5        10        247.00 
========================================================================
fixed_input_e4m3_5_mxfp_aitb_wrapper
 aitb
  u_fixed_input_e4m3_mxfp_dot_col2
   e2m1_mults[4].u_mxfp_multiply_dual_e2m1_mul_58_22
    
    module:mult_signed_477
     very_fast/non_booth
                         *       signed     5x5        10        247.00 
========================================================================
fixed_input_e4m3_5_mxfp_aitb_wrapper
 aitb
  u_fixed_input_e4m3_mxfp_dot_col2
   final_adder_add_160_28_Y_final_adder_add_154_19_I5
    
    module:add_signed_carry_4718
     very_fast           +       signed     40x40x1    40        526.83 
    equation:
    assign Z = $signed(A)+$signed(B)+$signed({1'b0,CI});
------------------------------------------------------------------------
     final_adder_add_160_28
                         +       signed     23x23x1    23               
     final_adder_add_154_19_I5
                         +       signed     40x40x1    40               
========================================================================

      Type       CellArea Percentage 
-------------------------------------
datapath modules 35083.10      63.88 
external muxes       0.00       0.00 
others           19839.78      36.12 
-------------------------------------
total            54922.88     100.00 

