###############################################################
#  Generated by:      Cadence Innovus 21.17-s075_1
#  OS:                Linux x86_64(Host ID KingsLanding)
#  Generated on:      Fri Apr  3 16:10:46 2026
#  Design:            e5m2_4_fixed8_mxfp_aitb_comp_wrapper
#  Command:           report_timing > timing.rpt
###############################################################
Path 1: VIOLATED (-504.499 ps) Setup Check with Pin u_e5m2_4_fixed8_mxfp_aitb_comp_top_PIPE_OUT_col1_stage_reg_reg[0][25]/CLK->D
               View: PVT_0P63V_100C.setup_view
              Group: clk
         Startpoint: (R) acc_en
              Clock:
           Endpoint: (R) u_e5m2_4_fixed8_mxfp_aitb_comp_top_PIPE_OUT_col1_stage_reg_reg[0][25]/D
              Clock: (R) clk

                        Capture       Launch
         Clock Edge:+  1000.000        0.000
        Src Latency:+  -266.242        0.000
        Net Latency:+   258.000 (P)    0.000 (I)
            Arrival:=   991.758        0.000

              Setup:-     7.957
        Uncertainty:-   100.000
        Cppr Adjust:+     0.000
      Required Time:=   883.801
       Launch Clock:=     0.000
          Data Path:+  1388.300
              Slack:=  -504.499

#-----------------------------------------------------------------------------------------------------------------------------------------------------------------------------
# Timing Point                                                                              Flags  Arc     Edge  Cell                       Fanout   Trans    Delay    Arrival  
#                                                                                                                                                     (ps)     (ps)       (ps)  
#-----------------------------------------------------------------------------------------------------------------------------------------------------------------------------
  acc_en                                                                                    -      acc_en  R     (arrival)                       2   4.100    6.500      6.500  
  u_e5m2_4_fixed8_mxfp_aitb_comp_top_g45351/Y                                               -      A->Y    F     INVx3_ASAP7_75t_SL              1  16.700    5.200     11.700  
  u_e5m2_4_fixed8_mxfp_aitb_comp_top_g45278/Y                                               -      A->Y    F     AND2x6_ASAP7_75t_SL             6   8.000   25.300     37.000  
  FE_RC_1468_0/Y                                                                            -      A->Y    F     BUFx12f_ASAP7_75t_SL           12  34.700   28.900     65.900  
  FE_PSC5361_FE_OFN3902_u_e5m2_4_fixed8_mxfp_aitb_comp_top_n_37005/Y                        -      A->Y    F     BUFx2_ASAP7_75t_SL              1  18.500   21.300     87.200  
  FE_RC_635_0/Y                                                                             -      A2->Y   R     AOI22x1_ASAP7_75t_SL            4  12.100   23.400    110.600  
  FE_RC_1147_0/Y                                                                            -      B1->Y   R     OA22x2_ASAP7_75t_SL             1  46.500   22.900    133.500  
  FE_RC_871_0/Y                                                                             -      B->Y    F     OAI21xp5_ASAP7_75t_SL           1  13.100   13.300    146.800  
  FE_RC_1131_0/Y                                                                            -      A1->Y   R     OAI22x1_ASAP7_75t_SL            1  34.900   18.000    164.800  
  FE_RC_412_0/Y                                                                             -      A1->Y   F     AOI21x1_ASAP7_75t_SL            2  37.400   17.600    182.400  
  FE_RC_1874_0/Y                                                                            -      A2->Y   R     OAI21xp5_ASAP7_75t_SL           1  30.700   21.000    203.400  
  FE_RC_2079_0/Y                                                                            -      A2->Y   R     AO211x2_ASAP7_75t_SL            3  33.400   39.100    242.500  
  FE_OCPC3471_u_e5m2_4_fixed8_mxfp_aitb_comp_top_n_35566/Y                                  -      A->Y    F     INVx4_ASAP7_75t_SL             13  34.300   19.200    261.700  
  FE_RC_782_0/Y                                                                             -      A2->Y   F     OA22x2_ASAP7_75t_SL             3  31.000   34.200    295.900  
  FE_RC_1803_0/Y                                                                            -      A->Y    R     NAND4xp75_ASAP7_75t_SL          1  23.800   14.100    310.000  
  FE_RC_987_0/Y                                                                             -      A->Y    F     NOR2x1p5_ASAP7_75t_SL           2  37.500   17.400    327.400  
  FE_RC_2119_0/Y                                                                            -      A2->Y   R     AOI22x1_ASAP7_75t_SL            2  26.400   21.200    348.600  
  u_e5m2_4_fixed8_mxfp_aitb_comp_top_g43518/Y                                               -      A1->Y   F     O2A1O1Ixp5_ASAP7_75t_SL         1  34.100   21.300    369.900  
  FE_OCPC2244_u_e5m2_4_fixed8_mxfp_aitb_comp_top_n_34785/Y                                  -      A->Y    F     BUFx6f_ASAP7_75t_SL            14  39.200   30.600    400.500  
  FE_PSC5355_FE_OFN3928_u_e5m2_4_fixed8_mxfp_aitb_comp_top_n_34785/Y                        -      A->Y    F     BUFx2_ASAP7_75t_SL              2  31.500   23.600    424.100  
  FE_OCPC3100_FE_OFN3928_u_e5m2_4_fixed8_mxfp_aitb_comp_top_n_34785/Y                       -      A->Y    F     BUFx2_ASAP7_75t_SL              1  12.500   17.500    441.600  
  u_e5m2_4_fixed8_mxfp_aitb_comp_top_g43444/Y                                               -      B->Y    R     AOI21xp5_ASAP7_75t_SL           1   8.900   15.100    456.700  
  u_e5m2_4_fixed8_mxfp_aitb_comp_top_g43310/Y                                               -      C->Y    F     NOR3xp33_ASAP7_75t_SL           1  41.800   13.700    470.400  
  u_e5m2_4_fixed8_mxfp_aitb_comp_top_g43216/Y                                               -      A1->Y   R     A2O1A1Ixp33_ASAP7_75t_SL        1  24.100   23.600    494.000  
  u_e5m2_4_fixed8_mxfp_aitb_comp_top_g43165/Y                                               -      B->Y    F     AOI21x1_ASAP7_75t_SL            1  42.500   20.100    514.100  
  FE_RC_2132_0/Y                                                                            -      B->Y    R     NAND3x2_ASAP7_75t_SL            2  31.600   22.600    536.700  
  u_e5m2_4_fixed8_mxfp_aitb_comp_top_g43103/Y                                               -      A->Y    F     NOR2x1p5_ASAP7_75t_SL           2  31.300   13.100    549.800  
  u_e5m2_4_fixed8_mxfp_aitb_comp_top_addinc_FP32_ALU_col1_fracAdder_add_113_18_g3760_dup/Y  -      B->Y    R     NAND2x1_ASAP7_75t_SL            1  19.600   14.600    564.400  
  u_e5m2_4_fixed8_mxfp_aitb_comp_top_addinc_FP32_ALU_col1_fracAdder_add_113_18_g3590/Y      -      B->Y    F     NOR2x1_ASAP7_75t_SL             2  27.300   13.000    577.400  
  u_e5m2_4_fixed8_mxfp_aitb_comp_top_addinc_FP32_ALU_col1_fracAdder_add_113_18_g3577_dup/Y  -      A->Y    R     NAND3xp33_ASAP7_75t_SL          1  18.300   11.900    589.300  
  u_e5m2_4_fixed8_mxfp_aitb_comp_top_addinc_FP32_ALU_col1_fracAdder_add_113_18_g3542/Y      -      B->Y    F     NAND2xp5_ASAP7_75t_SL           2  19.800   18.000    607.300  
  FE_RC_814_0/Y                                                                             -      A2->Y   R     AOI21x1_ASAP7_75t_SL            3  29.700   22.400    629.700  
  FE_RC_1864_0/Y                                                                            -      A1->Y   R     OA21x2_ASAP7_75t_SL             2  39.000   34.100    663.800  
  FE_RC_602_0/Y                                                                             -      A->Y    F     INVx6_ASAP7_75t_SL              9  30.800   15.000    678.800  
  FE_RC_1171_0/Y                                                                            -      A2->Y   R     AOI21x1_ASAP7_75t_SL            2  23.800   22.200    701.000  
  u_e5m2_4_fixed8_mxfp_aitb_comp_top_addinc_FP32_ALU_col1_fracAdder_add_113_18_g3430_dup/Y  -      A->Y    R     XOR2x1_ASAP7_75t_SL             2  42.900   30.200    731.200  
  FE_RC_2116_0/Y                                                                            -      A->Y    F     NOR4xp75_ASAP7_75t_SL           1  40.900    9.400    740.600  
  u_e5m2_4_fixed8_mxfp_aitb_comp_top_g41148/Y                                               -      B->Y    F     AND3x4_ASAP7_75t_SL             4  28.700   33.200    773.800  
  FE_RC_1126_0/Y                                                                            -      A1->Y   R     AOI21x1_ASAP7_75t_SL            3  18.700   20.300    794.100  
  FE_RC_1943_0/Y                                                                            -      A->Y    R     AND2x4_ASAP7_75t_SL             3  44.700   22.600    816.700  
  FE_RC_1871_0/Y                                                                            -      A->Y    F     NAND4xp75_ASAP7_75t_SL          5  18.500   21.600    838.300  
  u_e5m2_4_fixed8_mxfp_aitb_comp_top_g41065/Y                                               -      A1->Y   R     OAI21xp5_ASAP7_75t_SL           2  43.100   23.700    862.000  
  FE_RC_264_0/Y                                                                             -      A->Y    R     OR2x2_ASAP7_75t_SL              2  45.400   28.600    890.600  
  FE_RC_263_0/Y                                                                             -      A1->Y   F     AOI21x1_ASAP7_75t_SL            1  19.700   13.700    904.300  
  FE_RC_262_0_dup/Y                                                                         -      B->Y    R     NAND2x1p5_ASAP7_75t_SL          1  24.500   14.500    918.800  
  u_e5m2_4_fixed8_mxfp_aitb_comp_top_g41003/Y                                               -      B->Y    F     NOR2x1p5_ASAP7_75t_SL           2  22.100   11.900    930.700  
  u_e5m2_4_fixed8_mxfp_aitb_comp_top_g40994_dup/Y                                           -      B->Y    F     AO211x2_ASAP7_75t_SL            2  28.100   25.900    956.600  
  FE_RC_558_0_dup/Y                                                                         -      B->Y    F     AND2x4_ASAP7_75t_SL             2  17.500   19.000    975.600  
  FE_RC_1868_0/Y                                                                            -      A2->Y   R     OAI21xp5_ASAP7_75t_SL           1  10.000   18.200    993.800  
  FE_OFC282_u_e5m2_4_fixed8_mxfp_aitb_comp_top_n_33907/Y                                    -      A->Y    R     BUFx10_ASAP7_75t_SL            20  33.400   26.700   1020.500  
  u_e5m2_4_fixed8_mxfp_aitb_comp_top_g40818/Y                                               -      B2->Y   R     AO22x2_ASAP7_75t_SL             3  29.000   30.100   1050.600  
  u_e5m2_4_fixed8_mxfp_aitb_comp_top_g40792/Y                                               -      A->Y    F     INVx3_ASAP7_75t_SL              2  25.900    7.500   1058.100  
  FE_RC_1209_0_dup/Y                                                                        -      A2->Y   R     OAI22x1_ASAP7_75t_SL            4  12.400   30.000   1088.100  
  FE_RC_393_0_dup/Y                                                                         -      A2->Y   F     AOI22x1_ASAP7_75t_SL            2  62.500   18.200   1106.300  
  u_e5m2_4_fixed8_mxfp_aitb_comp_top_g40400/Y                                               -      B->Y    F     OR2x2_ASAP7_75t_SL              1  34.000   27.700   1134.000  
  u_e5m2_4_fixed8_mxfp_aitb_comp_top_g40328/Y                                               -      B->Y    R     NOR2x1p5_ASAP7_75t_SL           1  15.600   10.500   1144.500  
  FE_RC_844_0/Y                                                                             -      B->Y    R     AND2x4_ASAP7_75t_SL             2  16.500   19.000   1163.500  
  u_e5m2_4_fixed8_mxfp_aitb_comp_top_g40166/Y                                               -      B->Y    F     NAND2x1p5_ASAP7_75t_SL          1  12.100    8.300   1171.800  
  FE_RC_336_0/Y                                                                             -      A->Y    R     NOR3x1_ASAP7_75t_SL             2  12.400   14.900   1186.700  
  u_e5m2_4_fixed8_mxfp_aitb_comp_top_g40095/Y                                               -      B->Y    R     AND2x4_ASAP7_75t_SL             3  29.600   27.300   1214.000  
  FE_RC_2122_0/Y                                                                            -      A->Y    F     NAND4xp75_ASAP7_75t_SL          1  24.500   15.700   1229.700  
  FE_RC_283_0/Y                                                                             -      A->Y    R     INVx2_ASAP7_75t_SL              1  31.600   11.500   1241.200  
  u_e5m2_4_fixed8_mxfp_aitb_comp_top_g39960/Y                                               -      A->Y    F     NAND2x1p5_ASAP7_75t_SL          1  17.700    6.900   1248.100  
  FE_RC_1684_0/Y                                                                            -      A->Y    F     XNOR2xp5_ASAP7_75t_SL           2  17.000   31.000   1279.100  
  FE_RC_433_0/Y                                                                             -      C->Y    R     NAND4xp75_ASAP7_75t_SL          1  36.300   16.100   1295.200  
  u_e5m2_4_fixed8_mxfp_aitb_comp_top_g39903/Y                                               -      A2->Y   F     AOI21x1_ASAP7_75t_SL            1  27.700   21.100   1316.300  
  FE_DBTC48_u_e5m2_4_fixed8_mxfp_aitb_comp_top_n_32382/Y                                    -      A->Y    R     INVx8_ASAP7_75t_SL             31  58.500   35.800   1352.100  
  FE_RC_1944_0/Y                                                                            -      A->Y    F     NAND3xp33_ASAP7_75t_SL          1  77.900   21.200   1373.300  
  FE_RC_1945_0/Y                                                                            -      A->Y    R     INVx1_ASAP7_75t_SL              1  43.800   15.000   1388.300  
  u_e5m2_4_fixed8_mxfp_aitb_comp_top_PIPE_OUT_col1_stage_reg_reg[0][25]/D                   -      D       R     ASYNC_DFFHx1_ASAP7_75t_SL       1  23.400    0.000   1388.300  
#-----------------------------------------------------------------------------------------------------------------------------------------------------------------------------

