/usr/bin/ld: warning: rmapats_mop.o: missing .note.GNU-stack section implies executable stack
/usr/bin/ld: NOTE: This behaviour is deprecated and will be removed in a future version of the linker
Chronologic VCS simulator copyright 1991-2016
Contains Synopsys proprietary information.
Compiler version L-2016.06-1_Full64; Runtime version L-2016.06-1_Full64;  May 13 16:14 2026
============================================================
DATA_GEN: Generated col1 weights
============================================================
W1[0] exp=127 : 24 1 9 23 d d 25 12 1 d 36 3d 2d c 39 6 5 2a 25 37 12 f 32 e 28 5 1c 3d 2d 25 23 a
W1[1] exp=127 : 0 20 2a 1d 16 13 d 13 2b 15 2 2e 1d f 23 a a 3c 32 a 1 18 38 9 2b 36 6 2e 3c 2a b 31
W1[2] exp=127 : 5 f 3b 3a 3e 15 31 19 22 c 1f f 38 37 1f 1c 1b 9 9 10 17 11 16 c 2 8 37 3d 12 3e 2d 39
============================================================
DATA_GEN: Generated col2 weights
============================================================
W2[0] exp=127 : 1f 13 5 38 1b 9 3f 2a 18 6 e 1c 3a 26 33 23 2f 33 1f 4 37 b 26 1a 29 2d 1a 25 35 1f 39 4
W2[1] exp=127 : 10 2a 2b e 1c 1a 3d 3 16 e 27 a 36 38 39 38 14 13 4 19 1b d 19 2d 36 a 36 15 6 4 37 29
W2[2] exp=127 : 34 8 28 2d 7 2e 8 1c 3d 29 1c 6 1a 3d 26 30 33 3a 1e 3a 15 1a 39 37 16 0 26 36 3d 1c 6 38
============================================================
DATA_GEN: Generated activation sets
============================================================
X[p=0][c=0] exp=126 : 3e 1b f 39 3a 21 17 21 6 10 35 35 29 1 5 18 b 33 2c a e 28 29 21 e 26 1f 2a 2a d 1e 38
X[p=0][c=1] exp=126 : 39 8 a 13 2b 7 36 3a 4 39 12 34 3f 6 3a 32 32 3d 4 24 a 29 21 e 3b b 2f 9 36 35 f 2b
X[p=0][c=2] exp=126 : 8 2e 1b 12 28 2d b 2 1e d 2c 18 11 6 1 3b 18 13 16 1b 22 4 33 18 12 38 39 25 21 2b 1 8
X[p=1][c=0] exp=126 : 27 21 1f 4 18 16 14 12 16 31 15 2d 2b 35 2d 27 4 27 27 39 9 1b 9 11 21 2a 3a 5 3 3c 32 3e
X[p=1][c=1] exp=126 : 28 2f 6 30 38 0 28 36 5 0 34 39 30 3c 2a 22 15 21 17 3 9 6 25 1 d 1a 7 2c c 31 3b 36
X[p=1][c=2] exp=126 : 37 1e 1c 15 20 20 32 34 1d d b 39 1e 3d 3b f 3 23 1d 31 4 15 20 2d 12 38 d 12 4 6 c 10
============================================================
DATA_GEN: Golden dot products (col1)
============================================================
G_col1[p=0][0][0] = 0x4229f800 (42.492188)
G_col1[p=0][0][1] = 0x418ab000 (17.335938)
G_col1[p=0][0][2] = 0xc1eea000 (-29.828125)
G_col1[p=0][1][0] = 0x4124a000 (10.289062)
G_col1[p=0][1][1] = 0xbf2a0000 (-0.664062)
G_col1[p=0][1][2] = 0x40e7c000 (7.242188)
G_col1[p=0][2][0] = 0x41508000 (13.031250)
G_col1[p=0][2][1] = 0xc1ac5000 (-21.539062)
G_col1[p=0][2][2] = 0xc1875000 (-16.914062)
G_col1[p=1][0][0] = 0x41174000 (9.453125)
G_col1[p=1][0][1] = 0x41b16000 (22.171875)
G_col1[p=1][0][2] = 0x41880000 (17.000000)
G_col1[p=1][1][0] = 0x41b49000 (22.570312)
G_col1[p=1][1][1] = 0xc21b5000 (-38.828125)
G_col1[p=1][1][2] = 0x419e1000 (19.757812)
G_col1[p=1][2][0] = 0x42088800 (34.132812)
G_col1[p=1][2][1] = 0x422ee000 (43.718750)
G_col1[p=1][2][2] = 0xc2567800 (-53.617188)
============================================================
DATA_GEN: Golden dot products (col2)
============================================================
G_col2[p=0][0][0] = 0xc22a8800 (-42.632812)
G_col2[p=0][0][1] = 0x412e0000 (10.875000)
G_col2[p=0][0][2] = 0x415f4000 (13.953125)
G_col2[p=0][1][0] = 0xc2978400 (-75.757812)
G_col2[p=0][1][1] = 0x41c50000 (24.625000)
G_col2[p=0][1][2] = 0x41b9e000 (23.234375)
G_col2[p=0][2][0] = 0x41720000 (15.125000)
G_col2[p=0][2][1] = 0xc122a000 (-10.164062)
G_col2[p=0][2][2] = 0xc20e7800 (-35.617188)
G_col2[p=1][0][0] = 0xc1935000 (-18.414062)
G_col2[p=1][0][1] = 0xc08f4000 (-4.476562)
G_col2[p=1][0][2] = 0x41a8e000 (21.109375)
G_col2[p=1][1][0] = 0x420fb000 (35.921875)
G_col2[p=1][1][1] = 0x41c17000 (24.179688)
G_col2[p=1][1][2] = 0x411a4000 (9.640625)
G_col2[p=1][2][0] = 0x41cac000 (25.343750)
G_col2[p=1][2][1] = 0x403b0000 (2.921875)
G_col2[p=1][2][2] = 0x42473800 (49.804688)
============================================================
[305] OUT row=0 col=0 expect_p=0 dut_col1=0xxxxxxxxx gold_col1=0x4229f800 dut_col2=0xxxxxxxxx gold_col2=0xc22a8800
Error: "sys_array_aitb_tb.sv", 413: sys_array_aitb_tb: at time 305 ps
[305] COL1 MISMATCH row=0 col=0 expect_p=0 dut=0xxxxxxxxx gold=0x4229f800
[305] TEST FAILED: ending simulation.
$finish called from file "sys_array_aitb_tb.sv", line 418.
$finish at simulation time                  305
           V C S   S i m u l a t i o n   R e p o r t 
Time: 305 ps
CPU Time:      0.680 seconds;       Data structure size:  25.0Mb
Wed May 13 16:14:55 2026
