

Working Directory = /home/msmekhem/research/repositories/fpga-mxfp/aitb_asic/asic/noe5m2_fixed8_mxfp_aitb_comp_04_03_14_48_obj-dir/syn-rundir
QoS Summary for noe5m2_fixed8_mxfp_aitb_comp_wrapper
================================================================================
Metric                          final          
================================================================================
Slack (ps):                      -502
  R2R (ps):                      -502
  I2R (ps):                  no_value
  R2O (ps):                  no_value
  I2O (ps):                  no_value
  CG  (ps):                  no_value
TNS (ps):                     -41,587
  R2R (ps):                   -41,587
  I2R (ps):                  no_value
  R2O (ps):                  no_value
  I2O (ps):                  no_value
  CG  (ps):                  no_value
Failing Paths:                    184
Cell Area:                     36,492
Total Cell Area:               36,492
Leaf Instances:                22,137
Total Instances:               22,137
Utilization (%):                 0.00
Tot. Net Length (um):        no_value
Avg. Net Length (um):        no_value
Route Overflow H (%):        no_value
Route Overflow V (%):        no_value
MBCI(%) (bits/gate) :            0.00
Norm Cong Hotspot Area:
  Max Cong:                  no_value
  Tot Cong:                  no_value
================================================================================
CPU  Runtime (h:m:s):        00:06:28
Real Runtime (h:m:s):        00:05:06
CPU  Elapsed (h:m:s):        00:06:30
Real Elapsed (h:m:s):        00:05:07
Memory (MB):                  1919.96
================================================================================
================================================================================
Flow Settings:
================================================================================
Total Runtime (h:m:s): 00:05:06
Total Memory (MB):     1919.96
Executable Version:    21.17-s066_1
================================================================================
Total Cell Area =  Cell Area + Physical Cell Area
Total Instances =  Leaf Instances + Physical Instances


