

Working Directory = /home/msmekhem/research/repositories/fpga-mxfp/aitb_asic/asic/fixed_input_e4m3_5_mxfp_aitb_04_02_21_06_obj-dir/syn-rundir
QoS Summary for fixed_input_e4m3_5_mxfp_aitb_wrapper
================================================================================
Metric                          final          
================================================================================
Slack (ps):                        17
  R2R (ps):                        17
  I2R (ps):                  no_value
  R2O (ps):                  no_value
  I2O (ps):                  no_value
  CG  (ps):                  no_value
TNS (ps):                           0
  R2R (ps):                         0
  I2R (ps):                  no_value
  R2O (ps):                  no_value
  I2O (ps):                  no_value
  CG  (ps):                  no_value
Failing Paths:                      0
Cell Area:                     33,451
Total Cell Area:               33,451
Leaf Instances:                18,716
Total Instances:               18,716
Utilization (%):                 0.00
Tot. Net Length (um):        no_value
Avg. Net Length (um):        no_value
Route Overflow H (%):        no_value
Route Overflow V (%):        no_value
MBCI(%) (bits/gate) :            0.00
Norm Cong Hotspot Area:
  Max Cong:                  no_value
  Tot Cong:                  no_value
================================================================================
CPU  Runtime (h:m:s):        00:05:43
Real Runtime (h:m:s):        00:04:32
CPU  Elapsed (h:m:s):        00:05:46
Real Elapsed (h:m:s):        00:04:33
Memory (MB):                  2029.59
================================================================================
================================================================================
Flow Settings:
================================================================================
Total Runtime (h:m:s): 00:04:32
Total Memory (MB):     2029.59
Executable Version:    21.17-s066_1
================================================================================
Total Cell Area =  Cell Area + Physical Cell Area
Total Instances =  Leaf Instances + Physical Instances


