Command: report datapath -all > datapath.map.rpt
============================================================
  Generated by:           Genus(TM) Synthesis Solution 21.17-s066_1
  Generated on:           Apr 02 2026  11:29:22 pm
  Module:                 fixed_input_e4m3_8_mxfp_aitb_wrapper
  Library domain:         PVT_0P63V_100C.setup_cond
    Domain index:         0
    Technology libraries: asap7sc7p5t_SIMPLE_RVT_SS_nldm_201020 1.0
                          asap7sc7p5t_SIMPLE_LVT_SS_nldm_201020 1.0
                          asap7sc7p5t_SIMPLE_SLVT_SS_nldm_201020 1.0
                          asap7sc7p5t_SIMPLE_SRAM_SS_nldm_201020 1.0
                          asap7sc7p5t_AO_RVT_SS_nldm_201020 1.0
                          asap7sc7p5t_AO_LVT_SS_nldm_201020 1.0
                          asap7sc7p5t_AO_SLVT_SS_nldm_201020 1.0
                          asap7sc7p5t_AO_SRAM_SS_nldm_201020 1.0
                          asap7sc7p5t_OA_RVT_SS_nldm_201020 1.0
                          asap7sc7p5t_OA_LVT_SS_nldm_201020 1.0
                          asap7sc7p5t_OA_SLVT_SS_nldm_201020 1.0
                          asap7sc7p5t_OA_SRAM_SS_nldm_201020 1.0
                          asap7sc7p5t_SEQ_RVT_SS_nldm_201020 1.0
                          asap7sc7p5t_SEQ_LVT_SS_nldm_201020 1.0
                          asap7sc7p5t_SEQ_SLVT_SS_nldm_201020 1.0
                          asap7sc7p5t_SEQ_SRAM_SS_nldm_201020 1.0
                          asap7sc7p5t_INVBUF_RVT_SS_nldm_201020 1.0
                          asap7sc7p5t_INVBUF_LVT_SS_nldm_201020 1.0
                          asap7sc7p5t_INVBUF_SLVT_SS_nldm_201020 1.0
                          asap7sc7p5t_INVBUF_SRAM_SS_nldm_201020 1.0
  Operating conditions:   PVT_0P63V_100C 
  Interconnect mode:      global
  Area mode:              physical library
============================================================


Inferred components

                      Operator   Signedness   Inputs   Outputs CellArea 
========================================================================
fixed_input_e4m3_8_mxfp_aitb_wrapper
 aitb
  addinc_FP32_ALU_col1_fracAdder_add_113_18
   
   module:add_unsigned_carry_1690
    very_fast            +       unsigned   26x27x1    27        409.15 
   equation:
   assign Z = A+B+CI;
------------------------------------------------------------------------
    add_113_18           +       unsigned   27x1       27               
    add_113_14           +       unsigned   27x27      27               
========================================================================
fixed_input_e4m3_8_mxfp_aitb_wrapper
 aitb
  addinc_FP32_ALU_col2_fracAdder_add_113_18
   
   module:add_unsigned_carry_1690
    very_fast            +       unsigned   26x27x1    27        409.15 
   equation:
   assign Z = A+B+CI;
------------------------------------------------------------------------
    FP32_ALU_col2_fracAdder_add_113_18
                         +       unsigned   27x1       27               
    FP32_ALU_col2_fracAdder_add_113_14
                         +       unsigned   26x27      27               
========================================================================
fixed_input_e4m3_8_mxfp_aitb_wrapper
 aitb
  u_fix2fp32_col1_ADD_TC_OP
   
   module:add_signed_35815
    very_fast            +       signed     39x41      39        283.26 
========================================================================
fixed_input_e4m3_8_mxfp_aitb_wrapper
 aitb
  u_fix2fp32_col1_csa_tree_SUB_TC_OP_groupi
   
   module:csa_tree_SUB_TC_OP_group_35845
    very_fast      csa_and_adder            7x7x9x9    10        255.21 
   equation:
   assign out_0 = (((((($signed(in_2) + $signed(in_3)) + 1'sb0) + 2'sb01) + $signed(in_1)) + 8'sb10000000) - $signed(in_0));
------------------------------------------------------------------------
    SUB_TC_OP            -       signed     10x7       10               
    ADD_TC_OP_4          +       signed     10x8       10               
    ADD_TC_OP_3          +       signed     10x7       10               
    ADD_TC_OP_2          +       signed     10x2       10               
    ADD_TC_OP_1          +       signed     10x1       10               
    ADD_TC_OP            +       signed     9x9        10               
========================================================================
fixed_input_e4m3_8_mxfp_aitb_wrapper
 aitb
  u_fix2fp32_col2_ADD_TC_OP
   
   module:add_signed_35815
    very_fast            +       signed     39x41      39        283.26 
========================================================================
fixed_input_e4m3_8_mxfp_aitb_wrapper
 aitb
  u_fix2fp32_col2_csa_tree_SUB_TC_OP_groupi
   
   module:csa_tree_SUB_TC_OP_group_35845
    very_fast      csa_and_adder            7x7x9x9    10        255.21 
   equation:
   assign out_0 = (((((($signed(in_2) + $signed(in_3)) + 1'sb0) + 2'sb01) + $signed(in_1)) + 8'sb10000000) - $signed(in_0));
------------------------------------------------------------------------
    SUB_TC_OP            -       signed     10x7       10               
    ADD_TC_OP_4          +       signed     10x8       10               
    ADD_TC_OP_3          +       signed     10x7       10               
    ADD_TC_OP_2          +       signed     10x2       10               
    ADD_TC_OP_1          +       signed     10x1       10               
    ADD_TC_OP            +       signed     9x9        10               
========================================================================
fixed_input_e4m3_8_mxfp_aitb_wrapper
 aitb
  u_fixed_input_e4m3_mxfp_dot_col1
   ADD_TC_OP5
    
    module:add_signed_9045
     very_fast           +       signed     16x18      16         94.42 
========================================================================
fixed_input_e4m3_8_mxfp_aitb_wrapper
 aitb
  u_fixed_input_e4m3_mxfp_dot_col1
   ADD_TC_OP6
    
    module:add_signed_9045
     very_fast           +       signed     16x18      16         94.42 
========================================================================
fixed_input_e4m3_8_mxfp_aitb_wrapper
 aitb
  u_fixed_input_e4m3_mxfp_dot_col1
   ADD_TC_OP7
    
    module:add_signed_9053
     very_fast           +       signed     14x16      14         94.42 
========================================================================
fixed_input_e4m3_8_mxfp_aitb_wrapper
 aitb
  u_fixed_input_e4m3_mxfp_dot_col1
   csa_tree_add_180_19_I8_groupi
    
    module:csa_tree_add_180_19_I8_group_86
     very_fast     csa_and_adder            37x37x37x3 40       3545.53 
                                            7x37x37x37                  
                                            x37                         
    equation:
    assign out_0 = ((((((($signed(in_6) + $signed(in_7)) + $signed(in_5)) + $signed(in_4)) + $signed(in_3)) + $signed(in_2)) + $signed(in_1)) + $signed(in_0));
------------------------------------------------------------------------
     add_180_19_I8       +       signed     40x37      40               
     add_180_19_I7       +       signed     40x37      40               
     add_180_19_I6       +       signed     40x37      40               
     add_180_19_I5       +       signed     40x37      40               
     add_180_19_I4       +       signed     39x37      40               
     add_180_19_I3       +       signed     38x37      39               
     add_180_19_I2       +       signed     37x37      38               
========================================================================
fixed_input_e4m3_8_mxfp_aitb_wrapper
 aitb
  u_fixed_input_e4m3_mxfp_dot_col1
   csa_tree_add_186_28_groupi
    
    module:csa_tree_add_186_28_group_12301
     very_fast     csa_and_adder            10x10x10x1 23      12470.25 
                                            0x10x10x10                  
                                            x10x10x10x                  
                                            10x10x10x1                  
                                            0x10x10x16                  
                                            x16x12x12x                  
                                            12x12x18x1                  
                                            8x18x18x12                  
                                            x12x12x12x                  
                                            12x12                       
    equation:
    assign out_0 = ((((((((((($signed(in_12) * $signed(in_13)) + ($signed(in_14) * $signed(in_15))) + ($signed(in_10) * $signed(in_11))) + ($signed(in_8) * $signed(in_9))) + ($signed(in_6) * $signed(in_7))) + ($signed(in_4) * $signed(in_5))) + ($signed(in_2) * $signed(in_3))) + ($signed(in_0) * $signed(in_1))) + (($signed(in_22) + $signed(in_23)) + ($signed(in_24) + $signed(in_25)))) + ($signed(in_16) + $signed(in_17))) + ((((($signed(in_28) + $signed(in_29)) + ($signed(in_30) + $signed(in_31))) + ($signed(in_26) + $signed(in_27))) + ($signed(in_20) + $signed(in_21))) + ($signed(in_18) + $signed(in_19))));
  ppgen_0  in_0 * in_1  booth/booth_encoded_port: in_1
  ppgen_1  in_2 * in_3  booth/booth_encoded_port: in_3
  ppgen_2  in_4 * in_5  booth/booth_encoded_port: in_5
  ppgen_3  in_6 * in_7  booth/booth_encoded_port: in_7
  ppgen_4  in_8 * in_9  booth/booth_encoded_port: in_9
  ppgen_5  in_10 * in_11  booth/booth_encoded_port: in_11
  ppgen_6  in_12 * in_13  booth/booth_encoded_port: in_13
  ppgen_7  in_14 * in_15  booth/booth_encoded_port: in_15

------------------------------------------------------------------------
     add_186_28          +       signed     23x13      23               
     add_186_10          +       signed     23x14      23               
     add_176_19_I5       +       signed     13x10      13               
     add_185_42          +       signed     23x17      23               
     add_176_19_I4       +       signed     12x10      13               
     add_17_11_I8        +       signed     23x20      23               
     add_119_22_I2       +       signed     16x16      17               
     add_176_19_I3       +       signed     11x10      12               
     add_17_11_I7        +       signed     23x20      23               
     mul_17_25_I8
      booth/booth_encoded_port: B
                         *       signed     10x10      20               
     add_176_19_I2       +       signed     10x10      11               
     add_17_11_I6        +       signed     23x20      23               
     mul_17_25_I7
      booth/booth_encoded_port: B
                         *       signed     10x10      20               
     add_17_11_I5        +       signed     23x20      23               
     mul_17_25_I6
      booth/booth_encoded_port: B
                         *       signed     10x10      20               
     add_17_11_I4        +       signed     22x20      23               
     mul_17_25_I5
      booth/booth_encoded_port: B
                         *       signed     10x10      20               
     add_17_11_I3        +       signed     21x20      22               
     mul_17_25_I4
      booth/booth_encoded_port: B
                         *       signed     10x10      20               
     add_17_11_I2        +       signed     20x20      21               
     mul_17_25_I3
      booth/booth_encoded_port: B
                         *       signed     10x10      20               
     mul_17_25_I1
      booth/booth_encoded_port: B
                         *       signed     10x10      20               
     mul_17_25_I2
      booth/booth_encoded_port: B
                         *       signed     10x10      20               
========================================================================
fixed_input_e4m3_8_mxfp_aitb_wrapper
 aitb
  u_fixed_input_e4m3_mxfp_dot_col1
   csa_tree_genblk1.fixed_mults[0].u_mxfp_multiply_dual_fixed_mul_58_22
    
    module:csa_tree_8192
                      wallace               8x8        18x18     603.47 
    equation:
    assign out_0 = ($signed(in_0) * $signed(in_1)); assign out_1 = 18'b0;
  ppgen_0  in_0 * in_1  nonbooth

------------------------------------------------------------------------
     mul_58_22
      non_booth          *       signed     8x8        16               
========================================================================
fixed_input_e4m3_8_mxfp_aitb_wrapper
 aitb
  u_fixed_input_e4m3_mxfp_dot_col1
   csa_tree_genblk1.fixed_mults[1].u_mxfp_multiply_dual_fixed_mul_58_22
    
    module:csa_tree_8192
                      wallace               8x8        18x18     603.47 
    equation:
    assign out_0 = ($signed(in_0) * $signed(in_1)); assign out_1 = 18'b0;
  ppgen_0  in_0 * in_1  nonbooth

------------------------------------------------------------------------
     genblk1.fixed_mults[1].u_mxfp_multiply_dual_fixed_mul_58_22
      non_booth          *       signed     8x8        16               
========================================================================
fixed_input_e4m3_8_mxfp_aitb_wrapper
 aitb
  u_fixed_input_e4m3_mxfp_dot_col1
   csa_tree_genblk2.u_mxfp_multiply_dual_e2m3_mul_58_22
    
    module:csa_tree_8237
                      wallace               7x7        16x16     425.57 
    equation:
    assign out_0 = ($signed(in_0) * $signed(in_1)); assign out_1 = 16'b0;
  ppgen_0  in_0 * in_1  booth/booth_encoded_port: in_1

------------------------------------------------------------------------
     mul_58_22
      booth/booth_encoded_port: B
                         *       signed     7x7        14               
========================================================================
fixed_input_e4m3_8_mxfp_aitb_wrapper
 aitb
  u_fixed_input_e4m3_mxfp_dot_col2
   ADD_TC_OP5
    
    module:add_signed_9045
     very_fast           +       signed     16x18      16         94.42 
========================================================================
fixed_input_e4m3_8_mxfp_aitb_wrapper
 aitb
  u_fixed_input_e4m3_mxfp_dot_col2
   ADD_TC_OP6
    
    module:add_signed_9045
     very_fast           +       signed     16x18      16         94.42 
========================================================================
fixed_input_e4m3_8_mxfp_aitb_wrapper
 aitb
  u_fixed_input_e4m3_mxfp_dot_col2
   ADD_TC_OP7
    
    module:add_signed_9053
     very_fast           +       signed     14x16      14         94.42 
========================================================================
fixed_input_e4m3_8_mxfp_aitb_wrapper
 aitb
  u_fixed_input_e4m3_mxfp_dot_col2
   csa_tree_add_180_19_I8_groupi
    
    module:csa_tree_add_180_19_I8_group_86
     very_fast     csa_and_adder            37x37x37x3 40       3545.53 
                                            7x37x37x37                  
                                            x37                         
    equation:
    assign out_0 = ((((((($signed(in_6) + $signed(in_7)) + $signed(in_5)) + $signed(in_4)) + $signed(in_3)) + $signed(in_2)) + $signed(in_1)) + $signed(in_0));
------------------------------------------------------------------------
     add_180_19_I8       +       signed     40x37      40               
     add_180_19_I7       +       signed     40x37      40               
     add_180_19_I6       +       signed     40x37      40               
     add_180_19_I5       +       signed     40x37      40               
     add_180_19_I4       +       signed     39x37      40               
     add_180_19_I3       +       signed     38x37      39               
     add_180_19_I2       +       signed     37x37      38               
========================================================================
fixed_input_e4m3_8_mxfp_aitb_wrapper
 aitb
  u_fixed_input_e4m3_mxfp_dot_col2
   csa_tree_add_186_28_groupi
    
    module:csa_tree_add_186_28_group_12301
     very_fast     csa_and_adder            10x10x10x1 23      12470.25 
                                            0x10x10x10                  
                                            x10x10x10x                  
                                            10x10x10x1                  
                                            0x10x10x16                  
                                            x16x12x12x                  
                                            12x12x18x1                  
                                            8x18x18x12                  
                                            x12x12x12x                  
                                            12x12                       
    equation:
    assign out_0 = ((((((((((($signed(in_12) * $signed(in_13)) + ($signed(in_14) * $signed(in_15))) + ($signed(in_10) * $signed(in_11))) + ($signed(in_8) * $signed(in_9))) + ($signed(in_6) * $signed(in_7))) + ($signed(in_4) * $signed(in_5))) + ($signed(in_2) * $signed(in_3))) + ($signed(in_0) * $signed(in_1))) + (($signed(in_22) + $signed(in_23)) + ($signed(in_24) + $signed(in_25)))) + ($signed(in_16) + $signed(in_17))) + ((((($signed(in_28) + $signed(in_29)) + ($signed(in_30) + $signed(in_31))) + ($signed(in_26) + $signed(in_27))) + ($signed(in_20) + $signed(in_21))) + ($signed(in_18) + $signed(in_19))));
  ppgen_0  in_0 * in_1  booth/booth_encoded_port: in_1
  ppgen_1  in_2 * in_3  booth/booth_encoded_port: in_3
  ppgen_2  in_4 * in_5  booth/booth_encoded_port: in_5
  ppgen_3  in_6 * in_7  booth/booth_encoded_port: in_7
  ppgen_4  in_8 * in_9  booth/booth_encoded_port: in_9
  ppgen_5  in_10 * in_11  booth/booth_encoded_port: in_11
  ppgen_6  in_12 * in_13  booth/booth_encoded_port: in_13
  ppgen_7  in_14 * in_15  booth/booth_encoded_port: in_15

------------------------------------------------------------------------
     add_186_28          +       signed     23x13      23               
     add_186_10          +       signed     23x14      23               
     add_176_19_I5       +       signed     13x10      13               
     add_185_42          +       signed     23x17      23               
     add_176_19_I4       +       signed     12x10      13               
     u_e3m2_dot_add_17_11_I8
                         +       signed     23x20      23               
     add_119_22_I2       +       signed     16x16      17               
     add_176_19_I3       +       signed     11x10      12               
     u_e3m2_dot_add_17_11_I7
                         +       signed     23x20      23               
     u_e3m2_dot_mul_17_25_I8
      booth/booth_encoded_port: B
                         *       signed     10x10      20               
     add_176_19_I2       +       signed     10x10      11               
     u_e3m2_dot_add_17_11_I6
                         +       signed     23x20      23               
     u_e3m2_dot_mul_17_25_I7
      booth/booth_encoded_port: B
                         *       signed     10x10      20               
     u_e3m2_dot_add_17_11_I5
                         +       signed     23x20      23               
     u_e3m2_dot_mul_17_25_I6
      booth/booth_encoded_port: B
                         *       signed     10x10      20               
     u_e3m2_dot_add_17_11_I4
                         +       signed     22x20      23               
     u_e3m2_dot_mul_17_25_I5
      booth/booth_encoded_port: B
                         *       signed     10x10      20               
     u_e3m2_dot_add_17_11_I3
                         +       signed     21x20      22               
     u_e3m2_dot_mul_17_25_I4
      booth/booth_encoded_port: B
                         *       signed     10x10      20               
     u_e3m2_dot_add_17_11_I2
                         +       signed     20x20      21               
     u_e3m2_dot_mul_17_25_I3
      booth/booth_encoded_port: B
                         *       signed     10x10      20               
     u_e3m2_dot_mul_17_25_I1
      booth/booth_encoded_port: B
                         *       signed     10x10      20               
     u_e3m2_dot_mul_17_25_I2
      booth/booth_encoded_port: B
                         *       signed     10x10      20               
========================================================================
fixed_input_e4m3_8_mxfp_aitb_wrapper
 aitb
  u_fixed_input_e4m3_mxfp_dot_col2
   csa_tree_genblk1.fixed_mults[0].u_mxfp_multiply_dual_fixed_mul_58_22
    
    module:csa_tree_8192
                      wallace               8x8        18x18     603.47 
    equation:
    assign out_0 = ($signed(in_0) * $signed(in_1)); assign out_1 = 18'b0;
  ppgen_0  in_0 * in_1  nonbooth

------------------------------------------------------------------------
     genblk1.fixed_mults[0].u_mxfp_multiply_dual_fixed_mul_58_22
      non_booth          *       signed     8x8        16               
========================================================================
fixed_input_e4m3_8_mxfp_aitb_wrapper
 aitb
  u_fixed_input_e4m3_mxfp_dot_col2
   csa_tree_genblk1.fixed_mults[1].u_mxfp_multiply_dual_fixed_mul_58_22
    
    module:csa_tree_8192
                      wallace               8x8        18x18     603.47 
    equation:
    assign out_0 = ($signed(in_0) * $signed(in_1)); assign out_1 = 18'b0;
  ppgen_0  in_0 * in_1  nonbooth

------------------------------------------------------------------------
     genblk1.fixed_mults[1].u_mxfp_multiply_dual_fixed_mul_58_22
      non_booth          *       signed     8x8        16               
========================================================================
fixed_input_e4m3_8_mxfp_aitb_wrapper
 aitb
  u_fixed_input_e4m3_mxfp_dot_col2
   csa_tree_genblk2.u_mxfp_multiply_dual_e2m3_mul_58_22
    
    module:csa_tree_8237
                      wallace               7x7        16x16     425.57 
    equation:
    assign out_0 = ($signed(in_0) * $signed(in_1)); assign out_1 = 16'b0;
  ppgen_0  in_0 * in_1  booth/booth_encoded_port: in_1

------------------------------------------------------------------------
     genblk2.u_mxfp_multiply_dual_e2m3_mul_58_22
      booth/booth_encoded_port: B
                         *       signed     7x7        14               
========================================================================

      Type       CellArea Percentage 
-------------------------------------
datapath modules 37758.32      59.82 
external muxes       0.00       0.00 
others           25359.92      40.18 
-------------------------------------
total            63118.24     100.00 

