//
// Generated by ip_gen_sv_wrapper.tcl
//

clk is not part of a group. Using vector_one_clk_if.
clr0 is id0 of a potential group. Using vector_one_clr_if.
  Map key: vector_one_clr0
  Pattern: ^(clr)([0-9]+)()$
clr1 matches vector_one_clr_if.
  Map key: vector_one_clr1
  Base key: vector_one_clr0
  Pattern: ^(clr)([0-9]+)()$
ena is not part of a group. Using vector_one_ena_if.
fp16_mult_bot_a is not part of a group. Using vector_one_fp16_mult_bot_a_if.
fp16_mult_bot_b is not part of a group. Using vector_one_fp16_mult_bot_b_if.
fp16_mult_top_a is not part of a group. Using vector_one_fp16_mult_top_a_if.
fp16_mult_top_b is not part of a group. Using vector_one_fp16_mult_top_b_if.
fp32_adder_a is not part of a group. Using vector_one_fp32_adder_a_if.
fp32_chainin is not part of a group. Using vector_one_fp32_chainin_if.
fp32_chainout is not part of a group. Using vector_one_fp32_chainout_if.
fp32_result is not part of a group. Using vector_one_fp32_result_if.
vector_one: coalescing group clr0 clr1
vector_one: coalescing interfaces into vectors of 2 ports
