###############################################################
#  Generated by:      Cadence Innovus 21.17-s075_1
#  OS:                Linux x86_64(Host ID KingsLanding)
#  Generated on:      Fri Apr  3 13:53:37 2026
#  Design:            noe5m2_mxfp_aitb_comp_top
#  Command:           report_timing > timing.rpt
###############################################################
Path 1: VIOLATED (-56.832 ps) Setup Check with Pin PIPE_OUT_col2_stage_reg_reg[0][20]/CLK->D
               View: PVT_0P63V_100C.setup_view
              Group: clk
         Startpoint: (R) zero_en
              Clock:
           Endpoint: (R) PIPE_OUT_col2_stage_reg_reg[0][20]/D
              Clock: (R) clk

                        Capture       Launch
         Clock Edge:+  2000.000        0.000
        Src Latency:+  -101.995        0.000
        Net Latency:+    96.100 (P)    0.000 (I)
            Arrival:=  1994.105        0.000

              Setup:-     9.337
        Uncertainty:-   100.000
        Cppr Adjust:+     0.000
      Required Time:=  1884.768
       Launch Clock:=     0.000
          Data Path:+  1941.600
              Slack:=   -56.832

#----------------------------------------------------------------------------------------------------------------------------------------------
# Timing Point                                             Flags  Arc      Edge  Cell                       Fanout    Trans    Delay    Arrival  
#                                                                                                                      (ps)     (ps)       (ps)  
#----------------------------------------------------------------------------------------------------------------------------------------------
  zero_en                                                  -      zero_en  R     (arrival)                       1    4.000    0.300      0.300  
  FE_OFC355_zero_en/Y                                      -      A->Y     F     INVx2_ASAP7_75t_SL              2    4.000    7.600      7.900  
  g50907/Y                                                 -      B->Y     F     AND2x6_ASAP7_75t_SL            29   10.800   40.200     48.100  
  FE_OFC297_n_1625/Y                                       -      A->Y     F     BUFx10_ASAP7_75t_SL            36   49.600   64.800    112.900  
  g50518/Y                                                 -      B2->Y    R     AOI22xp5_ASAP7_75t_SL           4   57.900   50.000    162.900  
  g49906/Y                                                 -      A2->Y    F     OAI22xp5_ASAP7_75t_SL           1   86.300   14.400    177.300  
  g49841/Y                                                 -      B->Y     R     AOI21xp33_ASAP7_75t_SL          2   33.200   29.200    206.500  
  g49796/Y                                                 -      A->Y     F     NOR3xp33_ASAP7_75t_SL           1   48.800   13.100    219.600  
  g49749/Y                                                 -      A2->Y    R     O2A1O1Ixp33_ASAP7_75t_SL        1   25.300   25.200    244.800  
  g49727/Y                                                 -      B1->Y    F     AOI22xp5_ASAP7_75t_SL           1   45.100   16.100    260.900  
  g49690/Y                                                 -      A2->Y    R     OAI21xp5_ASAP7_75t_SL           3   36.000   36.000    296.900  
  FE_OFC370_n_2400/Y                                       -      A->Y     R     BUFx6f_ASAP7_75t_SL             8   63.300   32.000    328.900  
  FE_OFC371_n_2400/Y                                       -      A->Y     F     INVx8_ASAP7_75t_SL             31   32.700   19.800    348.700  
  g49553/Y                                                 -      A2->Y    F     AO22x2_ASAP7_75t_SL             2   37.000   29.700    378.400  
  g49368/Y                                                 -      B->Y     R     NOR2x1_ASAP7_75t_SL             3   19.100   15.800    394.200  
  g49343/Y                                                 -      B->Y     R     AND2x2_ASAP7_75t_SL             1   26.100   22.200    416.400  
  g49306/Y                                                 -      B->Y     F     NAND4xp75_ASAP7_75t_SL          5   15.000   26.300    442.700  
  g49277__6783/Y                                           -      A2->Y    R     OAI21xp5_ASAP7_75t_SL           1   55.000   20.300    463.000  
  g49223__9315/Y                                           -      B->Y     R     AND2x2_ASAP7_75t_SL             8   33.400   33.900    496.900  
  FE_DBTC15_n_2679/Y                                       -      A->Y     F     INVx2_ASAP7_75t_SL              4   37.400   13.100    510.000  
  g49192__5526/Y                                           -      B->Y     F     AND2x4_ASAP7_75t_SL            16   21.100   30.600    540.600  
  g49183/Y                                                 -      A->Y     R     INVx1_ASAP7_75t_L               1   29.200   13.600    554.200  
  g49143__5115/Y                                           -      A2->Y    F     OAI21xp5_ASAP7_75t_SL           2   17.800   16.000    570.200  
  g49134/Y                                                 -      A->Y     R     INVx1_ASAP7_75t_L               1   52.000   17.300    587.500  
  g49015__6783/Y                                           -      A1->Y    F     OAI22xp5_ASAP7_75t_SL           2   24.100   18.700    606.200  
  g48942__8428/Y                                           -      B1->Y    R     AOI22xp5_ASAP7_75t_SL           2   43.500   30.700    636.900  
  g48897__4733/Y                                           -      A2->Y    F     OAI22xp5_ASAP7_75t_SL           1   56.800   19.500    656.400  
  g48856__5526/Y                                           -      B->Y     R     XNOR2xp5_ASAP7_75t_SL           2   49.200   31.500    687.900  
  addinc_FP32_ALU_col2_fracAdder_add_113_18_g1722/Y        -      B->Y     R     AND2x2_ASAP7_75t_SL             3   65.500   29.300    717.200  
  addinc_FP32_ALU_col2_fracAdder_add_113_18_g1633/Y        -      A1->Y    F     AOI21x1_ASAP7_75t_SL            3   22.700   14.700    731.900  
  addinc_FP32_ALU_col2_fracAdder_add_113_18_g1574/Y        -      A1->Y    R     OAI21xp5_ASAP7_75t_SL           1   23.400   18.100    750.000  
  addinc_FP32_ALU_col2_fracAdder_add_113_18_g1554/Y        -      B->Y     R     AO31x2_ASAP7_75t_SL             3   31.400   38.700    788.700  
  addinc_FP32_ALU_col2_fracAdder_add_113_18_g1553/Y        -      A->Y     F     INVx3_ASAP7_75t_SL              7   33.700   15.100    803.800  
  addinc_FP32_ALU_col2_fracAdder_add_113_18_g1542/Y        -      A2->Y    R     OAI21xp5_ASAP7_75t_SL           1   23.000   19.300    823.100  
  addinc_FP32_ALU_col2_fracAdder_add_113_18_g1528/Y        -      B->Y     R     XOR2xp5_ASAP7_75t_SL            2   31.100   37.200    860.300  
  g30056/Y                                                 -      A->Y     F     INVx1_ASAP7_75t_SL              2   61.200   20.300    880.600  
  g30039__1881/Y                                           -      D->Y     R     NAND4xp75_ASAP7_75t_SL          1   33.900   18.800    899.400  
  g30036__7098/Y                                           -      A->Y     F     NOR3x1_ASAP7_75t_SL             1   30.000   18.100    917.500  
  g30034__5122/Y                                           -      D->Y     R     NAND4xp75_ASAP7_75t_SL          2   48.000   21.400    938.900  
  g30032__2802/Y                                           -      B->Y     R     OR2x2_ASAP7_75t_SL              5   35.500   29.800    968.700  
  g30028__1617/Y                                           -      A2->Y    R     OA21x2_ASAP7_75t_SL             2   27.000   25.400    994.100  
  g30019__5477/Y                                           -      C->Y     F     NAND4xp75_ASAP7_75t_SL          1   19.200   12.900   1007.000  
  g30017__7410/Y                                           -      B->Y     F     OR2x2_ASAP7_75t_SL              7   26.800   34.900   1041.900  
  g30014__1666/Y                                           -      B->Y     F     OR2x2_ASAP7_75t_SL              4   27.700   28.300   1070.200  
  g30006__7482/Y                                           -      A2->Y    F     OA21x2_ASAP7_75t_SL             4   17.800   29.900   1100.100  
  g30000__7098/Y                                           -      B->Y     R     NAND4xp75_ASAP7_75t_SL          6   21.400   22.300   1122.400  
  g29998__8246/Y                                           -      B->Y     F     NOR2x1_ASAP7_75t_SL             3   40.300   16.800   1139.200  
  g29991__5526/Y                                           -      A2->Y    R     AOI21xp5_ASAP7_75t_SL           2   25.300   19.000   1158.200  
  g29988/Y                                                 -      A->Y     F     INVxp67_ASAP7_75t_SL            1   35.200   11.700   1169.900  
  g29981__5477/Y                                           -      A2->Y    R     OAI21xp5_ASAP7_75t_SL           4   18.900   33.300   1203.200  
  g29974__2883/Y                                           -      B->Y     F     NOR2xp67_ASAP7_75t_SL           1   67.100   21.000   1224.200  
  g29972__9315/Y                                           -      A1->Y    R     AOI21x1_ASAP7_75t_SL            2   46.600   16.900   1241.100  
  g29971__6161/Y                                           -      A1->Y    F     OAI22xp5_ASAP7_75t_SL           1   34.600   14.700   1255.800  
  g29969__7482/Y                                           -      A->Y     F     AND2x2_ASAP7_75t_SL             2   31.100   27.100   1282.900  
  g29967__5115/Y                                           -      B->Y     R     NAND2x1p5_ASAP7_75t_SL          7   15.300   21.900   1304.800  
  g29966/Y                                                 -      A->Y     F     INVx3_ASAP7_75t_SL              6   51.000   13.500   1318.300  
  g29950__5526/Y                                           -      A1->Y    R     OAI22xp5_ASAP7_75t_SL          10   24.000   63.700   1382.000  
  g29913__6131/Y                                           -      B->Y     R     OR2x2_ASAP7_75t_SL              6  140.100   39.900   1421.900  
  g29905/Y                                                 -      A->Y     F     INVx1_ASAP7_75t_SL              5   33.800   21.000   1442.900  
  g29877__1881/Y                                           -      B->Y     F     AND2x2_ASAP7_75t_L              4   31.700   34.800   1477.699  
  g29783__2398/Y                                           -      B1->Y    R     AOI22xp5_ASAP7_75t_SL           1   21.800   21.800   1499.500  
  g29764__4733/Y                                           -      B->Y     R     OA21x2_ASAP7_75t_SL             1   42.900   21.600   1521.099  
  g29742__2398/Y                                           -      B->Y     F     NAND2xp5_ASAP7_75t_SL           3   12.500   19.500   1540.599  
  inc_FP32_ALU_col2_roundingAdder_add_274_18_spec1_g551/Y  -      B->Y     R     NAND2xp5_ASAP7_75t_SL           1   36.900   19.600   1560.199  
  inc_FP32_ALU_col2_roundingAdder_add_274_18_spec1_g547/Y  -      A->Y     F     NOR2x1_ASAP7_75t_SL             1   32.100   17.400   1577.599  
  inc_FP32_ALU_col2_roundingAdder_add_274_18_spec1_g521/Y  -      A->Y     R     NAND2x1p5_ASAP7_75t_SL          3   26.000   16.400   1594.000  
  inc_FP32_ALU_col2_roundingAdder_add_274_18_spec1_g512/Y  -      B->Y     R     OR2x2_ASAP7_75t_SL              3   23.300   23.600   1617.600  
  inc_FP32_ALU_col2_roundingAdder_add_274_18_spec1_g500/Y  -      B->Y     F     NOR2x1_ASAP7_75t_SL             2   18.500   16.100   1633.700  
  inc_FP32_ALU_col2_roundingAdder_add_274_18_spec1_g492/Y  -      B->Y     R     NAND2x1p5_ASAP7_75t_SL          2   28.700   15.000   1648.700  
  inc_FP32_ALU_col2_roundingAdder_add_274_18_spec1_g486/Y  -      B->Y     F     NOR2x1_ASAP7_75t_SL             3   20.600   16.300   1665.000  
  inc_FP32_ALU_col2_roundingAdder_add_274_18_spec1_g481/Y  -      B->Y     F     AND2x2_ASAP7_75t_SL             2   28.300   22.700   1687.700  
  inc_FP32_ALU_col2_roundingAdder_add_274_18_spec1_g478/Y  -      B->Y     F     AND2x2_ASAP7_75t_SL             3   13.500   22.200   1709.900  
  inc_FP32_ALU_col2_roundingAdder_add_274_18_spec1_g474/Y  -      B->Y     F     AND2x2_ASAP7_75t_SL             2   17.000   21.100   1731.000  
  inc_FP32_ALU_col2_roundingAdder_add_274_18_spec1_g472/Y  -      B->Y     F     AND2x2_ASAP7_75t_SL             2   14.200   20.000   1751.000  
  inc_FP32_ALU_col2_roundingAdder_add_274_18_spec1_g471/Y  -      A->Y     R     INVx1_ASAP7_75t_SL              2   13.600   12.700   1763.700  
  inc_FP32_ALU_col2_roundingAdder_add_274_18_spec1_g470/Y  -      B->Y     R     OA21x2_ASAP7_75t_SL             1   19.900   19.600   1783.300  
  g28619/Y                                                 -      A2->Y    F     AOI21xp5_ASAP7_75t_L            2   12.700   17.400   1800.700  
  g28593/Y                                                 -      B->Y     R     NOR2xp33_ASAP7_75t_SL           1   49.100   26.500   1827.200  
  g28582/Y                                                 -      A3->Y    R     AO31x2_ASAP7_75t_SL             3   45.400   26.600   1853.800  
  g28574/Y                                                 -      B->Y     F     NOR2x1_ASAP7_75t_SL             2   25.300   16.800   1870.600  
  FE_OFC365_n_830/Y                                        -      A->Y     F     BUFx3_ASAP7_75t_SL             18   55.800   40.000   1910.600  
  g28490/Y                                                 -      B1->Y    R     AOI221xp5_ASAP7_75t_SL          1   35.500   31.000   1941.600  
  PIPE_OUT_col2_stage_reg_reg[0][20]/D                     -      D        R     ASYNC_DFFHx1_ASAP7_75t_SL       1   75.800    0.000   1941.600  
#----------------------------------------------------------------------------------------------------------------------------------------------

