============================================================
  Generated by:           Genus(TM) Synthesis Solution 21.17-s066_1
  Generated on:           Apr 02 2026  11:32:24 pm
  Module:                 naive_mxfp_aitb_comp_top
  Library domain:         PVT_0P63V_100C.setup_cond
    Domain index:         0
    Technology libraries: asap7sc7p5t_SIMPLE_RVT_SS_nldm_201020 1.0
                          asap7sc7p5t_SIMPLE_LVT_SS_nldm_201020 1.0
                          asap7sc7p5t_SIMPLE_SLVT_SS_nldm_201020 1.0
                          asap7sc7p5t_SIMPLE_SRAM_SS_nldm_201020 1.0
                          asap7sc7p5t_AO_RVT_SS_nldm_201020 1.0
                          asap7sc7p5t_AO_LVT_SS_nldm_201020 1.0
                          asap7sc7p5t_AO_SLVT_SS_nldm_201020 1.0
                          asap7sc7p5t_AO_SRAM_SS_nldm_201020 1.0
                          asap7sc7p5t_OA_RVT_SS_nldm_201020 1.0
                          asap7sc7p5t_OA_LVT_SS_nldm_201020 1.0
                          asap7sc7p5t_OA_SLVT_SS_nldm_201020 1.0
                          asap7sc7p5t_OA_SRAM_SS_nldm_201020 1.0
                          asap7sc7p5t_SEQ_RVT_SS_nldm_201020 1.0
                          asap7sc7p5t_SEQ_LVT_SS_nldm_201020 1.0
                          asap7sc7p5t_SEQ_SLVT_SS_nldm_201020 1.0
                          asap7sc7p5t_SEQ_SRAM_SS_nldm_201020 1.0
                          asap7sc7p5t_INVBUF_RVT_SS_nldm_201020 1.0
                          asap7sc7p5t_INVBUF_LVT_SS_nldm_201020 1.0
                          asap7sc7p5t_INVBUF_SLVT_SS_nldm_201020 1.0
                          asap7sc7p5t_INVBUF_SRAM_SS_nldm_201020 1.0
  Operating conditions:   PVT_0P63V_100C 
  Interconnect mode:      global
  Area mode:              physical library
============================================================

                                                                  Instance                                                                                        Module                        Cell Count  Cell Area  Net Area   Combinational    Buffer   Inverter     Flop    Latch   Clock-Gate   Memory   Macro   Total Area 
----------------------------------------------------------------------------------------------------------------------------------------------------------------------------------------------------------------------------------------------------------------------------------------------------------------------------------
naive_mxfp_aitb_comp_top                                                                                                                                                                             27073  44828.951 21449.072       32073.667  1913.129   3448.578  7393.576   0.000        0.000    0.000   0.000    66278.023 
  u_naive_mxfp_comp_dot_fixed_col2                                                                                                          naive_mxfp_comp_dot_fixed_FIXED_DOT_LENGTH10_PACKE        9569  13812.975  7249.434       12425.892   283.435   1103.648     0.000   0.000        0.000    0.000   0.000    21062.409 
  u_naive_mxfp_comp_dot_fixed_col1_final_adder_naive_reduction.u_naive_reduction_u_fp6_reduction_norecurse_add_29_28_I2_I1_Y_ADD_TC_CI_OP_2 add_signed_carry_5926                                       77    101.943    40.681          92.146     1.166      8.631     0.000   0.000        0.000    0.000   0.000      142.624 
