Command: report datapath -all > datapath.map.rpt
============================================================
  Generated by:           Genus(TM) Synthesis Solution 21.17-s066_1
  Generated on:           Apr 02 2026  11:30:11 pm
  Module:                 naive_mxfp_aitb_comp_top
  Library domain:         PVT_0P63V_100C.setup_cond
    Domain index:         0
    Technology libraries: asap7sc7p5t_SIMPLE_RVT_SS_nldm_201020 1.0
                          asap7sc7p5t_SIMPLE_LVT_SS_nldm_201020 1.0
                          asap7sc7p5t_SIMPLE_SLVT_SS_nldm_201020 1.0
                          asap7sc7p5t_SIMPLE_SRAM_SS_nldm_201020 1.0
                          asap7sc7p5t_AO_RVT_SS_nldm_201020 1.0
                          asap7sc7p5t_AO_LVT_SS_nldm_201020 1.0
                          asap7sc7p5t_AO_SLVT_SS_nldm_201020 1.0
                          asap7sc7p5t_AO_SRAM_SS_nldm_201020 1.0
                          asap7sc7p5t_OA_RVT_SS_nldm_201020 1.0
                          asap7sc7p5t_OA_LVT_SS_nldm_201020 1.0
                          asap7sc7p5t_OA_SLVT_SS_nldm_201020 1.0
                          asap7sc7p5t_OA_SRAM_SS_nldm_201020 1.0
                          asap7sc7p5t_SEQ_RVT_SS_nldm_201020 1.0
                          asap7sc7p5t_SEQ_LVT_SS_nldm_201020 1.0
                          asap7sc7p5t_SEQ_SLVT_SS_nldm_201020 1.0
                          asap7sc7p5t_SEQ_SRAM_SS_nldm_201020 1.0
                          asap7sc7p5t_INVBUF_RVT_SS_nldm_201020 1.0
                          asap7sc7p5t_INVBUF_LVT_SS_nldm_201020 1.0
                          asap7sc7p5t_INVBUF_SLVT_SS_nldm_201020 1.0
                          asap7sc7p5t_INVBUF_SRAM_SS_nldm_201020 1.0
  Operating conditions:   PVT_0P63V_100C 
  Interconnect mode:      global
  Area mode:              physical library
============================================================


Inferred components

                       Operator   Signedness   Inputs   Outputs CellArea 
=========================================================================
naive_mxfp_aitb_comp_top
 addinc_FP32_ALU_col1_fracAdder_add_113_18
  
  module:add_unsigned_carry_1779
   very_fast              +       unsigned   26x27x1    27        409.15 
  equation:
  assign Z = A+B+CI;
-------------------------------------------------------------------------
   add_113_18             +       unsigned   27x1       27               
   add_113_14             +       unsigned   27x27      27               
=========================================================================
naive_mxfp_aitb_comp_top
 addinc_FP32_ALU_col2_fracAdder_add_113_18
  
  module:add_unsigned_carry_1779_1856
   very_fast              +       unsigned   26x27x1    27        409.15 
  equation:
  assign Z = A+B+CI;
-------------------------------------------------------------------------
   FP32_ALU_col2_fracAdder_add_113_18
                          +       unsigned   27x1       27               
   FP32_ALU_col2_fracAdder_add_113_14
                          +       unsigned   26x27      27               
=========================================================================
naive_mxfp_aitb_comp_top
 u_fix2fp32_col1_csa_tree_add_103_80_groupi
  
  module:csa_tree_add_103_80_group_56998
   very_fast        csa_and_adder            2x7x8x8x8  10        283.94 
  equation:
  assign out_0 = (((($signed({1'b0,in_3}) + $signed({1'b0,in_4})) + $signed(in_2)) - $signed({1'b0,in_1})) + $signed({1'b0,in_0}));
-------------------------------------------------------------------------
   add_103_80             +       signed     10x2       10               
   sub_103_48             -       unsigned   10x7       10               
   add_41_96              +       signed     10x8       10               
   add_41_62              +       unsigned   8x8        9                
=========================================================================
naive_mxfp_aitb_comp_top
 u_fix2fp32_col2_csa_tree_add_103_80_groupi
  
  module:csa_tree_add_103_80_group_56998
   very_fast        csa_and_adder            2x7x8x8x8  10        283.94 
  equation:
  assign out_0 = (((($signed({1'b0,in_3}) + $signed({1'b0,in_4})) + $signed(in_2)) - $signed({1'b0,in_1})) + $signed({1'b0,in_0}));
-------------------------------------------------------------------------
   add_103_80             +       signed     10x2       10               
   sub_103_48             -       unsigned   10x7       10               
   add_41_96              +       signed     10x8       10               
   add_41_62              +       unsigned   8x8        9                
=========================================================================
naive_mxfp_aitb_comp_top
 u_naive_mxfp_comp_dot_fixed_col1
  ADD_TC_CI_OP
   
   module:add_signed_carry_15178
    very_fast             +       signed     21x21x1    21        251.79 
=========================================================================
naive_mxfp_aitb_comp_top
 u_naive_mxfp_comp_dot_fixed_col1
  WALLACE_CSA_DUMMY_OP
   
   module:csa_tree_15179
                       wallace               13x11x1x11 14x14     508.36 
                                             x9x9x9x9                    
   equation:
   assign out_0 = ((($signed(in_4) + $signed(in_5)) + ($signed(in_6) + $signed(in_7))) + (($signed({1'b0,in_2}) + ($signed(in_1) + $signed(in_3))) - $signed(in_0))); assign out_1 = 14'b0;
-------------------------------------------------------------------------
=========================================================================
naive_mxfp_aitb_comp_top
 u_naive_mxfp_comp_dot_fixed_col1
  csa_tree_naive_reduction.u_naive_reduction_u_fp6_reduction_norecurse_add_29_28_I2_I674
   
   module:csa_tree_14412
                       wallace               19x19x19x1 21x21x1   491.26 
                                             9                           
   equation:
   assign out_0 = (($signed(in_0) + $signed(in_1)) + ($signed(in_2) + $signed(in_3))); assign out_1 = 21'b0; assign out_2 = 1'b0;
-------------------------------------------------------------------------
    add_29_28_I2_I1       +       signed     20x20      21               
    add_29_28_I1_I1       +       signed     19x19      20               
    add_29_28_I1_I2       +       signed     19x19      20               
=========================================================================
naive_mxfp_aitb_comp_top
 u_naive_mxfp_comp_dot_fixed_col1
  csa_tree_naive_reduction_u_naive_reduction_add_72_53_groupi
   
   module:csa_tree_naive_reduction_u_naive_reduction_add_72_53_group_15322
    very_fast       csa_and_adder            21x22x22   22        559.68 
   equation:
   assign out_0 = ($signed(in_0) + ($signed(in_1) + $signed(in_2)));
-------------------------------------------------------------------------
    add_72_53             +       signed     21x21      22               
=========================================================================
naive_mxfp_aitb_comp_top
 u_naive_mxfp_comp_dot_fixed_col1
  csa_tree_naive_reduction_u_naive_reduction_u_fp8_reduction_norecurse_add_29_28_I3_I1_groupi
   
   module:csa_tree_naive_reduction_u_naive_reduction_u_fp8_reduction_norecurse_add_29_28_I3_I1_group_15321
    very_fast       csa_and_adder            67x67x67x6 70       6484.86 
                                             7x67x67x67                  
                                             x67                         
   equation:
   assign out_0 = ((($signed(in_0) + $signed(in_1)) + ($signed(in_2) + $signed(in_3))) + (($signed(in_4) + $signed(in_5)) + ($signed(in_6) + $signed(in_7))));
-------------------------------------------------------------------------
    add_29_28_I3_I1       +       signed     69x69      70               
    add_29_28_I2_I1       +       signed     68x68      69               
    add_29_28_I2_I2       +       signed     68x68      69               
    add_29_28_I1_I1       +       signed     67x67      68               
    add_29_28_I1_I2       +       signed     67x67      68               
    add_29_28_I1_I3       +       signed     67x67      68               
    add_29_28_I1_I4       +       signed     67x67      68               
=========================================================================
naive_mxfp_aitb_comp_top
 u_naive_mxfp_comp_dot_fixed_col1
  final_adder_naive_reduction.u_naive_reduction_u_fp6_reduction_norecurse_add_29_28_I2_I1_Y_ADD_TC_CI_OP_2
   
   module:add_signed_carry_5926
    very_fast             +       signed     21x21x1    21        150.52 
   equation:
   assign Z = $signed(A)+$signed(B)+$signed({1'b0,CI});
-------------------------------------------------------------------------
    final_adder_naive_reduction.u_naive_reduction_u_fp6_reduction_norecurse_add_29_28_I2_I1
                          +       signed     21x21x1    21               
    ADD_TC_CI_OP_2        +       signed     11x11x1    12               
=========================================================================
naive_mxfp_aitb_comp_top
 u_naive_mxfp_comp_dot_fixed_col1
  inst_mxfp6_mult[0].genblk1.u_mxfp_mult_comp_shift_mxfp6_u_mxfp_multiply_comp_mul_61_668
   
   module:mult_signed_1_1959
    very_fast/non_booth
                          *       signed     8x8        16        756.04 
=========================================================================
naive_mxfp_aitb_comp_top
 u_naive_mxfp_comp_dot_fixed_col1
  inst_mxfp6_mult[1].genblk1.u_mxfp_mult_comp_shift_mxfp6_u_mxfp_multiply_comp_mul_61_677
   
   module:mult_signed_1_1959
    very_fast/non_booth
                          *       signed     8x8        16        756.04 
=========================================================================
naive_mxfp_aitb_comp_top
 u_naive_mxfp_comp_dot_fixed_col1
  inst_mxfp8_mult[0].u_mxfp_mult_comp_shift_mxfp8_u_mxfp_multiply_comp_mul_61_26
   
   module:mult_signed_1
    very_fast/non_booth
                          *       signed     8x8        16        765.62 
=========================================================================
naive_mxfp_aitb_comp_top
 u_naive_mxfp_comp_dot_fixed_col1
  inst_mxfp8_mult[1].u_mxfp_mult_comp_shift_mxfp8_u_mxfp_multiply_comp_mul_61_26
   
   module:mult_signed_1
    very_fast/non_booth
                          *       signed     8x8        16        765.62 
=========================================================================
naive_mxfp_aitb_comp_top
 u_naive_mxfp_comp_dot_fixed_col1
  inst_mxfp8_mult[2].u_mxfp_mult_comp_shift_mxfp8_u_mxfp_multiply_comp_mul_61_26
   
   module:mult_signed_1
    very_fast/non_booth
                          *       signed     8x8        16        765.62 
=========================================================================
naive_mxfp_aitb_comp_top
 u_naive_mxfp_comp_dot_fixed_col1
  inst_mxfp8_mult[3].u_mxfp_mult_comp_shift_mxfp8_u_mxfp_multiply_comp_mul_61_26
   
   module:mult_signed_1_1964
    very_fast/non_booth
                          *       signed     8x8        16        771.09 
=========================================================================
naive_mxfp_aitb_comp_top
 u_naive_mxfp_comp_dot_fixed_col1
  inst_mxfp8_mult[4].u_mxfp_mult_comp_shift_mxfp8_u_mxfp_multiply_comp_mul_61_26
   
   module:mult_signed_1
    very_fast/non_booth
                          *       signed     8x8        16        765.62 
=========================================================================
naive_mxfp_aitb_comp_top
 u_naive_mxfp_comp_dot_fixed_col1
  inst_mxfp8_mult[5].u_mxfp_mult_comp_shift_mxfp8_u_mxfp_multiply_comp_mul_61_26
   
   module:mult_signed_1
    very_fast/non_booth
                          *       signed     8x8        16        765.62 
=========================================================================
naive_mxfp_aitb_comp_top
 u_naive_mxfp_comp_dot_fixed_col1
  inst_mxfp8_mult[6].u_mxfp_mult_comp_shift_mxfp8_u_mxfp_multiply_comp_mul_61_26
   
   module:mult_signed_1_1961
    very_fast/non_booth
                          *       signed     8x8        16        765.62 
=========================================================================
naive_mxfp_aitb_comp_top
 u_naive_mxfp_comp_dot_fixed_col1
  inst_mxfp8_mult[7].u_mxfp_mult_comp_shift_mxfp8_u_mxfp_multiply_comp_mul_61_26
   
   module:mult_signed_1
    very_fast/non_booth
                          *       signed     8x8        16        765.62 
=========================================================================
naive_mxfp_aitb_comp_top
 u_naive_mxfp_comp_dot_fixed_col2
  ADD_TC_CI_OP
   
   module:add_signed_carry_15178
    very_fast             +       signed     21x21x1    21        251.79 
=========================================================================
naive_mxfp_aitb_comp_top
 u_naive_mxfp_comp_dot_fixed_col2
  WALLACE_CSA_DUMMY_OP
   
   module:csa_tree_15179
                       wallace               13x11x1x11 14x14     508.36 
                                             x9x9x9x9                    
   equation:
   assign out_0 = ((($signed(in_4) + $signed(in_5)) + ($signed(in_6) + $signed(in_7))) + (($signed({1'b0,in_2}) + ($signed(in_1) + $signed(in_3))) - $signed(in_0))); assign out_1 = 14'b0;
-------------------------------------------------------------------------
=========================================================================
naive_mxfp_aitb_comp_top
 u_naive_mxfp_comp_dot_fixed_col2
  csa_tree_naive_reduction.u_naive_reduction_u_fp6_reduction_norecurse_add_29_28_I2_I674
   
   module:csa_tree_14412_2115
                       wallace               19x19x19x1 21x21x1   491.26 
                                             9                           
   equation:
   assign out_0 = (($signed(in_0) + $signed(in_1)) + ($signed(in_2) + $signed(in_3))); assign out_1 = 21'b0; assign out_2 = 1'b0;
-------------------------------------------------------------------------
    naive_reduction.u_naive_reduction_u_fp6_reduction_norecurse_add_29_28_I2_I1
                          +       signed     20x20      21               
    naive_reduction.u_naive_reduction_u_fp6_reduction_norecurse_add_29_28_I1_I1
                          +       signed     19x19      20               
    naive_reduction.u_naive_reduction_u_fp6_reduction_norecurse_add_29_28_I1_I2
                          +       signed     19x19      20               
=========================================================================
naive_mxfp_aitb_comp_top
 u_naive_mxfp_comp_dot_fixed_col2
  csa_tree_naive_reduction_u_naive_reduction_add_72_53_groupi
   
   module:csa_tree_naive_reduction_u_naive_reduction_add_72_53_group_15322
    very_fast       csa_and_adder            21x22x22   22        559.68 
   equation:
   assign out_0 = ($signed(in_0) + ($signed(in_1) + $signed(in_2)));
-------------------------------------------------------------------------
    naive_reduction.u_naive_reduction_add_72_53
                          +       signed     21x21      22               
=========================================================================
naive_mxfp_aitb_comp_top
 u_naive_mxfp_comp_dot_fixed_col2
  csa_tree_naive_reduction_u_naive_reduction_u_fp8_reduction_norecurse_add_29_28_I3_I1_groupi
   
   module:csa_tree_naive_reduction_u_naive_reduction_u_fp8_reduction_norecurse_add_29_28_I3_I1_group_15321
    very_fast       csa_and_adder            67x67x67x6 70       6484.86 
                                             7x67x67x67                  
                                             x67                         
   equation:
   assign out_0 = ((($signed(in_0) + $signed(in_1)) + ($signed(in_2) + $signed(in_3))) + (($signed(in_4) + $signed(in_5)) + ($signed(in_6) + $signed(in_7))));
-------------------------------------------------------------------------
    naive_reduction.u_naive_reduction_u_fp8_reduction_norecurse_add_29_28_I3_I1
                          +       signed     69x69      70               
    naive_reduction.u_naive_reduction_u_fp8_reduction_norecurse_add_29_28_I2_I1
                          +       signed     68x68      69               
    naive_reduction.u_naive_reduction_u_fp8_reduction_norecurse_add_29_28_I2_I2
                          +       signed     68x68      69               
    naive_reduction.u_naive_reduction_u_fp8_reduction_norecurse_add_29_28_I1_I1
                          +       signed     67x67      68               
    naive_reduction.u_naive_reduction_u_fp8_reduction_norecurse_add_29_28_I1_I2
                          +       signed     67x67      68               
    naive_reduction.u_naive_reduction_u_fp8_reduction_norecurse_add_29_28_I1_I3
                          +       signed     67x67      68               
    naive_reduction.u_naive_reduction_u_fp8_reduction_norecurse_add_29_28_I1_I4
                          +       signed     67x67      68               
=========================================================================
naive_mxfp_aitb_comp_top
 u_naive_mxfp_comp_dot_fixed_col2
  final_adder_naive_reduction.u_naive_reduction_u_fp6_reduction_norecurse_add_29_28_I2_I1_Y_ADD_TC_CI_OP_2
   
   module:add_signed_carry_5926_2136
    very_fast             +       signed     21x21x1    21        150.52 
   equation:
   assign Z = $signed(A)+$signed(B)+$signed({1'b0,CI});
-------------------------------------------------------------------------
    final_adder_naive_reduction.u_naive_reduction_u_fp6_reduction_norecurse_add_29_28_I2_I1
                          +       signed     21x21x1    21               
    ADD_TC_CI_OP_2        +       signed     11x11x1    12               
=========================================================================
naive_mxfp_aitb_comp_top
 u_naive_mxfp_comp_dot_fixed_col2
  inst_mxfp6_mult[0].genblk1.u_mxfp_mult_comp_shift_mxfp6_u_mxfp_multiply_comp_mul_61_668
   
   module:mult_signed_1_1959
    very_fast/non_booth
                          *       signed     8x8        16        756.04 
=========================================================================
naive_mxfp_aitb_comp_top
 u_naive_mxfp_comp_dot_fixed_col2
  inst_mxfp6_mult[1].genblk1.u_mxfp_mult_comp_shift_mxfp6_u_mxfp_multiply_comp_mul_61_677
   
   module:mult_signed_1_1959
    very_fast/non_booth
                          *       signed     8x8        16        756.04 
=========================================================================
naive_mxfp_aitb_comp_top
 u_naive_mxfp_comp_dot_fixed_col2
  inst_mxfp8_mult[0].u_mxfp_mult_comp_shift_mxfp8_u_mxfp_multiply_comp_mul_61_26
   
   module:mult_signed_1
    very_fast/non_booth
                          *       signed     8x8        16        765.62 
=========================================================================
naive_mxfp_aitb_comp_top
 u_naive_mxfp_comp_dot_fixed_col2
  inst_mxfp8_mult[1].u_mxfp_mult_comp_shift_mxfp8_u_mxfp_multiply_comp_mul_61_26
   
   module:mult_signed_1
    very_fast/non_booth
                          *       signed     8x8        16        765.62 
=========================================================================
naive_mxfp_aitb_comp_top
 u_naive_mxfp_comp_dot_fixed_col2
  inst_mxfp8_mult[2].u_mxfp_mult_comp_shift_mxfp8_u_mxfp_multiply_comp_mul_61_26
   
   module:mult_signed_1
    very_fast/non_booth
                          *       signed     8x8        16        765.62 
=========================================================================
naive_mxfp_aitb_comp_top
 u_naive_mxfp_comp_dot_fixed_col2
  inst_mxfp8_mult[3].u_mxfp_mult_comp_shift_mxfp8_u_mxfp_multiply_comp_mul_61_26
   
   module:mult_signed_1_1964
    very_fast/non_booth
                          *       signed     8x8        16        771.09 
=========================================================================
naive_mxfp_aitb_comp_top
 u_naive_mxfp_comp_dot_fixed_col2
  inst_mxfp8_mult[4].u_mxfp_mult_comp_shift_mxfp8_u_mxfp_multiply_comp_mul_61_26
   
   module:mult_signed_1
    very_fast/non_booth
                          *       signed     8x8        16        765.62 
=========================================================================
naive_mxfp_aitb_comp_top
 u_naive_mxfp_comp_dot_fixed_col2
  inst_mxfp8_mult[5].u_mxfp_mult_comp_shift_mxfp8_u_mxfp_multiply_comp_mul_61_26
   
   module:mult_signed_1
    very_fast/non_booth
                          *       signed     8x8        16        765.62 
=========================================================================
naive_mxfp_aitb_comp_top
 u_naive_mxfp_comp_dot_fixed_col2
  inst_mxfp8_mult[6].u_mxfp_mult_comp_shift_mxfp8_u_mxfp_multiply_comp_mul_61_26
   
   module:mult_signed_1_1961
    very_fast/non_booth
                          *       signed     8x8        16        765.62 
=========================================================================
naive_mxfp_aitb_comp_top
 u_naive_mxfp_comp_dot_fixed_col2
  inst_mxfp8_mult[7].u_mxfp_mult_comp_shift_mxfp8_u_mxfp_multiply_comp_mul_61_26
   
   module:mult_signed_1
    very_fast/non_booth
                          *       signed     8x8        16        765.62 
=========================================================================

      Type       CellArea Percentage 
-------------------------------------
datapath modules 33564.17      50.17 
external muxes       0.00       0.00 
others           33335.65      49.83 
-------------------------------------
total            66899.82     100.00 

