###############################################################
#  Generated by:      Cadence Innovus 21.17-s075_1
#  OS:                Linux x86_64(Host ID KingsLanding)
#  Generated on:      Fri Apr  3 00:27:42 2026
#  Design:            naive_mxfp_aitb_comp_top
#  Command:           report_timing > timing.rpt
###############################################################
Path 1: VIOLATED (-104.052 ps) Setup Check with Pin PIPE_3_dot_col1_stage_reg_reg[0][68]/CLK->D
               View: PVT_0P63V_100C.setup_view
              Group: clk
         Startpoint: (F) i_mxfp_mode[2]
              Clock:
           Endpoint: (F) PIPE_3_dot_col1_stage_reg_reg[0][68]/D
              Clock: (R) clk

                        Capture       Launch
         Clock Edge:+  2000.000        0.000
        Src Latency:+  -100.847        0.000
        Net Latency:+   105.500 (P)    0.000 (I)
            Arrival:=  2004.653        0.000

              Setup:-     9.605
        Uncertainty:-   100.000
        Cppr Adjust:+     0.000
      Required Time:=  1895.048
       Launch Clock:=     0.000
          Data Path:+  1999.100
              Slack:=  -104.052

#------------------------------------------------------------------------------------------------------------------------------------------------------------------------------------------------------------------------------------
# Timing Point                                                                                                                           Flags  Arc             Edge  Cell                       Fanout    Trans     Delay    Arrival  
#                                                                                                                                                                                                           (ps)      (ps)       (ps)  
#------------------------------------------------------------------------------------------------------------------------------------------------------------------------------------------------------------------------------------
  i_mxfp_mode[2]                                                                                                                         -      i_mxfp_mode[2]  F     (arrival)                       6    4.100    14.400     14.400  
  FE_DBTC34_i_mxfp_mode_2/Y                                                                                                              -      A->Y            R     INVx3_ASAP7_75t_SL             14   39.700    25.200     39.600  
  u_naive_mxfp_comp_dot_fixed_col1_g43537/Y                                                                                              -      B->Y            F     NOR2xp33_ASAP7_75t_SL           2   50.000    31.300     70.900  
  u_naive_mxfp_comp_dot_fixed_col1_g43535/Y                                                                                              -      B->Y            F     AND2x4_ASAP7_75t_SL            68   50.800   105.300    176.200  
  u_naive_mxfp_comp_dot_fixed_col1_g43578/Y                                                                                              -      A->Y            F     AND2x2_ASAP7_75t_SL            10  163.000    64.900    241.100  
  u_naive_mxfp_comp_dot_fixed_col1_inst_mxfp8_mult[0].u_mxfp_mult_comp_shift_mxfp8_u_mxfp_multiply_comp_mul_61_26_g1667/SN               -      B->SN           F     HAxp5_ASAP7_75t_SL              8   43.200   106.900    348.000  
  u_naive_mxfp_comp_dot_fixed_col1_inst_mxfp8_mult[0].u_mxfp_mult_comp_shift_mxfp8_u_mxfp_multiply_comp_mul_61_26_g1594/Y                -      A->Y            R     NOR2xp33_ASAP7_75t_SL           2   93.100    40.900    388.900  
  u_naive_mxfp_comp_dot_fixed_col1_inst_mxfp8_mult[0].u_mxfp_mult_comp_shift_mxfp8_u_mxfp_multiply_comp_mul_61_26_g1546/Y                -      B->Y            R     XOR2xp5_ASAP7_75t_SL            1   86.000    30.300    419.200  
  u_naive_mxfp_comp_dot_fixed_col1_inst_mxfp8_mult[0].u_mxfp_mult_comp_shift_mxfp8_u_mxfp_multiply_comp_mul_61_26_g1518/Y                -      B->Y            F     XOR2xp5_ASAP7_75t_SL            2   46.500    24.800    444.000  
  u_naive_mxfp_comp_dot_fixed_col1_inst_mxfp8_mult[0].u_mxfp_mult_comp_shift_mxfp8_u_mxfp_multiply_comp_mul_61_26_g1508/Y                -      B->Y            F     XNOR2xp5_ASAP7_75t_SL           2   46.800    34.100    478.100  
  u_naive_mxfp_comp_dot_fixed_col1_inst_mxfp8_mult[0].u_mxfp_mult_comp_shift_mxfp8_u_mxfp_multiply_comp_mul_61_26_g1494/Y                -      B->Y            F     XOR2xp5_ASAP7_75t_SL            1   40.800    25.100    503.200  
  u_naive_mxfp_comp_dot_fixed_col1_inst_mxfp8_mult[0].u_mxfp_mult_comp_shift_mxfp8_u_mxfp_multiply_comp_mul_61_26_g1483/Y                -      A->Y            R     XNOR2xp5_ASAP7_75t_SL           3   36.500    40.000    543.200  
  u_naive_mxfp_comp_dot_fixed_col1_g74689/Y                                                                                              -      A->Y            F     NOR2xp33_ASAP7_75t_L            2   78.400    36.600    579.800  
  u_naive_mxfp_comp_dot_fixed_col1_g74611/Y                                                                                              -      B->Y            R     NOR2xp33_ASAP7_75t_SL           1   47.200    29.000    608.800  
  u_naive_mxfp_comp_dot_fixed_col1_g74505/Y                                                                                              -      B->Y            F     XOR2xp5_ASAP7_75t_SL            5   49.500    37.400    646.200  
  u_naive_mxfp_comp_dot_fixed_col1_g74305/Y                                                                                              -      A1->Y           R     AOI22xp5_ASAP7_75t_SL           2   64.500    29.600    675.800  
  u_naive_mxfp_comp_dot_fixed_col1_g74271/Y                                                                                              -      A->Y            F     INVx1_ASAP7_75t_SL              4   59.000    21.300    697.100  
  u_naive_mxfp_comp_dot_fixed_col1_g74120/Y                                                                                              -      C2->Y           R     AOI222xp33_ASAP7_75t_SL         4   34.900    49.200    746.300  
  u_naive_mxfp_comp_dot_fixed_col1_g73881/Y                                                                                              -      A1->Y           F     OAI22xp5_ASAP7_75t_SL           3  107.800    33.000    779.300  
  u_naive_mxfp_comp_dot_fixed_col1_g73705/Y                                                                                              -      A->Y            R     NAND2xp5_ASAP7_75t_SL           4   61.700    45.300    824.600  
  u_naive_mxfp_comp_dot_fixed_col1_g73203/Y                                                                                              -      A2->Y           F     OAI22xp5_ASAP7_75t_SL           2   74.000    42.400    867.000  
  u_naive_mxfp_comp_dot_fixed_col1_csa_tree_naive_reduction_u_naive_reduction_u_fp8_reduction_norecurse_add_29_28_I3_I1_groupi_g14412/Y  -      B->Y            R     XNOR2xp5_ASAP7_75t_SL           1  118.400    38.700    905.700  
  u_naive_mxfp_comp_dot_fixed_col1_csa_tree_naive_reduction_u_naive_reduction_u_fp8_reduction_norecurse_add_29_28_I3_I1_groupi_g14231/Y  -      B->Y            R     XOR2xp5_ASAP7_75t_SL            2   64.300    35.800    941.500  
  u_naive_mxfp_comp_dot_fixed_col1_csa_tree_naive_reduction_u_naive_reduction_u_fp8_reduction_norecurse_add_29_28_I3_I1_groupi_g14049/Y  -      B->Y            F     XOR2xp5_ASAP7_75t_SL            2   64.100    27.600    969.100  
  u_naive_mxfp_comp_dot_fixed_col1_csa_tree_naive_reduction_u_naive_reduction_u_fp8_reduction_norecurse_add_29_28_I3_I1_groupi_g13930/Y  -      B->Y            F     XNOR2xp5_ASAP7_75t_SL           1   47.800    29.800    998.900  
  u_naive_mxfp_comp_dot_fixed_col1_csa_tree_naive_reduction_u_naive_reduction_u_fp8_reduction_norecurse_add_29_28_I3_I1_groupi_g15074/Y  -      B->Y            F     XNOR2xp5_ASAP7_75t_SL           2   35.400    27.200   1026.100  
  u_naive_mxfp_comp_dot_fixed_col1_csa_tree_naive_reduction_u_naive_reduction_u_fp8_reduction_norecurse_add_29_28_I3_I1_groupi_g13555/Y  -      B->Y            R     NOR2xp33_ASAP7_75t_SL           2   33.900    25.300   1051.400  
  u_naive_mxfp_comp_dot_fixed_col1_csa_tree_naive_reduction_u_naive_reduction_u_fp8_reduction_norecurse_add_29_28_I3_I1_groupi_g13421/Y  -      B->Y            F     AOI21xp5_ASAP7_75t_SL           3   44.700    26.600   1078.000  
  u_naive_mxfp_comp_dot_fixed_col1_csa_tree_naive_reduction_u_naive_reduction_u_fp8_reduction_norecurse_add_29_28_I3_I1_groupi_g13419/Y  -      A2->Y           R     OAI321xp33_ASAP7_75t_SL         2   44.900    38.600   1116.600  
  u_naive_mxfp_comp_dot_fixed_col1_csa_tree_naive_reduction_u_naive_reduction_u_fp8_reduction_norecurse_add_29_28_I3_I1_groupi_g13415/Y  -      A1->Y           F     AOI21xp5_ASAP7_75t_SL           2   78.100    26.000   1142.600  
  u_naive_mxfp_comp_dot_fixed_col1_csa_tree_naive_reduction_u_naive_reduction_u_fp8_reduction_norecurse_add_29_28_I3_I1_groupi_g13412/Y  -      A2->Y           R     OAI21xp5_ASAP7_75t_SL           3   47.600    49.300   1191.900  
  u_naive_mxfp_comp_dot_fixed_col1_csa_tree_naive_reduction_u_naive_reduction_u_fp8_reduction_norecurse_add_29_28_I3_I1_groupi_g13409/Y  -      A1->Y           R     AO31x2_ASAP7_75t_SL             2   88.300    32.500   1224.400  
  u_naive_mxfp_comp_dot_fixed_col1_csa_tree_naive_reduction_u_naive_reduction_u_fp8_reduction_norecurse_add_29_28_I3_I1_groupi_g13405/Y  -      A2->Y           F     AOI21xp5_ASAP7_75t_L            2   19.500    20.500   1244.900  
  u_naive_mxfp_comp_dot_fixed_col1_csa_tree_naive_reduction_u_naive_reduction_u_fp8_reduction_norecurse_add_29_28_I3_I1_groupi_g13403/Y  -      A2->Y           R     OAI21xp5_ASAP7_75t_SL           4   37.500    48.000   1292.900  
  u_naive_mxfp_comp_dot_fixed_col1_csa_tree_naive_reduction_u_naive_reduction_u_fp8_reduction_norecurse_add_29_28_I3_I1_groupi_g13398/Y  -      A1->Y           R     AO31x2_ASAP7_75t_SL             3   88.300    34.900   1327.800  
  u_naive_mxfp_comp_dot_fixed_col1_csa_tree_naive_reduction_u_naive_reduction_u_fp8_reduction_norecurse_add_29_28_I3_I1_groupi_g13392/Y  -      A1->Y           R     AO31x2_ASAP7_75t_SL             2   24.000    25.300   1353.100  
  u_naive_mxfp_comp_dot_fixed_col1_csa_tree_naive_reduction_u_naive_reduction_u_fp8_reduction_norecurse_add_29_28_I3_I1_groupi_g13386/Y  -      A2->Y           F     AOI21xp5_ASAP7_75t_L            2   19.600    23.600   1376.700  
  u_naive_mxfp_comp_dot_fixed_col1_csa_tree_naive_reduction_u_naive_reduction_u_fp8_reduction_norecurse_add_29_28_I3_I1_groupi_g13383/Y  -      A2->Y           R     OAI21xp5_ASAP7_75t_SL           3   43.000    46.800   1423.500  
  u_naive_mxfp_comp_dot_fixed_col1_csa_tree_naive_reduction_u_naive_reduction_u_fp8_reduction_norecurse_add_29_28_I3_I1_groupi_g13378/Y  -      A1->Y           R     AO31x2_ASAP7_75t_SL             2   84.100    35.300   1458.800  
  u_naive_mxfp_comp_dot_fixed_col1_csa_tree_naive_reduction_u_naive_reduction_u_fp8_reduction_norecurse_add_29_28_I3_I1_groupi_g13375/Y  -      A2->Y           F     AOI21xp5_ASAP7_75t_SL           2   23.500    20.000   1478.800  
  u_naive_mxfp_comp_dot_fixed_col1_csa_tree_naive_reduction_u_naive_reduction_u_fp8_reduction_norecurse_add_29_28_I3_I1_groupi_g13372/Y  -      A2->Y           R     OAI21xp5_ASAP7_75t_SL           3   39.700    39.900   1518.700  
  u_naive_mxfp_comp_dot_fixed_col1_csa_tree_naive_reduction_u_naive_reduction_u_fp8_reduction_norecurse_add_29_28_I3_I1_groupi_g13368/Y  -      A2->Y           F     AOI21x1_ASAP7_75t_SL            2   69.400    18.400   1537.100  
  u_naive_mxfp_comp_dot_fixed_col1_csa_tree_naive_reduction_u_naive_reduction_u_fp8_reduction_norecurse_add_29_28_I3_I1_groupi_g13363/Y  -      A1->Y           R     OAI22x1_ASAP7_75t_SL            2   39.000    21.500   1558.600  
  u_naive_mxfp_comp_dot_fixed_col1_csa_tree_naive_reduction_u_naive_reduction_u_fp8_reduction_norecurse_add_29_28_I3_I1_groupi_g13361/Y  -      A2->Y           F     AOI21x1_ASAP7_75t_SL            4   47.300    23.800   1582.400  
  u_naive_mxfp_comp_dot_fixed_col1_csa_tree_naive_reduction_u_naive_reduction_u_fp8_reduction_norecurse_add_29_28_I3_I1_groupi_g13355/Y  -      A->Y            R     NOR3x1_ASAP7_75t_SL             2   45.100    17.700   1600.100  
  u_naive_mxfp_comp_dot_fixed_col1_csa_tree_naive_reduction_u_naive_reduction_u_fp8_reduction_norecurse_add_29_28_I3_I1_groupi_g13345/Y  -      A2->Y           F     AOI21xp5_ASAP7_75t_L            3   35.100    34.400   1634.500  
  u_naive_mxfp_comp_dot_fixed_col1_csa_tree_naive_reduction_u_naive_reduction_u_fp8_reduction_norecurse_add_29_28_I3_I1_groupi_g13337/Y  -      A2->Y           R     OAI21xp5_ASAP7_75t_SL           4   57.600    50.300   1684.800  
  u_naive_mxfp_comp_dot_fixed_col1_csa_tree_naive_reduction_u_naive_reduction_u_fp8_reduction_norecurse_add_29_28_I3_I1_groupi_g13319/Y  -      A1->Y           R     AO31x2_ASAP7_75t_SL             4   87.200    36.200   1721.000  
  u_naive_mxfp_comp_dot_fixed_col1_csa_tree_naive_reduction_u_naive_reduction_u_fp8_reduction_norecurse_add_29_28_I3_I1_groupi_g13309/Y  -      A1->Y           R     AO31x2_ASAP7_75t_SL             4   26.600    32.700   1753.700  
  u_naive_mxfp_comp_dot_fixed_col1_csa_tree_naive_reduction_u_naive_reduction_u_fp8_reduction_norecurse_add_29_28_I3_I1_groupi_g13294/Y  -      A1->Y           R     AO31x2_ASAP7_75t_SL             3   34.100    27.200   1780.900  
  u_naive_mxfp_comp_dot_fixed_col1_csa_tree_naive_reduction_u_naive_reduction_u_fp8_reduction_norecurse_add_29_28_I3_I1_groupi_g13284/Y  -      B->Y            F     NAND2x1_ASAP7_75t_L             2   21.700    13.700   1794.600  
  u_naive_mxfp_comp_dot_fixed_col1_csa_tree_naive_reduction_u_naive_reduction_u_fp8_reduction_norecurse_add_29_28_I3_I1_groupi_g13272/Y  -      A2->Y           R     OAI21xp5_ASAP7_75t_SL           2   21.200    34.200   1828.800  
  u_naive_mxfp_comp_dot_fixed_col1_csa_tree_naive_reduction_u_naive_reduction_u_fp8_reduction_norecurse_add_29_28_I3_I1_groupi_g13265/Y  -      B->Y            F     NAND2xp5_ASAP7_75t_L            2   63.400    28.200   1857.000  
  u_naive_mxfp_comp_dot_fixed_col1_csa_tree_naive_reduction_u_naive_reduction_u_fp8_reduction_norecurse_add_29_28_I3_I1_groupi_g13261/Y  -      A2->Y           R     OAI21xp5_ASAP7_75t_SL           2   40.200    32.000   1889.000  
  u_naive_mxfp_comp_dot_fixed_col1_csa_tree_naive_reduction_u_naive_reduction_u_fp8_reduction_norecurse_add_29_28_I3_I1_groupi_g13258/Y  -      A2->Y           F     AOI21xp5_ASAP7_75t_SL           2   53.000    20.300   1909.300  
  u_naive_mxfp_comp_dot_fixed_col1_csa_tree_naive_reduction_u_naive_reduction_u_fp8_reduction_norecurse_add_29_28_I3_I1_groupi_g13255/Y  -      A2->Y           R     OAI21xp5_ASAP7_75t_SL           2   39.700    30.400   1939.700  
  u_naive_mxfp_comp_dot_fixed_col1_csa_tree_naive_reduction_u_naive_reduction_u_fp8_reduction_norecurse_add_29_28_I3_I1_groupi_g13254/Y  -      B->Y            R     XNOR2xp5_ASAP7_75t_SL           1   50.700    20.500   1960.200  
  u_naive_mxfp_comp_dot_fixed_col1_g44390/Y                                                                                              -      A->Y            F     INVx1_ASAP7_75t_SL              1   35.300     9.700   1969.900  
  u_naive_mxfp_comp_dot_fixed_col1_g44326/Y                                                                                              -      A2->Y           R     OAI21xp5_ASAP7_75t_SL           1   16.700    18.500   1988.400  
  g38539/Y                                                                                                                               -      A->Y            F     INVx1_ASAP7_75t_SL              1   88.200    10.700   1999.100  
  PIPE_3_dot_col1_stage_reg_reg[0][68]/D                                                                                                 -      D               F     ASYNC_DFFHx1_ASAP7_75t_SL       1   28.000     0.000   1999.100  
#------------------------------------------------------------------------------------------------------------------------------------------------------------------------------------------------------------------------------------

