

Working Directory = /home/msmekhem/research/repositories/fpga-mxfp/aitb_asic/asic/naive_mxfp_aitb_comp_04_02_23_25_obj-dir/syn-rundir
QoS Summary for naive_mxfp_aitb_comp_top
================================================================================
Metric                          final          
================================================================================
Slack (ps):                      -524
  R2R (ps):                      -524
  I2R (ps):                  no_value
  R2O (ps):                  no_value
  I2O (ps):                  no_value
  CG  (ps):                  no_value
TNS (ps):                     -68,990
  R2R (ps):                   -68,990
  I2R (ps):                  no_value
  R2O (ps):                  no_value
  I2O (ps):                  no_value
  CG  (ps):                  no_value
Failing Paths:                    254
Cell Area:                     45,743
Total Cell Area:               45,743
Leaf Instances:                28,379
Total Instances:               28,379
Utilization (%):                 0.00
Tot. Net Length (um):        no_value
Avg. Net Length (um):        no_value
Route Overflow H (%):        no_value
Route Overflow V (%):        no_value
MBCI(%) (bits/gate) :            0.00
Norm Cong Hotspot Area:
  Max Cong:                  no_value
  Tot Cong:                  no_value
================================================================================
CPU  Runtime (h:m:s):        00:10:32
Real Runtime (h:m:s):        00:07:09
CPU  Elapsed (h:m:s):        00:10:35
Real Elapsed (h:m:s):        00:07:10
Memory (MB):                  2011.55
================================================================================
================================================================================
Flow Settings:
================================================================================
Total Runtime (h:m:s): 00:07:09
Total Memory (MB):     2011.55
Executable Version:    21.17-s066_1
================================================================================
Total Cell Area =  Cell Area + Physical Cell Area
Total Instances =  Leaf Instances + Physical Instances


