============================================================
  Generated by:           Genus(TM) Synthesis Solution 21.17-s066_1
  Generated on:           Apr 02 2026  11:32:29 pm
  Module:                 naive_mxfp_aitb_comp_top
  Library domain:         PVT_0P63V_100C.setup_cond
    Domain index:         0
    Technology libraries: asap7sc7p5t_SIMPLE_RVT_SS_nldm_201020 1.0
                          asap7sc7p5t_SIMPLE_LVT_SS_nldm_201020 1.0
                          asap7sc7p5t_SIMPLE_SLVT_SS_nldm_201020 1.0
                          asap7sc7p5t_SIMPLE_SRAM_SS_nldm_201020 1.0
                          asap7sc7p5t_AO_RVT_SS_nldm_201020 1.0
                          asap7sc7p5t_AO_LVT_SS_nldm_201020 1.0
                          asap7sc7p5t_AO_SLVT_SS_nldm_201020 1.0
                          asap7sc7p5t_AO_SRAM_SS_nldm_201020 1.0
                          asap7sc7p5t_OA_RVT_SS_nldm_201020 1.0
                          asap7sc7p5t_OA_LVT_SS_nldm_201020 1.0
                          asap7sc7p5t_OA_SLVT_SS_nldm_201020 1.0
                          asap7sc7p5t_OA_SRAM_SS_nldm_201020 1.0
                          asap7sc7p5t_SEQ_RVT_SS_nldm_201020 1.0
                          asap7sc7p5t_SEQ_LVT_SS_nldm_201020 1.0
                          asap7sc7p5t_SEQ_SLVT_SS_nldm_201020 1.0
                          asap7sc7p5t_SEQ_SRAM_SS_nldm_201020 1.0
                          asap7sc7p5t_INVBUF_RVT_SS_nldm_201020 1.0
                          asap7sc7p5t_INVBUF_LVT_SS_nldm_201020 1.0
                          asap7sc7p5t_INVBUF_SLVT_SS_nldm_201020 1.0
                          asap7sc7p5t_INVBUF_SRAM_SS_nldm_201020 1.0
  Operating conditions:   PVT_0P63V_100C 
  Interconnect mode:      global
  Area mode:              physical library
============================================================

                                                   Leakage                                             Library 
           Gate            Instances    Area     Power (nW)                   Library                   Domain 
---------------------------------------------------------------------------------------------------------------
A2O1A1Ixp33_ASAP7_75t_SL          52     72.783     1858.794    asap7sc7p5t_AO_SLVT_SS_nldm_201020           0 
AND2x2_ASAP7_75t_L               123    172.161     1840.894    asap7sc7p5t_SIMPLE_LVT_SS_nldm_201020        0 
AND2x2_ASAP7_75t_R                 2      2.799        4.501    asap7sc7p5t_SIMPLE_RVT_SS_nldm_201020        0 
AND2x2_ASAP7_75t_SL             1333   1865.773   125326.724    asap7sc7p5t_SIMPLE_SLVT_SS_nldm_201020       0 
AND2x4_ASAP7_75t_SL              134    312.595    25383.448    asap7sc7p5t_SIMPLE_SLVT_SS_nldm_201020       0 
AND2x6_ASAP7_75t_SL               13     36.392     3455.863    asap7sc7p5t_SIMPLE_SLVT_SS_nldm_201020       0 
AND3x1_ASAP7_75t_L                 2      2.799       26.317    asap7sc7p5t_SIMPLE_LVT_SS_nldm_201020        0 
AND3x1_ASAP7_75t_SL               22     30.793     1576.047    asap7sc7p5t_SIMPLE_SLVT_SS_nldm_201020       0 
AND3x2_ASAP7_75t_SL                8     13.064      853.547    asap7sc7p5t_SIMPLE_SLVT_SS_nldm_201020       0 
AND3x4_ASAP7_75t_SL                8     26.127     1434.603    asap7sc7p5t_SIMPLE_SLVT_SS_nldm_201020       0 
AND4x2_ASAP7_75t_SL                9     16.796     1160.627    asap7sc7p5t_SIMPLE_SLVT_SS_nldm_201020       0 
AND5x1_ASAP7_75t_SL                6     11.197      448.078    asap7sc7p5t_SIMPLE_SLVT_SS_nldm_201020       0 
AND5x2_ASAP7_75t_SL                1      4.666       84.970    asap7sc7p5t_SIMPLE_SLVT_SS_nldm_201020       0 
AO211x2_ASAP7_75t_SL              26     97.044     3194.957    asap7sc7p5t_AO_SLVT_SS_nldm_201020           0 
AO221x1_ASAP7_75t_L                4      9.331       44.730    asap7sc7p5t_AO_LVT_SS_nldm_201020            0 
AO221x1_ASAP7_75t_SL              69    160.963     5013.010    asap7sc7p5t_AO_SLVT_SS_nldm_201020           0 
AO221x2_ASAP7_75t_SL               4     10.264      426.737    asap7sc7p5t_AO_SLVT_SS_nldm_201020           0 
AO222x2_ASAP7_75t_SL              15     41.990     1843.758    asap7sc7p5t_AO_SLVT_SS_nldm_201020           0 
AO22x1_ASAP7_75t_L                87    182.658      873.833    asap7sc7p5t_AO_LVT_SS_nldm_201020            0 
AO22x1_ASAP7_75t_SL              259    543.776    16480.067    asap7sc7p5t_AO_SLVT_SS_nldm_201020           0 
AO22x2_ASAP7_75t_SL               96    223.949    10911.513    asap7sc7p5t_AO_SLVT_SS_nldm_201020           0 
AO31x2_ASAP7_75t_SL                8     29.860      989.751    asap7sc7p5t_AO_SLVT_SS_nldm_201020           0 
AO322x2_ASAP7_75t_SL               4     13.997      473.144    asap7sc7p5t_AO_SLVT_SS_nldm_201020           0 
AO32x1_ASAP7_75t_L                 2      3.732       21.573    asap7sc7p5t_AO_LVT_SS_nldm_201020            0 
AO32x1_ASAP7_75t_SL               10     18.662      641.779    asap7sc7p5t_AO_SLVT_SS_nldm_201020           0 
AO331x1_ASAP7_75t_SL               2      4.666      164.783    asap7sc7p5t_AO_SLVT_SS_nldm_201020           0 
AO332x1_ASAP7_75t_SL               4     10.264      299.998    asap7sc7p5t_AO_SLVT_SS_nldm_201020           0 
AOI211x1_ASAP7_75t_SL             19     53.188     1250.396    asap7sc7p5t_AO_SLVT_SS_nldm_201020           0 
AOI21x1_ASAP7_75t_L                3      5.599       39.570    asap7sc7p5t_AO_LVT_SS_nldm_201020            0 
AOI21x1_ASAP7_75t_SL             364    679.311    28365.972    asap7sc7p5t_AO_SLVT_SS_nldm_201020           0 
AOI21xp33_ASAP7_75t_SL            27     31.493      794.618    asap7sc7p5t_AO_SLVT_SS_nldm_201020           0 
AOI21xp5_ASAP7_75t_L             218    254.275     1331.148    asap7sc7p5t_AO_LVT_SS_nldm_201020            0 
AOI21xp5_ASAP7_75t_SL            498    580.867    18903.868    asap7sc7p5t_AO_SLVT_SS_nldm_201020           0 
AOI221x1_ASAP7_75t_SL              9     29.393      707.578    asap7sc7p5t_AO_SLVT_SS_nldm_201020           0 
AOI221xp5_ASAP7_75t_SL            82    133.903     3309.239    asap7sc7p5t_AO_SLVT_SS_nldm_201020           0 
AOI222xp33_ASAP7_75t_SL           96    223.949     4396.078    asap7sc7p5t_AO_SLVT_SS_nldm_201020           0 
AOI22x1_ASAP7_75t_L                6     13.997       75.262    asap7sc7p5t_AO_LVT_SS_nldm_201020            0 
AOI22x1_ASAP7_75t_SL             124    289.267    11527.442    asap7sc7p5t_AO_SLVT_SS_nldm_201020           0 
AOI22xp33_ASAP7_75t_SL           373    522.081    11956.750    asap7sc7p5t_AO_SLVT_SS_nldm_201020           0 
AOI22xp5_ASAP7_75t_SL            699    978.376    30505.659    asap7sc7p5t_AO_SLVT_SS_nldm_201020           0 
AOI311xp33_ASAP7_75t_SL            1      1.633       24.531    asap7sc7p5t_AO_SLVT_SS_nldm_201020           0 
AOI31xp33_ASAP7_75t_L              2      2.799       11.253    asap7sc7p5t_AO_LVT_SS_nldm_201020            0 
AOI31xp33_ASAP7_75t_SL             9     12.597      255.624    asap7sc7p5t_AO_SLVT_SS_nldm_201020           0 
AOI31xp67_ASAP7_75t_SL             2      6.065      152.001    asap7sc7p5t_AO_SLVT_SS_nldm_201020           0 
AOI321xp33_ASAP7_75t_SL           10     18.662      441.364    asap7sc7p5t_AO_SLVT_SS_nldm_201020           0 
AOI322xp5_ASAP7_75t_SL            12     25.194      554.391    asap7sc7p5t_AO_SLVT_SS_nldm_201020           0 
AOI331xp33_ASAP7_75t_SL            2      4.199       96.661    asap7sc7p5t_AO_SLVT_SS_nldm_201020           0 
AOI33xp33_ASAP7_75t_SL             1      1.866       48.490    asap7sc7p5t_AO_SLVT_SS_nldm_201020           0 
ASYNC_DFFHx1_ASAP7_75t_SL       1219   7393.576   218816.290    asap7sc7p5t_SEQ_SLVT_SS_nldm_201020          0 
BUFx10_ASAP7_75t_SL                1      3.266      327.045    asap7sc7p5t_INVBUF_SLVT_SS_nldm_201020       0 
BUFx12f_ASAP7_75t_L                1      4.199       77.350    asap7sc7p5t_INVBUF_LVT_SS_nldm_201020        0 
BUFx12f_ASAP7_75t_SL               5     20.995     2619.725    asap7sc7p5t_INVBUF_SLVT_SS_nldm_201020       0 
BUFx24_ASAP7_75t_SL              128    895.795   112833.207    asap7sc7p5t_INVBUF_SLVT_SS_nldm_201020       0 
BUFx2_ASAP7_75t_L                 82     95.645     1096.558    asap7sc7p5t_INVBUF_LVT_SS_nldm_201020        0 
BUFx2_ASAP7_75t_SL                99    115.474     8275.621    asap7sc7p5t_INVBUF_SLVT_SS_nldm_201020       0 
BUFx3_ASAP7_75t_L                  3      4.199       60.381    asap7sc7p5t_INVBUF_LVT_SS_nldm_201020        0 
BUFx3_ASAP7_75t_SL                59     82.581     7607.133    asap7sc7p5t_INVBUF_SLVT_SS_nldm_201020       0 
BUFx4f_ASAP7_75t_L                 8     14.930      212.624    asap7sc7p5t_INVBUF_LVT_SS_nldm_201020        0 
BUFx4f_ASAP7_75t_SL                9     16.796     1549.361    asap7sc7p5t_INVBUF_SLVT_SS_nldm_201020       0 
BUFx5_ASAP7_75t_SL                 8     14.930     1500.381    asap7sc7p5t_INVBUF_SLVT_SS_nldm_201020       0 
BUFx6f_ASAP7_75t_SL               31     72.317     7763.879    asap7sc7p5t_INVBUF_SLVT_SS_nldm_201020       0 
BUFx8_ASAP7_75t_SL                 1      2.799      338.194    asap7sc7p5t_INVBUF_SLVT_SS_nldm_201020       0 
CKINVDCx16_ASAP7_75t_SL            2     13.997      788.334    asap7sc7p5t_INVBUF_SLVT_SS_nldm_201020       0 
HB1xp67_ASAP7_75t_L              188    175.427      935.993    asap7sc7p5t_INVBUF_LVT_SS_nldm_201020        0 
HB1xp67_ASAP7_75t_R               10      9.331        7.295    asap7sc7p5t_INVBUF_RVT_SS_nldm_201020        0 
HB1xp67_ASAP7_75t_SL             369    344.321    11449.321    asap7sc7p5t_INVBUF_SLVT_SS_nldm_201020       0 
HB1xp67_ASAP7_75t_SRAM            43     40.124        7.071    asap7sc7p5t_INVBUF_SRAM_SS_nldm_201020       0 
INVx11_ASAP7_75t_SL                4     12.131     1284.958    asap7sc7p5t_INVBUF_SLVT_SS_nldm_201020       0 
INVx13_ASAP7_75t_SL                1      3.499      398.884    asap7sc7p5t_INVBUF_SLVT_SS_nldm_201020       0 
INVx1_ASAP7_75t_L                612    428.302     2934.784    asap7sc7p5t_INVBUF_LVT_SS_nldm_201020        0 
INVx1_ASAP7_75t_SL              1466   1025.965    44660.189    asap7sc7p5t_INVBUF_SLVT_SS_nldm_201020       0 
INVx1_ASAP7_75t_SRAM               1      0.700        0.124    asap7sc7p5t_INVBUF_SRAM_SS_nldm_201020       0 
INVx2_ASAP7_75t_L                  2      1.866       21.641    asap7sc7p5t_INVBUF_LVT_SS_nldm_201020        0 
INVx2_ASAP7_75t_SL               353    329.391    21077.458    asap7sc7p5t_INVBUF_SLVT_SS_nldm_201020       0 
INVx3_ASAP7_75t_SL                39     45.490     3605.380    asap7sc7p5t_INVBUF_SLVT_SS_nldm_201020       0 
INVx4_ASAP7_75t_SL                32     44.790     3893.775    asap7sc7p5t_INVBUF_SLVT_SS_nldm_201020       0 
INVx5_ASAP7_75t_SL                10     16.330     1581.019    asap7sc7p5t_INVBUF_SLVT_SS_nldm_201020       0 
INVx6_ASAP7_75t_SL                10     18.662     1658.949    asap7sc7p5t_INVBUF_SLVT_SS_nldm_201020       0 
INVx8_ASAP7_75t_SL                 3      6.998      803.463    asap7sc7p5t_INVBUF_SLVT_SS_nldm_201020       0 
INVxp33_ASAP7_75t_L                2      1.400        3.290    asap7sc7p5t_INVBUF_LVT_SS_nldm_201020        0 
INVxp33_ASAP7_75t_R                1      0.700        0.231    asap7sc7p5t_INVBUF_RVT_SS_nldm_201020        0 
INVxp33_ASAP7_75t_SL               3      2.100       34.587    asap7sc7p5t_INVBUF_SLVT_SS_nldm_201020       0 
INVxp33_ASAP7_75t_SRAM            20     13.997        1.153    asap7sc7p5t_INVBUF_SRAM_SS_nldm_201020       0 
INVxp67_ASAP7_75t_L                1      0.700        2.737    asap7sc7p5t_INVBUF_LVT_SS_nldm_201020        0 
INVxp67_ASAP7_75t_SL            2117   1481.561    42787.758    asap7sc7p5t_INVBUF_SLVT_SS_nldm_201020       0 
MAJIxp5_ASAP7_75t_SL             932   1521.919    48548.021    asap7sc7p5t_SIMPLE_SLVT_SS_nldm_201020       0 
MAJx2_ASAP7_75t_SL               842   1767.796    95306.178    asap7sc7p5t_SIMPLE_SLVT_SS_nldm_201020       0 
NAND2x1_ASAP7_75t_L               46     64.385      323.173    asap7sc7p5t_SIMPLE_LVT_SS_nldm_201020        0 
NAND2x1_ASAP7_75t_SL             105    146.966     4504.581    asap7sc7p5t_SIMPLE_SLVT_SS_nldm_201020       0 
NAND2x1p5_ASAP7_75t_L              2      3.732       18.546    asap7sc7p5t_SIMPLE_LVT_SS_nldm_201020        0 
NAND2x1p5_ASAP7_75t_SL           105    195.955     6708.739    asap7sc7p5t_SIMPLE_SLVT_SS_nldm_201020       0 
NAND2x2_ASAP7_75t_SL               4      9.331      373.068    asap7sc7p5t_SIMPLE_SLVT_SS_nldm_201020       0 
NAND2xp33_ASAP7_75t_SL            21     19.596      365.599    asap7sc7p5t_SIMPLE_SLVT_SS_nldm_201020       0 
NAND2xp5_ASAP7_75t_L             568    530.012     2723.893    asap7sc7p5t_SIMPLE_LVT_SS_nldm_201020        0 
NAND2xp5_ASAP7_75t_SL           2341   2184.434    54156.115    asap7sc7p5t_SIMPLE_SLVT_SS_nldm_201020       0 
NAND2xp5_ASAP7_75t_SRAM            1      0.933        0.136    asap7sc7p5t_SIMPLE_SRAM_SS_nldm_201020       0 
NAND2xp67_ASAP7_75t_SL             4      5.599      110.777    asap7sc7p5t_SIMPLE_SLVT_SS_nldm_201020       0 
NAND3x1_ASAP7_75t_SL               5     12.830      196.814    asap7sc7p5t_SIMPLE_SLVT_SS_nldm_201020       0 
NAND3x2_ASAP7_75t_SL               2      9.331      146.833    asap7sc7p5t_SIMPLE_SLVT_SS_nldm_201020       0 
NAND3xp33_ASAP7_75t_SL            51     59.486     1454.355    asap7sc7p5t_SIMPLE_SLVT_SS_nldm_201020       0 
NAND4xp25_ASAP7_75t_SL            21     29.393      554.684    asap7sc7p5t_SIMPLE_SLVT_SS_nldm_201020       0 
NAND4xp75_ASAP7_75t_SL            28     91.446     1436.091    asap7sc7p5t_SIMPLE_SLVT_SS_nldm_201020       0 
NAND5xp2_ASAP7_75t_SL             12     19.596      386.266    asap7sc7p5t_SIMPLE_SLVT_SS_nldm_201020       0 
NOR2x1_ASAP7_75t_L                91    127.371      797.215    asap7sc7p5t_SIMPLE_LVT_SS_nldm_201020        0 
NOR2x1_ASAP7_75t_SL              242    338.723    13106.591    asap7sc7p5t_SIMPLE_SLVT_SS_nldm_201020       0 
NOR2x1p5_ASAP7_75t_L               2      3.732       28.643    asap7sc7p5t_SIMPLE_LVT_SS_nldm_201020        0 
NOR2x1p5_ASAP7_75t_SL             95    177.293     7987.144    asap7sc7p5t_SIMPLE_SLVT_SS_nldm_201020       0 
NOR2x2_ASAP7_75t_SL                8     18.662      842.568    asap7sc7p5t_SIMPLE_SLVT_SS_nldm_201020       0 
NOR2xp33_ASAP7_75t_L             345    321.926      988.032    asap7sc7p5t_SIMPLE_LVT_SS_nldm_201020        0 
NOR2xp33_ASAP7_75t_SL            977    911.658    18627.316    asap7sc7p5t_SIMPLE_SLVT_SS_nldm_201020       0 
NOR2xp67_ASAP7_75t_L               3      4.199       15.663    asap7sc7p5t_SIMPLE_LVT_SS_nldm_201020        0 
NOR2xp67_ASAP7_75t_SL             25     34.992      909.836    asap7sc7p5t_SIMPLE_SLVT_SS_nldm_201020       0 
NOR3x1_ASAP7_75t_SL               17     43.623     1009.070    asap7sc7p5t_SIMPLE_SLVT_SS_nldm_201020       0 
NOR3xp33_ASAP7_75t_L              20     23.328      112.286    asap7sc7p5t_SIMPLE_LVT_SS_nldm_201020        0 
NOR3xp33_ASAP7_75t_SL             93    108.475     2785.598    asap7sc7p5t_SIMPLE_SLVT_SS_nldm_201020       0 
NOR4xp25_ASAP7_75t_SL             29     40.591      916.585    asap7sc7p5t_SIMPLE_SLVT_SS_nldm_201020       0 
NOR4xp75_ASAP7_75t_SL             19     62.052     1512.032    asap7sc7p5t_SIMPLE_SLVT_SS_nldm_201020       0 
NOR5xp2_ASAP7_75t_SL              16     26.127      410.730    asap7sc7p5t_SIMPLE_SLVT_SS_nldm_201020       0 
O2A1O1Ixp33_ASAP7_75t_SL          27     37.791     1133.852    asap7sc7p5t_OA_SLVT_SS_nldm_201020           0 
O2A1O1Ixp5_ASAP7_75t_SL            8     14.930      455.317    asap7sc7p5t_OA_SLVT_SS_nldm_201020           0 
OA211x2_ASAP7_75t_SL               9     16.796      870.933    asap7sc7p5t_OA_SLVT_SS_nldm_201020           0 
OA21x2_ASAP7_75t_SL              261    426.203    29610.197    asap7sc7p5t_OA_SLVT_SS_nldm_201020           0 
OA221x2_ASAP7_75t_SL               2      7.465      271.157    asap7sc7p5t_OA_SLVT_SS_nldm_201020           0 
OA222x2_ASAP7_75t_SL              84    235.146    10541.902    asap7sc7p5t_OA_SLVT_SS_nldm_201020           0 
OA22x2_ASAP7_75t_SL              112    261.274    11822.558    asap7sc7p5t_OA_SLVT_SS_nldm_201020           0 
OA31x2_ASAP7_75t_SL                2      6.998      220.009    asap7sc7p5t_OA_SLVT_SS_nldm_201020           0 
OAI211xp5_ASAP7_75t_SL            83    116.173     3691.847    asap7sc7p5t_OA_SLVT_SS_nldm_201020           0 
OAI21xp33_ASAP7_75t_SL             8      9.331      288.572    asap7sc7p5t_OA_SLVT_SS_nldm_201020           0 
OAI21xp33_ASAP7_75t_SRAM           1      1.166        0.239    asap7sc7p5t_OA_SRAM_SS_nldm_201020           0 
OAI21xp5_ASAP7_75t_L               1      1.166        8.408    asap7sc7p5t_OA_LVT_SS_nldm_201020            0 
OAI21xp5_ASAP7_75t_SL           1262   1471.997    63451.916    asap7sc7p5t_OA_SLVT_SS_nldm_201020           0 
OAI222xp33_ASAP7_75t_SL           40     93.312     2725.628    asap7sc7p5t_OA_SLVT_SS_nldm_201020           0 
OAI22x1_ASAP7_75t_L                3      6.998       45.137    asap7sc7p5t_OA_LVT_SS_nldm_201020            0 
OAI22x1_ASAP7_75t_SL             195    454.896    20537.411    asap7sc7p5t_OA_SLVT_SS_nldm_201020           0 
OAI22xp33_ASAP7_75t_SL             2      2.799       64.268    asap7sc7p5t_OA_SLVT_SS_nldm_201020           0 
OAI22xp5_ASAP7_75t_L             110    153.965      886.375    asap7sc7p5t_OA_LVT_SS_nldm_201020            0 
OAI22xp5_ASAP7_75t_SL            503    704.039    25975.684    asap7sc7p5t_OA_SLVT_SS_nldm_201020           0 
OAI311xp33_ASAP7_75t_SL            4      6.532      266.581    asap7sc7p5t_OA_SLVT_SS_nldm_201020           0 
OAI321xp33_ASAP7_75t_SL            7     13.064      389.165    asap7sc7p5t_OA_SLVT_SS_nldm_201020           0 
OR2x2_ASAP7_75t_L                  2      2.799       29.117    asap7sc7p5t_SIMPLE_LVT_SS_nldm_201020        0 
OR2x2_ASAP7_75t_SL               646    904.193    54523.735    asap7sc7p5t_SIMPLE_SLVT_SS_nldm_201020       0 
OR2x2_ASAP7_75t_SRAM               4      5.599        1.463    asap7sc7p5t_SIMPLE_SRAM_SS_nldm_201020       0 
OR3x1_ASAP7_75t_SL                19     26.594     1147.475    asap7sc7p5t_SIMPLE_SLVT_SS_nldm_201020       0 
OR4x1_ASAP7_75t_SL                14     22.861      700.643    asap7sc7p5t_SIMPLE_SLVT_SS_nldm_201020       0 
OR5x1_ASAP7_75t_SL                 9     16.796      379.781    asap7sc7p5t_SIMPLE_SLVT_SS_nldm_201020       0 
TIEHIx1_ASAP7_75t_SL              47     32.892        0.093    asap7sc7p5t_SIMPLE_SLVT_SS_nldm_201020       0 
TIELOx1_ASAP7_75t_SL            1259    881.099        3.708    asap7sc7p5t_SIMPLE_SLVT_SS_nldm_201020       0 
XNOR2x2_ASAP7_75t_L                2      5.132       43.276    asap7sc7p5t_SIMPLE_LVT_SS_nldm_201020        0 
XNOR2x2_ASAP7_75t_SL             204    523.480    29533.967    asap7sc7p5t_SIMPLE_SLVT_SS_nldm_201020       0 
XNOR2xp5_ASAP7_75t_L              33     69.284      419.165    asap7sc7p5t_SIMPLE_LVT_SS_nldm_201020        0 
XNOR2xp5_ASAP7_75t_SL           2087   4381.698   169302.005    asap7sc7p5t_SIMPLE_SLVT_SS_nldm_201020       0 
XOR2x1_ASAP7_75t_L                 1      2.799       22.414    asap7sc7p5t_SIMPLE_LVT_SS_nldm_201020        0 
XOR2x1_ASAP7_75t_SL              310    867.802    41925.013    asap7sc7p5t_SIMPLE_SLVT_SS_nldm_201020       0 
XOR2xp5_ASAP7_75t_SL            2140   4492.973   172562.822    asap7sc7p5t_SIMPLE_SLVT_SS_nldm_201020       0 
XOR2xp5_ASAP7_75t_SRAM             3      6.299        1.106    asap7sc7p5t_SIMPLE_SRAM_SS_nldm_201020       0 
---------------------------------------------------------------------------------------------------------------
total                          28379  45742.942  1731814.206                                           


                                                                         Leakage  Leakage 
                Library                Instances Instances %    Area   Power (nW) Power % 
------------------------------------------------------------------------------------------
asap7sc7p5t_AO_LVT_SS_nldm_201020            322         1.1   472.392   2397.370     0.1 
asap7sc7p5t_AO_SLVT_SS_nldm_201020          2877        10.1  4820.265 155588.953     9.0 
asap7sc7p5t_INVBUF_LVT_SS_nldm_201020        899         3.2   726.667   5345.359     0.3 
asap7sc7p5t_INVBUF_RVT_SS_nldm_201020         11         0.0    10.031      7.527     0.0 
asap7sc7p5t_INVBUF_SLVT_SS_nldm_201020      4750        16.7  4570.188 276838.620    16.0 
asap7sc7p5t_INVBUF_SRAM_SS_nldm_201020        64         0.2    54.821      8.348     0.0 
asap7sc7p5t_OA_LVT_SS_nldm_201020            114         0.4   162.130    939.920     0.1 
asap7sc7p5t_OA_SLVT_SS_nldm_201020          2609         9.2  3878.747 172316.997    10.0 
asap7sc7p5t_OA_SRAM_SS_nldm_201020             1         0.0     1.166      0.239     0.0 
asap7sc7p5t_SEQ_SLVT_SS_nldm_201020         1219         4.3  7393.576 218816.290    12.6 
asap7sc7p5t_SIMPLE_LVT_SS_nldm_201020       1240         4.4  1333.662   7388.633     0.4 
asap7sc7p5t_SIMPLE_RVT_SS_nldm_201020          2         0.0     2.799      4.501     0.0 
asap7sc7p5t_SIMPLE_SLVT_SS_nldm_201020     14263        50.3 22303.668 892158.741    51.5 
asap7sc7p5t_SIMPLE_SRAM_SS_nldm_201020         8         0.0    12.830      2.706     0.0 

                                            Leakage   Leakage 
     Type      Instances    Area   Area %  Power (nW) Power % 
--------------------------------------------------------------
sequential          1219  7393.576   16.2  218816.290    12.6 
inverter            4679  3448.578    7.5  125538.715     7.2 
buffer              1045  1913.129    4.2  156661.139     9.0 
logic              21436 32987.658   72.1 1230798.062    71.1 
physical_cells         0     0.000    0.0       0.000     0.0 
--------------------------------------------------------------
total              28379 45742.942  100.0 1731814.206   100.0 

